Archive member included to satisfy reference by file (symbol)

c:/st/stm32cubeide_1.3.0/stm32cubeide/plugins/com.st.stm32cube.ide.mcu.externaltools.gnu-tools-for-stm32.7-2018-q2-update.win32_1.0.0.201904181610/tools/bin/../lib/gcc/arm-none-eabi/7.3.1/../../../../arm-none-eabi/lib/thumb/v7-m\libc_nano.a(lib_a-errno.o)
                              Src/syscalls.o (__errno)
c:/st/stm32cubeide_1.3.0/stm32cubeide/plugins/com.st.stm32cube.ide.mcu.externaltools.gnu-tools-for-stm32.7-2018-q2-update.win32_1.0.0.201904181610/tools/bin/../lib/gcc/arm-none-eabi/7.3.1/../../../../arm-none-eabi/lib/thumb/v7-m\libc_nano.a(lib_a-exit.o)
                              c:/st/stm32cubeide_1.3.0/stm32cubeide/plugins/com.st.stm32cube.ide.mcu.externaltools.gnu-tools-for-stm32.7-2018-q2-update.win32_1.0.0.201904181610/tools/bin/../lib/gcc/arm-none-eabi/7.3.1/../../../../arm-none-eabi/lib/thumb/v7-m/crt0.o (exit)
c:/st/stm32cubeide_1.3.0/stm32cubeide/plugins/com.st.stm32cube.ide.mcu.externaltools.gnu-tools-for-stm32.7-2018-q2-update.win32_1.0.0.201904181610/tools/bin/../lib/gcc/arm-none-eabi/7.3.1/../../../../arm-none-eabi/lib/thumb/v7-m\libc_nano.a(lib_a-impure.o)
                              c:/st/stm32cubeide_1.3.0/stm32cubeide/plugins/com.st.stm32cube.ide.mcu.externaltools.gnu-tools-for-stm32.7-2018-q2-update.win32_1.0.0.201904181610/tools/bin/../lib/gcc/arm-none-eabi/7.3.1/../../../../arm-none-eabi/lib/thumb/v7-m\libc_nano.a(lib_a-exit.o) (_global_impure_ptr)
c:/st/stm32cubeide_1.3.0/stm32cubeide/plugins/com.st.stm32cube.ide.mcu.externaltools.gnu-tools-for-stm32.7-2018-q2-update.win32_1.0.0.201904181610/tools/bin/../lib/gcc/arm-none-eabi/7.3.1/../../../../arm-none-eabi/lib/thumb/v7-m\libc_nano.a(lib_a-init.o)
                              c:/st/stm32cubeide_1.3.0/stm32cubeide/plugins/com.st.stm32cube.ide.mcu.externaltools.gnu-tools-for-stm32.7-2018-q2-update.win32_1.0.0.201904181610/tools/bin/../lib/gcc/arm-none-eabi/7.3.1/../../../../arm-none-eabi/lib/thumb/v7-m/crt0.o (__libc_init_array)
c:/st/stm32cubeide_1.3.0/stm32cubeide/plugins/com.st.stm32cube.ide.mcu.externaltools.gnu-tools-for-stm32.7-2018-q2-update.win32_1.0.0.201904181610/tools/bin/../lib/gcc/arm-none-eabi/7.3.1/../../../../arm-none-eabi/lib/thumb/v7-m\libc_nano.a(lib_a-memset.o)
                              c:/st/stm32cubeide_1.3.0/stm32cubeide/plugins/com.st.stm32cube.ide.mcu.externaltools.gnu-tools-for-stm32.7-2018-q2-update.win32_1.0.0.201904181610/tools/bin/../lib/gcc/arm-none-eabi/7.3.1/../../../../arm-none-eabi/lib/thumb/v7-m/crt0.o (memset)
c:/st/stm32cubeide_1.3.0/stm32cubeide/plugins/com.st.stm32cube.ide.mcu.externaltools.gnu-tools-for-stm32.7-2018-q2-update.win32_1.0.0.201904181610/tools/bin/../lib/gcc/arm-none-eabi/7.3.1/../../../../arm-none-eabi/lib/thumb/v7-m\libc_nano.a(lib_a-sprintf.o)
                              Src/esp8266_Firbase.o (sprintf)
c:/st/stm32cubeide_1.3.0/stm32cubeide/plugins/com.st.stm32cube.ide.mcu.externaltools.gnu-tools-for-stm32.7-2018-q2-update.win32_1.0.0.201904181610/tools/bin/../lib/gcc/arm-none-eabi/7.3.1/../../../../arm-none-eabi/lib/thumb/v7-m\libc_nano.a(lib_a-strcpy.o)
                              Src/usart.o (strcpy)
c:/st/stm32cubeide_1.3.0/stm32cubeide/plugins/com.st.stm32cube.ide.mcu.externaltools.gnu-tools-for-stm32.7-2018-q2-update.win32_1.0.0.201904181610/tools/bin/../lib/gcc/arm-none-eabi/7.3.1/../../../../arm-none-eabi/lib/thumb/v7-m\libc_nano.a(lib_a-strlen.o)
                              Src/esp8266_Firbase.o (strlen)
c:/st/stm32cubeide_1.3.0/stm32cubeide/plugins/com.st.stm32cube.ide.mcu.externaltools.gnu-tools-for-stm32.7-2018-q2-update.win32_1.0.0.201904181610/tools/bin/../lib/gcc/arm-none-eabi/7.3.1/../../../../arm-none-eabi/lib/thumb/v7-m\libc_nano.a(lib_a-strstr.o)
                              Src/usart.o (strstr)
c:/st/stm32cubeide_1.3.0/stm32cubeide/plugins/com.st.stm32cube.ide.mcu.externaltools.gnu-tools-for-stm32.7-2018-q2-update.win32_1.0.0.201904181610/tools/bin/../lib/gcc/arm-none-eabi/7.3.1/../../../../arm-none-eabi/lib/thumb/v7-m\libc_nano.a(lib_a-nano-svfprintf.o)
                              c:/st/stm32cubeide_1.3.0/stm32cubeide/plugins/com.st.stm32cube.ide.mcu.externaltools.gnu-tools-for-stm32.7-2018-q2-update.win32_1.0.0.201904181610/tools/bin/../lib/gcc/arm-none-eabi/7.3.1/../../../../arm-none-eabi/lib/thumb/v7-m\libc_nano.a(lib_a-sprintf.o) (_svfprintf_r)
c:/st/stm32cubeide_1.3.0/stm32cubeide/plugins/com.st.stm32cube.ide.mcu.externaltools.gnu-tools-for-stm32.7-2018-q2-update.win32_1.0.0.201904181610/tools/bin/../lib/gcc/arm-none-eabi/7.3.1/../../../../arm-none-eabi/lib/thumb/v7-m\libc_nano.a(lib_a-nano-vfprintf_i.o)
                              c:/st/stm32cubeide_1.3.0/stm32cubeide/plugins/com.st.stm32cube.ide.mcu.externaltools.gnu-tools-for-stm32.7-2018-q2-update.win32_1.0.0.201904181610/tools/bin/../lib/gcc/arm-none-eabi/7.3.1/../../../../arm-none-eabi/lib/thumb/v7-m\libc_nano.a(lib_a-nano-svfprintf.o) (_printf_i)
[...]
Memory Configuration

Name             Origin             Length             Attributes
RAM              0x0000000020000000 0x0000000000005000 xrw
ROM              0x0000000008000000 0x0000000000020000 xr
*default*        0x0000000000000000 0xffffffffffffffff

Linker script and memory map

LOAD c:/st/stm32cubeide_1.3.0/stm32cubeide/plugins/com.st.stm32cube.ide.mcu.externaltools.gnu-tools-for-stm32.7-2018-q2-update.win32_1.0.0.201904181610/tools/bin/../lib/gcc/arm-none-eabi/7.3.1/thumb/v7-m/crti.o
LOAD c:/st/stm32cubeide_1.3.0/stm32cubeide/plugins/com.st.stm32cube.ide.mcu.externaltools.gnu-tools-for-stm32.7-2018-q2-update.win32_1.0.0.201904181610/tools/bin/../lib/gcc/arm-none-eabi/7.3.1/thumb/v7-m/crtbegin.o
LOAD c:/st/stm32cubeide_1.3.0/stm32cubeide/plugins/com.st.stm32cube.ide.mcu.externaltools.gnu-tools-for-stm32.7-2018-q2-update.win32_1.0.0.201904181610/tools/bin/../lib/gcc/arm-none-eabi/7.3.1/../../../../arm-none-eabi/lib/thumb/v7-m/crt0.o
LOAD Src/esp8266.o
LOAD Src/esp8266_Firbase.o
LOAD Src/event_queue.o
LOAD Src/gpio_signal.o
LOAD Src/hc-sr501pir_sensor.o
LOAD Src/main.o
LOAD Src/syscalls.o
LOAD Src/sysmem.o
LOAD Src/timers.o
LOAD Src/usart.o
LOAD Startup/startup_stm32f103rbtx.o
START GROUP
LOAD c:/st/stm32cubeide_1.3.0/stm32cubeide/plugins/com.st.stm32cube.ide.mcu.externaltools.gnu-tools-for-stm32.7-2018-q2-update.win32_1.0.0.201904181610/tools/bin/../lib/gcc/arm-none-eabi/7.3.1/../../../../arm-none-eabi/lib/thumb/v7-m\libc_nano.a
LOAD c:/st/stm32cubeide_1.3.0/stm32cubeide/plugins/com.st.stm32cube.ide.mcu.externaltools.gnu-tools-for-stm32.7-2018-q2-update.win32_1.0.0.201904181610/tools/bin/../lib/gcc/arm-none-eabi/7.3.1/../../../../arm-none-eabi/lib/thumb/v7-m\libm.a
END GROUP
START GROUP
LOAD c:/st/stm32cubeide_1.3.0/stm32cubeide/plugins/com.st.stm32cube.ide.mcu.externaltools.gnu-tools-for-stm32.7-2018-q2-update.win32_1.0.0.201904181610/tools/bin/../lib/gcc/arm-none-eabi/7.3.1/thumb/v7-m\libgcc.a
LOAD c:/st/stm32cubeide_1.3.0/stm32cubeide/plugins/com.st.stm32cube.ide.mcu.externaltools.gnu-tools-for-stm32.7-2018-q2-update.win32_1.0.0.201904181610/tools/bin/../lib/gcc/arm-none-eabi/7.3.1/../../../../arm-none-eabi/lib/thumb/v7-m\libc_nano.a
END GROUP
START GROUP
LOAD c:/st/stm32cubeide_1.3.0/stm32cubeide/plugins/com.st.stm32cube.ide.mcu.externaltools.gnu-tools-for-stm32.7-2018-q2-update.win32_1.0.0.201904181610/tools/bin/../lib/gcc/arm-none-eabi/7.3.1/thumb/v7-m\libgcc.a
LOAD c:/st/stm32cubeide_1.3.0/stm32cubeide/plugins/com.st.stm32cube.ide.mcu.externaltools.gnu-tools-for-stm32.7-2018-q2-update.win32_1.0.0.201904181610/tools/bin/../lib/gcc/arm-none-eabi/7.3.1/../../../../arm-none-eabi/lib/thumb/v7-m\libc_nano.a
LOAD c:/st/stm32cubeide_1.3.0/stm32cubeide/plugins/com.st.stm32cube.ide.mcu.externaltools.gnu-tools-for-stm32.7-2018-q2-update.win32_1.0.0.201904181610/tools/bin/../lib/gcc/arm-none-eabi/7.3.1/../../../../arm-none-eabi/lib/thumb/v7-m\libnosys.a
END GROUP
START GROUP
LOAD c:/st/stm32cubeide_1.3.0/stm32cubeide/plugins/com.st.stm32cube.ide.mcu.externaltools.gnu-tools-for-stm32.7-2018-q2-update.win32_1.0.0.201904181610/tools/bin/../lib/gcc/arm-none-eabi/7.3.1/thumb/v7-m\libgcc.a
LOAD c:/st/stm32cubeide_1.3.0/stm32cubeide/plugins/com.st.stm32cube.ide.mcu.externaltools.gnu-tools-for-stm32.7-2018-q2-update.win32_1.0.0.201904181610/tools/bin/../lib/gcc/arm-none-eabi/7.3.1/../../../../arm-none-eabi/lib/thumb/v7-m\libc_nano.a
LOAD c:/st/stm32cubeide_1.3.0/stm32cubeide/plugins/com.st.stm32cube.ide.mcu.externaltools.gnu-tools-for-stm32.7-2018-q2-update.win32_1.0.0.201904181610/tools/bin/../lib/gcc/arm-none-eabi/7.3.1/../../../../arm-none-eabi/lib/thumb/v7-m\libnosys.a
END GROUP
LOAD c:/st/stm32cubeide_1.3.0/stm32cubeide/plugins/com.st.stm32cube.ide.mcu.externaltools.gnu-tools-for-stm32.7-2018-q2-update.win32_1.0.0.201904181610/tools/bin/../lib/gcc/arm-none-eabi/7.3.1/thumb/v7-m/crtend.o
LOAD c:/st/stm32cubeide_1.3.0/stm32cubeide/plugins/com.st.stm32cube.ide.mcu.externaltools.gnu-tools-for-stm32.7-2018-q2-update.win32_1.0.0.201904181610/tools/bin/../lib/gcc/arm-none-eabi/7.3.1/thumb/v7-m/crtn.o
                0x0000000020005000                _estack = (ORIGIN (RAM) + LENGTH (RAM))
                0x0000000000000200                _Min_Heap_Size = 0x200
                0x0000000000000400                _Min_Stack_Size = 0x400

.isr_vector     0x0000000008000000      0x130
                0x0000000008000000                . = ALIGN (0x4)
 *(.isr_vector)
 .isr_vector    0x0000000008000000      0x130 Startup/startup_stm32f103rbtx.o
                0x0000000008000000                g_pfnVectors
                0x0000000008000130                . = ALIGN (0x4)

.text           0x0000000008000130      0x980
                0x0000000008000130                . = ALIGN (0x4)
 *(.text)
 .text          0x0000000008000130       0x40 c:/st/stm32cubeide_1.3.0/stm32cubeide/plugins/com.st.stm32cube.ide.mcu.externaltools.gnu-tools-for-stm32.7-2018-q2-update.win32_1.0.0.201904181610/tools/bin/../lib/gcc/arm-none-eabi/7.3.1/thumb/v7-m/crtbegin.o
 .text          0x0000000008000170       0x10 c:/st/stm32cubeide_1.3.0/stm32cubeide/plugins/com.st.stm32cube.ide.mcu.externaltools.gnu-tools-for-stm32.7-2018-q2-update.win32_1.0.0.201904181610/tools/bin/../lib/gcc/arm-none-eabi/7.3.1/../../../../arm-none-eabi/lib/thumb/v7-m\libc_nano.a(lib_a-strlen.o)
                0x0000000008000170                strlen
 *(.text*)
 .text.toggle_led
                0x0000000008000180       0x44 Src/hc-sr501pir_sensor.o
                0x0000000008000180                toggle_led
 .text.EXTI4_IRQHandler
                0x00000000080001c4       0x28 Src/hc-sr501pir_sensor.o
                0x00000000080001c4                EXTI4_IRQHandler
 .text.main     0x00000000080001ec       0xa0 Src/main.o
                0x00000000080001ec                main
 .text.__NVIC_SetPriorityGrouping
                0x000000000800028c       0x48 Src/timers.o
 .text.__NVIC_EnableIRQ
                0x00000000080002d4       0x38 Src/timers.o
 .text.__NVIC_SetPriority
                0x000000000800030c       0x54 Src/timers.o
 .text.init_timer2
                0x0000000008000360       0x8c Src/timers.o
                0x0000000008000360                init_timer2
 .text.init_timer3
                0x00000000080003ec       0x80 Src/timers.o
                0x00000000080003ec                init_timer3
 .text.init_timer4
                0x000000000800046c       0x84 Src/timers.o
                0x000000000800046c                init_timer4
 .text.enable_timer2
                0x00000000080004f0       0x1c Src/timers.o
                0x00000000080004f0                enable_timer2
 .text.enable_timer3
                0x000000000800050c       0x1c Src/timers.o
                0x000000000800050c                enable_timer3
 .text.enable_timer4
                0x0000000008000528       0x1c Src/timers.o
                0x0000000008000528                enable_timer4
 .text.disable_timer2
                0x0000000008000544       0x1c Src/timers.o
                0x0000000008000544                disable_timer2
 .text.disable_timer3
                0x0000000008000560       0x1c Src/timers.o
                0x0000000008000560                disable_timer3
 .text.disable_timer4
                0x000000000800057c       0x1c Src/timers.o
                0x000000000800057c                disable_timer4
 .text.delay_with_timer2
                0x0000000008000598       0x44 Src/timers.o
                0x0000000008000598                delay_with_timer2
 .text.delay_with_timer3
                0x00000000080005dc       0x44 Src/timers.o
                0x00000000080005dc                delay_with_timer3
 .text.delay_with_timer4
                0x0000000008000620       0x44 Src/timers.o
                0x0000000008000620                delay_with_timer4
 .text.timeout_with_timer2
                0x0000000008000664       0x48 Src/timers.o
                0x0000000008000664                timeout_with_timer2
 .text.timeout_with_timer3
                0x00000000080006ac       0x48 Src/timers.o
                0x00000000080006ac                timeout_with_timer3
 .text.timeout_with_timer4
                0x00000000080006f4       0x48 Src/timers.o
                0x00000000080006f4                timeout_with_timer4
 .text.TIM2_IRQHandler
                0x000000000800073c       0x54 Src/timers.o
                0x000000000800073c                TIM2_IRQHandler
 .text.TIM3_IRQHandler
                0x0000000008000790       0x50 Src/timers.o
                0x0000000008000790                TIM3_IRQHandler
 .text.TIM4_IRQHandler
                0x00000000080007e0       0x50 Src/timers.o
                0x00000000080007e0                TIM4_IRQHandler
 .text.init_usart2
                0x0000000008000830       0x68 Src/usart.o
                0x0000000008000830                init_usart2
 .text.set_usart2_buffer_Tx
                0x0000000008000898       0x40 Src/usart.o
                0x0000000008000898                set_usart2_buffer_Tx
 .text.write_usart2
                0x00000000080008d8       0x78 Src/usart.o
                0x00000000080008d8                write_usart2
 .text.USART1_IRQHandler
                0x0000000008000950       0x8c Src/usart.o
                0x0000000008000950                USART1_IRQHandler
 .text.Reset_Handler
                0x00000000080009dc       0x50 Startup/startup_stm32f103rbtx.o
                0x00000000080009dc                Reset_Handler
 .text.Default_Handler
                0x0000000008000a2c        0x2 Startup/startup_stm32f103rbtx.o
                0x0000000008000a2c                EXTI2_IRQHandler
                0x0000000008000a2c                TIM8_TRG_COM_IRQHandler
                0x0000000008000a2c                TIM8_CC_IRQHandler
                0x0000000008000a2c                DebugMon_Handler
                0x0000000008000a2c                TIM1_CC_IRQHandler
                0x0000000008000a2c                HardFault_Handler
                0x0000000008000a2c                TIM6_IRQHandler
                0x0000000008000a2c                SysTick_Handler
                0x0000000008000a2c                PVD_IRQHandler
                0x0000000008000a2c                SDIO_IRQHandler
                0x0000000008000a2c                PendSV_Handler
                0x0000000008000a2c                NMI_Handler
                0x0000000008000a2c                EXTI3_IRQHandler
                0x0000000008000a2c                USB_HP_CAN_TX_IRQHandler
                0x0000000008000a2c                EXTI0_IRQHandler
                0x0000000008000a2c                I2C2_EV_IRQHandler
                0x0000000008000a2c                UsageFault_Handler
                0x0000000008000a2c                ADC1_2_IRQHandler
                0x0000000008000a2c                SPI1_IRQHandler
                0x0000000008000a2c                CAN_SCE_IRQHandler
                0x0000000008000a2c                TAMPER_IRQHandler
                0x0000000008000a2c                TIM8_UP_IRQHandler
                0x0000000008000a2c                DMA2_Channel2_IRQHandler
                0x0000000008000a2c                DMA1_Channel4_IRQHandler
                0x0000000008000a2c                USART3_IRQHandler
                0x0000000008000a2c                RTC_IRQHandler
                0x0000000008000a2c                DMA1_Channel7_IRQHandler
                0x0000000008000a2c                UART5_IRQHandler
                0x0000000008000a2c                ADC3_IRQHandler
                0x0000000008000a2c                CAN_RX1_IRQHandler
                0x0000000008000a2c                DMA2_Channel1_IRQHandler
                0x0000000008000a2c                I2C1_EV_IRQHandler
                0x0000000008000a2c                DMA1_Channel6_IRQHandler
                0x0000000008000a2c                UART4_IRQHandler
                0x0000000008000a2c                RCC_IRQHandler
                0x0000000008000a2c                TIM1_TRG_COM_IRQHandler
                0x0000000008000a2c                DMA1_Channel1_IRQHandler
                0x0000000008000a2c                Default_Handler
                0x0000000008000a2c                EXTI15_10_IRQHandler
                0x0000000008000a2c                TIM7_IRQHandler
                0x0000000008000a2c                TIM5_IRQHandler
                0x0000000008000a2c                EXTI9_5_IRQHandler
                0x0000000008000a2c                SPI2_IRQHandler
                0x0000000008000a2c                USB_LP_CAN_RX0_IRQHandler
                0x0000000008000a2c                MemManage_Handler
                0x0000000008000a2c                SVC_Handler
                0x0000000008000a2c                DMA1_Channel5_IRQHandler
                0x0000000008000a2c                DMA1_Channel3_IRQHandler
                0x0000000008000a2c                FSMC_IRQHandler
                0x0000000008000a2c                TIM1_UP_IRQHandler
                0x0000000008000a2c                WWDG_IRQHandler
                0x0000000008000a2c                TIM1_BRK_IRQHandler
                0x0000000008000a2c                EXTI1_IRQHandler
                0x0000000008000a2c                RTCAlarm_IRQHandler
                0x0000000008000a2c                DMA2_Channel4_5_IRQHandler
                0x0000000008000a2c                USART2_IRQHandler
                0x0000000008000a2c                I2C2_ER_IRQHandler
                0x0000000008000a2c                DMA1_Channel2_IRQHandler
                0x0000000008000a2c                TIM8_BRK_IRQHandler
                0x0000000008000a2c                FLASH_IRQHandler
                0x0000000008000a2c                BusFault_Handler
                0x0000000008000a2c                SPI3_IRQHandler
                0x0000000008000a2c                I2C1_ER_IRQHandler
                0x0000000008000a2c                DMA2_Channel3_IRQHandler
 *fill*         0x0000000008000a2e        0x2 
 .text.__libc_init_array
                0x0000000008000a30       0x48 c:/st/stm32cubeide_1.3.0/stm32cubeide/plugins/com.st.stm32cube.ide.mcu.externaltools.gnu-tools-for-stm32.7-2018-q2-update.win32_1.0.0.201904181610/tools/bin/../lib/gcc/arm-none-eabi/7.3.1/../../../../arm-none-eabi/lib/thumb/v7-m\libc_nano.a(lib_a-init.o)
                0x0000000008000a30                __libc_init_array
 .text.memset   0x0000000008000a78       0x10 c:/st/stm32cubeide_1.3.0/stm32cubeide/plugins/com.st.stm32cube.ide.mcu.externaltools.gnu-tools-for-stm32.7-2018-q2-update.win32_1.0.0.201904181610/tools/bin/../lib/gcc/arm-none-eabi/7.3.1/../../../../arm-none-eabi/lib/thumb/v7-m\libc_nano.a(lib_a-memset.o)
                0x0000000008000a78                memset
 .text.strcpy   0x0000000008000a88       0x10 c:/st/stm32cubeide_1.3.0/stm32cubeide/plugins/com.st.stm32cube.ide.mcu.externaltools.gnu-tools-for-stm32.7-2018-q2-update.win32_1.0.0.201904181610/tools/bin/../lib/gcc/arm-none-eabi/7.3.1/../../../../arm-none-eabi/lib/thumb/v7-m\libc_nano.a(lib_a-strcpy.o)
                0x0000000008000a88                strcpy
 *(.glue_7)
 .glue_7        0x0000000008000a98        0x0 linker stubs
 *(.glue_7t)
 .glue_7t       0x0000000008000a98        0x0 linker stubs
 *(.eh_frame)
 .eh_frame      0x0000000008000a98        0x0 c:/st/stm32cubeide_1.3.0/stm32cubeide/plugins/com.st.stm32cube.ide.mcu.externaltools.gnu-tools-for-stm32.7-2018-q2-update.win32_1.0.0.201904181610/tools/bin/../lib/gcc/arm-none-eabi/7.3.1/thumb/v7-m/crtbegin.o
 *(.init)
 .init          0x0000000008000a98        0x4 c:/st/stm32cubeide_1.3.0/stm32cubeide/plugins/com.st.stm32cube.ide.mcu.externaltools.gnu-tools-for-stm32.7-2018-q2-update.win32_1.0.0.201904181610/tools/bin/../lib/gcc/arm-none-eabi/7.3.1/thumb/v7-m/crti.o
                0x0000000008000a98                _init
 .init          0x0000000008000a9c        0x8 c:/st/stm32cubeide_1.3.0/stm32cubeide/plugins/com.st.stm32cube.ide.mcu.externaltools.gnu-tools-for-stm32.7-2018-q2-update.win32_1.0.0.201904181610/tools/bin/../lib/gcc/arm-none-eabi/7.3.1/thumb/v7-m/crtn.o
 *(.fini)
 .fini          0x0000000008000aa4        0x4 c:/st/stm32cubeide_1.3.0/stm32cubeide/plugins/com.st.stm32cube.ide.mcu.externaltools.gnu-tools-for-stm32.7-2018-q2-update.win32_1.0.0.201904181610/tools/bin/../lib/gcc/arm-none-eabi/7.3.1/thumb/v7-m/crti.o
                0x0000000008000aa4                _fini
 .fini          0x0000000008000aa8        0x8 c:/st/stm32cubeide_1.3.0/stm32cubeide/plugins/com.st.stm32cube.ide.mcu.externaltools.gnu-tools-for-stm32.7-2018-q2-update.win32_1.0.0.201904181610/tools/bin/../lib/gcc/arm-none-eabi/7.3.1/thumb/v7-m/crtn.o
                0x0000000008000ab0                . = ALIGN (0x4)
                0x0000000008000ab0                _etext = .

.vfp11_veneer   0x0000000008000ab0        0x0
 .vfp11_veneer  0x0000000008000ab0        0x0 linker stubs

.v4_bx          0x0000000008000ab0        0x0
 .v4_bx         0x0000000008000ab0        0x0 linker stubs

.iplt           0x0000000008000ab0        0x0
 .iplt          0x0000000008000ab0        0x0 c:/st/stm32cubeide_1.3.0/stm32cubeide/plugins/com.st.stm32cube.ide.mcu.externaltools.gnu-tools-for-stm32.7-2018-q2-update.win32_1.0.0.201904181610/tools/bin/../lib/gcc/arm-none-eabi/7.3.1/thumb/v7-m/crtbegin.o

.rodata         0x0000000008000ab0       0xc4
                0x0000000008000ab0                . = ALIGN (0x4)
 *(.rodata)
 .rodata        0x0000000008000ab0       0x7d Src/hc-sr501pir_sensor.o
 *fill*         0x0000000008000b2d        0x3 
 .rodata        0x0000000008000b30       0x41 Src/main.o
 *(.rodata*)
                0x0000000008000b74                . = ALIGN (0x4)
 *fill*         0x0000000008000b71        0x3 

.rel.dyn        0x0000000008000b74        0x0
 .rel.iplt      0x0000000008000b74        0x0 c:/st/stm32cubeide_1.3.0/stm32cubeide/plugins/com.st.stm32cube.ide.mcu.externaltools.gnu-tools-for-stm32.7-2018-q2-update.win32_1.0.0.201904181610/tools/bin/../lib/gcc/arm-none-eabi/7.3.1/thumb/v7-m/crtbegin.o

.ARM.extab      0x0000000008000b74        0x0
                0x0000000008000b74                . = ALIGN (0x4)
 *(.ARM.extab* .gnu.linkonce.armextab.*)
                0x0000000008000b74                . = ALIGN (0x4)

.ARM            0x0000000008000b74        0x0
                0x0000000008000b74                . = ALIGN (0x4)
                0x0000000008000b74                __exidx_start = .
 *(.ARM.exidx*)
                0x0000000008000b74                __exidx_end = .
                0x0000000008000b74                . = ALIGN (0x4)

.preinit_array  0x0000000008000b74        0x0
                0x0000000008000b74                . = ALIGN (0x4)
                0x0000000008000b74                PROVIDE (__preinit_array_start = .)
 *(.preinit_array*)
                0x0000000008000b74                PROVIDE (__preinit_array_end = .)
                0x0000000008000b74                . = ALIGN (0x4)

.init_array     0x0000000008000b74        0x4
                0x0000000008000b74                . = ALIGN (0x4)
                0x0000000008000b74                PROVIDE (__init_array_start = .)
 *(SORT_BY_NAME(.init_array.*))
 *(.init_array*)
 .init_array    0x0000000008000b74        0x4 c:/st/stm32cubeide_1.3.0/stm32cubeide/plugins/com.st.stm32cube.ide.mcu.externaltools.gnu-tools-for-stm32.7-2018-q2-update.win32_1.0.0.201904181610/tools/bin/../lib/gcc/arm-none-eabi/7.3.1/thumb/v7-m/crtbegin.o
                0x0000000008000b78                PROVIDE (__init_array_end = .)
                0x0000000008000b78                . = ALIGN (0x4)

.fini_array     0x0000000008000b78        0x4
                0x0000000008000b78                . = ALIGN (0x4)
                [!provide]                        PROVIDE (__fini_array_start = .)
 *(SORT_BY_NAME(.fini_array.*))
 *(.fini_array*)
 .fini_array    0x0000000008000b78        0x4 c:/st/stm32cubeide_1.3.0/stm32cubeide/plugins/com.st.stm32cube.ide.mcu.externaltools.gnu-tools-for-stm32.7-2018-q2-update.win32_1.0.0.201904181610/tools/bin/../lib/gcc/arm-none-eabi/7.3.1/thumb/v7-m/crtbegin.o
                [!provide]                        PROVIDE (__fini_array_end = .)
                0x0000000008000b7c                . = ALIGN (0x4)
                0x0000000008000b7c                _sidata = LOADADDR (.data)

.data           0x0000000020000000        0x0 load address 0x0000000008000b7c
                0x0000000020000000                . = ALIGN (0x4)
                0x0000000020000000                _sdata = .
 *(.data)
 *(.data*)
                0x0000000020000000                . = ALIGN (0x4)
                0x0000000020000000                _edata = .

.igot.plt       0x0000000020000000        0x0 load address 0x0000000008000b7c
 .igot.plt      0x0000000020000000        0x0 c:/st/stm32cubeide_1.3.0/stm32cubeide/plugins/com.st.stm32cube.ide.mcu.externaltools.gnu-tools-for-stm32.7-2018-q2-update.win32_1.0.0.201904181610/tools/bin/../lib/gcc/arm-none-eabi/7.3.1/thumb/v7-m/crtbegin.o
                0x0000000020000000                . = ALIGN (0x4)

.bss            0x0000000020000000      0x65c load address 0x0000000008000b7c
                0x0000000020000000                _sbss = .
                0x0000000020000000                __bss_start__ = _sbss
 *(.bss)
 .bss           0x0000000020000000       0x1c c:/st/stm32cubeide_1.3.0/stm32cubeide/plugins/com.st.stm32cube.ide.mcu.externaltools.gnu-tools-for-stm32.7-2018-q2-update.win32_1.0.0.201904181610/tools/bin/../lib/gcc/arm-none-eabi/7.3.1/thumb/v7-m/crtbegin.o
 *(.bss*)
 .bss.timer2    0x000000002000001c        0xc Src/timers.o
 .bss.timer3    0x0000000020000028        0xc Src/timers.o
 .bss.timer4    0x0000000020000034        0xc Src/timers.o
 .bss.usart2    0x0000000020000040      0x208 Src/usart.o
 .bss.usart1    0x0000000020000248      0x410 Src/usart.o
 .bss.c         0x0000000020000658        0x1 Src/usart.o
 *(COMMON)
 COMMON         0x0000000020000659        0x1 Src/gpio_signal.o
                0x0000000020000659                state
                0x000000002000065c                . = ALIGN (0x4)
 *fill*         0x000000002000065a        0x2 
                0x000000002000065c                _ebss = .
                0x000000002000065c                __bss_end__ = _ebss

._user_heap_stack
                0x000000002000065c      0x604 load address 0x0000000008000b7c
                0x0000000020000660                . = ALIGN (0x8)
 *fill*         0x000000002000065c        0x4 
                0x0000000020000660                PROVIDE (end = .)
                [!provide]                        PROVIDE (_end = .)
                0x0000000020000860                . = (. + _Min_Heap_Size)
 *fill*         0x0000000020000660      0x200 
                0x0000000020000c60                . = (. + _Min_Stack_Size)
 *fill*         0x0000000020000860      0x400 
                0x0000000020000c60                . = ALIGN (0x8)

/DISCARD/
 libc.a(*)
 libm.a(*)
 libgcc.a(*)

.ARM.attributes
                0x0000000000000000       0x29
 *(.ARM.attributes)
 .ARM.attributes
                0x0000000000000000       0x1d c:/st/stm32cubeide_1.3.0/stm32cubeide/plugins/com.st.stm32cube.ide.mcu.externaltools.gnu-tools-for-stm32.7-2018-q2-update.win32_1.0.0.201904181610/tools/bin/../lib/gcc/arm-none-eabi/7.3.1/thumb/v7-m/crti.o
 .ARM.attributes
                0x000000000000001d       0x2d c:/st/stm32cubeide_1.3.0/stm32cubeide/plugins/com.st.stm32cube.ide.mcu.externaltools.gnu-tools-for-stm32.7-2018-q2-update.win32_1.0.0.201904181610/tools/bin/../lib/gcc/arm-none-eabi/7.3.1/thumb/v7-m/crtbegin.o
 .ARM.attributes
                0x000000000000004a       0x33 Src/gpio_signal.o
 .ARM.attributes
                0x000000000000007d       0x33 Src/hc-sr501pir_sensor.o
 .ARM.attributes
                0x00000000000000b0       0x33 Src/main.o
 .ARM.attributes
                0x00000000000000e3       0x33 Src/timers.o
 .ARM.attributes
                0x0000000000000116       0x33 Src/usart.o
 .ARM.attributes
                0x0000000000000149       0x21 Startup/startup_stm32f103rbtx.o
 .ARM.attributes
                0x000000000000016a       0x2d c:/st/stm32cubeide_1.3.0/stm32cubeide/plugins/com.st.stm32cube.ide.mcu.externaltools.gnu-tools-for-stm32.7-2018-q2-update.win32_1.0.0.201904181610/tools/bin/../lib/gcc/arm-none-eabi/7.3.1/../../../../arm-none-eabi/lib/thumb/v7-m\libc_nano.a(lib_a-init.o)
 .ARM.attributes
                0x0000000000000197       0x2d c:/st/stm32cubeide_1.3.0/stm32cubeide/plugins/com.st.stm32cube.ide.mcu.externaltools.gnu-tools-for-stm32.7-2018-q2-update.win32_1.0.0.201904181610/tools/bin/../lib/gcc/arm-none-eabi/7.3.1/../../../../arm-none-eabi/lib/thumb/v7-m\libc_nano.a(lib_a-memset.o)
 .ARM.attributes
                0x00000000000001c4       0x2d c:/st/stm32cubeide_1.3.0/stm32cubeide/plugins/com.st.stm32cube.ide.mcu.externaltools.gnu-tools-for-stm32.7-2018-q2-update.win32_1.0.0.201904181610/tools/bin/../lib/gcc/arm-none-eabi/7.3.1/../../../../arm-none-eabi/lib/thumb/v7-m\libc_nano.a(lib_a-strcpy.o)
 .ARM.attributes
                0x00000000000001f1       0x17 c:/st/stm32cubeide_1.3.0/stm32cubeide/plugins/com.st.stm32cube.ide.mcu.externaltools.gnu-tools-for-stm32.7-2018-q2-update.win32_1.0.0.201904181610/tools/bin/../lib/gcc/arm-none-eabi/7.3.1/../../../../arm-none-eabi/lib/thumb/v7-m\libc_nano.a(lib_a-strlen.o)
 .ARM.attributes
                0x0000000000000208       0x1d c:/st/stm32cubeide_1.3.0/stm32cubeide/plugins/com.st.stm32cube.ide.mcu.externaltools.gnu-tools-for-stm32.7-2018-q2-update.win32_1.0.0.201904181610/tools/bin/../lib/gcc/arm-none-eabi/7.3.1/thumb/v7-m/crtn.o
OUTPUT(stm32-f103rb-cnss.elf elf32-littlearm)

.debug_info     0x0000000000000000     0x44ad
 .debug_info    0x0000000000000000      0x667 Src/gpio_signal.o
 .debug_info    0x0000000000000667     0x106b Src/hc-sr501pir_sensor.o
 .debug_info    0x00000000000016d2      0x976 Src/main.o
 .debug_info    0x0000000000002048     0x127f Src/timers.o
 .debug_info    0x00000000000032c7     0x11c4 Src/usart.o
 .debug_info    0x000000000000448b       0x22 Startup/startup_stm32f103rbtx.o

.debug_abbrev   0x0000000000000000      0xbb4
 .debug_abbrev  0x0000000000000000      0x1b0 Src/gpio_signal.o
 .debug_abbrev  0x00000000000001b0      0x27b Src/hc-sr501pir_sensor.o
 .debug_abbrev  0x000000000000042b      0x1a8 Src/main.o
 .debug_abbrev  0x00000000000005d3      0x2b2 Src/timers.o
 .debug_abbrev  0x0000000000000885      0x31d Src/usart.o
 .debug_abbrev  0x0000000000000ba2       0x12 Startup/startup_stm32f103rbtx.o

.debug_aranges  0x0000000000000000      0x218
 .debug_aranges
                0x0000000000000000       0x48 Src/gpio_signal.o
 .debug_aranges
                0x0000000000000048       0x50 Src/hc-sr501pir_sensor.o
 .debug_aranges
                0x0000000000000098       0x20 Src/main.o
 .debug_aranges
                0x00000000000000b8       0xc0 Src/timers.o
 .debug_aranges
                0x0000000000000178       0x78 Src/usart.o
 .debug_aranges
                0x00000000000001f0       0x28 Startup/startup_stm32f103rbtx.o

.debug_ranges   0x0000000000000000      0x1c0
 .debug_ranges  0x0000000000000000       0x38 Src/gpio_signal.o
 .debug_ranges  0x0000000000000038       0x40 Src/hc-sr501pir_sensor.o
 .debug_ranges  0x0000000000000078       0x10 Src/main.o
 .debug_ranges  0x0000000000000088       0xb0 Src/timers.o
 .debug_ranges  0x0000000000000138       0x68 Src/usart.o
 .debug_ranges  0x00000000000001a0       0x20 Startup/startup_stm32f103rbtx.o

.debug_macro    0x0000000000000000      0x869
 .debug_macro   0x0000000000000000       0xbf Src/gpio_signal.o
 .debug_macro   0x00000000000000bf      0x192 Src/hc-sr501pir_sensor.o
 .debug_macro   0x0000000000000251      0x1b5 Src/main.o
 .debug_macro   0x0000000000000406       0x16 Src/main.o
 .debug_macro   0x000000000000041c      0x27f Src/timers.o
 .debug_macro   0x000000000000069b      0x1ce Src/usart.o

.debug_line     0x0000000000000000     0x243e
 .debug_line    0x0000000000000000      0x56d Src/gpio_signal.o
 .debug_line    0x000000000000056d      0x6d5 Src/hc-sr501pir_sensor.o
 .debug_line    0x0000000000000c42      0x68c Src/main.o
 .debug_line    0x00000000000012ce      0x93e Src/timers.o
 .debug_line    0x0000000000001c0c      0x7ae Src/usart.o
 .debug_line    0x00000000000023ba       0x84 Startup/startup_stm32f103rbtx.o

.debug_str      0x0000000000000000    0x58afc
 .debug_str     0x0000000000000000    0x53ff7 Src/gpio_signal.o
                                      0x542c0 (size before relaxing)
 .debug_str     0x0000000000053ff7     0x3461 Src/hc-sr501pir_sensor.o
                                      0x57795 (size before relaxing)
 .debug_str     0x0000000000057458      0x153 Src/main.o
                                      0x5738e (size before relaxing)
 .debug_str     0x00000000000575ab     0x140d Src/timers.o
                                      0x58ab1 (size before relaxing)
 .debug_str     0x00000000000589b8      0x113 Src/usart.o
                                      0x5787e (size before relaxing)
 .debug_str     0x0000000000058acb       0x31 Startup/startup_stm32f103rbtx.o
                                         0x70 (size before relaxing)

.comment        0x0000000000000000       0x7b
 .comment       0x0000000000000000       0x7b Src/gpio_signal.o
                                         0x7c (size before relaxing)
 .comment       0x000000000000007b       0x7c Src/hc-sr501pir_sensor.o
 .comment       0x000000000000007b       0x7c Src/main.o
 .comment       0x000000000000007b       0x7c Src/timers.o
 .comment       0x000000000000007b       0x7c Src/usart.o

.debug_frame    0x0000000000000000      0x6f0
 .debug_frame   0x0000000000000000       0xd0 Src/gpio_signal.o
 .debug_frame   0x00000000000000d0      0x100 Src/hc-sr501pir_sensor.o
 .debug_frame   0x00000000000001d0       0x2c Src/main.o
 .debug_frame   0x00000000000001fc      0x2d4 Src/timers.o
 .debug_frame   0x00000000000004d0      0x1b4 Src/usart.o
 .debug_frame   0x0000000000000684       0x2c c:/st/stm32cubeide_1.3.0/stm32cubeide/plugins/com.st.stm32cube.ide.mcu.externaltools.gnu-tools-for-stm32.7-2018-q2-update.win32_1.0.0.201904181610/tools/bin/../lib/gcc/arm-none-eabi/7.3.1/../../../../arm-none-eabi/lib/thumb/v7-m\libc_nano.a(lib_a-init.o)
 .debug_frame   0x00000000000006b0       0x20 c:/st/stm32cubeide_1.3.0/stm32cubeide/plugins/com.st.stm32cube.ide.mcu.externaltools.gnu-tools-for-stm32.7-2018-q2-update.win32_1.0.0.201904181610/tools/bin/../lib/gcc/arm-none-eabi/7.3.1/../../../../arm-none-eabi/lib/thumb/v7-m\libc_nano.a(lib_a-memset.o)
 .debug_frame   0x00000000000006d0       0x20 c:/st/stm32cubeide_1.3.0/stm32cubeide/plugins/com.st.stm32cube.ide.mcu.externaltools.gnu-tools-for-stm32.7-2018-q2-update.win32_1.0.0.201904181610/tools/bin/../lib/gcc/arm-none-eabi/7.3.1/../../../../arm-none-eabi/lib/thumb/v7-m\libc_nano.a(lib_a-strcpy.o)
