Archive member included to satisfy reference by file (symbol)

c:/st/stm32cubeide_1.3.0/stm32cubeide/plugins/com.st.stm32cube.ide.mcu.externaltools.gnu-tools-for-stm32.7-2018-q2-update.win32_1.0.0.201904181610/tools/bin/../lib/gcc/arm-none-eabi/7.3.1/../../../../arm-none-eabi/lib/thumb/v7-m\libc_nano.a(lib_a-errno.o)
                              Src/syscalls.o (__errno)
c:/st/stm32cubeide_1.3.0/stm32cubeide/plugins/com.st.stm32cube.ide.mcu.externaltools.gnu-tools-for-stm32.7-2018-q2-update.win32_1.0.0.201904181610/tools/bin/../lib/gcc/arm-none-eabi/7.3.1/../../../../arm-none-eabi/lib/thumb/v7-m\libc_nano.a(lib_a-exit.o)
                              c:/st/stm32cubeide_1.3.0/stm32cubeide/plugins/com.st.stm32cube.ide.mcu.externaltools.gnu-tools-for-stm32.7-2018-q2-update.win32_1.0.0.201904181610/tools/bin/../lib/gcc/arm-none-eabi/7.3.1/../../../../arm-none-eabi/lib/thumb/v7-m/crt0.o (exit)
c:/st/stm32cubeide_1.3.0/stm32cubeide/plugins/com.st.stm32cube.ide.mcu.externaltools.gnu-tools-for-stm32.7-2018-q2-update.win32_1.0.0.201904181610/tools/bin/../lib/gcc/arm-none-eabi/7.3.1/../../../../arm-none-eabi/lib/thumb/v7-m\libc_nano.a(lib_a-impure.o)
                              c:/st/stm32cubeide_1.3.0/stm32cubeide/plugins/com.st.stm32cube.ide.mcu.externaltools.gnu-tools-for-stm32.7-2018-q2-update.win32_1.0.0.201904181610/tools/bin/../lib/gcc/arm-none-eabi/7.3.1/../../../../arm-none-eabi/lib/thumb/v7-m\libc_nano.a(lib_a-exit.o) (_global_impure_ptr)
c:/st/stm32cubeide_1.3.0/stm32cubeide/plugins/com.st.stm32cube.ide.mcu.externaltools.gnu-tools-for-stm32.7-2018-q2-update.win32_1.0.0.201904181610/tools/bin/../lib/gcc/arm-none-eabi/7.3.1/../../../../arm-none-eabi/lib/thumb/v7-m\libc_nano.a(lib_a-init.o)
                              c:/st/stm32cubeide_1.3.0/stm32cubeide/plugins/com.st.stm32cube.ide.mcu.externaltools.gnu-tools-for-stm32.7-2018-q2-update.win32_1.0.0.201904181610/tools/bin/../lib/gcc/arm-none-eabi/7.3.1/../../../../arm-none-eabi/lib/thumb/v7-m/crt0.o (__libc_init_array)
c:/st/stm32cubeide_1.3.0/stm32cubeide/plugins/com.st.stm32cube.ide.mcu.externaltools.gnu-tools-for-stm32.7-2018-q2-update.win32_1.0.0.201904181610/tools/bin/../lib/gcc/arm-none-eabi/7.3.1/../../../../arm-none-eabi/lib/thumb/v7-m\libc_nano.a(lib_a-memset.o)
                              c:/st/stm32cubeide_1.3.0/stm32cubeide/plugins/com.st.stm32cube.ide.mcu.externaltools.gnu-tools-for-stm32.7-2018-q2-update.win32_1.0.0.201904181610/tools/bin/../lib/gcc/arm-none-eabi/7.3.1/../../../../arm-none-eabi/lib/thumb/v7-m/crt0.o (memset)
c:/st/stm32cubeide_1.3.0/stm32cubeide/plugins/com.st.stm32cube.ide.mcu.externaltools.gnu-tools-for-stm32.7-2018-q2-update.win32_1.0.0.201904181610/tools/bin/../lib/gcc/arm-none-eabi/7.3.1/../../../../arm-none-eabi/lib/thumb/v7-m\libc_nano.a(lib_a-sprintf.o)
                              Src/esp8266_Firbase.o (sprintf)
c:/st/stm32cubeide_1.3.0/stm32cubeide/plugins/com.st.stm32cube.ide.mcu.externaltools.gnu-tools-for-stm32.7-2018-q2-update.win32_1.0.0.201904181610/tools/bin/../lib/gcc/arm-none-eabi/7.3.1/../../../../arm-none-eabi/lib/thumb/v7-m\libc_nano.a(lib_a-strcpy.o)
                              Src/usart.o (strcpy)
c:/st/stm32cubeide_1.3.0/stm32cubeide/plugins/com.st.stm32cube.ide.mcu.externaltools.gnu-tools-for-stm32.7-2018-q2-update.win32_1.0.0.201904181610/tools/bin/../lib/gcc/arm-none-eabi/7.3.1/../../../../arm-none-eabi/lib/thumb/v7-m\libc_nano.a(lib_a-strlen.o)
                              Src/esp8266_Firbase.o (strlen)
c:/st/stm32cubeide_1.3.0/stm32cubeide/plugins/com.st.stm32cube.ide.mcu.externaltools.gnu-tools-for-stm32.7-2018-q2-update.win32_1.0.0.201904181610/tools/bin/../lib/gcc/arm-none-eabi/7.3.1/../../../../arm-none-eabi/lib/thumb/v7-m\libc_nano.a(lib_a-strstr.o)
                              Src/usart.o (strstr)
c:/st/stm32cubeide_1.3.0/stm32cubeide/plugins/com.st.stm32cube.ide.mcu.externaltools.gnu-tools-for-stm32.7-2018-q2-update.win32_1.0.0.201904181610/tools/bin/../lib/gcc/arm-none-eabi/7.3.1/../../../../arm-none-eabi/lib/thumb/v7-m\libc_nano.a(lib_a-nano-svfprintf.o)
                              c:/st/stm32cubeide_1.3.0/stm32cubeide/plugins/com.st.stm32cube.ide.mcu.externaltools.gnu-tools-for-stm32.7-2018-q2-update.win32_1.0.0.201904181610/tools/bin/../lib/gcc/arm-none-eabi/7.3.1/../../../../arm-none-eabi/lib/thumb/v7-m\libc_nano.a(lib_a-sprintf.o) (_svfprintf_r)
c:/st/stm32cubeide_1.3.0/stm32cubeide/plugins/com.st.stm32cube.ide.mcu.externaltools.gnu-tools-for-stm32.7-2018-q2-update.win32_1.0.0.201904181610/tools/bin/../lib/gcc/arm-none-eabi/7.3.1/../../../../arm-none-eabi/lib/thumb/v7-m\libc_nano.a(lib_a-nano-vfprintf_i.o)
                              c:/st/stm32cubeide_1.3.0/stm32cubeide/plugins/com.st.stm32cube.ide.mcu.externaltools.gnu-tools-for-stm32.7-2018-q2-update.win32_1.0.0.201904181610/tools/bin/../lib/gcc/arm-none-eabi/7.3.1/../../../../arm-none-eabi/lib/thumb/v7-m\libc_nano.a(lib_a-nano-svfprintf.o) (_printf_i)
[...]
Memory Configuration

Name             Origin             Length             Attributes
RAM              0x0000000020000000 0x0000000000005000 xrw
ROM              0x0000000008000000 0x0000000000020000 xr
*default*        0x0000000000000000 0xffffffffffffffff

Linker script and memory map

LOAD c:/st/stm32cubeide_1.3.0/stm32cubeide/plugins/com.st.stm32cube.ide.mcu.externaltools.gnu-tools-for-stm32.7-2018-q2-update.win32_1.0.0.201904181610/tools/bin/../lib/gcc/arm-none-eabi/7.3.1/thumb/v7-m/crti.o
LOAD c:/st/stm32cubeide_1.3.0/stm32cubeide/plugins/com.st.stm32cube.ide.mcu.externaltools.gnu-tools-for-stm32.7-2018-q2-update.win32_1.0.0.201904181610/tools/bin/../lib/gcc/arm-none-eabi/7.3.1/thumb/v7-m/crtbegin.o
LOAD c:/st/stm32cubeide_1.3.0/stm32cubeide/plugins/com.st.stm32cube.ide.mcu.externaltools.gnu-tools-for-stm32.7-2018-q2-update.win32_1.0.0.201904181610/tools/bin/../lib/gcc/arm-none-eabi/7.3.1/../../../../arm-none-eabi/lib/thumb/v7-m/crt0.o
LOAD Src/clock.o
LOAD Src/esp8266_Firbase.o
LOAD Src/event_queue.o
LOAD Src/gpio_signal.o
LOAD Src/hc-sr501pir_sensor.o
LOAD Src/i2c.o
LOAD Src/main.o
LOAD Src/syscalls.o
LOAD Src/sysmem.o
LOAD Src/timers.o
LOAD Src/usart.o
LOAD Startup/startup_stm32f103rbtx.o
START GROUP
LOAD c:/st/stm32cubeide_1.3.0/stm32cubeide/plugins/com.st.stm32cube.ide.mcu.externaltools.gnu-tools-for-stm32.7-2018-q2-update.win32_1.0.0.201904181610/tools/bin/../lib/gcc/arm-none-eabi/7.3.1/../../../../arm-none-eabi/lib/thumb/v7-m\libc_nano.a
LOAD c:/st/stm32cubeide_1.3.0/stm32cubeide/plugins/com.st.stm32cube.ide.mcu.externaltools.gnu-tools-for-stm32.7-2018-q2-update.win32_1.0.0.201904181610/tools/bin/../lib/gcc/arm-none-eabi/7.3.1/../../../../arm-none-eabi/lib/thumb/v7-m\libm.a
END GROUP
START GROUP
LOAD c:/st/stm32cubeide_1.3.0/stm32cubeide/plugins/com.st.stm32cube.ide.mcu.externaltools.gnu-tools-for-stm32.7-2018-q2-update.win32_1.0.0.201904181610/tools/bin/../lib/gcc/arm-none-eabi/7.3.1/thumb/v7-m\libgcc.a
LOAD c:/st/stm32cubeide_1.3.0/stm32cubeide/plugins/com.st.stm32cube.ide.mcu.externaltools.gnu-tools-for-stm32.7-2018-q2-update.win32_1.0.0.201904181610/tools/bin/../lib/gcc/arm-none-eabi/7.3.1/../../../../arm-none-eabi/lib/thumb/v7-m\libc_nano.a
END GROUP
START GROUP
LOAD c:/st/stm32cubeide_1.3.0/stm32cubeide/plugins/com.st.stm32cube.ide.mcu.externaltools.gnu-tools-for-stm32.7-2018-q2-update.win32_1.0.0.201904181610/tools/bin/../lib/gcc/arm-none-eabi/7.3.1/thumb/v7-m\libgcc.a
LOAD c:/st/stm32cubeide_1.3.0/stm32cubeide/plugins/com.st.stm32cube.ide.mcu.externaltools.gnu-tools-for-stm32.7-2018-q2-update.win32_1.0.0.201904181610/tools/bin/../lib/gcc/arm-none-eabi/7.3.1/../../../../arm-none-eabi/lib/thumb/v7-m\libc_nano.a
LOAD c:/st/stm32cubeide_1.3.0/stm32cubeide/plugins/com.st.stm32cube.ide.mcu.externaltools.gnu-tools-for-stm32.7-2018-q2-update.win32_1.0.0.201904181610/tools/bin/../lib/gcc/arm-none-eabi/7.3.1/../../../../arm-none-eabi/lib/thumb/v7-m\libnosys.a
END GROUP
START GROUP
LOAD c:/st/stm32cubeide_1.3.0/stm32cubeide/plugins/com.st.stm32cube.ide.mcu.externaltools.gnu-tools-for-stm32.7-2018-q2-update.win32_1.0.0.201904181610/tools/bin/../lib/gcc/arm-none-eabi/7.3.1/thumb/v7-m\libgcc.a
LOAD c:/st/stm32cubeide_1.3.0/stm32cubeide/plugins/com.st.stm32cube.ide.mcu.externaltools.gnu-tools-for-stm32.7-2018-q2-update.win32_1.0.0.201904181610/tools/bin/../lib/gcc/arm-none-eabi/7.3.1/../../../../arm-none-eabi/lib/thumb/v7-m\libc_nano.a
LOAD c:/st/stm32cubeide_1.3.0/stm32cubeide/plugins/com.st.stm32cube.ide.mcu.externaltools.gnu-tools-for-stm32.7-2018-q2-update.win32_1.0.0.201904181610/tools/bin/../lib/gcc/arm-none-eabi/7.3.1/../../../../arm-none-eabi/lib/thumb/v7-m\libnosys.a
END GROUP
LOAD c:/st/stm32cubeide_1.3.0/stm32cubeide/plugins/com.st.stm32cube.ide.mcu.externaltools.gnu-tools-for-stm32.7-2018-q2-update.win32_1.0.0.201904181610/tools/bin/../lib/gcc/arm-none-eabi/7.3.1/thumb/v7-m/crtend.o
LOAD c:/st/stm32cubeide_1.3.0/stm32cubeide/plugins/com.st.stm32cube.ide.mcu.externaltools.gnu-tools-for-stm32.7-2018-q2-update.win32_1.0.0.201904181610/tools/bin/../lib/gcc/arm-none-eabi/7.3.1/thumb/v7-m/crtn.o
                0x0000000020005000                _estack = (ORIGIN (RAM) + LENGTH (RAM))
                0x0000000000000200                _Min_Heap_Size = 0x200
                0x0000000000000400                _Min_Stack_Size = 0x400

.isr_vector     0x0000000008000000      0x130
                0x0000000008000000                . = ALIGN (0x4)
 *(.isr_vector)
 .isr_vector    0x0000000008000000      0x130 Startup/startup_stm32f103rbtx.o
                0x0000000008000000                g_pfnVectors
                0x0000000008000130                . = ALIGN (0x4)

.text           0x0000000008000130     0x1960
                0x0000000008000130                . = ALIGN (0x4)
 *(.text)
 .text          0x0000000008000130       0x40 c:/st/stm32cubeide_1.3.0/stm32cubeide/plugins/com.st.stm32cube.ide.mcu.externaltools.gnu-tools-for-stm32.7-2018-q2-update.win32_1.0.0.201904181610/tools/bin/../lib/gcc/arm-none-eabi/7.3.1/thumb/v7-m/crtbegin.o
 .text          0x0000000008000170       0x10 c:/st/stm32cubeide_1.3.0/stm32cubeide/plugins/com.st.stm32cube.ide.mcu.externaltools.gnu-tools-for-stm32.7-2018-q2-update.win32_1.0.0.201904181610/tools/bin/../lib/gcc/arm-none-eabi/7.3.1/../../../../arm-none-eabi/lib/thumb/v7-m\libc_nano.a(lib_a-strlen.o)
                0x0000000008000170                strlen
 *(.text*)
 .text.init_MCO
                0x0000000008000180       0x5c Src/clock.o
                0x0000000008000180                init_MCO
 .text.setImagePath
                0x00000000080001dc       0x2c Src/esp8266_Firbase.o
                0x00000000080001dc                setImagePath
 .text.alert_Handler
                0x0000000008000208       0x2c Src/esp8266_Firbase.o
                0x0000000008000208                alert_Handler
 .text.recordAlert
                0x0000000008000234       0xc8 Src/esp8266_Firbase.o
                0x0000000008000234                recordAlert
 .text.setClientMode
                0x00000000080002fc       0x74 Src/esp8266_Firbase.o
                0x00000000080002fc                setClientMode
 .text.joinAccessPoint
                0x0000000008000370       0x98 Src/esp8266_Firbase.o
                0x0000000008000370                joinAccessPoint
 .text.connectFirebaseHost
                0x0000000008000408      0x124 Src/esp8266_Firbase.o
                0x0000000008000408                connectFirebaseHost
 .text.createPostMsg
                0x000000000800052c       0x88 Src/esp8266_Firbase.o
                0x000000000800052c                createPostMsg
 .text.sendRequest
                0x00000000080005b4      0x128 Src/esp8266_Firbase.o
                0x00000000080005b4                sendRequest
 .text.readResponse
                0x00000000080006dc       0x58 Src/esp8266_Firbase.o
                0x00000000080006dc                readResponse
 .text.closeCunnection
                0x0000000008000734       0x74 Src/esp8266_Firbase.o
                0x0000000008000734                closeCunnection
 .text.add_event
                0x00000000080007a8       0x48 Src/event_queue.o
                0x00000000080007a8                add_event
 .text.queue_isFull
                0x00000000080007f0       0x3c Src/event_queue.o
                0x00000000080007f0                queue_isFull
 .text.EXTI15_10_IRQHandler
                0x000000000800082c       0x2c Src/gpio_signal.o
                0x000000000800082c                EXTI15_10_IRQHandler
 .text.interrupt_handler
                0x0000000008000858       0x44 Src/gpio_signal.o
                0x0000000008000858                interrupt_handler
 .text.EXTI4_IRQHandler
                0x000000000800089c       0x24 Src/hc-sr501pir_sensor.o
                0x000000000800089c                EXTI4_IRQHandler
 .text.init_i2c1
                0x00000000080008c0       0xa0 Src/i2c.o
                0x00000000080008c0                init_i2c1
 .text.I2C1_Read1Byte
                0x0000000008000960       0xe8 Src/i2c.o
                0x0000000008000960                I2C1_Read1Byte
 .text.main     0x0000000008000a48       0x4c Src/main.o
                0x0000000008000a48                main
 .text._sbrk    0x0000000008000a94       0x58 Src/sysmem.o
                0x0000000008000a94                _sbrk
 .text.__NVIC_SetPriorityGrouping
                0x0000000008000aec       0x48 Src/timers.o
 .text.__NVIC_EnableIRQ
                0x0000000008000b34       0x38 Src/timers.o
 .text.__NVIC_SetPriority
                0x0000000008000b6c       0x54 Src/timers.o
 .text.init_timer2
                0x0000000008000bc0       0x8c Src/timers.o
                0x0000000008000bc0                init_timer2
 .text.enable_timer2
                0x0000000008000c4c       0x1c Src/timers.o
                0x0000000008000c4c                enable_timer2
 .text.enable_timer4
                0x0000000008000c68       0x1c Src/timers.o
                0x0000000008000c68                enable_timer4
 .text.disable_timer2
                0x0000000008000c84       0x1c Src/timers.o
                0x0000000008000c84                disable_timer2
 .text.disable_timer4
                0x0000000008000ca0       0x1c Src/timers.o
                0x0000000008000ca0                disable_timer4
 .text.delay_with_timer2
                0x0000000008000cbc       0x44 Src/timers.o
                0x0000000008000cbc                delay_with_timer2
 .text.timeout_with_timer4
                0x0000000008000d00       0x48 Src/timers.o
                0x0000000008000d00                timeout_with_timer4
 .text.TIM2_IRQHandler
                0x0000000008000d48       0x54 Src/timers.o
                0x0000000008000d48                TIM2_IRQHandler
 .text.TIM3_IRQHandler
                0x0000000008000d9c       0x50 Src/timers.o
                0x0000000008000d9c                TIM3_IRQHandler
 .text.TIM4_IRQHandler
                0x0000000008000dec       0x50 Src/timers.o
                0x0000000008000dec                TIM4_IRQHandler
 .text.init_usart2
                0x0000000008000e3c       0x68 Src/usart.o
                0x0000000008000e3c                init_usart2
 .text.set_usart2_buffer_Tx
                0x0000000008000ea4       0x40 Src/usart.o
                0x0000000008000ea4                set_usart2_buffer_Tx
 .text.write_usart2
                0x0000000008000ee4       0x78 Src/usart.o
                0x0000000008000ee4                write_usart2
 .text.write_usart1
                0x0000000008000f5c       0x78 Src/usart.o
                0x0000000008000f5c                write_usart1
 .text.set_usart1_buffer_Tx
                0x0000000008000fd4       0x40 Src/usart.o
                0x0000000008000fd4                set_usart1_buffer_Tx
 .text.set_usart1_buffer_Rx
                0x0000000008001014       0x2c Src/usart.o
                0x0000000008001014                set_usart1_buffer_Rx
 .text.search_usart1_buffer_Rx
                0x0000000008001040       0x8c Src/usart.o
                0x0000000008001040                search_usart1_buffer_Rx
 .text.USART1_IRQHandler
                0x00000000080010cc       0x8c Src/usart.o
                0x00000000080010cc                USART1_IRQHandler
 .text.Reset_Handler
                0x0000000008001158       0x50 Startup/startup_stm32f103rbtx.o
                0x0000000008001158                Reset_Handler
 .text.Default_Handler
                0x00000000080011a8        0x2 Startup/startup_stm32f103rbtx.o
                0x00000000080011a8                EXTI2_IRQHandler
                0x00000000080011a8                TIM8_TRG_COM_IRQHandler
                0x00000000080011a8                TIM8_CC_IRQHandler
                0x00000000080011a8                DebugMon_Handler
                0x00000000080011a8                TIM1_CC_IRQHandler
                0x00000000080011a8                HardFault_Handler
                0x00000000080011a8                TIM6_IRQHandler
                0x00000000080011a8                SysTick_Handler
                0x00000000080011a8                PVD_IRQHandler
                0x00000000080011a8                SDIO_IRQHandler
                0x00000000080011a8                PendSV_Handler
                0x00000000080011a8                NMI_Handler
                0x00000000080011a8                EXTI3_IRQHandler
                0x00000000080011a8                USB_HP_CAN_TX_IRQHandler
                0x00000000080011a8                EXTI0_IRQHandler
                0x00000000080011a8                I2C2_EV_IRQHandler
                0x00000000080011a8                UsageFault_Handler
                0x00000000080011a8                ADC1_2_IRQHandler
                0x00000000080011a8                SPI1_IRQHandler
                0x00000000080011a8                CAN_SCE_IRQHandler
                0x00000000080011a8                TAMPER_IRQHandler
                0x00000000080011a8                TIM8_UP_IRQHandler
                0x00000000080011a8                DMA2_Channel2_IRQHandler
                0x00000000080011a8                DMA1_Channel4_IRQHandler
                0x00000000080011a8                USART3_IRQHandler
                0x00000000080011a8                RTC_IRQHandler
                0x00000000080011a8                DMA1_Channel7_IRQHandler
                0x00000000080011a8                UART5_IRQHandler
                0x00000000080011a8                ADC3_IRQHandler
                0x00000000080011a8                CAN_RX1_IRQHandler
                0x00000000080011a8                DMA2_Channel1_IRQHandler
                0x00000000080011a8                I2C1_EV_IRQHandler
                0x00000000080011a8                DMA1_Channel6_IRQHandler
                0x00000000080011a8                UART4_IRQHandler
                0x00000000080011a8                RCC_IRQHandler
                0x00000000080011a8                TIM1_TRG_COM_IRQHandler
                0x00000000080011a8                DMA1_Channel1_IRQHandler
                0x00000000080011a8                Default_Handler
                0x00000000080011a8                TIM7_IRQHandler
                0x00000000080011a8                TIM5_IRQHandler
                0x00000000080011a8                EXTI9_5_IRQHandler
                0x00000000080011a8                SPI2_IRQHandler
                0x00000000080011a8                USB_LP_CAN_RX0_IRQHandler
                0x00000000080011a8                MemManage_Handler
                0x00000000080011a8                SVC_Handler
                0x00000000080011a8                DMA1_Channel5_IRQHandler
                0x00000000080011a8                DMA1_Channel3_IRQHandler
                0x00000000080011a8                FSMC_IRQHandler
                0x00000000080011a8                TIM1_UP_IRQHandler
                0x00000000080011a8                WWDG_IRQHandler
                0x00000000080011a8                TIM1_BRK_IRQHandler
                0x00000000080011a8                EXTI1_IRQHandler
                0x00000000080011a8                RTCAlarm_IRQHandler
                0x00000000080011a8                DMA2_Channel4_5_IRQHandler
                0x00000000080011a8                USART2_IRQHandler
                0x00000000080011a8                I2C2_ER_IRQHandler
                0x00000000080011a8                DMA1_Channel2_IRQHandler
                0x00000000080011a8                TIM8_BRK_IRQHandler
                0x00000000080011a8                FLASH_IRQHandler
                0x00000000080011a8                BusFault_Handler
                0x00000000080011a8                SPI3_IRQHandler
                0x00000000080011a8                I2C1_ER_IRQHandler
                0x00000000080011a8                DMA2_Channel3_IRQHandler
 *fill*         0x00000000080011aa        0x2 
 .text.__errno  0x00000000080011ac        0xc c:/st/stm32cubeide_1.3.0/stm32cubeide/plugins/com.st.stm32cube.ide.mcu.externaltools.gnu-tools-for-stm32.7-2018-q2-update.win32_1.0.0.201904181610/tools/bin/../lib/gcc/arm-none-eabi/7.3.1/../../../../arm-none-eabi/lib/thumb/v7-m\libc_nano.a(lib_a-errno.o)
                0x00000000080011ac                __errno
 .text.__libc_init_array
                0x00000000080011b8       0x48 c:/st/stm32cubeide_1.3.0/stm32cubeide/plugins/com.st.stm32cube.ide.mcu.externaltools.gnu-tools-for-stm32.7-2018-q2-update.win32_1.0.0.201904181610/tools/bin/../lib/gcc/arm-none-eabi/7.3.1/../../../../arm-none-eabi/lib/thumb/v7-m\libc_nano.a(lib_a-init.o)
                0x00000000080011b8                __libc_init_array
 .text.memset   0x0000000008001200       0x10 c:/st/stm32cubeide_1.3.0/stm32cubeide/plugins/com.st.stm32cube.ide.mcu.externaltools.gnu-tools-for-stm32.7-2018-q2-update.win32_1.0.0.201904181610/tools/bin/../lib/gcc/arm-none-eabi/7.3.1/../../../../arm-none-eabi/lib/thumb/v7-m\libc_nano.a(lib_a-memset.o)
                0x0000000008001200                memset
 .text.sprintf  0x0000000008001210       0x40 c:/st/stm32cubeide_1.3.0/stm32cubeide/plugins/com.st.stm32cube.ide.mcu.externaltools.gnu-tools-for-stm32.7-2018-q2-update.win32_1.0.0.201904181610/tools/bin/../lib/gcc/arm-none-eabi/7.3.1/../../../../arm-none-eabi/lib/thumb/v7-m\libc_nano.a(lib_a-sprintf.o)
                0x0000000008001210                siprintf
                0x0000000008001210                sprintf
 .text.strcpy   0x0000000008001250       0x10 c:/st/stm32cubeide_1.3.0/stm32cubeide/plugins/com.st.stm32cube.ide.mcu.externaltools.gnu-tools-for-stm32.7-2018-q2-update.win32_1.0.0.201904181610/tools/bin/../lib/gcc/arm-none-eabi/7.3.1/../../../../arm-none-eabi/lib/thumb/v7-m\libc_nano.a(lib_a-strcpy.o)
                0x0000000008001250                strcpy
 .text.strstr   0x0000000008001260       0x34 c:/st/stm32cubeide_1.3.0/stm32cubeide/plugins/com.st.stm32cube.ide.mcu.externaltools.gnu-tools-for-stm32.7-2018-q2-update.win32_1.0.0.201904181610/tools/bin/../lib/gcc/arm-none-eabi/7.3.1/../../../../arm-none-eabi/lib/thumb/v7-m\libc_nano.a(lib_a-strstr.o)
                0x0000000008001260                strstr
 .text.__ssputs_r
                0x0000000008001294       0xb4 c:/st/stm32cubeide_1.3.0/stm32cubeide/plugins/com.st.stm32cube.ide.mcu.externaltools.gnu-tools-for-stm32.7-2018-q2-update.win32_1.0.0.201904181610/tools/bin/../lib/gcc/arm-none-eabi/7.3.1/../../../../arm-none-eabi/lib/thumb/v7-m\libc_nano.a(lib_a-nano-svfprintf.o)
                0x0000000008001294                __ssputs_r
 .text._svfprintf_r
                0x0000000008001348      0x1f0 c:/st/stm32cubeide_1.3.0/stm32cubeide/plugins/com.st.stm32cube.ide.mcu.externaltools.gnu-tools-for-stm32.7-2018-q2-update.win32_1.0.0.201904181610/tools/bin/../lib/gcc/arm-none-eabi/7.3.1/../../../../arm-none-eabi/lib/thumb/v7-m\libc_nano.a(lib_a-nano-svfprintf.o)
                0x0000000008001348                _svfiprintf_r
                0x0000000008001348                _svfprintf_r
 .text._printf_common
                0x0000000008001538       0xec c:/st/stm32cubeide_1.3.0/stm32cubeide/plugins/com.st.stm32cube.ide.mcu.externaltools.gnu-tools-for-stm32.7-2018-q2-update.win32_1.0.0.201904181610/tools/bin/../lib/gcc/arm-none-eabi/7.3.1/../../../../arm-none-eabi/lib/thumb/v7-m\libc_nano.a(lib_a-nano-vfprintf_i.o)
                0x0000000008001538                _printf_common
 .text._printf_i
                0x0000000008001624      0x224 c:/st/stm32cubeide_1.3.0/stm32cubeide/plugins/com.st.stm32cube.ide.mcu.externaltools.gnu-tools-for-stm32.7-2018-q2-update.win32_1.0.0.201904181610/tools/bin/../lib/gcc/arm-none-eabi/7.3.1/../../../../arm-none-eabi/lib/thumb/v7-m\libc_nano.a(lib_a-nano-vfprintf_i.o)
                0x0000000008001624                _printf_i
 .text.memchr   0x0000000008001848       0x1c c:/st/stm32cubeide_1.3.0/stm32cubeide/plugins/com.st.stm32cube.ide.mcu.externaltools.gnu-tools-for-stm32.7-2018-q2-update.win32_1.0.0.201904181610/tools/bin/../lib/gcc/arm-none-eabi/7.3.1/../../../../arm-none-eabi/lib/thumb/v7-m\libc_nano.a(lib_a-memchr-stub.o)
                0x0000000008001848                memchr
 .text.memcpy   0x0000000008001864       0x16 c:/st/stm32cubeide_1.3.0/stm32cubeide/plugins/com.st.stm32cube.ide.mcu.externaltools.gnu-tools-for-stm32.7-2018-q2-update.win32_1.0.0.201904181610/tools/bin/../lib/gcc/arm-none-eabi/7.3.1/../../../../arm-none-eabi/lib/thumb/v7-m\libc_nano.a(lib_a-memcpy-stub.o)
                0x0000000008001864                memcpy
 .text.memmove  0x000000000800187a       0x32 c:/st/stm32cubeide_1.3.0/stm32cubeide/plugins/com.st.stm32cube.ide.mcu.externaltools.gnu-tools-for-stm32.7-2018-q2-update.win32_1.0.0.201904181610/tools/bin/../lib/gcc/arm-none-eabi/7.3.1/../../../../arm-none-eabi/lib/thumb/v7-m\libc_nano.a(lib_a-memmove.o)
                0x000000000800187a                memmove
 .text._free_r  0x00000000080018ac       0x98 c:/st/stm32cubeide_1.3.0/stm32cubeide/plugins/com.st.stm32cube.ide.mcu.externaltools.gnu-tools-for-stm32.7-2018-q2-update.win32_1.0.0.201904181610/tools/bin/../lib/gcc/arm-none-eabi/7.3.1/../../../../arm-none-eabi/lib/thumb/v7-m\libc_nano.a(lib_a-nano-freer.o)
                0x00000000080018ac                _free_r
 .text._malloc_r
                0x0000000008001944       0xb4 c:/st/stm32cubeide_1.3.0/stm32cubeide/plugins/com.st.stm32cube.ide.mcu.externaltools.gnu-tools-for-stm32.7-2018-q2-update.win32_1.0.0.201904181610/tools/bin/../lib/gcc/arm-none-eabi/7.3.1/../../../../arm-none-eabi/lib/thumb/v7-m\libc_nano.a(lib_a-nano-mallocr.o)
                0x0000000008001944                _malloc_r
 .text._realloc_r
                0x00000000080019f8       0x4c c:/st/stm32cubeide_1.3.0/stm32cubeide/plugins/com.st.stm32cube.ide.mcu.externaltools.gnu-tools-for-stm32.7-2018-q2-update.win32_1.0.0.201904181610/tools/bin/../lib/gcc/arm-none-eabi/7.3.1/../../../../arm-none-eabi/lib/thumb/v7-m\libc_nano.a(lib_a-nano-reallocr.o)
                0x00000000080019f8                _realloc_r
 .text._sbrk_r  0x0000000008001a44       0x20 c:/st/stm32cubeide_1.3.0/stm32cubeide/plugins/com.st.stm32cube.ide.mcu.externaltools.gnu-tools-for-stm32.7-2018-q2-update.win32_1.0.0.201904181610/tools/bin/../lib/gcc/arm-none-eabi/7.3.1/../../../../arm-none-eabi/lib/thumb/v7-m\libc_nano.a(lib_a-sbrkr.o)
                0x0000000008001a44                _sbrk_r
 .text.__malloc_lock
                0x0000000008001a64        0x2 c:/st/stm32cubeide_1.3.0/stm32cubeide/plugins/com.st.stm32cube.ide.mcu.externaltools.gnu-tools-for-stm32.7-2018-q2-update.win32_1.0.0.201904181610/tools/bin/../lib/gcc/arm-none-eabi/7.3.1/../../../../arm-none-eabi/lib/thumb/v7-m\libc_nano.a(lib_a-mlock.o)
                0x0000000008001a64                __malloc_lock
 .text.__malloc_unlock
                0x0000000008001a66        0x2 c:/st/stm32cubeide_1.3.0/stm32cubeide/plugins/com.st.stm32cube.ide.mcu.externaltools.gnu-tools-for-stm32.7-2018-q2-update.win32_1.0.0.201904181610/tools/bin/../lib/gcc/arm-none-eabi/7.3.1/../../../../arm-none-eabi/lib/thumb/v7-m\libc_nano.a(lib_a-mlock.o)
                0x0000000008001a66                __malloc_unlock
 .text._malloc_usable_size_r
                0x0000000008001a68       0x10 c:/st/stm32cubeide_1.3.0/stm32cubeide/plugins/com.st.stm32cube.ide.mcu.externaltools.gnu-tools-for-stm32.7-2018-q2-update.win32_1.0.0.201904181610/tools/bin/../lib/gcc/arm-none-eabi/7.3.1/../../../../arm-none-eabi/lib/thumb/v7-m\libc_nano.a(lib_a-nano-msizer.o)
                0x0000000008001a68                _malloc_usable_size_r
 *(.glue_7)
 .glue_7        0x0000000008001a78        0x0 linker stubs
 *(.glue_7t)
 .glue_7t       0x0000000008001a78        0x0 linker stubs
 *(.eh_frame)
 .eh_frame      0x0000000008001a78        0x0 c:/st/stm32cubeide_1.3.0/stm32cubeide/plugins/com.st.stm32cube.ide.mcu.externaltools.gnu-tools-for-stm32.7-2018-q2-update.win32_1.0.0.201904181610/tools/bin/../lib/gcc/arm-none-eabi/7.3.1/thumb/v7-m/crtbegin.o
 *(.init)
 .init          0x0000000008001a78        0x4 c:/st/stm32cubeide_1.3.0/stm32cubeide/plugins/com.st.stm32cube.ide.mcu.externaltools.gnu-tools-for-stm32.7-2018-q2-update.win32_1.0.0.201904181610/tools/bin/../lib/gcc/arm-none-eabi/7.3.1/thumb/v7-m/crti.o
                0x0000000008001a78                _init
 .init          0x0000000008001a7c        0x8 c:/st/stm32cubeide_1.3.0/stm32cubeide/plugins/com.st.stm32cube.ide.mcu.externaltools.gnu-tools-for-stm32.7-2018-q2-update.win32_1.0.0.201904181610/tools/bin/../lib/gcc/arm-none-eabi/7.3.1/thumb/v7-m/crtn.o
 *(.fini)
 .fini          0x0000000008001a84        0x4 c:/st/stm32cubeide_1.3.0/stm32cubeide/plugins/com.st.stm32cube.ide.mcu.externaltools.gnu-tools-for-stm32.7-2018-q2-update.win32_1.0.0.201904181610/tools/bin/../lib/gcc/arm-none-eabi/7.3.1/thumb/v7-m/crti.o
                0x0000000008001a84                _fini
 .fini          0x0000000008001a88        0x8 c:/st/stm32cubeide_1.3.0/stm32cubeide/plugins/com.st.stm32cube.ide.mcu.externaltools.gnu-tools-for-stm32.7-2018-q2-update.win32_1.0.0.201904181610/tools/bin/../lib/gcc/arm-none-eabi/7.3.1/thumb/v7-m/crtn.o
                0x0000000008001a90                . = ALIGN (0x4)
                0x0000000008001a90                _etext = .

.vfp11_veneer   0x0000000008001a90        0x0
 .vfp11_veneer  0x0000000008001a90        0x0 linker stubs

.v4_bx          0x0000000008001a90        0x0
 .v4_bx         0x0000000008001a90        0x0 linker stubs

.iplt           0x0000000008001a90        0x0
 .iplt          0x0000000008001a90        0x0 c:/st/stm32cubeide_1.3.0/stm32cubeide/plugins/com.st.stm32cube.ide.mcu.externaltools.gnu-tools-for-stm32.7-2018-q2-update.win32_1.0.0.201904181610/tools/bin/../lib/gcc/arm-none-eabi/7.3.1/thumb/v7-m/crtbegin.o

.rodata         0x0000000008001a90      0x300
                0x0000000008001a90                . = ALIGN (0x4)
 *(.rodata)
 .rodata        0x0000000008001a90      0x278 Src/esp8266_Firbase.o
 .rodata        0x0000000008001d08       0x3c Src/main.o
 .rodata        0x0000000008001d44       0x18 Src/usart.o
 *(.rodata*)
 .rodata._svfprintf_r.str1.1
                0x0000000008001d5c       0x11 c:/st/stm32cubeide_1.3.0/stm32cubeide/plugins/com.st.stm32cube.ide.mcu.externaltools.gnu-tools-for-stm32.7-2018-q2-update.win32_1.0.0.201904181610/tools/bin/../lib/gcc/arm-none-eabi/7.3.1/../../../../arm-none-eabi/lib/thumb/v7-m\libc_nano.a(lib_a-nano-svfprintf.o)
 .rodata._printf_i.str1.1
                0x0000000008001d6d       0x22 c:/st/stm32cubeide_1.3.0/stm32cubeide/plugins/com.st.stm32cube.ide.mcu.externaltools.gnu-tools-for-stm32.7-2018-q2-update.win32_1.0.0.201904181610/tools/bin/../lib/gcc/arm-none-eabi/7.3.1/../../../../arm-none-eabi/lib/thumb/v7-m\libc_nano.a(lib_a-nano-vfprintf_i.o)
                0x0000000008001d90                . = ALIGN (0x4)
 *fill*         0x0000000008001d8f        0x1 

.rel.dyn        0x0000000008001d90        0x0
 .rel.iplt      0x0000000008001d90        0x0 c:/st/stm32cubeide_1.3.0/stm32cubeide/plugins/com.st.stm32cube.ide.mcu.externaltools.gnu-tools-for-stm32.7-2018-q2-update.win32_1.0.0.201904181610/tools/bin/../lib/gcc/arm-none-eabi/7.3.1/thumb/v7-m/crtbegin.o

.ARM.extab      0x0000000008001d90        0x0
                0x0000000008001d90                . = ALIGN (0x4)
 *(.ARM.extab* .gnu.linkonce.armextab.*)
                0x0000000008001d90                . = ALIGN (0x4)

.ARM            0x0000000008001d90        0x0
                0x0000000008001d90                . = ALIGN (0x4)
                0x0000000008001d90                __exidx_start = .
 *(.ARM.exidx*)
                0x0000000008001d90                __exidx_end = .
                0x0000000008001d90                . = ALIGN (0x4)

.preinit_array  0x0000000008001d90        0x0
                0x0000000008001d90                . = ALIGN (0x4)
                0x0000000008001d90                PROVIDE (__preinit_array_start = .)
 *(.preinit_array*)
                0x0000000008001d90                PROVIDE (__preinit_array_end = .)
                0x0000000008001d90                . = ALIGN (0x4)

.init_array     0x0000000008001d90        0x4
                0x0000000008001d90                . = ALIGN (0x4)
                0x0000000008001d90                PROVIDE (__init_array_start = .)
 *(SORT_BY_NAME(.init_array.*))
 *(.init_array*)
 .init_array    0x0000000008001d90        0x4 c:/st/stm32cubeide_1.3.0/stm32cubeide/plugins/com.st.stm32cube.ide.mcu.externaltools.gnu-tools-for-stm32.7-2018-q2-update.win32_1.0.0.201904181610/tools/bin/../lib/gcc/arm-none-eabi/7.3.1/thumb/v7-m/crtbegin.o
                0x0000000008001d94                PROVIDE (__init_array_end = .)
                0x0000000008001d94                . = ALIGN (0x4)

.fini_array     0x0000000008001d94        0x4
                0x0000000008001d94                . = ALIGN (0x4)
                [!provide]                        PROVIDE (__fini_array_start = .)
 *(SORT_BY_NAME(.fini_array.*))
 *(.fini_array*)
 .fini_array    0x0000000008001d94        0x4 c:/st/stm32cubeide_1.3.0/stm32cubeide/plugins/com.st.stm32cube.ide.mcu.externaltools.gnu-tools-for-stm32.7-2018-q2-update.win32_1.0.0.201904181610/tools/bin/../lib/gcc/arm-none-eabi/7.3.1/thumb/v7-m/crtbegin.o
                [!provide]                        PROVIDE (__fini_array_end = .)
                0x0000000008001d98                . = ALIGN (0x4)
                0x0000000008001d98                _sidata = LOADADDR (.data)

.data           0x0000000020000000       0xd4 load address 0x0000000008001d98
                0x0000000020000000                . = ALIGN (0x4)
                0x0000000020000000                _sdata = .
 *(.data)
 *(.data*)
 .data.firebase_host
                0x0000000020000000       0x29 Src/esp8266_Firbase.o
 *fill*         0x0000000020000029        0x3 
 .data.https_port
                0x000000002000002c        0x4 Src/esp8266_Firbase.o
 .data.firebase_auth_key
                0x0000000020000030       0x29 Src/esp8266_Firbase.o
 *fill*         0x0000000020000059        0x3 
 .data.device_id
                0x000000002000005c       0x10 Src/esp8266_Firbase.o
 .data.found    0x000000002000006c        0x1 Src/esp8266_Firbase.o
 *fill*         0x000000002000006d        0x3 
 .data._impure_ptr
                0x0000000020000070        0x4 c:/st/stm32cubeide_1.3.0/stm32cubeide/plugins/com.st.stm32cube.ide.mcu.externaltools.gnu-tools-for-stm32.7-2018-q2-update.win32_1.0.0.201904181610/tools/bin/../lib/gcc/arm-none-eabi/7.3.1/../../../../arm-none-eabi/lib/thumb/v7-m\libc_nano.a(lib_a-impure.o)
                0x0000000020000070                _impure_ptr
 .data.impure_data
                0x0000000020000074       0x60 c:/st/stm32cubeide_1.3.0/stm32cubeide/plugins/com.st.stm32cube.ide.mcu.externaltools.gnu-tools-for-stm32.7-2018-q2-update.win32_1.0.0.201904181610/tools/bin/../lib/gcc/arm-none-eabi/7.3.1/../../../../arm-none-eabi/lib/thumb/v7-m\libc_nano.a(lib_a-impure.o)
                0x00000000200000d4                . = ALIGN (0x4)
                0x00000000200000d4                _edata = .

.igot.plt       0x00000000200000d4        0x0 load address 0x0000000008001e6c
 .igot.plt      0x00000000200000d4        0x0 c:/st/stm32cubeide_1.3.0/stm32cubeide/plugins/com.st.stm32cube.ide.mcu.externaltools.gnu-tools-for-stm32.7-2018-q2-update.win32_1.0.0.201904181610/tools/bin/../lib/gcc/arm-none-eabi/7.3.1/thumb/v7-m/crtbegin.o
                0x00000000200000d4                . = ALIGN (0x4)

.bss            0x00000000200000d4      0xab4 load address 0x0000000008001e6c
                0x00000000200000d4                _sbss = .
                0x00000000200000d4                __bss_start__ = _sbss
 *(.bss)
 .bss           0x00000000200000d4       0x1c c:/st/stm32cubeide_1.3.0/stm32cubeide/plugins/com.st.stm32cube.ide.mcu.externaltools.gnu-tools-for-stm32.7-2018-q2-update.win32_1.0.0.201904181610/tools/bin/../lib/gcc/arm-none-eabi/7.3.1/thumb/v7-m/crtbegin.o
 *(.bss*)
 .bss.command   0x00000000200000f0      0x100 Src/esp8266_Firbase.o
 .bss.http      0x00000000200001f0      0x200 Src/esp8266_Firbase.o
 .bss.http_len  0x00000000200003f0        0x4 Src/esp8266_Firbase.o
 .bss.content   0x00000000200003f4       0x80 Src/esp8266_Firbase.o
 .bss.content_len
                0x0000000020000474        0x4 Src/esp8266_Firbase.o
 .bss.image_path
                0x0000000020000478       0x80 Src/esp8266_Firbase.o
 .bss.queue     0x00000000200004f8       0x34 Src/event_queue.o
 .bss.temp      0x000000002000052c        0x4 Src/i2c.o
 .bss.byte1_buff
                0x0000000020000530        0x1 Src/i2c.o
 *fill*         0x0000000020000531        0x3 
 .bss.heap_end.5149
                0x0000000020000534        0x4 Src/sysmem.o
 .bss.timer2    0x0000000020000538        0xc Src/timers.o
 .bss.timer3    0x0000000020000544        0xc Src/timers.o
 .bss.timer4    0x0000000020000550        0xc Src/timers.o
 .bss.usart2    0x000000002000055c      0x208 Src/usart.o
 .bss.usart1    0x0000000020000764      0x410 Src/usart.o
 .bss.c         0x0000000020000b74        0x1 Src/usart.o
 *fill*         0x0000000020000b75        0x3 
 .bss.__malloc_free_list
                0x0000000020000b78        0x4 c:/st/stm32cubeide_1.3.0/stm32cubeide/plugins/com.st.stm32cube.ide.mcu.externaltools.gnu-tools-for-stm32.7-2018-q2-update.win32_1.0.0.201904181610/tools/bin/../lib/gcc/arm-none-eabi/7.3.1/../../../../arm-none-eabi/lib/thumb/v7-m\libc_nano.a(lib_a-nano-mallocr.o)
                0x0000000020000b78                __malloc_free_list
 .bss.__malloc_sbrk_start
                0x0000000020000b7c        0x4 c:/st/stm32cubeide_1.3.0/stm32cubeide/plugins/com.st.stm32cube.ide.mcu.externaltools.gnu-tools-for-stm32.7-2018-q2-update.win32_1.0.0.201904181610/tools/bin/../lib/gcc/arm-none-eabi/7.3.1/../../../../arm-none-eabi/lib/thumb/v7-m\libc_nano.a(lib_a-nano-mallocr.o)
                0x0000000020000b7c                __malloc_sbrk_start
 *(COMMON)
 COMMON         0x0000000020000b80        0x1 Src/gpio_signal.o
                0x0000000020000b80                state
 *fill*         0x0000000020000b81        0x3 
 COMMON         0x0000000020000b84        0x4 c:/st/stm32cubeide_1.3.0/stm32cubeide/plugins/com.st.stm32cube.ide.mcu.externaltools.gnu-tools-for-stm32.7-2018-q2-update.win32_1.0.0.201904181610/tools/bin/../lib/gcc/arm-none-eabi/7.3.1/../../../../arm-none-eabi/lib/thumb/v7-m\libc_nano.a(lib_a-reent.o)
                0x0000000020000b84                errno
                0x0000000020000b88                . = ALIGN (0x4)
                0x0000000020000b88                _ebss = .
                0x0000000020000b88                __bss_end__ = _ebss

._user_heap_stack
                0x0000000020000b88      0x600 load address 0x0000000008001e6c
                0x0000000020000b88                . = ALIGN (0x8)
                0x0000000020000b88                PROVIDE (end = .)
                [!provide]                        PROVIDE (_end = .)
                0x0000000020000d88                . = (. + _Min_Heap_Size)
 *fill*         0x0000000020000b88      0x200 
                0x0000000020001188                . = (. + _Min_Stack_Size)
 *fill*         0x0000000020000d88      0x400 
                0x0000000020001188                . = ALIGN (0x8)

/DISCARD/
 libc.a(*)
 libm.a(*)
 libgcc.a(*)

.ARM.attributes
                0x0000000000000000       0x29
 *(.ARM.attributes)
 .ARM.attributes
                0x0000000000000000       0x1d c:/st/stm32cubeide_1.3.0/stm32cubeide/plugins/com.st.stm32cube.ide.mcu.externaltools.gnu-tools-for-stm32.7-2018-q2-update.win32_1.0.0.201904181610/tools/bin/../lib/gcc/arm-none-eabi/7.3.1/thumb/v7-m/crti.o
 .ARM.attributes
                0x000000000000001d       0x2d c:/st/stm32cubeide_1.3.0/stm32cubeide/plugins/com.st.stm32cube.ide.mcu.externaltools.gnu-tools-for-stm32.7-2018-q2-update.win32_1.0.0.201904181610/tools/bin/../lib/gcc/arm-none-eabi/7.3.1/thumb/v7-m/crtbegin.o
 .ARM.attributes
                0x000000000000004a       0x33 Src/clock.o
 .ARM.attributes
                0x000000000000007d       0x33 Src/esp8266_Firbase.o
 .ARM.attributes
                0x00000000000000b0       0x33 Src/event_queue.o
 .ARM.attributes
                0x00000000000000e3       0x33 Src/gpio_signal.o
 .ARM.attributes
                0x0000000000000116       0x33 Src/hc-sr501pir_sensor.o
 .ARM.attributes
                0x0000000000000149       0x33 Src/i2c.o
 .ARM.attributes
                0x000000000000017c       0x33 Src/main.o
 .ARM.attributes
                0x00000000000001af       0x33 Src/sysmem.o
 .ARM.attributes
                0x00000000000001e2       0x33 Src/timers.o
 .ARM.attributes
                0x0000000000000215       0x33 Src/usart.o
 .ARM.attributes
                0x0000000000000248       0x21 Startup/startup_stm32f103rbtx.o
 .ARM.attributes
                0x0000000000000269       0x2d c:/st/stm32cubeide_1.3.0/stm32cubeide/plugins/com.st.stm32cube.ide.mcu.externaltools.gnu-tools-for-stm32.7-2018-q2-update.win32_1.0.0.201904181610/tools/bin/../lib/gcc/arm-none-eabi/7.3.1/../../../../arm-none-eabi/lib/thumb/v7-m\libc_nano.a(lib_a-errno.o)
 .ARM.attributes
                0x0000000000000296       0x2d c:/st/stm32cubeide_1.3.0/stm32cubeide/plugins/com.st.stm32cube.ide.mcu.externaltools.gnu-tools-for-stm32.7-2018-q2-update.win32_1.0.0.201904181610/tools/bin/../lib/gcc/arm-none-eabi/7.3.1/../../../../arm-none-eabi/lib/thumb/v7-m\libc_nano.a(lib_a-impure.o)
 .ARM.attributes
                0x00000000000002c3       0x2d c:/st/stm32cubeide_1.3.0/stm32cubeide/plugins/com.st.stm32cube.ide.mcu.externaltools.gnu-tools-for-stm32.7-2018-q2-update.win32_1.0.0.201904181610/tools/bin/../lib/gcc/arm-none-eabi/7.3.1/../../../../arm-none-eabi/lib/thumb/v7-m\libc_nano.a(lib_a-init.o)
 .ARM.attributes
                0x00000000000002f0       0x2d c:/st/stm32cubeide_1.3.0/stm32cubeide/plugins/com.st.stm32cube.ide.mcu.externaltools.gnu-tools-for-stm32.7-2018-q2-update.win32_1.0.0.201904181610/tools/bin/../lib/gcc/arm-none-eabi/7.3.1/../../../../arm-none-eabi/lib/thumb/v7-m\libc_nano.a(lib_a-memset.o)
 .ARM.attributes
                0x000000000000031d       0x2d c:/st/stm32cubeide_1.3.0/stm32cubeide/plugins/com.st.stm32cube.ide.mcu.externaltools.gnu-tools-for-stm32.7-2018-q2-update.win32_1.0.0.201904181610/tools/bin/../lib/gcc/arm-none-eabi/7.3.1/../../../../arm-none-eabi/lib/thumb/v7-m\libc_nano.a(lib_a-sprintf.o)
 .ARM.attributes
                0x000000000000034a       0x2d c:/st/stm32cubeide_1.3.0/stm32cubeide/plugins/com.st.stm32cube.ide.mcu.externaltools.gnu-tools-for-stm32.7-2018-q2-update.win32_1.0.0.201904181610/tools/bin/../lib/gcc/arm-none-eabi/7.3.1/../../../../arm-none-eabi/lib/thumb/v7-m\libc_nano.a(lib_a-strcpy.o)
 .ARM.attributes
                0x0000000000000377       0x17 c:/st/stm32cubeide_1.3.0/stm32cubeide/plugins/com.st.stm32cube.ide.mcu.externaltools.gnu-tools-for-stm32.7-2018-q2-update.win32_1.0.0.201904181610/tools/bin/../lib/gcc/arm-none-eabi/7.3.1/../../../../arm-none-eabi/lib/thumb/v7-m\libc_nano.a(lib_a-strlen.o)
 .ARM.attributes
                0x000000000000038e       0x2d c:/st/stm32cubeide_1.3.0/stm32cubeide/plugins/com.st.stm32cube.ide.mcu.externaltools.gnu-tools-for-stm32.7-2018-q2-update.win32_1.0.0.201904181610/tools/bin/../lib/gcc/arm-none-eabi/7.3.1/../../../../arm-none-eabi/lib/thumb/v7-m\libc_nano.a(lib_a-strstr.o)
 .ARM.attributes
                0x00000000000003bb       0x2d c:/st/stm32cubeide_1.3.0/stm32cubeide/plugins/com.st.stm32cube.ide.mcu.externaltools.gnu-tools-for-stm32.7-2018-q2-update.win32_1.0.0.201904181610/tools/bin/../lib/gcc/arm-none-eabi/7.3.1/../../../../arm-none-eabi/lib/thumb/v7-m\libc_nano.a(lib_a-nano-svfprintf.o)
 .ARM.attributes
                0x00000000000003e8       0x2d c:/st/stm32cubeide_1.3.0/stm32cubeide/plugins/com.st.stm32cube.ide.mcu.externaltools.gnu-tools-for-stm32.7-2018-q2-update.win32_1.0.0.201904181610/tools/bin/../lib/gcc/arm-none-eabi/7.3.1/../../../../arm-none-eabi/lib/thumb/v7-m\libc_nano.a(lib_a-nano-vfprintf_i.o)
 .ARM.attributes
                0x0000000000000415       0x2d c:/st/stm32cubeide_1.3.0/stm32cubeide/plugins/com.st.stm32cube.ide.mcu.externaltools.gnu-tools-for-stm32.7-2018-q2-update.win32_1.0.0.201904181610/tools/bin/../lib/gcc/arm-none-eabi/7.3.1/../../../../arm-none-eabi/lib/thumb/v7-m\libc_nano.a(lib_a-memchr-stub.o)
 .ARM.attributes
                0x0000000000000442       0x2d c:/st/stm32cubeide_1.3.0/stm32cubeide/plugins/com.st.stm32cube.ide.mcu.externaltools.gnu-tools-for-stm32.7-2018-q2-update.win32_1.0.0.201904181610/tools/bin/../lib/gcc/arm-none-eabi/7.3.1/../../../../arm-none-eabi/lib/thumb/v7-m\libc_nano.a(lib_a-memcpy-stub.o)
 .ARM.attributes
                0x000000000000046f       0x2d c:/st/stm32cubeide_1.3.0/stm32cubeide/plugins/com.st.stm32cube.ide.mcu.externaltools.gnu-tools-for-stm32.7-2018-q2-update.win32_1.0.0.201904181610/tools/bin/../lib/gcc/arm-none-eabi/7.3.1/../../../../arm-none-eabi/lib/thumb/v7-m\libc_nano.a(lib_a-memmove.o)
 .ARM.attributes
                0x000000000000049c       0x2d c:/st/stm32cubeide_1.3.0/stm32cubeide/plugins/com.st.stm32cube.ide.mcu.externaltools.gnu-tools-for-stm32.7-2018-q2-update.win32_1.0.0.201904181610/tools/bin/../lib/gcc/arm-none-eabi/7.3.1/../../../../arm-none-eabi/lib/thumb/v7-m\libc_nano.a(lib_a-nano-freer.o)
 .ARM.attributes
                0x00000000000004c9       0x2d c:/st/stm32cubeide_1.3.0/stm32cubeide/plugins/com.st.stm32cube.ide.mcu.externaltools.gnu-tools-for-stm32.7-2018-q2-update.win32_1.0.0.201904181610/tools/bin/../lib/gcc/arm-none-eabi/7.3.1/../../../../arm-none-eabi/lib/thumb/v7-m\libc_nano.a(lib_a-nano-mallocr.o)
 .ARM.attributes
                0x00000000000004f6       0x2d c:/st/stm32cubeide_1.3.0/stm32cubeide/plugins/com.st.stm32cube.ide.mcu.externaltools.gnu-tools-for-stm32.7-2018-q2-update.win32_1.0.0.201904181610/tools/bin/../lib/gcc/arm-none-eabi/7.3.1/../../../../arm-none-eabi/lib/thumb/v7-m\libc_nano.a(lib_a-nano-reallocr.o)
 .ARM.attributes
                0x0000000000000523       0x2d c:/st/stm32cubeide_1.3.0/stm32cubeide/plugins/com.st.stm32cube.ide.mcu.externaltools.gnu-tools-for-stm32.7-2018-q2-update.win32_1.0.0.201904181610/tools/bin/../lib/gcc/arm-none-eabi/7.3.1/../../../../arm-none-eabi/lib/thumb/v7-m\libc_nano.a(lib_a-sbrkr.o)
 .ARM.attributes
                0x0000000000000550       0x2d c:/st/stm32cubeide_1.3.0/stm32cubeide/plugins/com.st.stm32cube.ide.mcu.externaltools.gnu-tools-for-stm32.7-2018-q2-update.win32_1.0.0.201904181610/tools/bin/../lib/gcc/arm-none-eabi/7.3.1/../../../../arm-none-eabi/lib/thumb/v7-m\libc_nano.a(lib_a-mlock.o)
 .ARM.attributes
                0x000000000000057d       0x2d c:/st/stm32cubeide_1.3.0/stm32cubeide/plugins/com.st.stm32cube.ide.mcu.externaltools.gnu-tools-for-stm32.7-2018-q2-update.win32_1.0.0.201904181610/tools/bin/../lib/gcc/arm-none-eabi/7.3.1/../../../../arm-none-eabi/lib/thumb/v7-m\libc_nano.a(lib_a-nano-msizer.o)
 .ARM.attributes
                0x00000000000005aa       0x2d c:/st/stm32cubeide_1.3.0/stm32cubeide/plugins/com.st.stm32cube.ide.mcu.externaltools.gnu-tools-for-stm32.7-2018-q2-update.win32_1.0.0.201904181610/tools/bin/../lib/gcc/arm-none-eabi/7.3.1/../../../../arm-none-eabi/lib/thumb/v7-m\libc_nano.a(lib_a-reent.o)
 .ARM.attributes
                0x00000000000005d7       0x1d c:/st/stm32cubeide_1.3.0/stm32cubeide/plugins/com.st.stm32cube.ide.mcu.externaltools.gnu-tools-for-stm32.7-2018-q2-update.win32_1.0.0.201904181610/tools/bin/../lib/gcc/arm-none-eabi/7.3.1/thumb/v7-m/crtn.o
OUTPUT(stm32-f103rb-cnss.elf elf32-littlearm)

.debug_info     0x0000000000000000     0x7c24
 .debug_info    0x0000000000000000      0x242 Src/clock.o
 .debug_info    0x0000000000000242      0xd47 Src/esp8266_Firbase.o
 .debug_info    0x0000000000000f89      0xaac Src/event_queue.o
 .debug_info    0x0000000000001a35      0xeb1 Src/gpio_signal.o
 .debug_info    0x00000000000028e6     0x106b Src/hc-sr501pir_sensor.o
 .debug_info    0x0000000000003951      0xbad Src/i2c.o
 .debug_info    0x00000000000044fe      0x976 Src/main.o
 .debug_info    0x0000000000004e74      0x91c Src/sysmem.o
 .debug_info    0x0000000000005790     0x127f Src/timers.o
 .debug_info    0x0000000000006a0f     0x11f3 Src/usart.o
 .debug_info    0x0000000000007c02       0x22 Startup/startup_stm32f103rbtx.o

.debug_abbrev   0x0000000000000000     0x15c9
 .debug_abbrev  0x0000000000000000       0xcc Src/clock.o
 .debug_abbrev  0x00000000000000cc      0x246 Src/esp8266_Firbase.o
 .debug_abbrev  0x0000000000000312      0x225 Src/event_queue.o
 .debug_abbrev  0x0000000000000537      0x29e Src/gpio_signal.o
 .debug_abbrev  0x00000000000007d5      0x27b Src/hc-sr501pir_sensor.o
 .debug_abbrev  0x0000000000000a50      0x222 Src/i2c.o
 .debug_abbrev  0x0000000000000c72      0x1a8 Src/main.o
 .debug_abbrev  0x0000000000000e1a      0x1bb Src/sysmem.o
 .debug_abbrev  0x0000000000000fd5      0x2b2 Src/timers.o
 .debug_abbrev  0x0000000000001287      0x330 Src/usart.o
 .debug_abbrev  0x00000000000015b7       0x12 Startup/startup_stm32f103rbtx.o

.debug_aranges  0x0000000000000000      0x380
 .debug_aranges
                0x0000000000000000       0x28 Src/clock.o
 .debug_aranges
                0x0000000000000028       0x80 Src/esp8266_Firbase.o
 .debug_aranges
                0x00000000000000a8       0x40 Src/event_queue.o
 .debug_aranges
                0x00000000000000e8       0x58 Src/gpio_signal.o
 .debug_aranges
                0x0000000000000140       0x50 Src/hc-sr501pir_sensor.o
 .debug_aranges
                0x0000000000000190       0x50 Src/i2c.o
 .debug_aranges
                0x00000000000001e0       0x20 Src/main.o
 .debug_aranges
                0x0000000000000200       0x20 Src/sysmem.o
 .debug_aranges
                0x0000000000000220       0xc0 Src/timers.o
 .debug_aranges
                0x00000000000002e0       0x78 Src/usart.o
 .debug_aranges
                0x0000000000000358       0x28 Startup/startup_stm32f103rbtx.o

.debug_ranges   0x0000000000000000      0x2d8
 .debug_ranges  0x0000000000000000       0x18 Src/clock.o
 .debug_ranges  0x0000000000000018       0x70 Src/esp8266_Firbase.o
 .debug_ranges  0x0000000000000088       0x30 Src/event_queue.o
 .debug_ranges  0x00000000000000b8       0x48 Src/gpio_signal.o
 .debug_ranges  0x0000000000000100       0x40 Src/hc-sr501pir_sensor.o
 .debug_ranges  0x0000000000000140       0x40 Src/i2c.o
 .debug_ranges  0x0000000000000180       0x10 Src/main.o
 .debug_ranges  0x0000000000000190       0x10 Src/sysmem.o
 .debug_ranges  0x00000000000001a0       0xb0 Src/timers.o
 .debug_ranges  0x0000000000000250       0x68 Src/usart.o
 .debug_ranges  0x00000000000002b8       0x20 Startup/startup_stm32f103rbtx.o

.debug_macro    0x0000000000000000    0x120eb
 .debug_macro   0x0000000000000000       0xad Src/clock.o
 .debug_macro   0x00000000000000ad      0xa66 Src/clock.o
 .debug_macro   0x0000000000000b13       0x22 Src/clock.o
 .debug_macro   0x0000000000000b35       0x22 Src/clock.o
 .debug_macro   0x0000000000000b57       0x8e Src/clock.o
 .debug_macro   0x0000000000000be5       0x51 Src/clock.o
 .debug_macro   0x0000000000000c36       0xef Src/clock.o
 .debug_macro   0x0000000000000d25       0x6a Src/clock.o
 .debug_macro   0x0000000000000d8f      0x1df Src/clock.o
 .debug_macro   0x0000000000000f6e       0x1c Src/clock.o
 .debug_macro   0x0000000000000f8a       0x22 Src/clock.o
 .debug_macro   0x0000000000000fac       0xc3 Src/clock.o
 .debug_macro   0x000000000000106f      0xd23 Src/clock.o
 .debug_macro   0x0000000000001d92     0xe097 Src/clock.o
 .debug_macro   0x000000000000fe29      0x2bd Src/esp8266_Firbase.o
 .debug_macro   0x00000000000100e6       0x46 Src/esp8266_Firbase.o
 .debug_macro   0x000000000001012c       0x16 Src/esp8266_Firbase.o
 .debug_macro   0x0000000000010142       0x18 Src/esp8266_Firbase.o
 .debug_macro   0x000000000001015a       0x46 Src/esp8266_Firbase.o
 .debug_macro   0x00000000000101a0       0x3c Src/esp8266_Firbase.o
 .debug_macro   0x00000000000101dc       0x34 Src/esp8266_Firbase.o
 .debug_macro   0x0000000000010210       0x16 Src/esp8266_Firbase.o
 .debug_macro   0x0000000000010226      0x10e Src/esp8266_Firbase.o
 .debug_macro   0x0000000000010334       0x8d Src/esp8266_Firbase.o
 .debug_macro   0x00000000000103c1       0x52 Src/esp8266_Firbase.o
 .debug_macro   0x0000000000010413       0x1f Src/esp8266_Firbase.o
 .debug_macro   0x0000000000010432       0x43 Src/esp8266_Firbase.o
 .debug_macro   0x0000000000010475       0x20 Src/esp8266_Firbase.o
 .debug_macro   0x0000000000010495      0x1a3 Src/esp8266_Firbase.o
 .debug_macro   0x0000000000010638      0x32a Src/esp8266_Firbase.o
 .debug_macro   0x0000000000010962       0x16 Src/esp8266_Firbase.o
 .debug_macro   0x0000000000010978       0x29 Src/esp8266_Firbase.o
 .debug_macro   0x00000000000109a1       0x10 Src/esp8266_Firbase.o
 .debug_macro   0x00000000000109b1       0x16 Src/esp8266_Firbase.o
 .debug_macro   0x00000000000109c7       0x35 Src/esp8266_Firbase.o
 .debug_macro   0x00000000000109fc       0x20 Src/esp8266_Firbase.o
 .debug_macro   0x0000000000010a1c       0x1c Src/esp8266_Firbase.o
 .debug_macro   0x0000000000010a38       0x10 Src/esp8266_Firbase.o
 .debug_macro   0x0000000000010a48       0x10 Src/esp8266_Firbase.o
 .debug_macro   0x0000000000010a58       0x1c Src/esp8266_Firbase.o
 .debug_macro   0x0000000000010a74       0x52 Src/esp8266_Firbase.o
 .debug_macro   0x0000000000010ac6       0x40 Src/esp8266_Firbase.o
 .debug_macro   0x0000000000010b06       0x10 Src/esp8266_Firbase.o
 .debug_macro   0x0000000000010b16       0x40 Src/esp8266_Firbase.o
 .debug_macro   0x0000000000010b56       0xd7 Src/esp8266_Firbase.o
 .debug_macro   0x0000000000010c2d       0x1c Src/esp8266_Firbase.o
 .debug_macro   0x0000000000010c49       0x3d Src/esp8266_Firbase.o
 .debug_macro   0x0000000000010c86       0x16 Src/esp8266_Firbase.o
 .debug_macro   0x0000000000010c9c      0x145 Src/esp8266_Firbase.o
 .debug_macro   0x0000000000010de1      0x194 Src/event_queue.o
 .debug_macro   0x0000000000010f75       0x16 Src/event_queue.o
 .debug_macro   0x0000000000010f8b      0x19d Src/gpio_signal.o
 .debug_macro   0x0000000000011128      0x1b8 Src/hc-sr501pir_sensor.o
 .debug_macro   0x00000000000112e0       0x10 Src/hc-sr501pir_sensor.o
 .debug_macro   0x00000000000112f0      0x24c Src/i2c.o
 .debug_macro   0x000000000001153c      0x174 Src/i2c.o
 .debug_macro   0x00000000000116b0       0x10 Src/i2c.o
 .debug_macro   0x00000000000116c0      0x1d7 Src/main.o
 .debug_macro   0x0000000000011897      0x1ae Src/sysmem.o
 .debug_macro   0x0000000000011a45      0x23b Src/sysmem.o
 .debug_macro   0x0000000000011c80       0x16 Src/sysmem.o
 .debug_macro   0x0000000000011c96      0x289 Src/timers.o
 .debug_macro   0x0000000000011f1f      0x1cc Src/usart.o

.debug_line     0x0000000000000000     0x480a
 .debug_line    0x0000000000000000      0x4dc Src/clock.o
 .debug_line    0x00000000000004dc      0x95d Src/esp8266_Firbase.o
 .debug_line    0x0000000000000e39      0x684 Src/event_queue.o
 .debug_line    0x00000000000014bd      0x711 Src/gpio_signal.o
 .debug_line    0x0000000000001bce      0x718 Src/hc-sr501pir_sensor.o
 .debug_line    0x00000000000022e6      0x7b1 Src/i2c.o
 .debug_line    0x0000000000002a97      0x691 Src/main.o
 .debug_line    0x0000000000003128      0x559 Src/sysmem.o
 .debug_line    0x0000000000003681      0x94a Src/timers.o
 .debug_line    0x0000000000003fcb      0x7bb Src/usart.o
 .debug_line    0x0000000000004786       0x84 Startup/startup_stm32f103rbtx.o

.debug_str      0x0000000000000000    0x59355
 .debug_str     0x0000000000000000    0x53ccc Src/clock.o
                                      0x53f03 (size before relaxing)
 .debug_str     0x0000000000053ccc     0x48b5 Src/esp8266_Firbase.o
                                      0x5883b (size before relaxing)
 .debug_str     0x0000000000058581       0x9e Src/event_queue.o
                                      0x57329 (size before relaxing)
 .debug_str     0x000000000005861f      0x3b1 Src/gpio_signal.o
                                      0x5766f (size before relaxing)
 .debug_str     0x00000000000589d0      0x109 Src/hc-sr501pir_sensor.o
                                      0x578d4 (size before relaxing)
 .debug_str     0x0000000000058ad9       0xb0 Src/i2c.o
                                      0x58410 (size before relaxing)
 .debug_str     0x0000000000058b89       0x1d Src/main.o
                                      0x573da (size before relaxing)
 .debug_str     0x0000000000058ba6      0x4cc Src/sysmem.o
                                       0x7b0e (size before relaxing)
 .debug_str     0x0000000000059072      0x1b6 Src/timers.o
                                      0x58aec (size before relaxing)
 .debug_str     0x0000000000059228       0xfc Src/usart.o
                                      0x57899 (size before relaxing)
 .debug_str     0x0000000000059324       0x31 Startup/startup_stm32f103rbtx.o
                                         0xa0 (size before relaxing)

.comment        0x0000000000000000       0x7b
 .comment       0x0000000000000000       0x7b Src/clock.o
                                         0x7c (size before relaxing)
 .comment       0x000000000000007b       0x7c Src/esp8266_Firbase.o
 .comment       0x000000000000007b       0x7c Src/event_queue.o
 .comment       0x000000000000007b       0x7c Src/gpio_signal.o
 .comment       0x000000000000007b       0x7c Src/hc-sr501pir_sensor.o
 .comment       0x000000000000007b       0x7c Src/i2c.o
 .comment       0x000000000000007b       0x7c Src/main.o
 .comment       0x000000000000007b       0x7c Src/sysmem.o
 .comment       0x000000000000007b       0x7c Src/timers.o
 .comment       0x000000000000007b       0x7c Src/usart.o

.debug_frame    0x0000000000000000      0xed8
 .debug_frame   0x0000000000000000       0x50 Src/clock.o
 .debug_frame   0x0000000000000050      0x1cc Src/esp8266_Firbase.o
 .debug_frame   0x000000000000021c       0xb8 Src/event_queue.o
 .debug_frame   0x00000000000002d4      0x10c Src/gpio_signal.o
 .debug_frame   0x00000000000003e0      0x100 Src/hc-sr501pir_sensor.o
 .debug_frame   0x00000000000004e0      0x108 Src/i2c.o
 .debug_frame   0x00000000000005e8       0x2c Src/main.o
 .debug_frame   0x0000000000000614       0x34 Src/sysmem.o
 .debug_frame   0x0000000000000648      0x2d4 Src/timers.o
 .debug_frame   0x000000000000091c      0x1b4 Src/usart.o
 .debug_frame   0x0000000000000ad0       0x20 c:/st/stm32cubeide_1.3.0/stm32cubeide/plugins/com.st.stm32cube.ide.mcu.externaltools.gnu-tools-for-stm32.7-2018-q2-update.win32_1.0.0.201904181610/tools/bin/../lib/gcc/arm-none-eabi/7.3.1/../../../../arm-none-eabi/lib/thumb/v7-m\libc_nano.a(lib_a-errno.o)
 .debug_frame   0x0000000000000af0       0x2c c:/st/stm32cubeide_1.3.0/stm32cubeide/plugins/com.st.stm32cube.ide.mcu.externaltools.gnu-tools-for-stm32.7-2018-q2-update.win32_1.0.0.201904181610/tools/bin/../lib/gcc/arm-none-eabi/7.3.1/../../../../arm-none-eabi/lib/thumb/v7-m\libc_nano.a(lib_a-init.o)
 .debug_frame   0x0000000000000b1c       0x20 c:/st/stm32cubeide_1.3.0/stm32cubeide/plugins/com.st.stm32cube.ide.mcu.externaltools.gnu-tools-for-stm32.7-2018-q2-update.win32_1.0.0.201904181610/tools/bin/../lib/gcc/arm-none-eabi/7.3.1/../../../../arm-none-eabi/lib/thumb/v7-m\libc_nano.a(lib_a-memset.o)
 .debug_frame   0x0000000000000b3c       0x6c c:/st/stm32cubeide_1.3.0/stm32cubeide/plugins/com.st.stm32cube.ide.mcu.externaltools.gnu-tools-for-stm32.7-2018-q2-update.win32_1.0.0.201904181610/tools/bin/../lib/gcc/arm-none-eabi/7.3.1/../../../../arm-none-eabi/lib/thumb/v7-m\libc_nano.a(lib_a-sprintf.o)
 .debug_frame   0x0000000000000ba8       0x20 c:/st/stm32cubeide_1.3.0/stm32cubeide/plugins/com.st.stm32cube.ide.mcu.externaltools.gnu-tools-for-stm32.7-2018-q2-update.win32_1.0.0.201904181610/tools/bin/../lib/gcc/arm-none-eabi/7.3.1/../../../../arm-none-eabi/lib/thumb/v7-m\libc_nano.a(lib_a-strcpy.o)
 .debug_frame   0x0000000000000bc8       0x30 c:/st/stm32cubeide_1.3.0/stm32cubeide/plugins/com.st.stm32cube.ide.mcu.externaltools.gnu-tools-for-stm32.7-2018-q2-update.win32_1.0.0.201904181610/tools/bin/../lib/gcc/arm-none-eabi/7.3.1/../../../../arm-none-eabi/lib/thumb/v7-m\libc_nano.a(lib_a-strstr.o)
 .debug_frame   0x0000000000000bf8       0x90 c:/st/stm32cubeide_1.3.0/stm32cubeide/plugins/com.st.stm32cube.ide.mcu.externaltools.gnu-tools-for-stm32.7-2018-q2-update.win32_1.0.0.201904181610/tools/bin/../lib/gcc/arm-none-eabi/7.3.1/../../../../arm-none-eabi/lib/thumb/v7-m\libc_nano.a(lib_a-nano-svfprintf.o)
 .debug_frame   0x0000000000000c88       0x60 c:/st/stm32cubeide_1.3.0/stm32cubeide/plugins/com.st.stm32cube.ide.mcu.externaltools.gnu-tools-for-stm32.7-2018-q2-update.win32_1.0.0.201904181610/tools/bin/../lib/gcc/arm-none-eabi/7.3.1/../../../../arm-none-eabi/lib/thumb/v7-m\libc_nano.a(lib_a-nano-vfprintf_i.o)
 .debug_frame   0x0000000000000ce8       0x28 c:/st/stm32cubeide_1.3.0/stm32cubeide/plugins/com.st.stm32cube.ide.mcu.externaltools.gnu-tools-for-stm32.7-2018-q2-update.win32_1.0.0.201904181610/tools/bin/../lib/gcc/arm-none-eabi/7.3.1/../../../../arm-none-eabi/lib/thumb/v7-m\libc_nano.a(lib_a-memchr-stub.o)
 .debug_frame   0x0000000000000d10       0x28 c:/st/stm32cubeide_1.3.0/stm32cubeide/plugins/com.st.stm32cube.ide.mcu.externaltools.gnu-tools-for-stm32.7-2018-q2-update.win32_1.0.0.201904181610/tools/bin/../lib/gcc/arm-none-eabi/7.3.1/../../../../arm-none-eabi/lib/thumb/v7-m\libc_nano.a(lib_a-memcpy-stub.o)
 .debug_frame   0x0000000000000d38       0x28 c:/st/stm32cubeide_1.3.0/stm32cubeide/plugins/com.st.stm32cube.ide.mcu.externaltools.gnu-tools-for-stm32.7-2018-q2-update.win32_1.0.0.201904181610/tools/bin/../lib/gcc/arm-none-eabi/7.3.1/../../../../arm-none-eabi/lib/thumb/v7-m\libc_nano.a(lib_a-memmove.o)
 .debug_frame   0x0000000000000d60       0x38 c:/st/stm32cubeide_1.3.0/stm32cubeide/plugins/com.st.stm32cube.ide.mcu.externaltools.gnu-tools-for-stm32.7-2018-q2-update.win32_1.0.0.201904181610/tools/bin/../lib/gcc/arm-none-eabi/7.3.1/../../../../arm-none-eabi/lib/thumb/v7-m\libc_nano.a(lib_a-nano-freer.o)
 .debug_frame   0x0000000000000d98       0x2c c:/st/stm32cubeide_1.3.0/stm32cubeide/plugins/com.st.stm32cube.ide.mcu.externaltools.gnu-tools-for-stm32.7-2018-q2-update.win32_1.0.0.201904181610/tools/bin/../lib/gcc/arm-none-eabi/7.3.1/../../../../arm-none-eabi/lib/thumb/v7-m\libc_nano.a(lib_a-nano-mallocr.o)
 .debug_frame   0x0000000000000dc4       0x3c c:/st/stm32cubeide_1.3.0/stm32cubeide/plugins/com.st.stm32cube.ide.mcu.externaltools.gnu-tools-for-stm32.7-2018-q2-update.win32_1.0.0.201904181610/tools/bin/../lib/gcc/arm-none-eabi/7.3.1/../../../../arm-none-eabi/lib/thumb/v7-m\libc_nano.a(lib_a-nano-reallocr.o)
 .debug_frame   0x0000000000000e00       0x2c c:/st/stm32cubeide_1.3.0/stm32cubeide/plugins/com.st.stm32cube.ide.mcu.externaltools.gnu-tools-for-stm32.7-2018-q2-update.win32_1.0.0.201904181610/tools/bin/../lib/gcc/arm-none-eabi/7.3.1/../../../../arm-none-eabi/lib/thumb/v7-m\libc_nano.a(lib_a-sbrkr.o)
 .debug_frame   0x0000000000000e2c       0x30 c:/st/stm32cubeide_1.3.0/stm32cubeide/plugins/com.st.stm32cube.ide.mcu.externaltools.gnu-tools-for-stm32.7-2018-q2-update.win32_1.0.0.201904181610/tools/bin/../lib/gcc/arm-none-eabi/7.3.1/../../../../arm-none-eabi/lib/thumb/v7-m\libc_nano.a(lib_a-mlock.o)
 .debug_frame   0x0000000000000e5c       0x20 c:/st/stm32cubeide_1.3.0/stm32cubeide/plugins/com.st.stm32cube.ide.mcu.externaltools.gnu-tools-for-stm32.7-2018-q2-update.win32_1.0.0.201904181610/tools/bin/../lib/gcc/arm-none-eabi/7.3.1/../../../../arm-none-eabi/lib/thumb/v7-m\libc_nano.a(lib_a-nano-msizer.o)
 .debug_frame   0x0000000000000e7c       0x5c c:/st/stm32cubeide_1.3.0/stm32cubeide/plugins/com.st.stm32cube.ide.mcu.externaltools.gnu-tools-for-stm32.7-2018-q2-update.win32_1.0.0.201904181610/tools/bin/../lib/gcc/arm-none-eabi/7.3.1/../../../../arm-none-eabi/lib/thumb/v7-m\libc_nano.a(lib_a-reent.o)
