Archive member included to satisfy reference by file (symbol)

c:/st/stm32cubeide_1.3.0/stm32cubeide/plugins/com.st.stm32cube.ide.mcu.externaltools.gnu-tools-for-stm32.7-2018-q2-update.win32_1.0.0.201904181610/tools/bin/../lib/gcc/arm-none-eabi/7.3.1/../../../../arm-none-eabi/lib/thumb/v7-m\libc_nano.a(lib_a-errno.o)
                              Src/syscalls.o (__errno)
c:/st/stm32cubeide_1.3.0/stm32cubeide/plugins/com.st.stm32cube.ide.mcu.externaltools.gnu-tools-for-stm32.7-2018-q2-update.win32_1.0.0.201904181610/tools/bin/../lib/gcc/arm-none-eabi/7.3.1/../../../../arm-none-eabi/lib/thumb/v7-m\libc_nano.a(lib_a-exit.o)
                              c:/st/stm32cubeide_1.3.0/stm32cubeide/plugins/com.st.stm32cube.ide.mcu.externaltools.gnu-tools-for-stm32.7-2018-q2-update.win32_1.0.0.201904181610/tools/bin/../lib/gcc/arm-none-eabi/7.3.1/../../../../arm-none-eabi/lib/thumb/v7-m/crt0.o (exit)
c:/st/stm32cubeide_1.3.0/stm32cubeide/plugins/com.st.stm32cube.ide.mcu.externaltools.gnu-tools-for-stm32.7-2018-q2-update.win32_1.0.0.201904181610/tools/bin/../lib/gcc/arm-none-eabi/7.3.1/../../../../arm-none-eabi/lib/thumb/v7-m\libc_nano.a(lib_a-impure.o)
                              c:/st/stm32cubeide_1.3.0/stm32cubeide/plugins/com.st.stm32cube.ide.mcu.externaltools.gnu-tools-for-stm32.7-2018-q2-update.win32_1.0.0.201904181610/tools/bin/../lib/gcc/arm-none-eabi/7.3.1/../../../../arm-none-eabi/lib/thumb/v7-m\libc_nano.a(lib_a-exit.o) (_global_impure_ptr)
c:/st/stm32cubeide_1.3.0/stm32cubeide/plugins/com.st.stm32cube.ide.mcu.externaltools.gnu-tools-for-stm32.7-2018-q2-update.win32_1.0.0.201904181610/tools/bin/../lib/gcc/arm-none-eabi/7.3.1/../../../../arm-none-eabi/lib/thumb/v7-m\libc_nano.a(lib_a-init.o)
                              c:/st/stm32cubeide_1.3.0/stm32cubeide/plugins/com.st.stm32cube.ide.mcu.externaltools.gnu-tools-for-stm32.7-2018-q2-update.win32_1.0.0.201904181610/tools/bin/../lib/gcc/arm-none-eabi/7.3.1/../../../../arm-none-eabi/lib/thumb/v7-m/crt0.o (__libc_init_array)
c:/st/stm32cubeide_1.3.0/stm32cubeide/plugins/com.st.stm32cube.ide.mcu.externaltools.gnu-tools-for-stm32.7-2018-q2-update.win32_1.0.0.201904181610/tools/bin/../lib/gcc/arm-none-eabi/7.3.1/../../../../arm-none-eabi/lib/thumb/v7-m\libc_nano.a(lib_a-memset.o)
                              c:/st/stm32cubeide_1.3.0/stm32cubeide/plugins/com.st.stm32cube.ide.mcu.externaltools.gnu-tools-for-stm32.7-2018-q2-update.win32_1.0.0.201904181610/tools/bin/../lib/gcc/arm-none-eabi/7.3.1/../../../../arm-none-eabi/lib/thumb/v7-m/crt0.o (memset)
c:/st/stm32cubeide_1.3.0/stm32cubeide/plugins/com.st.stm32cube.ide.mcu.externaltools.gnu-tools-for-stm32.7-2018-q2-update.win32_1.0.0.201904181610/tools/bin/../lib/gcc/arm-none-eabi/7.3.1/../../../../arm-none-eabi/lib/thumb/v7-m\libc_nano.a(lib_a-sprintf.o)
                              Src/esp8266_Firbase.o (sprintf)
c:/st/stm32cubeide_1.3.0/stm32cubeide/plugins/com.st.stm32cube.ide.mcu.externaltools.gnu-tools-for-stm32.7-2018-q2-update.win32_1.0.0.201904181610/tools/bin/../lib/gcc/arm-none-eabi/7.3.1/../../../../arm-none-eabi/lib/thumb/v7-m\libc_nano.a(lib_a-strcpy.o)
                              Src/usart.o (strcpy)
c:/st/stm32cubeide_1.3.0/stm32cubeide/plugins/com.st.stm32cube.ide.mcu.externaltools.gnu-tools-for-stm32.7-2018-q2-update.win32_1.0.0.201904181610/tools/bin/../lib/gcc/arm-none-eabi/7.3.1/../../../../arm-none-eabi/lib/thumb/v7-m\libc_nano.a(lib_a-strlen.o)
                              Src/esp8266_Firbase.o (strlen)
c:/st/stm32cubeide_1.3.0/stm32cubeide/plugins/com.st.stm32cube.ide.mcu.externaltools.gnu-tools-for-stm32.7-2018-q2-update.win32_1.0.0.201904181610/tools/bin/../lib/gcc/arm-none-eabi/7.3.1/../../../../arm-none-eabi/lib/thumb/v7-m\libc_nano.a(lib_a-strstr.o)
                              Src/usart.o (strstr)
c:/st/stm32cubeide_1.3.0/stm32cubeide/plugins/com.st.stm32cube.ide.mcu.externaltools.gnu-tools-for-stm32.7-2018-q2-update.win32_1.0.0.201904181610/tools/bin/../lib/gcc/arm-none-eabi/7.3.1/../../../../arm-none-eabi/lib/thumb/v7-m\libc_nano.a(lib_a-nano-svfprintf.o)
                              c:/st/stm32cubeide_1.3.0/stm32cubeide/plugins/com.st.stm32cube.ide.mcu.externaltools.gnu-tools-for-stm32.7-2018-q2-update.win32_1.0.0.201904181610/tools/bin/../lib/gcc/arm-none-eabi/7.3.1/../../../../arm-none-eabi/lib/thumb/v7-m\libc_nano.a(lib_a-sprintf.o) (_svfprintf_r)
c:/st/stm32cubeide_1.3.0/stm32cubeide/plugins/com.st.stm32cube.ide.mcu.externaltools.gnu-tools-for-stm32.7-2018-q2-update.win32_1.0.0.201904181610/tools/bin/../lib/gcc/arm-none-eabi/7.3.1/../../../../arm-none-eabi/lib/thumb/v7-m\libc_nano.a(lib_a-nano-vfprintf_i.o)
                              c:/st/stm32cubeide_1.3.0/stm32cubeide/plugins/com.st.stm32cube.ide.mcu.externaltools.gnu-tools-for-stm32.7-2018-q2-update.win32_1.0.0.201904181610/tools/bin/../lib/gcc/arm-none-eabi/7.3.1/../../../../arm-none-eabi/lib/thumb/v7-m\libc_nano.a(lib_a-nano-svfprintf.o) (_printf_i)
[...]
Memory Configuration

Name             Origin             Length             Attributes
RAM              0x0000000020000000 0x0000000000005000 xrw
ROM              0x0000000008000000 0x0000000000020000 xr
*default*        0x0000000000000000 0xffffffffffffffff

Linker script and memory map

LOAD c:/st/stm32cubeide_1.3.0/stm32cubeide/plugins/com.st.stm32cube.ide.mcu.externaltools.gnu-tools-for-stm32.7-2018-q2-update.win32_1.0.0.201904181610/tools/bin/../lib/gcc/arm-none-eabi/7.3.1/thumb/v7-m/crti.o
LOAD c:/st/stm32cubeide_1.3.0/stm32cubeide/plugins/com.st.stm32cube.ide.mcu.externaltools.gnu-tools-for-stm32.7-2018-q2-update.win32_1.0.0.201904181610/tools/bin/../lib/gcc/arm-none-eabi/7.3.1/thumb/v7-m/crtbegin.o
LOAD c:/st/stm32cubeide_1.3.0/stm32cubeide/plugins/com.st.stm32cube.ide.mcu.externaltools.gnu-tools-for-stm32.7-2018-q2-update.win32_1.0.0.201904181610/tools/bin/../lib/gcc/arm-none-eabi/7.3.1/../../../../arm-none-eabi/lib/thumb/v7-m/crt0.o
LOAD Src/esp8266.o
LOAD Src/esp8266_Firbase.o
LOAD Src/event_queue.o
LOAD Src/gpio_signal.o
LOAD Src/hc-sr501pir_sensor.o
LOAD Src/main.o
LOAD Src/syscalls.o
LOAD Src/sysmem.o
LOAD Src/timers.o
LOAD Src/usart.o
LOAD Startup/startup_stm32f103rbtx.o
START GROUP
LOAD c:/st/stm32cubeide_1.3.0/stm32cubeide/plugins/com.st.stm32cube.ide.mcu.externaltools.gnu-tools-for-stm32.7-2018-q2-update.win32_1.0.0.201904181610/tools/bin/../lib/gcc/arm-none-eabi/7.3.1/../../../../arm-none-eabi/lib/thumb/v7-m\libc_nano.a
LOAD c:/st/stm32cubeide_1.3.0/stm32cubeide/plugins/com.st.stm32cube.ide.mcu.externaltools.gnu-tools-for-stm32.7-2018-q2-update.win32_1.0.0.201904181610/tools/bin/../lib/gcc/arm-none-eabi/7.3.1/../../../../arm-none-eabi/lib/thumb/v7-m\libm.a
END GROUP
START GROUP
LOAD c:/st/stm32cubeide_1.3.0/stm32cubeide/plugins/com.st.stm32cube.ide.mcu.externaltools.gnu-tools-for-stm32.7-2018-q2-update.win32_1.0.0.201904181610/tools/bin/../lib/gcc/arm-none-eabi/7.3.1/thumb/v7-m\libgcc.a
LOAD c:/st/stm32cubeide_1.3.0/stm32cubeide/plugins/com.st.stm32cube.ide.mcu.externaltools.gnu-tools-for-stm32.7-2018-q2-update.win32_1.0.0.201904181610/tools/bin/../lib/gcc/arm-none-eabi/7.3.1/../../../../arm-none-eabi/lib/thumb/v7-m\libc_nano.a
END GROUP
START GROUP
LOAD c:/st/stm32cubeide_1.3.0/stm32cubeide/plugins/com.st.stm32cube.ide.mcu.externaltools.gnu-tools-for-stm32.7-2018-q2-update.win32_1.0.0.201904181610/tools/bin/../lib/gcc/arm-none-eabi/7.3.1/thumb/v7-m\libgcc.a
LOAD c:/st/stm32cubeide_1.3.0/stm32cubeide/plugins/com.st.stm32cube.ide.mcu.externaltools.gnu-tools-for-stm32.7-2018-q2-update.win32_1.0.0.201904181610/tools/bin/../lib/gcc/arm-none-eabi/7.3.1/../../../../arm-none-eabi/lib/thumb/v7-m\libc_nano.a
LOAD c:/st/stm32cubeide_1.3.0/stm32cubeide/plugins/com.st.stm32cube.ide.mcu.externaltools.gnu-tools-for-stm32.7-2018-q2-update.win32_1.0.0.201904181610/tools/bin/../lib/gcc/arm-none-eabi/7.3.1/../../../../arm-none-eabi/lib/thumb/v7-m\libnosys.a
END GROUP
START GROUP
LOAD c:/st/stm32cubeide_1.3.0/stm32cubeide/plugins/com.st.stm32cube.ide.mcu.externaltools.gnu-tools-for-stm32.7-2018-q2-update.win32_1.0.0.201904181610/tools/bin/../lib/gcc/arm-none-eabi/7.3.1/thumb/v7-m\libgcc.a
LOAD c:/st/stm32cubeide_1.3.0/stm32cubeide/plugins/com.st.stm32cube.ide.mcu.externaltools.gnu-tools-for-stm32.7-2018-q2-update.win32_1.0.0.201904181610/tools/bin/../lib/gcc/arm-none-eabi/7.3.1/../../../../arm-none-eabi/lib/thumb/v7-m\libc_nano.a
LOAD c:/st/stm32cubeide_1.3.0/stm32cubeide/plugins/com.st.stm32cube.ide.mcu.externaltools.gnu-tools-for-stm32.7-2018-q2-update.win32_1.0.0.201904181610/tools/bin/../lib/gcc/arm-none-eabi/7.3.1/../../../../arm-none-eabi/lib/thumb/v7-m\libnosys.a
END GROUP
LOAD c:/st/stm32cubeide_1.3.0/stm32cubeide/plugins/com.st.stm32cube.ide.mcu.externaltools.gnu-tools-for-stm32.7-2018-q2-update.win32_1.0.0.201904181610/tools/bin/../lib/gcc/arm-none-eabi/7.3.1/thumb/v7-m/crtend.o
LOAD c:/st/stm32cubeide_1.3.0/stm32cubeide/plugins/com.st.stm32cube.ide.mcu.externaltools.gnu-tools-for-stm32.7-2018-q2-update.win32_1.0.0.201904181610/tools/bin/../lib/gcc/arm-none-eabi/7.3.1/thumb/v7-m/crtn.o
                0x0000000020005000                _estack = (ORIGIN (RAM) + LENGTH (RAM))
                0x0000000000000200                _Min_Heap_Size = 0x200
                0x0000000000000400                _Min_Stack_Size = 0x400

.isr_vector     0x0000000008000000      0x130
                0x0000000008000000                . = ALIGN (0x4)
 *(.isr_vector)
 .isr_vector    0x0000000008000000      0x130 Startup/startup_stm32f103rbtx.o
                0x0000000008000000                g_pfnVectors
                0x0000000008000130                . = ALIGN (0x4)

.text           0x0000000008000130     0x182c
                0x0000000008000130                . = ALIGN (0x4)
 *(.text)
 .text          0x0000000008000130       0x40 c:/st/stm32cubeide_1.3.0/stm32cubeide/plugins/com.st.stm32cube.ide.mcu.externaltools.gnu-tools-for-stm32.7-2018-q2-update.win32_1.0.0.201904181610/tools/bin/../lib/gcc/arm-none-eabi/7.3.1/thumb/v7-m/crtbegin.o
 .text          0x0000000008000170       0x10 c:/st/stm32cubeide_1.3.0/stm32cubeide/plugins/com.st.stm32cube.ide.mcu.externaltools.gnu-tools-for-stm32.7-2018-q2-update.win32_1.0.0.201904181610/tools/bin/../lib/gcc/arm-none-eabi/7.3.1/../../../../arm-none-eabi/lib/thumb/v7-m\libc_nano.a(lib_a-strlen.o)
                0x0000000008000170                strlen
 *(.text*)
 .text.setImagePath
                0x0000000008000180       0x2c Src/esp8266_Firbase.o
                0x0000000008000180                setImagePath
 .text.recordAlert
                0x00000000080001ac       0xcc Src/esp8266_Firbase.o
                0x00000000080001ac                recordAlert
 .text.setClientMode
                0x0000000008000278       0x74 Src/esp8266_Firbase.o
                0x0000000008000278                setClientMode
 .text.joinAccessPoint
                0x00000000080002ec       0x98 Src/esp8266_Firbase.o
                0x00000000080002ec                joinAccessPoint
 .text.connectFirebaseHost
                0x0000000008000384      0x128 Src/esp8266_Firbase.o
                0x0000000008000384                connectFirebaseHost
 .text.createPostMsg
                0x00000000080004ac       0x88 Src/esp8266_Firbase.o
                0x00000000080004ac                createPostMsg
 .text.sendRequest
                0x0000000008000534      0x128 Src/esp8266_Firbase.o
                0x0000000008000534                sendRequest
 .text.readResponse
                0x000000000800065c       0x58 Src/esp8266_Firbase.o
                0x000000000800065c                readResponse
 .text.closeCunnection
                0x00000000080006b4       0x74 Src/esp8266_Firbase.o
                0x00000000080006b4                closeCunnection
 .text.toggle_led
                0x0000000008000728       0x44 Src/hc-sr501pir_sensor.o
                0x0000000008000728                toggle_led
 .text.EXTI4_IRQHandler
                0x000000000800076c       0x28 Src/hc-sr501pir_sensor.o
                0x000000000800076c                EXTI4_IRQHandler
 .text.main     0x0000000008000794       0x40 Src/main.o
                0x0000000008000794                main
 .text._sbrk    0x00000000080007d4       0x58 Src/sysmem.o
                0x00000000080007d4                _sbrk
 .text.__NVIC_SetPriorityGrouping
                0x000000000800082c       0x48 Src/timers.o
 .text.__NVIC_EnableIRQ
                0x0000000008000874       0x38 Src/timers.o
 .text.__NVIC_SetPriority
                0x00000000080008ac       0x54 Src/timers.o
 .text.init_timer3
                0x0000000008000900       0x80 Src/timers.o
                0x0000000008000900                init_timer3
 .text.init_timer4
                0x0000000008000980       0x84 Src/timers.o
                0x0000000008000980                init_timer4
 .text.enable_timer4
                0x0000000008000a04       0x1c Src/timers.o
                0x0000000008000a04                enable_timer4
 .text.disable_timer4
                0x0000000008000a20       0x1c Src/timers.o
                0x0000000008000a20                disable_timer4
 .text.timeout_with_timer4
                0x0000000008000a3c       0x48 Src/timers.o
                0x0000000008000a3c                timeout_with_timer4
 .text.TIM2_IRQHandler
                0x0000000008000a84       0x54 Src/timers.o
                0x0000000008000a84                TIM2_IRQHandler
 .text.TIM3_IRQHandler
                0x0000000008000ad8       0x50 Src/timers.o
                0x0000000008000ad8                TIM3_IRQHandler
 .text.TIM4_IRQHandler
                0x0000000008000b28       0x50 Src/timers.o
                0x0000000008000b28                TIM4_IRQHandler
 .text.__NVIC_SetPriorityGrouping
                0x0000000008000b78       0x48 Src/usart.o
 .text.__NVIC_EnableIRQ
                0x0000000008000bc0       0x38 Src/usart.o
 .text.__NVIC_SetPriority
                0x0000000008000bf8       0x54 Src/usart.o
 .text.init_usart2
                0x0000000008000c4c       0x68 Src/usart.o
                0x0000000008000c4c                init_usart2
 .text.init_usart1
                0x0000000008000cb4       0xbc Src/usart.o
                0x0000000008000cb4                init_usart1
 .text.set_usart2_buffer_Tx
                0x0000000008000d70       0x40 Src/usart.o
                0x0000000008000d70                set_usart2_buffer_Tx
 .text.write_usart2
                0x0000000008000db0       0x78 Src/usart.o
                0x0000000008000db0                write_usart2
 .text.write_usart1
                0x0000000008000e28       0x78 Src/usart.o
                0x0000000008000e28                write_usart1
 .text.set_usart1_buffer_Tx
                0x0000000008000ea0       0x40 Src/usart.o
                0x0000000008000ea0                set_usart1_buffer_Tx
 .text.set_usart1_buffer_Rx
                0x0000000008000ee0       0x2c Src/usart.o
                0x0000000008000ee0                set_usart1_buffer_Rx
 .text.search_usart1_buffer_Rx
                0x0000000008000f0c       0x8c Src/usart.o
                0x0000000008000f0c                search_usart1_buffer_Rx
 .text.USART1_IRQHandler
                0x0000000008000f98       0x8c Src/usart.o
                0x0000000008000f98                USART1_IRQHandler
 .text.Reset_Handler
                0x0000000008001024       0x50 Startup/startup_stm32f103rbtx.o
                0x0000000008001024                Reset_Handler
 .text.Default_Handler
                0x0000000008001074        0x2 Startup/startup_stm32f103rbtx.o
                0x0000000008001074                EXTI2_IRQHandler
                0x0000000008001074                TIM8_TRG_COM_IRQHandler
                0x0000000008001074                TIM8_CC_IRQHandler
                0x0000000008001074                DebugMon_Handler
                0x0000000008001074                TIM1_CC_IRQHandler
                0x0000000008001074                HardFault_Handler
                0x0000000008001074                TIM6_IRQHandler
                0x0000000008001074                SysTick_Handler
                0x0000000008001074                PVD_IRQHandler
                0x0000000008001074                SDIO_IRQHandler
                0x0000000008001074                PendSV_Handler
                0x0000000008001074                NMI_Handler
                0x0000000008001074                EXTI3_IRQHandler
                0x0000000008001074                USB_HP_CAN_TX_IRQHandler
                0x0000000008001074                EXTI0_IRQHandler
                0x0000000008001074                I2C2_EV_IRQHandler
                0x0000000008001074                UsageFault_Handler
                0x0000000008001074                ADC1_2_IRQHandler
                0x0000000008001074                SPI1_IRQHandler
                0x0000000008001074                CAN_SCE_IRQHandler
                0x0000000008001074                TAMPER_IRQHandler
                0x0000000008001074                TIM8_UP_IRQHandler
                0x0000000008001074                DMA2_Channel2_IRQHandler
                0x0000000008001074                DMA1_Channel4_IRQHandler
                0x0000000008001074                USART3_IRQHandler
                0x0000000008001074                RTC_IRQHandler
                0x0000000008001074                DMA1_Channel7_IRQHandler
                0x0000000008001074                UART5_IRQHandler
                0x0000000008001074                ADC3_IRQHandler
                0x0000000008001074                CAN_RX1_IRQHandler
                0x0000000008001074                DMA2_Channel1_IRQHandler
                0x0000000008001074                I2C1_EV_IRQHandler
                0x0000000008001074                DMA1_Channel6_IRQHandler
                0x0000000008001074                UART4_IRQHandler
                0x0000000008001074                RCC_IRQHandler
                0x0000000008001074                TIM1_TRG_COM_IRQHandler
                0x0000000008001074                DMA1_Channel1_IRQHandler
                0x0000000008001074                Default_Handler
                0x0000000008001074                EXTI15_10_IRQHandler
                0x0000000008001074                TIM7_IRQHandler
                0x0000000008001074                TIM5_IRQHandler
                0x0000000008001074                EXTI9_5_IRQHandler
                0x0000000008001074                SPI2_IRQHandler
                0x0000000008001074                USB_LP_CAN_RX0_IRQHandler
                0x0000000008001074                MemManage_Handler
                0x0000000008001074                SVC_Handler
                0x0000000008001074                DMA1_Channel5_IRQHandler
                0x0000000008001074                DMA1_Channel3_IRQHandler
                0x0000000008001074                FSMC_IRQHandler
                0x0000000008001074                TIM1_UP_IRQHandler
                0x0000000008001074                WWDG_IRQHandler
                0x0000000008001074                TIM1_BRK_IRQHandler
                0x0000000008001074                EXTI1_IRQHandler
                0x0000000008001074                RTCAlarm_IRQHandler
                0x0000000008001074                DMA2_Channel4_5_IRQHandler
                0x0000000008001074                USART2_IRQHandler
                0x0000000008001074                I2C2_ER_IRQHandler
                0x0000000008001074                DMA1_Channel2_IRQHandler
                0x0000000008001074                TIM8_BRK_IRQHandler
                0x0000000008001074                FLASH_IRQHandler
                0x0000000008001074                BusFault_Handler
                0x0000000008001074                SPI3_IRQHandler
                0x0000000008001074                I2C1_ER_IRQHandler
                0x0000000008001074                DMA2_Channel3_IRQHandler
 *fill*         0x0000000008001076        0x2 
 .text.__errno  0x0000000008001078        0xc c:/st/stm32cubeide_1.3.0/stm32cubeide/plugins/com.st.stm32cube.ide.mcu.externaltools.gnu-tools-for-stm32.7-2018-q2-update.win32_1.0.0.201904181610/tools/bin/../lib/gcc/arm-none-eabi/7.3.1/../../../../arm-none-eabi/lib/thumb/v7-m\libc_nano.a(lib_a-errno.o)
                0x0000000008001078                __errno
 .text.__libc_init_array
                0x0000000008001084       0x48 c:/st/stm32cubeide_1.3.0/stm32cubeide/plugins/com.st.stm32cube.ide.mcu.externaltools.gnu-tools-for-stm32.7-2018-q2-update.win32_1.0.0.201904181610/tools/bin/../lib/gcc/arm-none-eabi/7.3.1/../../../../arm-none-eabi/lib/thumb/v7-m\libc_nano.a(lib_a-init.o)
                0x0000000008001084                __libc_init_array
 .text.memset   0x00000000080010cc       0x10 c:/st/stm32cubeide_1.3.0/stm32cubeide/plugins/com.st.stm32cube.ide.mcu.externaltools.gnu-tools-for-stm32.7-2018-q2-update.win32_1.0.0.201904181610/tools/bin/../lib/gcc/arm-none-eabi/7.3.1/../../../../arm-none-eabi/lib/thumb/v7-m\libc_nano.a(lib_a-memset.o)
                0x00000000080010cc                memset
 .text.sprintf  0x00000000080010dc       0x40 c:/st/stm32cubeide_1.3.0/stm32cubeide/plugins/com.st.stm32cube.ide.mcu.externaltools.gnu-tools-for-stm32.7-2018-q2-update.win32_1.0.0.201904181610/tools/bin/../lib/gcc/arm-none-eabi/7.3.1/../../../../arm-none-eabi/lib/thumb/v7-m\libc_nano.a(lib_a-sprintf.o)
                0x00000000080010dc                siprintf
                0x00000000080010dc                sprintf
 .text.strcpy   0x000000000800111c       0x10 c:/st/stm32cubeide_1.3.0/stm32cubeide/plugins/com.st.stm32cube.ide.mcu.externaltools.gnu-tools-for-stm32.7-2018-q2-update.win32_1.0.0.201904181610/tools/bin/../lib/gcc/arm-none-eabi/7.3.1/../../../../arm-none-eabi/lib/thumb/v7-m\libc_nano.a(lib_a-strcpy.o)
                0x000000000800111c                strcpy
 .text.strstr   0x000000000800112c       0x34 c:/st/stm32cubeide_1.3.0/stm32cubeide/plugins/com.st.stm32cube.ide.mcu.externaltools.gnu-tools-for-stm32.7-2018-q2-update.win32_1.0.0.201904181610/tools/bin/../lib/gcc/arm-none-eabi/7.3.1/../../../../arm-none-eabi/lib/thumb/v7-m\libc_nano.a(lib_a-strstr.o)
                0x000000000800112c                strstr
 .text.__ssputs_r
                0x0000000008001160       0xb4 c:/st/stm32cubeide_1.3.0/stm32cubeide/plugins/com.st.stm32cube.ide.mcu.externaltools.gnu-tools-for-stm32.7-2018-q2-update.win32_1.0.0.201904181610/tools/bin/../lib/gcc/arm-none-eabi/7.3.1/../../../../arm-none-eabi/lib/thumb/v7-m\libc_nano.a(lib_a-nano-svfprintf.o)
                0x0000000008001160                __ssputs_r
 .text._svfprintf_r
                0x0000000008001214      0x1f0 c:/st/stm32cubeide_1.3.0/stm32cubeide/plugins/com.st.stm32cube.ide.mcu.externaltools.gnu-tools-for-stm32.7-2018-q2-update.win32_1.0.0.201904181610/tools/bin/../lib/gcc/arm-none-eabi/7.3.1/../../../../arm-none-eabi/lib/thumb/v7-m\libc_nano.a(lib_a-nano-svfprintf.o)
                0x0000000008001214                _svfiprintf_r
                0x0000000008001214                _svfprintf_r
 .text._printf_common
                0x0000000008001404       0xec c:/st/stm32cubeide_1.3.0/stm32cubeide/plugins/com.st.stm32cube.ide.mcu.externaltools.gnu-tools-for-stm32.7-2018-q2-update.win32_1.0.0.201904181610/tools/bin/../lib/gcc/arm-none-eabi/7.3.1/../../../../arm-none-eabi/lib/thumb/v7-m\libc_nano.a(lib_a-nano-vfprintf_i.o)
                0x0000000008001404                _printf_common
 .text._printf_i
                0x00000000080014f0      0x224 c:/st/stm32cubeide_1.3.0/stm32cubeide/plugins/com.st.stm32cube.ide.mcu.externaltools.gnu-tools-for-stm32.7-2018-q2-update.win32_1.0.0.201904181610/tools/bin/../lib/gcc/arm-none-eabi/7.3.1/../../../../arm-none-eabi/lib/thumb/v7-m\libc_nano.a(lib_a-nano-vfprintf_i.o)
                0x00000000080014f0                _printf_i
 .text.memchr   0x0000000008001714       0x1c c:/st/stm32cubeide_1.3.0/stm32cubeide/plugins/com.st.stm32cube.ide.mcu.externaltools.gnu-tools-for-stm32.7-2018-q2-update.win32_1.0.0.201904181610/tools/bin/../lib/gcc/arm-none-eabi/7.3.1/../../../../arm-none-eabi/lib/thumb/v7-m\libc_nano.a(lib_a-memchr-stub.o)
                0x0000000008001714                memchr
 .text.memcpy   0x0000000008001730       0x16 c:/st/stm32cubeide_1.3.0/stm32cubeide/plugins/com.st.stm32cube.ide.mcu.externaltools.gnu-tools-for-stm32.7-2018-q2-update.win32_1.0.0.201904181610/tools/bin/../lib/gcc/arm-none-eabi/7.3.1/../../../../arm-none-eabi/lib/thumb/v7-m\libc_nano.a(lib_a-memcpy-stub.o)
                0x0000000008001730                memcpy
 .text.memmove  0x0000000008001746       0x32 c:/st/stm32cubeide_1.3.0/stm32cubeide/plugins/com.st.stm32cube.ide.mcu.externaltools.gnu-tools-for-stm32.7-2018-q2-update.win32_1.0.0.201904181610/tools/bin/../lib/gcc/arm-none-eabi/7.3.1/../../../../arm-none-eabi/lib/thumb/v7-m\libc_nano.a(lib_a-memmove.o)
                0x0000000008001746                memmove
 .text._free_r  0x0000000008001778       0x98 c:/st/stm32cubeide_1.3.0/stm32cubeide/plugins/com.st.stm32cube.ide.mcu.externaltools.gnu-tools-for-stm32.7-2018-q2-update.win32_1.0.0.201904181610/tools/bin/../lib/gcc/arm-none-eabi/7.3.1/../../../../arm-none-eabi/lib/thumb/v7-m\libc_nano.a(lib_a-nano-freer.o)
                0x0000000008001778                _free_r
 .text._malloc_r
                0x0000000008001810       0xb4 c:/st/stm32cubeide_1.3.0/stm32cubeide/plugins/com.st.stm32cube.ide.mcu.externaltools.gnu-tools-for-stm32.7-2018-q2-update.win32_1.0.0.201904181610/tools/bin/../lib/gcc/arm-none-eabi/7.3.1/../../../../arm-none-eabi/lib/thumb/v7-m\libc_nano.a(lib_a-nano-mallocr.o)
                0x0000000008001810                _malloc_r
 .text._realloc_r
                0x00000000080018c4       0x4c c:/st/stm32cubeide_1.3.0/stm32cubeide/plugins/com.st.stm32cube.ide.mcu.externaltools.gnu-tools-for-stm32.7-2018-q2-update.win32_1.0.0.201904181610/tools/bin/../lib/gcc/arm-none-eabi/7.3.1/../../../../arm-none-eabi/lib/thumb/v7-m\libc_nano.a(lib_a-nano-reallocr.o)
                0x00000000080018c4                _realloc_r
 .text._sbrk_r  0x0000000008001910       0x20 c:/st/stm32cubeide_1.3.0/stm32cubeide/plugins/com.st.stm32cube.ide.mcu.externaltools.gnu-tools-for-stm32.7-2018-q2-update.win32_1.0.0.201904181610/tools/bin/../lib/gcc/arm-none-eabi/7.3.1/../../../../arm-none-eabi/lib/thumb/v7-m\libc_nano.a(lib_a-sbrkr.o)
                0x0000000008001910                _sbrk_r
 .text.__malloc_lock
                0x0000000008001930        0x2 c:/st/stm32cubeide_1.3.0/stm32cubeide/plugins/com.st.stm32cube.ide.mcu.externaltools.gnu-tools-for-stm32.7-2018-q2-update.win32_1.0.0.201904181610/tools/bin/../lib/gcc/arm-none-eabi/7.3.1/../../../../arm-none-eabi/lib/thumb/v7-m\libc_nano.a(lib_a-mlock.o)
                0x0000000008001930                __malloc_lock
 .text.__malloc_unlock
                0x0000000008001932        0x2 c:/st/stm32cubeide_1.3.0/stm32cubeide/plugins/com.st.stm32cube.ide.mcu.externaltools.gnu-tools-for-stm32.7-2018-q2-update.win32_1.0.0.201904181610/tools/bin/../lib/gcc/arm-none-eabi/7.3.1/../../../../arm-none-eabi/lib/thumb/v7-m\libc_nano.a(lib_a-mlock.o)
                0x0000000008001932                __malloc_unlock
 .text._malloc_usable_size_r
                0x0000000008001934       0x10 c:/st/stm32cubeide_1.3.0/stm32cubeide/plugins/com.st.stm32cube.ide.mcu.externaltools.gnu-tools-for-stm32.7-2018-q2-update.win32_1.0.0.201904181610/tools/bin/../lib/gcc/arm-none-eabi/7.3.1/../../../../arm-none-eabi/lib/thumb/v7-m\libc_nano.a(lib_a-nano-msizer.o)
                0x0000000008001934                _malloc_usable_size_r
 *(.glue_7)
 .glue_7        0x0000000008001944        0x0 linker stubs
 *(.glue_7t)
 .glue_7t       0x0000000008001944        0x0 linker stubs
 *(.eh_frame)
 .eh_frame      0x0000000008001944        0x0 c:/st/stm32cubeide_1.3.0/stm32cubeide/plugins/com.st.stm32cube.ide.mcu.externaltools.gnu-tools-for-stm32.7-2018-q2-update.win32_1.0.0.201904181610/tools/bin/../lib/gcc/arm-none-eabi/7.3.1/thumb/v7-m/crtbegin.o
 *(.init)
 .init          0x0000000008001944        0x4 c:/st/stm32cubeide_1.3.0/stm32cubeide/plugins/com.st.stm32cube.ide.mcu.externaltools.gnu-tools-for-stm32.7-2018-q2-update.win32_1.0.0.201904181610/tools/bin/../lib/gcc/arm-none-eabi/7.3.1/thumb/v7-m/crti.o
                0x0000000008001944                _init
 .init          0x0000000008001948        0x8 c:/st/stm32cubeide_1.3.0/stm32cubeide/plugins/com.st.stm32cube.ide.mcu.externaltools.gnu-tools-for-stm32.7-2018-q2-update.win32_1.0.0.201904181610/tools/bin/../lib/gcc/arm-none-eabi/7.3.1/thumb/v7-m/crtn.o
 *(.fini)
 .fini          0x0000000008001950        0x4 c:/st/stm32cubeide_1.3.0/stm32cubeide/plugins/com.st.stm32cube.ide.mcu.externaltools.gnu-tools-for-stm32.7-2018-q2-update.win32_1.0.0.201904181610/tools/bin/../lib/gcc/arm-none-eabi/7.3.1/thumb/v7-m/crti.o
                0x0000000008001950                _fini
 .fini          0x0000000008001954        0x8 c:/st/stm32cubeide_1.3.0/stm32cubeide/plugins/com.st.stm32cube.ide.mcu.externaltools.gnu-tools-for-stm32.7-2018-q2-update.win32_1.0.0.201904181610/tools/bin/../lib/gcc/arm-none-eabi/7.3.1/thumb/v7-m/crtn.o
                0x000000000800195c                . = ALIGN (0x4)
                0x000000000800195c                _etext = .

.vfp11_veneer   0x000000000800195c        0x0
 .vfp11_veneer  0x000000000800195c        0x0 linker stubs

.v4_bx          0x000000000800195c        0x0
 .v4_bx         0x000000000800195c        0x0 linker stubs

.iplt           0x000000000800195c        0x0
 .iplt          0x000000000800195c        0x0 c:/st/stm32cubeide_1.3.0/stm32cubeide/plugins/com.st.stm32cube.ide.mcu.externaltools.gnu-tools-for-stm32.7-2018-q2-update.win32_1.0.0.201904181610/tools/bin/../lib/gcc/arm-none-eabi/7.3.1/thumb/v7-m/crtbegin.o

.rodata         0x000000000800195c      0x370
                0x000000000800195c                . = ALIGN (0x4)
 *(.rodata)
 .rodata        0x000000000800195c      0x280 Src/esp8266_Firbase.o
 .rodata        0x0000000008001bdc       0x7d Src/hc-sr501pir_sensor.o
 *fill*         0x0000000008001c59        0x3 
 .rodata        0x0000000008001c5c       0x21 Src/main.o
 *fill*         0x0000000008001c7d        0x3 
 .rodata        0x0000000008001c80       0x18 Src/usart.o
 *(.rodata*)
 .rodata._svfprintf_r.str1.1
                0x0000000008001c98       0x11 c:/st/stm32cubeide_1.3.0/stm32cubeide/plugins/com.st.stm32cube.ide.mcu.externaltools.gnu-tools-for-stm32.7-2018-q2-update.win32_1.0.0.201904181610/tools/bin/../lib/gcc/arm-none-eabi/7.3.1/../../../../arm-none-eabi/lib/thumb/v7-m\libc_nano.a(lib_a-nano-svfprintf.o)
 .rodata._printf_i.str1.1
                0x0000000008001ca9       0x22 c:/st/stm32cubeide_1.3.0/stm32cubeide/plugins/com.st.stm32cube.ide.mcu.externaltools.gnu-tools-for-stm32.7-2018-q2-update.win32_1.0.0.201904181610/tools/bin/../lib/gcc/arm-none-eabi/7.3.1/../../../../arm-none-eabi/lib/thumb/v7-m\libc_nano.a(lib_a-nano-vfprintf_i.o)
                0x0000000008001ccc                . = ALIGN (0x4)
 *fill*         0x0000000008001ccb        0x1 

.rel.dyn        0x0000000008001ccc        0x0
 .rel.iplt      0x0000000008001ccc        0x0 c:/st/stm32cubeide_1.3.0/stm32cubeide/plugins/com.st.stm32cube.ide.mcu.externaltools.gnu-tools-for-stm32.7-2018-q2-update.win32_1.0.0.201904181610/tools/bin/../lib/gcc/arm-none-eabi/7.3.1/thumb/v7-m/crtbegin.o

.ARM.extab      0x0000000008001ccc        0x0
                0x0000000008001ccc                . = ALIGN (0x4)
 *(.ARM.extab* .gnu.linkonce.armextab.*)
                0x0000000008001ccc                . = ALIGN (0x4)

.ARM            0x0000000008001ccc        0x0
                0x0000000008001ccc                . = ALIGN (0x4)
                0x0000000008001ccc                __exidx_start = .
 *(.ARM.exidx*)
                0x0000000008001ccc                __exidx_end = .
                0x0000000008001ccc                . = ALIGN (0x4)

.preinit_array  0x0000000008001ccc        0x0
                0x0000000008001ccc                . = ALIGN (0x4)
                0x0000000008001ccc                PROVIDE (__preinit_array_start = .)
 *(.preinit_array*)
                0x0000000008001ccc                PROVIDE (__preinit_array_end = .)
                0x0000000008001ccc                . = ALIGN (0x4)

.init_array     0x0000000008001ccc        0x4
                0x0000000008001ccc                . = ALIGN (0x4)
                0x0000000008001ccc                PROVIDE (__init_array_start = .)
 *(SORT_BY_NAME(.init_array.*))
 *(.init_array*)
 .init_array    0x0000000008001ccc        0x4 c:/st/stm32cubeide_1.3.0/stm32cubeide/plugins/com.st.stm32cube.ide.mcu.externaltools.gnu-tools-for-stm32.7-2018-q2-update.win32_1.0.0.201904181610/tools/bin/../lib/gcc/arm-none-eabi/7.3.1/thumb/v7-m/crtbegin.o
                0x0000000008001cd0                PROVIDE (__init_array_end = .)
                0x0000000008001cd0                . = ALIGN (0x4)

.fini_array     0x0000000008001cd0        0x4
                0x0000000008001cd0                . = ALIGN (0x4)
                [!provide]                        PROVIDE (__fini_array_start = .)
 *(SORT_BY_NAME(.fini_array.*))
 *(.fini_array*)
 .fini_array    0x0000000008001cd0        0x4 c:/st/stm32cubeide_1.3.0/stm32cubeide/plugins/com.st.stm32cube.ide.mcu.externaltools.gnu-tools-for-stm32.7-2018-q2-update.win32_1.0.0.201904181610/tools/bin/../lib/gcc/arm-none-eabi/7.3.1/thumb/v7-m/crtbegin.o
                [!provide]                        PROVIDE (__fini_array_end = .)
                0x0000000008001cd4                . = ALIGN (0x4)
                0x0000000008001cd4                _sidata = LOADADDR (.data)

.data           0x0000000020000000       0xd0 load address 0x0000000008001cd4
                0x0000000020000000                . = ALIGN (0x4)
                0x0000000020000000                _sdata = .
 *(.data)
 *(.data*)
 .data.firebase_host
                0x0000000020000000       0x29 Src/esp8266_Firbase.o
 *fill*         0x0000000020000029        0x3 
 .data.firebase_auth_key
                0x000000002000002c       0x29 Src/esp8266_Firbase.o
 *fill*         0x0000000020000055        0x3 
 .data.https_port
                0x0000000020000058        0x4 Src/esp8266_Firbase.o
 .data.device_id
                0x000000002000005c        0xf Src/esp8266_Firbase.o
 .data.found    0x000000002000006b        0x1 Src/esp8266_Firbase.o
 .data._impure_ptr
                0x000000002000006c        0x4 c:/st/stm32cubeide_1.3.0/stm32cubeide/plugins/com.st.stm32cube.ide.mcu.externaltools.gnu-tools-for-stm32.7-2018-q2-update.win32_1.0.0.201904181610/tools/bin/../lib/gcc/arm-none-eabi/7.3.1/../../../../arm-none-eabi/lib/thumb/v7-m\libc_nano.a(lib_a-impure.o)
                0x000000002000006c                _impure_ptr
 .data.impure_data
                0x0000000020000070       0x60 c:/st/stm32cubeide_1.3.0/stm32cubeide/plugins/com.st.stm32cube.ide.mcu.externaltools.gnu-tools-for-stm32.7-2018-q2-update.win32_1.0.0.201904181610/tools/bin/../lib/gcc/arm-none-eabi/7.3.1/../../../../arm-none-eabi/lib/thumb/v7-m\libc_nano.a(lib_a-impure.o)
                0x00000000200000d0                . = ALIGN (0x4)
                0x00000000200000d0                _edata = .

.igot.plt       0x00000000200000d0        0x0 load address 0x0000000008001da4
 .igot.plt      0x00000000200000d0        0x0 c:/st/stm32cubeide_1.3.0/stm32cubeide/plugins/com.st.stm32cube.ide.mcu.externaltools.gnu-tools-for-stm32.7-2018-q2-update.win32_1.0.0.201904181610/tools/bin/../lib/gcc/arm-none-eabi/7.3.1/thumb/v7-m/crtbegin.o
                0x00000000200000d0                . = ALIGN (0x4)

.bss            0x00000000200000d0      0xa78 load address 0x0000000008001da4
                0x00000000200000d0                _sbss = .
                0x00000000200000d0                __bss_start__ = _sbss
 *(.bss)
 .bss           0x00000000200000d0       0x1c c:/st/stm32cubeide_1.3.0/stm32cubeide/plugins/com.st.stm32cube.ide.mcu.externaltools.gnu-tools-for-stm32.7-2018-q2-update.win32_1.0.0.201904181610/tools/bin/../lib/gcc/arm-none-eabi/7.3.1/thumb/v7-m/crtbegin.o
 *(.bss*)
 .bss.command   0x00000000200000ec      0x100 Src/esp8266_Firbase.o
 .bss.http      0x00000000200001ec      0x200 Src/esp8266_Firbase.o
 .bss.http_len  0x00000000200003ec        0x4 Src/esp8266_Firbase.o
 .bss.content   0x00000000200003f0       0x80 Src/esp8266_Firbase.o
 .bss.content_len
                0x0000000020000470        0x4 Src/esp8266_Firbase.o
 .bss.image_path
                0x0000000020000474       0x80 Src/esp8266_Firbase.o
 .bss.heap_end.5149
                0x00000000200004f4        0x4 Src/sysmem.o
 .bss.timer2    0x00000000200004f8        0xc Src/timers.o
 .bss.timer3    0x0000000020000504        0xc Src/timers.o
 .bss.timer4    0x0000000020000510        0xc Src/timers.o
 .bss.usart2    0x000000002000051c      0x208 Src/usart.o
 .bss.usart1    0x0000000020000724      0x410 Src/usart.o
 .bss.c         0x0000000020000b34        0x1 Src/usart.o
 *fill*         0x0000000020000b35        0x3 
 .bss.__malloc_free_list
                0x0000000020000b38        0x4 c:/st/stm32cubeide_1.3.0/stm32cubeide/plugins/com.st.stm32cube.ide.mcu.externaltools.gnu-tools-for-stm32.7-2018-q2-update.win32_1.0.0.201904181610/tools/bin/../lib/gcc/arm-none-eabi/7.3.1/../../../../arm-none-eabi/lib/thumb/v7-m\libc_nano.a(lib_a-nano-mallocr.o)
                0x0000000020000b38                __malloc_free_list
 .bss.__malloc_sbrk_start
                0x0000000020000b3c        0x4 c:/st/stm32cubeide_1.3.0/stm32cubeide/plugins/com.st.stm32cube.ide.mcu.externaltools.gnu-tools-for-stm32.7-2018-q2-update.win32_1.0.0.201904181610/tools/bin/../lib/gcc/arm-none-eabi/7.3.1/../../../../arm-none-eabi/lib/thumb/v7-m\libc_nano.a(lib_a-nano-mallocr.o)
                0x0000000020000b3c                __malloc_sbrk_start
 *(COMMON)
 COMMON         0x0000000020000b40        0x1 Src/gpio_signal.o
                0x0000000020000b40                state
 *fill*         0x0000000020000b41        0x3 
 COMMON         0x0000000020000b44        0x4 c:/st/stm32cubeide_1.3.0/stm32cubeide/plugins/com.st.stm32cube.ide.mcu.externaltools.gnu-tools-for-stm32.7-2018-q2-update.win32_1.0.0.201904181610/tools/bin/../lib/gcc/arm-none-eabi/7.3.1/../../../../arm-none-eabi/lib/thumb/v7-m\libc_nano.a(lib_a-reent.o)
                0x0000000020000b44                errno
                0x0000000020000b48                . = ALIGN (0x4)
                0x0000000020000b48                _ebss = .
                0x0000000020000b48                __bss_end__ = _ebss

._user_heap_stack
                0x0000000020000b48      0x600 load address 0x0000000008001da4
                0x0000000020000b48                . = ALIGN (0x8)
                0x0000000020000b48                PROVIDE (end = .)
                [!provide]                        PROVIDE (_end = .)
                0x0000000020000d48                . = (. + _Min_Heap_Size)
 *fill*         0x0000000020000b48      0x200 
                0x0000000020001148                . = (. + _Min_Stack_Size)
 *fill*         0x0000000020000d48      0x400 
                0x0000000020001148                . = ALIGN (0x8)

/DISCARD/
 libc.a(*)
 libm.a(*)
 libgcc.a(*)

.ARM.attributes
                0x0000000000000000       0x29
 *(.ARM.attributes)
 .ARM.attributes
                0x0000000000000000       0x1d c:/st/stm32cubeide_1.3.0/stm32cubeide/plugins/com.st.stm32cube.ide.mcu.externaltools.gnu-tools-for-stm32.7-2018-q2-update.win32_1.0.0.201904181610/tools/bin/../lib/gcc/arm-none-eabi/7.3.1/thumb/v7-m/crti.o
 .ARM.attributes
                0x000000000000001d       0x2d c:/st/stm32cubeide_1.3.0/stm32cubeide/plugins/com.st.stm32cube.ide.mcu.externaltools.gnu-tools-for-stm32.7-2018-q2-update.win32_1.0.0.201904181610/tools/bin/../lib/gcc/arm-none-eabi/7.3.1/thumb/v7-m/crtbegin.o
 .ARM.attributes
                0x000000000000004a       0x33 Src/esp8266_Firbase.o
 .ARM.attributes
                0x000000000000007d       0x33 Src/gpio_signal.o
 .ARM.attributes
                0x00000000000000b0       0x33 Src/hc-sr501pir_sensor.o
 .ARM.attributes
                0x00000000000000e3       0x33 Src/main.o
 .ARM.attributes
                0x0000000000000116       0x33 Src/sysmem.o
 .ARM.attributes
                0x0000000000000149       0x33 Src/timers.o
 .ARM.attributes
                0x000000000000017c       0x33 Src/usart.o
 .ARM.attributes
                0x00000000000001af       0x21 Startup/startup_stm32f103rbtx.o
 .ARM.attributes
                0x00000000000001d0       0x2d c:/st/stm32cubeide_1.3.0/stm32cubeide/plugins/com.st.stm32cube.ide.mcu.externaltools.gnu-tools-for-stm32.7-2018-q2-update.win32_1.0.0.201904181610/tools/bin/../lib/gcc/arm-none-eabi/7.3.1/../../../../arm-none-eabi/lib/thumb/v7-m\libc_nano.a(lib_a-errno.o)
 .ARM.attributes
                0x00000000000001fd       0x2d c:/st/stm32cubeide_1.3.0/stm32cubeide/plugins/com.st.stm32cube.ide.mcu.externaltools.gnu-tools-for-stm32.7-2018-q2-update.win32_1.0.0.201904181610/tools/bin/../lib/gcc/arm-none-eabi/7.3.1/../../../../arm-none-eabi/lib/thumb/v7-m\libc_nano.a(lib_a-impure.o)
 .ARM.attributes
                0x000000000000022a       0x2d c:/st/stm32cubeide_1.3.0/stm32cubeide/plugins/com.st.stm32cube.ide.mcu.externaltools.gnu-tools-for-stm32.7-2018-q2-update.win32_1.0.0.201904181610/tools/bin/../lib/gcc/arm-none-eabi/7.3.1/../../../../arm-none-eabi/lib/thumb/v7-m\libc_nano.a(lib_a-init.o)
 .ARM.attributes
                0x0000000000000257       0x2d c:/st/stm32cubeide_1.3.0/stm32cubeide/plugins/com.st.stm32cube.ide.mcu.externaltools.gnu-tools-for-stm32.7-2018-q2-update.win32_1.0.0.201904181610/tools/bin/../lib/gcc/arm-none-eabi/7.3.1/../../../../arm-none-eabi/lib/thumb/v7-m\libc_nano.a(lib_a-memset.o)
 .ARM.attributes
                0x0000000000000284       0x2d c:/st/stm32cubeide_1.3.0/stm32cubeide/plugins/com.st.stm32cube.ide.mcu.externaltools.gnu-tools-for-stm32.7-2018-q2-update.win32_1.0.0.201904181610/tools/bin/../lib/gcc/arm-none-eabi/7.3.1/../../../../arm-none-eabi/lib/thumb/v7-m\libc_nano.a(lib_a-sprintf.o)
 .ARM.attributes
                0x00000000000002b1       0x2d c:/st/stm32cubeide_1.3.0/stm32cubeide/plugins/com.st.stm32cube.ide.mcu.externaltools.gnu-tools-for-stm32.7-2018-q2-update.win32_1.0.0.201904181610/tools/bin/../lib/gcc/arm-none-eabi/7.3.1/../../../../arm-none-eabi/lib/thumb/v7-m\libc_nano.a(lib_a-strcpy.o)
 .ARM.attributes
                0x00000000000002de       0x17 c:/st/stm32cubeide_1.3.0/stm32cubeide/plugins/com.st.stm32cube.ide.mcu.externaltools.gnu-tools-for-stm32.7-2018-q2-update.win32_1.0.0.201904181610/tools/bin/../lib/gcc/arm-none-eabi/7.3.1/../../../../arm-none-eabi/lib/thumb/v7-m\libc_nano.a(lib_a-strlen.o)
 .ARM.attributes
                0x00000000000002f5       0x2d c:/st/stm32cubeide_1.3.0/stm32cubeide/plugins/com.st.stm32cube.ide.mcu.externaltools.gnu-tools-for-stm32.7-2018-q2-update.win32_1.0.0.201904181610/tools/bin/../lib/gcc/arm-none-eabi/7.3.1/../../../../arm-none-eabi/lib/thumb/v7-m\libc_nano.a(lib_a-strstr.o)
 .ARM.attributes
                0x0000000000000322       0x2d c:/st/stm32cubeide_1.3.0/stm32cubeide/plugins/com.st.stm32cube.ide.mcu.externaltools.gnu-tools-for-stm32.7-2018-q2-update.win32_1.0.0.201904181610/tools/bin/../lib/gcc/arm-none-eabi/7.3.1/../../../../arm-none-eabi/lib/thumb/v7-m\libc_nano.a(lib_a-nano-svfprintf.o)
 .ARM.attributes
                0x000000000000034f       0x2d c:/st/stm32cubeide_1.3.0/stm32cubeide/plugins/com.st.stm32cube.ide.mcu.externaltools.gnu-tools-for-stm32.7-2018-q2-update.win32_1.0.0.201904181610/tools/bin/../lib/gcc/arm-none-eabi/7.3.1/../../../../arm-none-eabi/lib/thumb/v7-m\libc_nano.a(lib_a-nano-vfprintf_i.o)
 .ARM.attributes
                0x000000000000037c       0x2d c:/st/stm32cubeide_1.3.0/stm32cubeide/plugins/com.st.stm32cube.ide.mcu.externaltools.gnu-tools-for-stm32.7-2018-q2-update.win32_1.0.0.201904181610/tools/bin/../lib/gcc/arm-none-eabi/7.3.1/../../../../arm-none-eabi/lib/thumb/v7-m\libc_nano.a(lib_a-memchr-stub.o)
 .ARM.attributes
                0x00000000000003a9       0x2d c:/st/stm32cubeide_1.3.0/stm32cubeide/plugins/com.st.stm32cube.ide.mcu.externaltools.gnu-tools-for-stm32.7-2018-q2-update.win32_1.0.0.201904181610/tools/bin/../lib/gcc/arm-none-eabi/7.3.1/../../../../arm-none-eabi/lib/thumb/v7-m\libc_nano.a(lib_a-memcpy-stub.o)
 .ARM.attributes
                0x00000000000003d6       0x2d c:/st/stm32cubeide_1.3.0/stm32cubeide/plugins/com.st.stm32cube.ide.mcu.externaltools.gnu-tools-for-stm32.7-2018-q2-update.win32_1.0.0.201904181610/tools/bin/../lib/gcc/arm-none-eabi/7.3.1/../../../../arm-none-eabi/lib/thumb/v7-m\libc_nano.a(lib_a-memmove.o)
 .ARM.attributes
                0x0000000000000403       0x2d c:/st/stm32cubeide_1.3.0/stm32cubeide/plugins/com.st.stm32cube.ide.mcu.externaltools.gnu-tools-for-stm32.7-2018-q2-update.win32_1.0.0.201904181610/tools/bin/../lib/gcc/arm-none-eabi/7.3.1/../../../../arm-none-eabi/lib/thumb/v7-m\libc_nano.a(lib_a-nano-freer.o)
 .ARM.attributes
                0x0000000000000430       0x2d c:/st/stm32cubeide_1.3.0/stm32cubeide/plugins/com.st.stm32cube.ide.mcu.externaltools.gnu-tools-for-stm32.7-2018-q2-update.win32_1.0.0.201904181610/tools/bin/../lib/gcc/arm-none-eabi/7.3.1/../../../../arm-none-eabi/lib/thumb/v7-m\libc_nano.a(lib_a-nano-mallocr.o)
 .ARM.attributes
                0x000000000000045d       0x2d c:/st/stm32cubeide_1.3.0/stm32cubeide/plugins/com.st.stm32cube.ide.mcu.externaltools.gnu-tools-for-stm32.7-2018-q2-update.win32_1.0.0.201904181610/tools/bin/../lib/gcc/arm-none-eabi/7.3.1/../../../../arm-none-eabi/lib/thumb/v7-m\libc_nano.a(lib_a-nano-reallocr.o)
 .ARM.attributes
                0x000000000000048a       0x2d c:/st/stm32cubeide_1.3.0/stm32cubeide/plugins/com.st.stm32cube.ide.mcu.externaltools.gnu-tools-for-stm32.7-2018-q2-update.win32_1.0.0.201904181610/tools/bin/../lib/gcc/arm-none-eabi/7.3.1/../../../../arm-none-eabi/lib/thumb/v7-m\libc_nano.a(lib_a-sbrkr.o)
 .ARM.attributes
                0x00000000000004b7       0x2d c:/st/stm32cubeide_1.3.0/stm32cubeide/plugins/com.st.stm32cube.ide.mcu.externaltools.gnu-tools-for-stm32.7-2018-q2-update.win32_1.0.0.201904181610/tools/bin/../lib/gcc/arm-none-eabi/7.3.1/../../../../arm-none-eabi/lib/thumb/v7-m\libc_nano.a(lib_a-mlock.o)
 .ARM.attributes
                0x00000000000004e4       0x2d c:/st/stm32cubeide_1.3.0/stm32cubeide/plugins/com.st.stm32cube.ide.mcu.externaltools.gnu-tools-for-stm32.7-2018-q2-update.win32_1.0.0.201904181610/tools/bin/../lib/gcc/arm-none-eabi/7.3.1/../../../../arm-none-eabi/lib/thumb/v7-m\libc_nano.a(lib_a-nano-msizer.o)
 .ARM.attributes
                0x0000000000000511       0x2d c:/st/stm32cubeide_1.3.0/stm32cubeide/plugins/com.st.stm32cube.ide.mcu.externaltools.gnu-tools-for-stm32.7-2018-q2-update.win32_1.0.0.201904181610/tools/bin/../lib/gcc/arm-none-eabi/7.3.1/../../../../arm-none-eabi/lib/thumb/v7-m\libc_nano.a(lib_a-reent.o)
 .ARM.attributes
                0x000000000000053e       0x1d c:/st/stm32cubeide_1.3.0/stm32cubeide/plugins/com.st.stm32cube.ide.mcu.externaltools.gnu-tools-for-stm32.7-2018-q2-update.win32_1.0.0.201904181610/tools/bin/../lib/gcc/arm-none-eabi/7.3.1/thumb/v7-m/crtn.o
OUTPUT(stm32-f103rb-cnss.elf elf32-littlearm)

.debug_info     0x0000000000000000     0x5b03
 .debug_info    0x0000000000000000      0xd0b Src/esp8266_Firbase.o
 .debug_info    0x0000000000000d0b      0x667 Src/gpio_signal.o
 .debug_info    0x0000000000001372     0x106b Src/hc-sr501pir_sensor.o
 .debug_info    0x00000000000023dd      0x976 Src/main.o
 .debug_info    0x0000000000002d53      0x91c Src/sysmem.o
 .debug_info    0x000000000000366f     0x127f Src/timers.o
 .debug_info    0x00000000000048ee     0x11f3 Src/usart.o
 .debug_info    0x0000000000005ae1       0x22 Startup/startup_stm32f103rbtx.o

.debug_abbrev   0x0000000000000000      0xfb9
 .debug_abbrev  0x0000000000000000      0x237 Src/esp8266_Firbase.o
 .debug_abbrev  0x0000000000000237      0x1b0 Src/gpio_signal.o
 .debug_abbrev  0x00000000000003e7      0x27b Src/hc-sr501pir_sensor.o
 .debug_abbrev  0x0000000000000662      0x1a8 Src/main.o
 .debug_abbrev  0x000000000000080a      0x1bb Src/sysmem.o
 .debug_abbrev  0x00000000000009c5      0x2b2 Src/timers.o
 .debug_abbrev  0x0000000000000c77      0x330 Src/usart.o
 .debug_abbrev  0x0000000000000fa7       0x12 Startup/startup_stm32f103rbtx.o

.debug_aranges  0x0000000000000000      0x2b0
 .debug_aranges
                0x0000000000000000       0x78 Src/esp8266_Firbase.o
 .debug_aranges
                0x0000000000000078       0x48 Src/gpio_signal.o
 .debug_aranges
                0x00000000000000c0       0x50 Src/hc-sr501pir_sensor.o
 .debug_aranges
                0x0000000000000110       0x20 Src/main.o
 .debug_aranges
                0x0000000000000130       0x20 Src/sysmem.o
 .debug_aranges
                0x0000000000000150       0xc0 Src/timers.o
 .debug_aranges
                0x0000000000000210       0x78 Src/usart.o
 .debug_aranges
                0x0000000000000288       0x28 Startup/startup_stm32f103rbtx.o

.debug_ranges   0x0000000000000000      0x238
 .debug_ranges  0x0000000000000000       0x68 Src/esp8266_Firbase.o
 .debug_ranges  0x0000000000000068       0x38 Src/gpio_signal.o
 .debug_ranges  0x00000000000000a0       0x40 Src/hc-sr501pir_sensor.o
 .debug_ranges  0x00000000000000e0       0x10 Src/main.o
 .debug_ranges  0x00000000000000f0       0x10 Src/sysmem.o
 .debug_ranges  0x0000000000000100       0xb0 Src/timers.o
 .debug_ranges  0x00000000000001b0       0x68 Src/usart.o
 .debug_ranges  0x0000000000000218       0x20 Startup/startup_stm32f103rbtx.o

.debug_macro    0x0000000000000000    0x10f46
 .debug_macro   0x0000000000000000      0x2bd Src/esp8266_Firbase.o
 .debug_macro   0x00000000000002bd       0x46 Src/esp8266_Firbase.o
 .debug_macro   0x0000000000000303       0x22 Src/esp8266_Firbase.o
 .debug_macro   0x0000000000000325       0x22 Src/esp8266_Firbase.o
 .debug_macro   0x0000000000000347       0x8e Src/esp8266_Firbase.o
 .debug_macro   0x00000000000003d5       0x51 Src/esp8266_Firbase.o
 .debug_macro   0x0000000000000426       0xef Src/esp8266_Firbase.o
 .debug_macro   0x0000000000000515       0x6a Src/esp8266_Firbase.o
 .debug_macro   0x000000000000057f      0x1df Src/esp8266_Firbase.o
 .debug_macro   0x000000000000075e       0x1c Src/esp8266_Firbase.o
 .debug_macro   0x000000000000077a       0x22 Src/esp8266_Firbase.o
 .debug_macro   0x000000000000079c       0xc3 Src/esp8266_Firbase.o
 .debug_macro   0x000000000000085f      0xd23 Src/esp8266_Firbase.o
 .debug_macro   0x0000000000001582     0xe097 Src/esp8266_Firbase.o
 .debug_macro   0x000000000000f619       0x16 Src/esp8266_Firbase.o
 .debug_macro   0x000000000000f62f       0x18 Src/esp8266_Firbase.o
 .debug_macro   0x000000000000f647       0x46 Src/esp8266_Firbase.o
 .debug_macro   0x000000000000f68d       0x3c Src/esp8266_Firbase.o
 .debug_macro   0x000000000000f6c9       0x34 Src/esp8266_Firbase.o
 .debug_macro   0x000000000000f6fd       0x16 Src/esp8266_Firbase.o
 .debug_macro   0x000000000000f713      0x10e Src/esp8266_Firbase.o
 .debug_macro   0x000000000000f821       0x8d Src/esp8266_Firbase.o
 .debug_macro   0x000000000000f8ae       0x52 Src/esp8266_Firbase.o
 .debug_macro   0x000000000000f900       0x1f Src/esp8266_Firbase.o
 .debug_macro   0x000000000000f91f       0x43 Src/esp8266_Firbase.o
 .debug_macro   0x000000000000f962       0x20 Src/esp8266_Firbase.o
 .debug_macro   0x000000000000f982      0x1a3 Src/esp8266_Firbase.o
 .debug_macro   0x000000000000fb25      0x32a Src/esp8266_Firbase.o
 .debug_macro   0x000000000000fe4f       0x16 Src/esp8266_Firbase.o
 .debug_macro   0x000000000000fe65       0x29 Src/esp8266_Firbase.o
 .debug_macro   0x000000000000fe8e       0x10 Src/esp8266_Firbase.o
 .debug_macro   0x000000000000fe9e       0x16 Src/esp8266_Firbase.o
 .debug_macro   0x000000000000feb4       0x35 Src/esp8266_Firbase.o
 .debug_macro   0x000000000000fee9       0x20 Src/esp8266_Firbase.o
 .debug_macro   0x000000000000ff09       0x1c Src/esp8266_Firbase.o
 .debug_macro   0x000000000000ff25       0x10 Src/esp8266_Firbase.o
 .debug_macro   0x000000000000ff35       0x10 Src/esp8266_Firbase.o
 .debug_macro   0x000000000000ff45       0x1c Src/esp8266_Firbase.o
 .debug_macro   0x000000000000ff61       0x52 Src/esp8266_Firbase.o
 .debug_macro   0x000000000000ffb3       0x40 Src/esp8266_Firbase.o
 .debug_macro   0x000000000000fff3       0x10 Src/esp8266_Firbase.o
 .debug_macro   0x0000000000010003       0x40 Src/esp8266_Firbase.o
 .debug_macro   0x0000000000010043       0xd7 Src/esp8266_Firbase.o
 .debug_macro   0x000000000001011a       0x1c Src/esp8266_Firbase.o
 .debug_macro   0x0000000000010136       0x3d Src/esp8266_Firbase.o
 .debug_macro   0x0000000000010173       0x16 Src/esp8266_Firbase.o
 .debug_macro   0x0000000000010189      0x145 Src/esp8266_Firbase.o
 .debug_macro   0x00000000000102ce       0xbf Src/gpio_signal.o
 .debug_macro   0x000000000001038d      0x19c Src/hc-sr501pir_sensor.o
 .debug_macro   0x0000000000010529      0x1c9 Src/main.o
 .debug_macro   0x00000000000106f2      0x1ae Src/sysmem.o
 .debug_macro   0x00000000000108a0      0x23b Src/sysmem.o
 .debug_macro   0x0000000000010adb       0x16 Src/sysmem.o
 .debug_macro   0x0000000000010af1      0x289 Src/timers.o
 .debug_macro   0x0000000000010d7a      0x1cc Src/usart.o

.debug_line     0x0000000000000000     0x32e8
 .debug_line    0x0000000000000000      0x940 Src/esp8266_Firbase.o
 .debug_line    0x0000000000000940      0x56d Src/gpio_signal.o
 .debug_line    0x0000000000000ead      0x6e1 Src/hc-sr501pir_sensor.o
 .debug_line    0x000000000000158e      0x678 Src/main.o
 .debug_line    0x0000000000001c06      0x559 Src/sysmem.o
 .debug_line    0x000000000000215f      0x94a Src/timers.o
 .debug_line    0x0000000000002aa9      0x7bb Src/usart.o
 .debug_line    0x0000000000003264       0x84 Startup/startup_stm32f103rbtx.o

.debug_str      0x0000000000000000    0x59188
 .debug_str     0x0000000000000000    0x584be Src/esp8266_Firbase.o
                                      0x587f6 (size before relaxing)
 .debug_str     0x00000000000584be      0x3e0 Src/gpio_signal.o
                                      0x542c0 (size before relaxing)
 .debug_str     0x000000000005889e      0x109 Src/hc-sr501pir_sensor.o
                                      0x57770 (size before relaxing)
 .debug_str     0x00000000000589a7       0x32 Src/main.o
                                      0x57399 (size before relaxing)
 .debug_str     0x00000000000589d9      0x4cc Src/sysmem.o
                                       0x7ade (size before relaxing)
 .debug_str     0x0000000000058ea5      0x1b6 Src/timers.o
                                      0x58abc (size before relaxing)
 .debug_str     0x000000000005905b       0xfc Src/usart.o
                                      0x57869 (size before relaxing)
 .debug_str     0x0000000000059157       0x31 Startup/startup_stm32f103rbtx.o
                                         0x70 (size before relaxing)

.comment        0x0000000000000000       0x7b
 .comment       0x0000000000000000       0x7b Src/esp8266_Firbase.o
                                         0x7c (size before relaxing)
 .comment       0x000000000000007b       0x7c Src/gpio_signal.o
 .comment       0x000000000000007b       0x7c Src/hc-sr501pir_sensor.o
 .comment       0x000000000000007b       0x7c Src/main.o
 .comment       0x000000000000007b       0x7c Src/sysmem.o
 .comment       0x000000000000007b       0x7c Src/timers.o
 .comment       0x000000000000007b       0x7c Src/usart.o

.debug_frame    0x0000000000000000      0xc68
 .debug_frame   0x0000000000000000      0x1a8 Src/esp8266_Firbase.o
 .debug_frame   0x00000000000001a8       0xd0 Src/gpio_signal.o
 .debug_frame   0x0000000000000278      0x100 Src/hc-sr501pir_sensor.o
 .debug_frame   0x0000000000000378       0x2c Src/main.o
 .debug_frame   0x00000000000003a4       0x34 Src/sysmem.o
 .debug_frame   0x00000000000003d8      0x2d4 Src/timers.o
 .debug_frame   0x00000000000006ac      0x1b4 Src/usart.o
 .debug_frame   0x0000000000000860       0x20 c:/st/stm32cubeide_1.3.0/stm32cubeide/plugins/com.st.stm32cube.ide.mcu.externaltools.gnu-tools-for-stm32.7-2018-q2-update.win32_1.0.0.201904181610/tools/bin/../lib/gcc/arm-none-eabi/7.3.1/../../../../arm-none-eabi/lib/thumb/v7-m\libc_nano.a(lib_a-errno.o)
 .debug_frame   0x0000000000000880       0x2c c:/st/stm32cubeide_1.3.0/stm32cubeide/plugins/com.st.stm32cube.ide.mcu.externaltools.gnu-tools-for-stm32.7-2018-q2-update.win32_1.0.0.201904181610/tools/bin/../lib/gcc/arm-none-eabi/7.3.1/../../../../arm-none-eabi/lib/thumb/v7-m\libc_nano.a(lib_a-init.o)
 .debug_frame   0x00000000000008ac       0x20 c:/st/stm32cubeide_1.3.0/stm32cubeide/plugins/com.st.stm32cube.ide.mcu.externaltools.gnu-tools-for-stm32.7-2018-q2-update.win32_1.0.0.201904181610/tools/bin/../lib/gcc/arm-none-eabi/7.3.1/../../../../arm-none-eabi/lib/thumb/v7-m\libc_nano.a(lib_a-memset.o)
 .debug_frame   0x00000000000008cc       0x6c c:/st/stm32cubeide_1.3.0/stm32cubeide/plugins/com.st.stm32cube.ide.mcu.externaltools.gnu-tools-for-stm32.7-2018-q2-update.win32_1.0.0.201904181610/tools/bin/../lib/gcc/arm-none-eabi/7.3.1/../../../../arm-none-eabi/lib/thumb/v7-m\libc_nano.a(lib_a-sprintf.o)
 .debug_frame   0x0000000000000938       0x20 c:/st/stm32cubeide_1.3.0/stm32cubeide/plugins/com.st.stm32cube.ide.mcu.externaltools.gnu-tools-for-stm32.7-2018-q2-update.win32_1.0.0.201904181610/tools/bin/../lib/gcc/arm-none-eabi/7.3.1/../../../../arm-none-eabi/lib/thumb/v7-m\libc_nano.a(lib_a-strcpy.o)
 .debug_frame   0x0000000000000958       0x30 c:/st/stm32cubeide_1.3.0/stm32cubeide/plugins/com.st.stm32cube.ide.mcu.externaltools.gnu-tools-for-stm32.7-2018-q2-update.win32_1.0.0.201904181610/tools/bin/../lib/gcc/arm-none-eabi/7.3.1/../../../../arm-none-eabi/lib/thumb/v7-m\libc_nano.a(lib_a-strstr.o)
 .debug_frame   0x0000000000000988       0x90 c:/st/stm32cubeide_1.3.0/stm32cubeide/plugins/com.st.stm32cube.ide.mcu.externaltools.gnu-tools-for-stm32.7-2018-q2-update.win32_1.0.0.201904181610/tools/bin/../lib/gcc/arm-none-eabi/7.3.1/../../../../arm-none-eabi/lib/thumb/v7-m\libc_nano.a(lib_a-nano-svfprintf.o)
 .debug_frame   0x0000000000000a18       0x60 c:/st/stm32cubeide_1.3.0/stm32cubeide/plugins/com.st.stm32cube.ide.mcu.externaltools.gnu-tools-for-stm32.7-2018-q2-update.win32_1.0.0.201904181610/tools/bin/../lib/gcc/arm-none-eabi/7.3.1/../../../../arm-none-eabi/lib/thumb/v7-m\libc_nano.a(lib_a-nano-vfprintf_i.o)
 .debug_frame   0x0000000000000a78       0x28 c:/st/stm32cubeide_1.3.0/stm32cubeide/plugins/com.st.stm32cube.ide.mcu.externaltools.gnu-tools-for-stm32.7-2018-q2-update.win32_1.0.0.201904181610/tools/bin/../lib/gcc/arm-none-eabi/7.3.1/../../../../arm-none-eabi/lib/thumb/v7-m\libc_nano.a(lib_a-memchr-stub.o)
 .debug_frame   0x0000000000000aa0       0x28 c:/st/stm32cubeide_1.3.0/stm32cubeide/plugins/com.st.stm32cube.ide.mcu.externaltools.gnu-tools-for-stm32.7-2018-q2-update.win32_1.0.0.201904181610/tools/bin/../lib/gcc/arm-none-eabi/7.3.1/../../../../arm-none-eabi/lib/thumb/v7-m\libc_nano.a(lib_a-memcpy-stub.o)
 .debug_frame   0x0000000000000ac8       0x28 c:/st/stm32cubeide_1.3.0/stm32cubeide/plugins/com.st.stm32cube.ide.mcu.externaltools.gnu-tools-for-stm32.7-2018-q2-update.win32_1.0.0.201904181610/tools/bin/../lib/gcc/arm-none-eabi/7.3.1/../../../../arm-none-eabi/lib/thumb/v7-m\libc_nano.a(lib_a-memmove.o)
 .debug_frame   0x0000000000000af0       0x38 c:/st/stm32cubeide_1.3.0/stm32cubeide/plugins/com.st.stm32cube.ide.mcu.externaltools.gnu-tools-for-stm32.7-2018-q2-update.win32_1.0.0.201904181610/tools/bin/../lib/gcc/arm-none-eabi/7.3.1/../../../../arm-none-eabi/lib/thumb/v7-m\libc_nano.a(lib_a-nano-freer.o)
 .debug_frame   0x0000000000000b28       0x2c c:/st/stm32cubeide_1.3.0/stm32cubeide/plugins/com.st.stm32cube.ide.mcu.externaltools.gnu-tools-for-stm32.7-2018-q2-update.win32_1.0.0.201904181610/tools/bin/../lib/gcc/arm-none-eabi/7.3.1/../../../../arm-none-eabi/lib/thumb/v7-m\libc_nano.a(lib_a-nano-mallocr.o)
 .debug_frame   0x0000000000000b54       0x3c c:/st/stm32cubeide_1.3.0/stm32cubeide/plugins/com.st.stm32cube.ide.mcu.externaltools.gnu-tools-for-stm32.7-2018-q2-update.win32_1.0.0.201904181610/tools/bin/../lib/gcc/arm-none-eabi/7.3.1/../../../../arm-none-eabi/lib/thumb/v7-m\libc_nano.a(lib_a-nano-reallocr.o)
 .debug_frame   0x0000000000000b90       0x2c c:/st/stm32cubeide_1.3.0/stm32cubeide/plugins/com.st.stm32cube.ide.mcu.externaltools.gnu-tools-for-stm32.7-2018-q2-update.win32_1.0.0.201904181610/tools/bin/../lib/gcc/arm-none-eabi/7.3.1/../../../../arm-none-eabi/lib/thumb/v7-m\libc_nano.a(lib_a-sbrkr.o)
 .debug_frame   0x0000000000000bbc       0x30 c:/st/stm32cubeide_1.3.0/stm32cubeide/plugins/com.st.stm32cube.ide.mcu.externaltools.gnu-tools-for-stm32.7-2018-q2-update.win32_1.0.0.201904181610/tools/bin/../lib/gcc/arm-none-eabi/7.3.1/../../../../arm-none-eabi/lib/thumb/v7-m\libc_nano.a(lib_a-mlock.o)
 .debug_frame   0x0000000000000bec       0x20 c:/st/stm32cubeide_1.3.0/stm32cubeide/plugins/com.st.stm32cube.ide.mcu.externaltools.gnu-tools-for-stm32.7-2018-q2-update.win32_1.0.0.201904181610/tools/bin/../lib/gcc/arm-none-eabi/7.3.1/../../../../arm-none-eabi/lib/thumb/v7-m\libc_nano.a(lib_a-nano-msizer.o)
 .debug_frame   0x0000000000000c0c       0x5c c:/st/stm32cubeide_1.3.0/stm32cubeide/plugins/com.st.stm32cube.ide.mcu.externaltools.gnu-tools-for-stm32.7-2018-q2-update.win32_1.0.0.201904181610/tools/bin/../lib/gcc/arm-none-eabi/7.3.1/../../../../arm-none-eabi/lib/thumb/v7-m\libc_nano.a(lib_a-reent.o)
