Archive member included to satisfy reference by file (symbol)

c:/st/stm32cubeide_1.3.0/stm32cubeide/plugins/com.st.stm32cube.ide.mcu.externaltools.gnu-tools-for-stm32.7-2018-q2-update.win32_1.0.0.201904181610/tools/bin/../lib/gcc/arm-none-eabi/7.3.1/../../../../arm-none-eabi/lib/thumb/v7-m\libc_nano.a(lib_a-errno.o)
                              Src/syscalls.o (__errno)
c:/st/stm32cubeide_1.3.0/stm32cubeide/plugins/com.st.stm32cube.ide.mcu.externaltools.gnu-tools-for-stm32.7-2018-q2-update.win32_1.0.0.201904181610/tools/bin/../lib/gcc/arm-none-eabi/7.3.1/../../../../arm-none-eabi/lib/thumb/v7-m\libc_nano.a(lib_a-exit.o)
                              c:/st/stm32cubeide_1.3.0/stm32cubeide/plugins/com.st.stm32cube.ide.mcu.externaltools.gnu-tools-for-stm32.7-2018-q2-update.win32_1.0.0.201904181610/tools/bin/../lib/gcc/arm-none-eabi/7.3.1/../../../../arm-none-eabi/lib/thumb/v7-m/crt0.o (exit)
c:/st/stm32cubeide_1.3.0/stm32cubeide/plugins/com.st.stm32cube.ide.mcu.externaltools.gnu-tools-for-stm32.7-2018-q2-update.win32_1.0.0.201904181610/tools/bin/../lib/gcc/arm-none-eabi/7.3.1/../../../../arm-none-eabi/lib/thumb/v7-m\libc_nano.a(lib_a-impure.o)
                              c:/st/stm32cubeide_1.3.0/stm32cubeide/plugins/com.st.stm32cube.ide.mcu.externaltools.gnu-tools-for-stm32.7-2018-q2-update.win32_1.0.0.201904181610/tools/bin/../lib/gcc/arm-none-eabi/7.3.1/../../../../arm-none-eabi/lib/thumb/v7-m\libc_nano.a(lib_a-exit.o) (_global_impure_ptr)
c:/st/stm32cubeide_1.3.0/stm32cubeide/plugins/com.st.stm32cube.ide.mcu.externaltools.gnu-tools-for-stm32.7-2018-q2-update.win32_1.0.0.201904181610/tools/bin/../lib/gcc/arm-none-eabi/7.3.1/../../../../arm-none-eabi/lib/thumb/v7-m\libc_nano.a(lib_a-init.o)
                              c:/st/stm32cubeide_1.3.0/stm32cubeide/plugins/com.st.stm32cube.ide.mcu.externaltools.gnu-tools-for-stm32.7-2018-q2-update.win32_1.0.0.201904181610/tools/bin/../lib/gcc/arm-none-eabi/7.3.1/../../../../arm-none-eabi/lib/thumb/v7-m/crt0.o (__libc_init_array)
c:/st/stm32cubeide_1.3.0/stm32cubeide/plugins/com.st.stm32cube.ide.mcu.externaltools.gnu-tools-for-stm32.7-2018-q2-update.win32_1.0.0.201904181610/tools/bin/../lib/gcc/arm-none-eabi/7.3.1/../../../../arm-none-eabi/lib/thumb/v7-m\libc_nano.a(lib_a-memset.o)
                              c:/st/stm32cubeide_1.3.0/stm32cubeide/plugins/com.st.stm32cube.ide.mcu.externaltools.gnu-tools-for-stm32.7-2018-q2-update.win32_1.0.0.201904181610/tools/bin/../lib/gcc/arm-none-eabi/7.3.1/../../../../arm-none-eabi/lib/thumb/v7-m/crt0.o (memset)

Allocating common symbols
Common symbol       size              file

state               0x1               Src/gpio_signal.o

Discarded input sections

 .text          0x0000000000000000        0x0 c:/st/stm32cubeide_1.3.0/stm32cubeide/plugins/com.st.stm32cube.ide.mcu.externaltools.gnu-tools-for-stm32.7-2018-q2-update.win32_1.0.0.201904181610/tools/bin/../lib/gcc/arm-none-eabi/7.3.1/thumb/v7-m/crti.o
 .data          0x0000000000000000        0x0 c:/st/stm32cubeide_1.3.0/stm32cubeide/plugins/com.st.stm32cube.ide.mcu.externaltools.gnu-tools-for-stm32.7-2018-q2-update.win32_1.0.0.201904181610/tools/bin/../lib/gcc/arm-none-eabi/7.3.1/thumb/v7-m/crti.o
 .bss           0x0000000000000000        0x0 c:/st/stm32cubeide_1.3.0/stm32cubeide/plugins/com.st.stm32cube.ide.mcu.externaltools.gnu-tools-for-stm32.7-2018-q2-update.win32_1.0.0.201904181610/tools/bin/../lib/gcc/arm-none-eabi/7.3.1/thumb/v7-m/crti.o
 .data          0x0000000000000000        0x4 c:/st/stm32cubeide_1.3.0/stm32cubeide/plugins/com.st.stm32cube.ide.mcu.externaltools.gnu-tools-for-stm32.7-2018-q2-update.win32_1.0.0.201904181610/tools/bin/../lib/gcc/arm-none-eabi/7.3.1/thumb/v7-m/crtbegin.o
 .text          0x0000000000000000       0x74 c:/st/stm32cubeide_1.3.0/stm32cubeide/plugins/com.st.stm32cube.ide.mcu.externaltools.gnu-tools-for-stm32.7-2018-q2-update.win32_1.0.0.201904181610/tools/bin/../lib/gcc/arm-none-eabi/7.3.1/../../../../arm-none-eabi/lib/thumb/v7-m/crt0.o
 .data          0x0000000000000000        0x0 c:/st/stm32cubeide_1.3.0/stm32cubeide/plugins/com.st.stm32cube.ide.mcu.externaltools.gnu-tools-for-stm32.7-2018-q2-update.win32_1.0.0.201904181610/tools/bin/../lib/gcc/arm-none-eabi/7.3.1/../../../../arm-none-eabi/lib/thumb/v7-m/crt0.o
 .bss           0x0000000000000000        0x0 c:/st/stm32cubeide_1.3.0/stm32cubeide/plugins/com.st.stm32cube.ide.mcu.externaltools.gnu-tools-for-stm32.7-2018-q2-update.win32_1.0.0.201904181610/tools/bin/../lib/gcc/arm-none-eabi/7.3.1/../../../../arm-none-eabi/lib/thumb/v7-m/crt0.o
 .ARM.extab     0x0000000000000000        0x0 c:/st/stm32cubeide_1.3.0/stm32cubeide/plugins/com.st.stm32cube.ide.mcu.externaltools.gnu-tools-for-stm32.7-2018-q2-update.win32_1.0.0.201904181610/tools/bin/../lib/gcc/arm-none-eabi/7.3.1/../../../../arm-none-eabi/lib/thumb/v7-m/crt0.o
 .ARM.exidx     0x0000000000000000        0x8 c:/st/stm32cubeide_1.3.0/stm32cubeide/plugins/com.st.stm32cube.ide.mcu.externaltools.gnu-tools-for-stm32.7-2018-q2-update.win32_1.0.0.201904181610/tools/bin/../lib/gcc/arm-none-eabi/7.3.1/../../../../arm-none-eabi/lib/thumb/v7-m/crt0.o
 .ARM.attributes
                0x0000000000000000       0x1b c:/st/stm32cubeide_1.3.0/stm32cubeide/plugins/com.st.stm32cube.ide.mcu.externaltools.gnu-tools-for-stm32.7-2018-q2-update.win32_1.0.0.201904181610/tools/bin/../lib/gcc/arm-none-eabi/7.3.1/../../../../arm-none-eabi/lib/thumb/v7-m/crt0.o
 .group         0x0000000000000000        0xc Src/event_queue.o
 .group         0x0000000000000000        0xc Src/event_queue.o
 .group         0x0000000000000000        0xc Src/event_queue.o
 .group         0x0000000000000000        0xc Src/event_queue.o
 .group         0x0000000000000000        0xc Src/event_queue.o
 .group         0x0000000000000000        0xc Src/event_queue.o
 .group         0x0000000000000000        0xc Src/event_queue.o
 .group         0x0000000000000000        0xc Src/event_queue.o
 .group         0x0000000000000000        0xc Src/event_queue.o
 .group         0x0000000000000000        0xc Src/event_queue.o
 .group         0x0000000000000000        0xc Src/event_queue.o
 .group         0x0000000000000000        0xc Src/event_queue.o
 .group         0x0000000000000000        0xc Src/event_queue.o
 .group         0x0000000000000000        0xc Src/event_queue.o
 .group         0x0000000000000000        0xc Src/event_queue.o
 .group         0x0000000000000000        0xc Src/event_queue.o
 .group         0x0000000000000000        0xc Src/event_queue.o
 .group         0x0000000000000000        0xc Src/event_queue.o
 .group         0x0000000000000000        0xc Src/event_queue.o
 .group         0x0000000000000000        0xc Src/event_queue.o
 .group         0x0000000000000000        0xc Src/event_queue.o
 .group         0x0000000000000000        0xc Src/event_queue.o
 .group         0x0000000000000000        0xc Src/event_queue.o
 .group         0x0000000000000000        0xc Src/event_queue.o
 .group         0x0000000000000000        0xc Src/event_queue.o
 .group         0x0000000000000000        0xc Src/event_queue.o
 .group         0x0000000000000000        0xc Src/event_queue.o
 .group         0x0000000000000000        0xc Src/event_queue.o
 .text          0x0000000000000000        0x0 Src/event_queue.o
 .data          0x0000000000000000        0x0 Src/event_queue.o
 .bss           0x0000000000000000        0x0 Src/event_queue.o
 .bss.queue     0x0000000000000000      0x20c Src/event_queue.o
 .text.init_queue
                0x0000000000000000       0x28 Src/event_queue.o
 .text.add_event
                0x0000000000000000       0x50 Src/event_queue.o
 .text.do_event
                0x0000000000000000       0x54 Src/event_queue.o
 .text.queue_isFull
                0x0000000000000000       0x2c Src/event_queue.o
 .text.queue_isEmpty
                0x0000000000000000       0x28 Src/event_queue.o
 .debug_info    0x0000000000000000      0xa87 Src/event_queue.o
 .debug_abbrev  0x0000000000000000      0x225 Src/event_queue.o
 .debug_aranges
                0x0000000000000000       0x40 Src/event_queue.o
 .debug_ranges  0x0000000000000000       0x30 Src/event_queue.o
 .debug_macro   0x0000000000000000      0x181 Src/event_queue.o
 .debug_macro   0x0000000000000000      0xa66 Src/event_queue.o
 .debug_macro   0x0000000000000000       0x22 Src/event_queue.o
 .debug_macro   0x0000000000000000       0x22 Src/event_queue.o
 .debug_macro   0x0000000000000000       0x8e Src/event_queue.o
 .debug_macro   0x0000000000000000       0x51 Src/event_queue.o
 .debug_macro   0x0000000000000000       0xef Src/event_queue.o
 .debug_macro   0x0000000000000000       0x6a Src/event_queue.o
 .debug_macro   0x0000000000000000      0x1df Src/event_queue.o
 .debug_macro   0x0000000000000000       0x1c Src/event_queue.o
 .debug_macro   0x0000000000000000       0x22 Src/event_queue.o
 .debug_macro   0x0000000000000000       0xc3 Src/event_queue.o
 .debug_macro   0x0000000000000000      0xd23 Src/event_queue.o
 .debug_macro   0x0000000000000000     0xe097 Src/event_queue.o
 .debug_macro   0x0000000000000000       0x18 Src/event_queue.o
 .debug_macro   0x0000000000000000       0x46 Src/event_queue.o
 .debug_macro   0x0000000000000000       0x3c Src/event_queue.o
 .debug_macro   0x0000000000000000       0x34 Src/event_queue.o
 .debug_macro   0x0000000000000000       0x16 Src/event_queue.o
 .debug_macro   0x0000000000000000      0x10e Src/event_queue.o
 .debug_macro   0x0000000000000000       0x8d Src/event_queue.o
 .debug_macro   0x0000000000000000       0x52 Src/event_queue.o
 .debug_macro   0x0000000000000000       0x1f Src/event_queue.o
 .debug_macro   0x0000000000000000       0x43 Src/event_queue.o
 .debug_macro   0x0000000000000000       0x20 Src/event_queue.o
 .debug_macro   0x0000000000000000      0x1a3 Src/event_queue.o
 .debug_macro   0x0000000000000000      0x32a Src/event_queue.o
 .debug_macro   0x0000000000000000       0x16 Src/event_queue.o
 .debug_macro   0x0000000000000000       0x29 Src/event_queue.o
 .debug_line    0x0000000000000000      0x66c Src/event_queue.o
 .debug_str     0x0000000000000000    0x57239 Src/event_queue.o
 .comment       0x0000000000000000       0x7c Src/event_queue.o
 .debug_frame   0x0000000000000000       0xb8 Src/event_queue.o
 .ARM.attributes
                0x0000000000000000       0x33 Src/event_queue.o
 .group         0x0000000000000000        0xc Src/gpio_signal.o
 .group         0x0000000000000000        0xc Src/gpio_signal.o
 .group         0x0000000000000000        0xc Src/gpio_signal.o
 .group         0x0000000000000000        0xc Src/gpio_signal.o
 .group         0x0000000000000000        0xc Src/gpio_signal.o
 .group         0x0000000000000000        0xc Src/gpio_signal.o
 .group         0x0000000000000000        0xc Src/gpio_signal.o
 .group         0x0000000000000000        0xc Src/gpio_signal.o
 .group         0x0000000000000000        0xc Src/gpio_signal.o
 .group         0x0000000000000000        0xc Src/gpio_signal.o
 .group         0x0000000000000000        0xc Src/gpio_signal.o
 .group         0x0000000000000000        0xc Src/gpio_signal.o
 .group         0x0000000000000000        0xc Src/gpio_signal.o
 .text          0x0000000000000000        0x0 Src/gpio_signal.o
 .data          0x0000000000000000        0x0 Src/gpio_signal.o
 .bss           0x0000000000000000        0x0 Src/gpio_signal.o
 .text.__NVIC_EnableIRQ
                0x0000000000000000       0x38 Src/gpio_signal.o
 .text.init     0x0000000000000000       0x60 Src/gpio_signal.o
 .text.init_interrupt
                0x0000000000000000       0xac Src/gpio_signal.o
 .text.init_interrupt_D6
                0x0000000000000000       0xac Src/gpio_signal.o
 .text.was_pressed
                0x0000000000000000       0x24 Src/gpio_signal.o
 .text.toggle_ld2
                0x0000000000000000       0x44 Src/gpio_signal.o
 .debug_macro   0x0000000000000000      0xa66 Src/gpio_signal.o
 .debug_macro   0x0000000000000000       0x22 Src/gpio_signal.o
 .debug_macro   0x0000000000000000       0x22 Src/gpio_signal.o
 .debug_macro   0x0000000000000000       0x8e Src/gpio_signal.o
 .debug_macro   0x0000000000000000       0x51 Src/gpio_signal.o
 .debug_macro   0x0000000000000000       0xef Src/gpio_signal.o
 .debug_macro   0x0000000000000000       0x6a Src/gpio_signal.o
 .debug_macro   0x0000000000000000      0x1df Src/gpio_signal.o
 .debug_macro   0x0000000000000000       0x1c Src/gpio_signal.o
 .debug_macro   0x0000000000000000       0x22 Src/gpio_signal.o
 .debug_macro   0x0000000000000000       0xc3 Src/gpio_signal.o
 .debug_macro   0x0000000000000000      0xd23 Src/gpio_signal.o
 .debug_macro   0x0000000000000000     0xe097 Src/gpio_signal.o
 .group         0x0000000000000000        0xc Src/hc-sr501pir_sensor.o
 .group         0x0000000000000000        0xc Src/hc-sr501pir_sensor.o
 .group         0x0000000000000000        0xc Src/hc-sr501pir_sensor.o
 .group         0x0000000000000000        0xc Src/hc-sr501pir_sensor.o
 .group         0x0000000000000000        0xc Src/hc-sr501pir_sensor.o
 .group         0x0000000000000000        0xc Src/hc-sr501pir_sensor.o
 .group         0x0000000000000000        0xc Src/hc-sr501pir_sensor.o
 .group         0x0000000000000000        0xc Src/hc-sr501pir_sensor.o
 .group         0x0000000000000000        0xc Src/hc-sr501pir_sensor.o
 .group         0x0000000000000000        0xc Src/hc-sr501pir_sensor.o
 .group         0x0000000000000000        0xc Src/hc-sr501pir_sensor.o
 .group         0x0000000000000000        0xc Src/hc-sr501pir_sensor.o
 .group         0x0000000000000000        0xc Src/hc-sr501pir_sensor.o
 .text          0x0000000000000000        0x0 Src/hc-sr501pir_sensor.o
 .data          0x0000000000000000        0x0 Src/hc-sr501pir_sensor.o
 .bss           0x0000000000000000        0x0 Src/hc-sr501pir_sensor.o
 .text.__NVIC_EnableIRQ
                0x0000000000000000       0x38 Src/hc-sr501pir_sensor.o
 .text.__NVIC_SetPriority
                0x0000000000000000       0x54 Src/hc-sr501pir_sensor.o
 .text.init_sensor_with_interrupt
                0x0000000000000000       0x8c Src/hc-sr501pir_sensor.o
 .text.init_sensor_led_response
                0x0000000000000000       0x44 Src/hc-sr501pir_sensor.o
 .debug_macro   0x0000000000000000      0xa66 Src/hc-sr501pir_sensor.o
 .debug_macro   0x0000000000000000       0x22 Src/hc-sr501pir_sensor.o
 .debug_macro   0x0000000000000000       0x22 Src/hc-sr501pir_sensor.o
 .debug_macro   0x0000000000000000       0x8e Src/hc-sr501pir_sensor.o
 .debug_macro   0x0000000000000000       0x51 Src/hc-sr501pir_sensor.o
 .debug_macro   0x0000000000000000       0xef Src/hc-sr501pir_sensor.o
 .debug_macro   0x0000000000000000       0x6a Src/hc-sr501pir_sensor.o
 .debug_macro   0x0000000000000000      0x1df Src/hc-sr501pir_sensor.o
 .debug_macro   0x0000000000000000       0x1c Src/hc-sr501pir_sensor.o
 .debug_macro   0x0000000000000000       0x22 Src/hc-sr501pir_sensor.o
 .debug_macro   0x0000000000000000       0xc3 Src/hc-sr501pir_sensor.o
 .debug_macro   0x0000000000000000      0xd23 Src/hc-sr501pir_sensor.o
 .debug_macro   0x0000000000000000     0xe097 Src/hc-sr501pir_sensor.o
 .group         0x0000000000000000        0xc Src/main.o
 .group         0x0000000000000000        0xc Src/main.o
 .group         0x0000000000000000        0xc Src/main.o
 .group         0x0000000000000000        0xc Src/main.o
 .group         0x0000000000000000        0xc Src/main.o
 .group         0x0000000000000000        0xc Src/main.o
 .group         0x0000000000000000        0xc Src/main.o
 .group         0x0000000000000000        0xc Src/main.o
 .group         0x0000000000000000        0xc Src/main.o
 .group         0x0000000000000000        0xc Src/main.o
 .group         0x0000000000000000        0xc Src/main.o
 .group         0x0000000000000000        0xc Src/main.o
 .group         0x0000000000000000        0xc Src/main.o
 .group         0x0000000000000000        0xc Src/main.o
 .group         0x0000000000000000        0xc Src/main.o
 .group         0x0000000000000000        0xc Src/main.o
 .group         0x0000000000000000        0xc Src/main.o
 .group         0x0000000000000000        0xc Src/main.o
 .group         0x0000000000000000        0xc Src/main.o
 .group         0x0000000000000000        0xc Src/main.o
 .group         0x0000000000000000        0xc Src/main.o
 .group         0x0000000000000000        0xc Src/main.o
 .group         0x0000000000000000        0xc Src/main.o
 .group         0x0000000000000000        0xc Src/main.o
 .group         0x0000000000000000        0xc Src/main.o
 .group         0x0000000000000000        0xc Src/main.o
 .group         0x0000000000000000        0xc Src/main.o
 .group         0x0000000000000000        0xc Src/main.o
 .text          0x0000000000000000        0x0 Src/main.o
 .data          0x0000000000000000        0x0 Src/main.o
 .bss           0x0000000000000000        0x0 Src/main.o
 .debug_macro   0x0000000000000000      0xa66 Src/main.o
 .debug_macro   0x0000000000000000       0x22 Src/main.o
 .debug_macro   0x0000000000000000       0x22 Src/main.o
 .debug_macro   0x0000000000000000       0x8e Src/main.o
 .debug_macro   0x0000000000000000       0x51 Src/main.o
 .debug_macro   0x0000000000000000       0xef Src/main.o
 .debug_macro   0x0000000000000000       0x6a Src/main.o
 .debug_macro   0x0000000000000000      0x1df Src/main.o
 .debug_macro   0x0000000000000000       0x1c Src/main.o
 .debug_macro   0x0000000000000000       0x22 Src/main.o
 .debug_macro   0x0000000000000000       0xc3 Src/main.o
 .debug_macro   0x0000000000000000      0xd23 Src/main.o
 .debug_macro   0x0000000000000000     0xe097 Src/main.o
 .debug_macro   0x0000000000000000       0x18 Src/main.o
 .debug_macro   0x0000000000000000       0x46 Src/main.o
 .debug_macro   0x0000000000000000       0x3c Src/main.o
 .debug_macro   0x0000000000000000       0x34 Src/main.o
 .debug_macro   0x0000000000000000       0x16 Src/main.o
 .debug_macro   0x0000000000000000      0x10e Src/main.o
 .debug_macro   0x0000000000000000       0x8d Src/main.o
 .debug_macro   0x0000000000000000       0x52 Src/main.o
 .debug_macro   0x0000000000000000       0x1f Src/main.o
 .debug_macro   0x0000000000000000       0x43 Src/main.o
 .debug_macro   0x0000000000000000       0x20 Src/main.o
 .debug_macro   0x0000000000000000      0x1a3 Src/main.o
 .debug_macro   0x0000000000000000      0x32a Src/main.o
 .debug_macro   0x0000000000000000       0x16 Src/main.o
 .debug_macro   0x0000000000000000       0x29 Src/main.o
 .group         0x0000000000000000        0xc Src/syscalls.o
 .group         0x0000000000000000        0xc Src/syscalls.o
 .group         0x0000000000000000        0xc Src/syscalls.o
 .group         0x0000000000000000        0xc Src/syscalls.o
 .group         0x0000000000000000        0xc Src/syscalls.o
 .group         0x0000000000000000        0xc Src/syscalls.o
 .group         0x0000000000000000        0xc Src/syscalls.o
 .group         0x0000000000000000        0xc Src/syscalls.o
 .group         0x0000000000000000        0xc Src/syscalls.o
 .group         0x0000000000000000        0xc Src/syscalls.o
 .group         0x0000000000000000        0xc Src/syscalls.o
 .group         0x0000000000000000        0xc Src/syscalls.o
 .group         0x0000000000000000        0xc Src/syscalls.o
 .group         0x0000000000000000        0xc Src/syscalls.o
 .group         0x0000000000000000        0xc Src/syscalls.o
 .group         0x0000000000000000        0xc Src/syscalls.o
 .group         0x0000000000000000        0xc Src/syscalls.o
 .group         0x0000000000000000        0xc Src/syscalls.o
 .group         0x0000000000000000        0xc Src/syscalls.o
 .group         0x0000000000000000        0xc Src/syscalls.o
 .group         0x0000000000000000        0xc Src/syscalls.o
 .group         0x0000000000000000        0xc Src/syscalls.o
 .group         0x0000000000000000        0xc Src/syscalls.o
 .group         0x0000000000000000        0xc Src/syscalls.o
 .group         0x0000000000000000        0xc Src/syscalls.o
 .group         0x0000000000000000        0xc Src/syscalls.o
 .group         0x0000000000000000        0xc Src/syscalls.o
 .group         0x0000000000000000        0xc Src/syscalls.o
 .group         0x0000000000000000        0xc Src/syscalls.o
 .group         0x0000000000000000        0xc Src/syscalls.o
 .group         0x0000000000000000        0xc Src/syscalls.o
 .group         0x0000000000000000        0xc Src/syscalls.o
 .group         0x0000000000000000        0xc Src/syscalls.o
 .group         0x0000000000000000        0xc Src/syscalls.o
 .group         0x0000000000000000        0xc Src/syscalls.o
 .group         0x0000000000000000        0xc Src/syscalls.o
 .group         0x0000000000000000        0xc Src/syscalls.o
 .group         0x0000000000000000        0xc Src/syscalls.o
 .group         0x0000000000000000        0xc Src/syscalls.o
 .group         0x0000000000000000        0xc Src/syscalls.o
 .group         0x0000000000000000        0xc Src/syscalls.o
 .group         0x0000000000000000        0xc Src/syscalls.o
 .group         0x0000000000000000        0xc Src/syscalls.o
 .group         0x0000000000000000        0xc Src/syscalls.o
 .text          0x0000000000000000        0x0 Src/syscalls.o
 .data          0x0000000000000000        0x0 Src/syscalls.o
 .bss           0x0000000000000000        0x0 Src/syscalls.o
 .bss.__env     0x0000000000000000        0x4 Src/syscalls.o
 .data.environ  0x0000000000000000        0x4 Src/syscalls.o
 .text.initialise_monitor_handles
                0x0000000000000000        0xc Src/syscalls.o
 .text._getpid  0x0000000000000000        0xe Src/syscalls.o
 .text._kill    0x0000000000000000       0x20 Src/syscalls.o
 .text._exit    0x0000000000000000       0x14 Src/syscalls.o
 .text._read    0x0000000000000000       0x3a Src/syscalls.o
 .text._write   0x0000000000000000       0x38 Src/syscalls.o
 .text._close   0x0000000000000000       0x16 Src/syscalls.o
 .text._fstat   0x0000000000000000       0x1e Src/syscalls.o
 .text._isatty  0x0000000000000000       0x14 Src/syscalls.o
 .text._lseek   0x0000000000000000       0x18 Src/syscalls.o
 .text._open    0x0000000000000000       0x1a Src/syscalls.o
 .text._wait    0x0000000000000000       0x1e Src/syscalls.o
 .text._unlink  0x0000000000000000       0x1e Src/syscalls.o
 .text._times   0x0000000000000000       0x16 Src/syscalls.o
 .text._stat    0x0000000000000000       0x1e Src/syscalls.o
 .text._link    0x0000000000000000       0x20 Src/syscalls.o
 .text._fork    0x0000000000000000       0x16 Src/syscalls.o
 .text._execve  0x0000000000000000       0x22 Src/syscalls.o
 .debug_info    0x0000000000000000      0xebd Src/syscalls.o
 .debug_abbrev  0x0000000000000000      0x261 Src/syscalls.o
 .debug_aranges
                0x0000000000000000       0xa8 Src/syscalls.o
 .debug_ranges  0x0000000000000000       0x98 Src/syscalls.o
 .debug_macro   0x0000000000000000      0x243 Src/syscalls.o
 .debug_macro   0x0000000000000000      0xa66 Src/syscalls.o
 .debug_macro   0x0000000000000000       0x22 Src/syscalls.o
 .debug_macro   0x0000000000000000       0x40 Src/syscalls.o
 .debug_macro   0x0000000000000000       0x18 Src/syscalls.o
 .debug_macro   0x0000000000000000       0x94 Src/syscalls.o
 .debug_macro   0x0000000000000000       0x3c Src/syscalls.o
 .debug_macro   0x0000000000000000       0x34 Src/syscalls.o
 .debug_macro   0x0000000000000000       0x57 Src/syscalls.o
 .debug_macro   0x0000000000000000      0x174 Src/syscalls.o
 .debug_macro   0x0000000000000000      0x330 Src/syscalls.o
 .debug_macro   0x0000000000000000       0x52 Src/syscalls.o
 .debug_macro   0x0000000000000000       0x1f Src/syscalls.o
 .debug_macro   0x0000000000000000       0x43 Src/syscalls.o
 .debug_macro   0x0000000000000000       0x20 Src/syscalls.o
 .debug_macro   0x0000000000000000      0x1a3 Src/syscalls.o
 .debug_macro   0x0000000000000000       0x10 Src/syscalls.o
 .debug_macro   0x0000000000000000       0x35 Src/syscalls.o
 .debug_macro   0x0000000000000000       0x10 Src/syscalls.o
 .debug_macro   0x0000000000000000       0x10 Src/syscalls.o
 .debug_macro   0x0000000000000000       0x10 Src/syscalls.o
 .debug_macro   0x0000000000000000       0x6a Src/syscalls.o
 .debug_macro   0x0000000000000000       0x1c Src/syscalls.o
 .debug_macro   0x0000000000000000       0x52 Src/syscalls.o
 .debug_macro   0x0000000000000000       0x40 Src/syscalls.o
 .debug_macro   0x0000000000000000       0x10 Src/syscalls.o
 .debug_macro   0x0000000000000000       0x40 Src/syscalls.o
 .debug_macro   0x0000000000000000       0xd7 Src/syscalls.o
 .debug_macro   0x0000000000000000       0x1c Src/syscalls.o
 .debug_macro   0x0000000000000000       0x3d Src/syscalls.o
 .debug_macro   0x0000000000000000       0x35 Src/syscalls.o
 .debug_macro   0x0000000000000000      0x122 Src/syscalls.o
 .debug_macro   0x0000000000000000       0x16 Src/syscalls.o
 .debug_macro   0x0000000000000000       0x16 Src/syscalls.o
 .debug_macro   0x0000000000000000       0x29 Src/syscalls.o
 .debug_macro   0x0000000000000000       0x10 Src/syscalls.o
 .debug_macro   0x0000000000000000      0x241 Src/syscalls.o
 .debug_macro   0x0000000000000000       0x1c Src/syscalls.o
 .debug_macro   0x0000000000000000       0x10 Src/syscalls.o
 .debug_macro   0x0000000000000000       0x10 Src/syscalls.o
 .debug_macro   0x0000000000000000       0x16 Src/syscalls.o
 .debug_macro   0x0000000000000000      0x145 Src/syscalls.o
 .debug_macro   0x0000000000000000      0x189 Src/syscalls.o
 .debug_macro   0x0000000000000000       0x16 Src/syscalls.o
 .debug_macro   0x0000000000000000       0x88 Src/syscalls.o
 .debug_line    0x0000000000000000      0x739 Src/syscalls.o
 .debug_str     0x0000000000000000     0x8885 Src/syscalls.o
 .comment       0x0000000000000000       0x7c Src/syscalls.o
 .debug_frame   0x0000000000000000      0x2ac Src/syscalls.o
 .ARM.attributes
                0x0000000000000000       0x33 Src/syscalls.o
 .group         0x0000000000000000        0xc Src/sysmem.o
 .group         0x0000000000000000        0xc Src/sysmem.o
 .group         0x0000000000000000        0xc Src/sysmem.o
 .group         0x0000000000000000        0xc Src/sysmem.o
 .group         0x0000000000000000        0xc Src/sysmem.o
 .group         0x0000000000000000        0xc Src/sysmem.o
 .group         0x0000000000000000        0xc Src/sysmem.o
 .group         0x0000000000000000        0xc Src/sysmem.o
 .group         0x0000000000000000        0xc Src/sysmem.o
 .group         0x0000000000000000        0xc Src/sysmem.o
 .group         0x0000000000000000        0xc Src/sysmem.o
 .group         0x0000000000000000        0xc Src/sysmem.o
 .group         0x0000000000000000        0xc Src/sysmem.o
 .group         0x0000000000000000        0xc Src/sysmem.o
 .group         0x0000000000000000        0xc Src/sysmem.o
 .group         0x0000000000000000        0xc Src/sysmem.o
 .group         0x0000000000000000        0xc Src/sysmem.o
 .group         0x0000000000000000        0xc Src/sysmem.o
 .group         0x0000000000000000        0xc Src/sysmem.o
 .group         0x0000000000000000        0xc Src/sysmem.o
 .group         0x0000000000000000        0xc Src/sysmem.o
 .group         0x0000000000000000        0xc Src/sysmem.o
 .group         0x0000000000000000        0xc Src/sysmem.o
 .group         0x0000000000000000        0xc Src/sysmem.o
 .group         0x0000000000000000        0xc Src/sysmem.o
 .group         0x0000000000000000        0xc Src/sysmem.o
 .group         0x0000000000000000        0xc Src/sysmem.o
 .group         0x0000000000000000        0xc Src/sysmem.o
 .group         0x0000000000000000        0xc Src/sysmem.o
 .group         0x0000000000000000        0xc Src/sysmem.o
 .group         0x0000000000000000        0xc Src/sysmem.o
 .group         0x0000000000000000        0xc Src/sysmem.o
 .text          0x0000000000000000        0x0 Src/sysmem.o
 .data          0x0000000000000000        0x0 Src/sysmem.o
 .bss           0x0000000000000000        0x0 Src/sysmem.o
 .bss.heap_end.5149
                0x0000000000000000        0x4 Src/sysmem.o
 .text._sbrk    0x0000000000000000       0x58 Src/sysmem.o
 .debug_info    0x0000000000000000      0x91c Src/sysmem.o
 .debug_abbrev  0x0000000000000000      0x1bb Src/sysmem.o
 .debug_aranges
                0x0000000000000000       0x20 Src/sysmem.o
 .debug_ranges  0x0000000000000000       0x10 Src/sysmem.o
 .debug_macro   0x0000000000000000      0x1ae Src/sysmem.o
 .debug_macro   0x0000000000000000      0xa66 Src/sysmem.o
 .debug_macro   0x0000000000000000       0x10 Src/sysmem.o
 .debug_macro   0x0000000000000000       0x22 Src/sysmem.o
 .debug_macro   0x0000000000000000       0x40 Src/sysmem.o
 .debug_macro   0x0000000000000000       0x18 Src/sysmem.o
 .debug_macro   0x0000000000000000       0x94 Src/sysmem.o
 .debug_macro   0x0000000000000000       0x3c Src/sysmem.o
 .debug_macro   0x0000000000000000       0x34 Src/sysmem.o
 .debug_macro   0x0000000000000000      0x174 Src/sysmem.o
 .debug_macro   0x0000000000000000       0x57 Src/sysmem.o
 .debug_macro   0x0000000000000000       0x52 Src/sysmem.o
 .debug_macro   0x0000000000000000       0x1f Src/sysmem.o
 .debug_macro   0x0000000000000000       0x43 Src/sysmem.o
 .debug_macro   0x0000000000000000       0x20 Src/sysmem.o
 .debug_macro   0x0000000000000000      0x1a3 Src/sysmem.o
 .debug_macro   0x0000000000000000      0x23b Src/sysmem.o
 .debug_macro   0x0000000000000000       0x16 Src/sysmem.o
 .debug_macro   0x0000000000000000       0x35 Src/sysmem.o
 .debug_macro   0x0000000000000000      0x330 Src/sysmem.o
 .debug_macro   0x0000000000000000       0x10 Src/sysmem.o
 .debug_macro   0x0000000000000000       0x10 Src/sysmem.o
 .debug_macro   0x0000000000000000       0x6a Src/sysmem.o
 .debug_macro   0x0000000000000000       0x1c Src/sysmem.o
 .debug_macro   0x0000000000000000       0x52 Src/sysmem.o
 .debug_macro   0x0000000000000000       0x40 Src/sysmem.o
 .debug_macro   0x0000000000000000       0x10 Src/sysmem.o
 .debug_macro   0x0000000000000000       0x40 Src/sysmem.o
 .debug_macro   0x0000000000000000       0xd7 Src/sysmem.o
 .debug_macro   0x0000000000000000       0x1c Src/sysmem.o
 .debug_macro   0x0000000000000000       0x3d Src/sysmem.o
 .debug_macro   0x0000000000000000       0x16 Src/sysmem.o
 .debug_macro   0x0000000000000000      0x145 Src/sysmem.o
 .debug_line    0x0000000000000000      0x559 Src/sysmem.o
 .debug_str     0x0000000000000000     0x7ade Src/sysmem.o
 .comment       0x0000000000000000       0x7c Src/sysmem.o
 .debug_frame   0x0000000000000000       0x34 Src/sysmem.o
 .ARM.attributes
                0x0000000000000000       0x33 Src/sysmem.o
 .group         0x0000000000000000        0xc Src/usart.o
 .group         0x0000000000000000        0xc Src/usart.o
 .group         0x0000000000000000        0xc Src/usart.o
 .group         0x0000000000000000        0xc Src/usart.o
 .group         0x0000000000000000        0xc Src/usart.o
 .group         0x0000000000000000        0xc Src/usart.o
 .group         0x0000000000000000        0xc Src/usart.o
 .group         0x0000000000000000        0xc Src/usart.o
 .group         0x0000000000000000        0xc Src/usart.o
 .group         0x0000000000000000        0xc Src/usart.o
 .group         0x0000000000000000        0xc Src/usart.o
 .group         0x0000000000000000        0xc Src/usart.o
 .group         0x0000000000000000        0xc Src/usart.o
 .text          0x0000000000000000        0x0 Src/usart.o
 .data          0x0000000000000000        0x0 Src/usart.o
 .bss           0x0000000000000000        0x0 Src/usart.o
 .debug_macro   0x0000000000000000      0xa66 Src/usart.o
 .debug_macro   0x0000000000000000       0x22 Src/usart.o
 .debug_macro   0x0000000000000000       0x22 Src/usart.o
 .debug_macro   0x0000000000000000       0x8e Src/usart.o
 .debug_macro   0x0000000000000000       0x51 Src/usart.o
 .debug_macro   0x0000000000000000       0xef Src/usart.o
 .debug_macro   0x0000000000000000       0x6a Src/usart.o
 .debug_macro   0x0000000000000000      0x1df Src/usart.o
 .debug_macro   0x0000000000000000       0x1c Src/usart.o
 .debug_macro   0x0000000000000000       0x22 Src/usart.o
 .debug_macro   0x0000000000000000       0xc3 Src/usart.o
 .debug_macro   0x0000000000000000      0xd23 Src/usart.o
 .debug_macro   0x0000000000000000     0xe097 Src/usart.o
 .text          0x0000000000000000       0x14 Startup/startup_stm32f103rbtx.o
 .data          0x0000000000000000        0x0 Startup/startup_stm32f103rbtx.o
 .bss           0x0000000000000000        0x0 Startup/startup_stm32f103rbtx.o
 .text          0x0000000000000000        0x0 c:/st/stm32cubeide_1.3.0/stm32cubeide/plugins/com.st.stm32cube.ide.mcu.externaltools.gnu-tools-for-stm32.7-2018-q2-update.win32_1.0.0.201904181610/tools/bin/../lib/gcc/arm-none-eabi/7.3.1/../../../../arm-none-eabi/lib/thumb/v7-m\libc_nano.a(lib_a-errno.o)
 .data          0x0000000000000000        0x0 c:/st/stm32cubeide_1.3.0/stm32cubeide/plugins/com.st.stm32cube.ide.mcu.externaltools.gnu-tools-for-stm32.7-2018-q2-update.win32_1.0.0.201904181610/tools/bin/../lib/gcc/arm-none-eabi/7.3.1/../../../../arm-none-eabi/lib/thumb/v7-m\libc_nano.a(lib_a-errno.o)
 .bss           0x0000000000000000        0x0 c:/st/stm32cubeide_1.3.0/stm32cubeide/plugins/com.st.stm32cube.ide.mcu.externaltools.gnu-tools-for-stm32.7-2018-q2-update.win32_1.0.0.201904181610/tools/bin/../lib/gcc/arm-none-eabi/7.3.1/../../../../arm-none-eabi/lib/thumb/v7-m\libc_nano.a(lib_a-errno.o)
 .text.__errno  0x0000000000000000        0xc c:/st/stm32cubeide_1.3.0/stm32cubeide/plugins/com.st.stm32cube.ide.mcu.externaltools.gnu-tools-for-stm32.7-2018-q2-update.win32_1.0.0.201904181610/tools/bin/../lib/gcc/arm-none-eabi/7.3.1/../../../../arm-none-eabi/lib/thumb/v7-m\libc_nano.a(lib_a-errno.o)
 .debug_frame   0x0000000000000000       0x20 c:/st/stm32cubeide_1.3.0/stm32cubeide/plugins/com.st.stm32cube.ide.mcu.externaltools.gnu-tools-for-stm32.7-2018-q2-update.win32_1.0.0.201904181610/tools/bin/../lib/gcc/arm-none-eabi/7.3.1/../../../../arm-none-eabi/lib/thumb/v7-m\libc_nano.a(lib_a-errno.o)
 .ARM.attributes
                0x0000000000000000       0x2d c:/st/stm32cubeide_1.3.0/stm32cubeide/plugins/com.st.stm32cube.ide.mcu.externaltools.gnu-tools-for-stm32.7-2018-q2-update.win32_1.0.0.201904181610/tools/bin/../lib/gcc/arm-none-eabi/7.3.1/../../../../arm-none-eabi/lib/thumb/v7-m\libc_nano.a(lib_a-errno.o)
 .text          0x0000000000000000        0x0 c:/st/stm32cubeide_1.3.0/stm32cubeide/plugins/com.st.stm32cube.ide.mcu.externaltools.gnu-tools-for-stm32.7-2018-q2-update.win32_1.0.0.201904181610/tools/bin/../lib/gcc/arm-none-eabi/7.3.1/../../../../arm-none-eabi/lib/thumb/v7-m\libc_nano.a(lib_a-exit.o)
 .data          0x0000000000000000        0x0 c:/st/stm32cubeide_1.3.0/stm32cubeide/plugins/com.st.stm32cube.ide.mcu.externaltools.gnu-tools-for-stm32.7-2018-q2-update.win32_1.0.0.201904181610/tools/bin/../lib/gcc/arm-none-eabi/7.3.1/../../../../arm-none-eabi/lib/thumb/v7-m\libc_nano.a(lib_a-exit.o)
 .bss           0x0000000000000000        0x0 c:/st/stm32cubeide_1.3.0/stm32cubeide/plugins/com.st.stm32cube.ide.mcu.externaltools.gnu-tools-for-stm32.7-2018-q2-update.win32_1.0.0.201904181610/tools/bin/../lib/gcc/arm-none-eabi/7.3.1/../../../../arm-none-eabi/lib/thumb/v7-m\libc_nano.a(lib_a-exit.o)
 .text.exit     0x0000000000000000       0x28 c:/st/stm32cubeide_1.3.0/stm32cubeide/plugins/com.st.stm32cube.ide.mcu.externaltools.gnu-tools-for-stm32.7-2018-q2-update.win32_1.0.0.201904181610/tools/bin/../lib/gcc/arm-none-eabi/7.3.1/../../../../arm-none-eabi/lib/thumb/v7-m\libc_nano.a(lib_a-exit.o)
 .debug_frame   0x0000000000000000       0x28 c:/st/stm32cubeide_1.3.0/stm32cubeide/plugins/com.st.stm32cube.ide.mcu.externaltools.gnu-tools-for-stm32.7-2018-q2-update.win32_1.0.0.201904181610/tools/bin/../lib/gcc/arm-none-eabi/7.3.1/../../../../arm-none-eabi/lib/thumb/v7-m\libc_nano.a(lib_a-exit.o)
 .ARM.attributes
                0x0000000000000000       0x2d c:/st/stm32cubeide_1.3.0/stm32cubeide/plugins/com.st.stm32cube.ide.mcu.externaltools.gnu-tools-for-stm32.7-2018-q2-update.win32_1.0.0.201904181610/tools/bin/../lib/gcc/arm-none-eabi/7.3.1/../../../../arm-none-eabi/lib/thumb/v7-m\libc_nano.a(lib_a-exit.o)
 .text          0x0000000000000000        0x0 c:/st/stm32cubeide_1.3.0/stm32cubeide/plugins/com.st.stm32cube.ide.mcu.externaltools.gnu-tools-for-stm32.7-2018-q2-update.win32_1.0.0.201904181610/tools/bin/../lib/gcc/arm-none-eabi/7.3.1/../../../../arm-none-eabi/lib/thumb/v7-m\libc_nano.a(lib_a-impure.o)
 .data          0x0000000000000000        0x0 c:/st/stm32cubeide_1.3.0/stm32cubeide/plugins/com.st.stm32cube.ide.mcu.externaltools.gnu-tools-for-stm32.7-2018-q2-update.win32_1.0.0.201904181610/tools/bin/../lib/gcc/arm-none-eabi/7.3.1/../../../../arm-none-eabi/lib/thumb/v7-m\libc_nano.a(lib_a-impure.o)
 .bss           0x0000000000000000        0x0 c:/st/stm32cubeide_1.3.0/stm32cubeide/plugins/com.st.stm32cube.ide.mcu.externaltools.gnu-tools-for-stm32.7-2018-q2-update.win32_1.0.0.201904181610/tools/bin/../lib/gcc/arm-none-eabi/7.3.1/../../../../arm-none-eabi/lib/thumb/v7-m\libc_nano.a(lib_a-impure.o)
 .data._impure_ptr
                0x0000000000000000        0x4 c:/st/stm32cubeide_1.3.0/stm32cubeide/plugins/com.st.stm32cube.ide.mcu.externaltools.gnu-tools-for-stm32.7-2018-q2-update.win32_1.0.0.201904181610/tools/bin/../lib/gcc/arm-none-eabi/7.3.1/../../../../arm-none-eabi/lib/thumb/v7-m\libc_nano.a(lib_a-impure.o)
 .data.impure_data
                0x0000000000000000       0x60 c:/st/stm32cubeide_1.3.0/stm32cubeide/plugins/com.st.stm32cube.ide.mcu.externaltools.gnu-tools-for-stm32.7-2018-q2-update.win32_1.0.0.201904181610/tools/bin/../lib/gcc/arm-none-eabi/7.3.1/../../../../arm-none-eabi/lib/thumb/v7-m\libc_nano.a(lib_a-impure.o)
 .rodata._global_impure_ptr
                0x0000000000000000        0x4 c:/st/stm32cubeide_1.3.0/stm32cubeide/plugins/com.st.stm32cube.ide.mcu.externaltools.gnu-tools-for-stm32.7-2018-q2-update.win32_1.0.0.201904181610/tools/bin/../lib/gcc/arm-none-eabi/7.3.1/../../../../arm-none-eabi/lib/thumb/v7-m\libc_nano.a(lib_a-impure.o)
 .ARM.attributes
                0x0000000000000000       0x2d c:/st/stm32cubeide_1.3.0/stm32cubeide/plugins/com.st.stm32cube.ide.mcu.externaltools.gnu-tools-for-stm32.7-2018-q2-update.win32_1.0.0.201904181610/tools/bin/../lib/gcc/arm-none-eabi/7.3.1/../../../../arm-none-eabi/lib/thumb/v7-m\libc_nano.a(lib_a-impure.o)
 .text          0x0000000000000000        0x0 c:/st/stm32cubeide_1.3.0/stm32cubeide/plugins/com.st.stm32cube.ide.mcu.externaltools.gnu-tools-for-stm32.7-2018-q2-update.win32_1.0.0.201904181610/tools/bin/../lib/gcc/arm-none-eabi/7.3.1/../../../../arm-none-eabi/lib/thumb/v7-m\libc_nano.a(lib_a-init.o)
 .data          0x0000000000000000        0x0 c:/st/stm32cubeide_1.3.0/stm32cubeide/plugins/com.st.stm32cube.ide.mcu.externaltools.gnu-tools-for-stm32.7-2018-q2-update.win32_1.0.0.201904181610/tools/bin/../lib/gcc/arm-none-eabi/7.3.1/../../../../arm-none-eabi/lib/thumb/v7-m\libc_nano.a(lib_a-init.o)
 .bss           0x0000000000000000        0x0 c:/st/stm32cubeide_1.3.0/stm32cubeide/plugins/com.st.stm32cube.ide.mcu.externaltools.gnu-tools-for-stm32.7-2018-q2-update.win32_1.0.0.201904181610/tools/bin/../lib/gcc/arm-none-eabi/7.3.1/../../../../arm-none-eabi/lib/thumb/v7-m\libc_nano.a(lib_a-init.o)
 .text          0x0000000000000000        0x0 c:/st/stm32cubeide_1.3.0/stm32cubeide/plugins/com.st.stm32cube.ide.mcu.externaltools.gnu-tools-for-stm32.7-2018-q2-update.win32_1.0.0.201904181610/tools/bin/../lib/gcc/arm-none-eabi/7.3.1/../../../../arm-none-eabi/lib/thumb/v7-m\libc_nano.a(lib_a-memset.o)
 .data          0x0000000000000000        0x0 c:/st/stm32cubeide_1.3.0/stm32cubeide/plugins/com.st.stm32cube.ide.mcu.externaltools.gnu-tools-for-stm32.7-2018-q2-update.win32_1.0.0.201904181610/tools/bin/../lib/gcc/arm-none-eabi/7.3.1/../../../../arm-none-eabi/lib/thumb/v7-m\libc_nano.a(lib_a-memset.o)
 .bss           0x0000000000000000        0x0 c:/st/stm32cubeide_1.3.0/stm32cubeide/plugins/com.st.stm32cube.ide.mcu.externaltools.gnu-tools-for-stm32.7-2018-q2-update.win32_1.0.0.201904181610/tools/bin/../lib/gcc/arm-none-eabi/7.3.1/../../../../arm-none-eabi/lib/thumb/v7-m\libc_nano.a(lib_a-memset.o)
 .text.memset   0x0000000000000000       0x10 c:/st/stm32cubeide_1.3.0/stm32cubeide/plugins/com.st.stm32cube.ide.mcu.externaltools.gnu-tools-for-stm32.7-2018-q2-update.win32_1.0.0.201904181610/tools/bin/../lib/gcc/arm-none-eabi/7.3.1/../../../../arm-none-eabi/lib/thumb/v7-m\libc_nano.a(lib_a-memset.o)
 .debug_frame   0x0000000000000000       0x20 c:/st/stm32cubeide_1.3.0/stm32cubeide/plugins/com.st.stm32cube.ide.mcu.externaltools.gnu-tools-for-stm32.7-2018-q2-update.win32_1.0.0.201904181610/tools/bin/../lib/gcc/arm-none-eabi/7.3.1/../../../../arm-none-eabi/lib/thumb/v7-m\libc_nano.a(lib_a-memset.o)
 .ARM.attributes
                0x0000000000000000       0x2d c:/st/stm32cubeide_1.3.0/stm32cubeide/plugins/com.st.stm32cube.ide.mcu.externaltools.gnu-tools-for-stm32.7-2018-q2-update.win32_1.0.0.201904181610/tools/bin/../lib/gcc/arm-none-eabi/7.3.1/../../../../arm-none-eabi/lib/thumb/v7-m\libc_nano.a(lib_a-memset.o)
 .text          0x0000000000000000        0x0 c:/st/stm32cubeide_1.3.0/stm32cubeide/plugins/com.st.stm32cube.ide.mcu.externaltools.gnu-tools-for-stm32.7-2018-q2-update.win32_1.0.0.201904181610/tools/bin/../lib/gcc/arm-none-eabi/7.3.1/thumb/v7-m/crtend.o
 .data          0x0000000000000000        0x0 c:/st/stm32cubeide_1.3.0/stm32cubeide/plugins/com.st.stm32cube.ide.mcu.externaltools.gnu-tools-for-stm32.7-2018-q2-update.win32_1.0.0.201904181610/tools/bin/../lib/gcc/arm-none-eabi/7.3.1/thumb/v7-m/crtend.o
 .bss           0x0000000000000000        0x0 c:/st/stm32cubeide_1.3.0/stm32cubeide/plugins/com.st.stm32cube.ide.mcu.externaltools.gnu-tools-for-stm32.7-2018-q2-update.win32_1.0.0.201904181610/tools/bin/../lib/gcc/arm-none-eabi/7.3.1/thumb/v7-m/crtend.o
 .eh_frame      0x0000000000000000        0x4 c:/st/stm32cubeide_1.3.0/stm32cubeide/plugins/com.st.stm32cube.ide.mcu.externaltools.gnu-tools-for-stm32.7-2018-q2-update.win32_1.0.0.201904181610/tools/bin/../lib/gcc/arm-none-eabi/7.3.1/thumb/v7-m/crtend.o
 .ARM.attributes
                0x0000000000000000       0x2d c:/st/stm32cubeide_1.3.0/stm32cubeide/plugins/com.st.stm32cube.ide.mcu.externaltools.gnu-tools-for-stm32.7-2018-q2-update.win32_1.0.0.201904181610/tools/bin/../lib/gcc/arm-none-eabi/7.3.1/thumb/v7-m/crtend.o
 .text          0x0000000000000000        0x0 c:/st/stm32cubeide_1.3.0/stm32cubeide/plugins/com.st.stm32cube.ide.mcu.externaltools.gnu-tools-for-stm32.7-2018-q2-update.win32_1.0.0.201904181610/tools/bin/../lib/gcc/arm-none-eabi/7.3.1/thumb/v7-m/crtn.o
 .data          0x0000000000000000        0x0 c:/st/stm32cubeide_1.3.0/stm32cubeide/plugins/com.st.stm32cube.ide.mcu.externaltools.gnu-tools-for-stm32.7-2018-q2-update.win32_1.0.0.201904181610/tools/bin/../lib/gcc/arm-none-eabi/7.3.1/thumb/v7-m/crtn.o
 .bss           0x0000000000000000        0x0 c:/st/stm32cubeide_1.3.0/stm32cubeide/plugins/com.st.stm32cube.ide.mcu.externaltools.gnu-tools-for-stm32.7-2018-q2-update.win32_1.0.0.201904181610/tools/bin/../lib/gcc/arm-none-eabi/7.3.1/thumb/v7-m/crtn.o

Memory Configuration

Name             Origin             Length             Attributes
RAM              0x0000000020000000 0x0000000000005000 xrw
ROM              0x0000000008000000 0x0000000000020000 xr
*default*        0x0000000000000000 0xffffffffffffffff

Linker script and memory map

LOAD c:/st/stm32cubeide_1.3.0/stm32cubeide/plugins/com.st.stm32cube.ide.mcu.externaltools.gnu-tools-for-stm32.7-2018-q2-update.win32_1.0.0.201904181610/tools/bin/../lib/gcc/arm-none-eabi/7.3.1/thumb/v7-m/crti.o
LOAD c:/st/stm32cubeide_1.3.0/stm32cubeide/plugins/com.st.stm32cube.ide.mcu.externaltools.gnu-tools-for-stm32.7-2018-q2-update.win32_1.0.0.201904181610/tools/bin/../lib/gcc/arm-none-eabi/7.3.1/thumb/v7-m/crtbegin.o
LOAD c:/st/stm32cubeide_1.3.0/stm32cubeide/plugins/com.st.stm32cube.ide.mcu.externaltools.gnu-tools-for-stm32.7-2018-q2-update.win32_1.0.0.201904181610/tools/bin/../lib/gcc/arm-none-eabi/7.3.1/../../../../arm-none-eabi/lib/thumb/v7-m/crt0.o
LOAD Src/event_queue.o
LOAD Src/gpio_signal.o
LOAD Src/hc-sr501pir_sensor.o
LOAD Src/main.o
LOAD Src/syscalls.o
LOAD Src/sysmem.o
LOAD Src/usart.o
LOAD Startup/startup_stm32f103rbtx.o
START GROUP
LOAD c:/st/stm32cubeide_1.3.0/stm32cubeide/plugins/com.st.stm32cube.ide.mcu.externaltools.gnu-tools-for-stm32.7-2018-q2-update.win32_1.0.0.201904181610/tools/bin/../lib/gcc/arm-none-eabi/7.3.1/../../../../arm-none-eabi/lib/thumb/v7-m\libc_nano.a
LOAD c:/st/stm32cubeide_1.3.0/stm32cubeide/plugins/com.st.stm32cube.ide.mcu.externaltools.gnu-tools-for-stm32.7-2018-q2-update.win32_1.0.0.201904181610/tools/bin/../lib/gcc/arm-none-eabi/7.3.1/../../../../arm-none-eabi/lib/thumb/v7-m\libm.a
END GROUP
START GROUP
LOAD c:/st/stm32cubeide_1.3.0/stm32cubeide/plugins/com.st.stm32cube.ide.mcu.externaltools.gnu-tools-for-stm32.7-2018-q2-update.win32_1.0.0.201904181610/tools/bin/../lib/gcc/arm-none-eabi/7.3.1/thumb/v7-m\libgcc.a
LOAD c:/st/stm32cubeide_1.3.0/stm32cubeide/plugins/com.st.stm32cube.ide.mcu.externaltools.gnu-tools-for-stm32.7-2018-q2-update.win32_1.0.0.201904181610/tools/bin/../lib/gcc/arm-none-eabi/7.3.1/../../../../arm-none-eabi/lib/thumb/v7-m\libc_nano.a
END GROUP
START GROUP
LOAD c:/st/stm32cubeide_1.3.0/stm32cubeide/plugins/com.st.stm32cube.ide.mcu.externaltools.gnu-tools-for-stm32.7-2018-q2-update.win32_1.0.0.201904181610/tools/bin/../lib/gcc/arm-none-eabi/7.3.1/thumb/v7-m\libgcc.a
LOAD c:/st/stm32cubeide_1.3.0/stm32cubeide/plugins/com.st.stm32cube.ide.mcu.externaltools.gnu-tools-for-stm32.7-2018-q2-update.win32_1.0.0.201904181610/tools/bin/../lib/gcc/arm-none-eabi/7.3.1/../../../../arm-none-eabi/lib/thumb/v7-m\libc_nano.a
LOAD c:/st/stm32cubeide_1.3.0/stm32cubeide/plugins/com.st.stm32cube.ide.mcu.externaltools.gnu-tools-for-stm32.7-2018-q2-update.win32_1.0.0.201904181610/tools/bin/../lib/gcc/arm-none-eabi/7.3.1/../../../../arm-none-eabi/lib/thumb/v7-m\libnosys.a
END GROUP
START GROUP
LOAD c:/st/stm32cubeide_1.3.0/stm32cubeide/plugins/com.st.stm32cube.ide.mcu.externaltools.gnu-tools-for-stm32.7-2018-q2-update.win32_1.0.0.201904181610/tools/bin/../lib/gcc/arm-none-eabi/7.3.1/thumb/v7-m\libgcc.a
LOAD c:/st/stm32cubeide_1.3.0/stm32cubeide/plugins/com.st.stm32cube.ide.mcu.externaltools.gnu-tools-for-stm32.7-2018-q2-update.win32_1.0.0.201904181610/tools/bin/../lib/gcc/arm-none-eabi/7.3.1/../../../../arm-none-eabi/lib/thumb/v7-m\libc_nano.a
LOAD c:/st/stm32cubeide_1.3.0/stm32cubeide/plugins/com.st.stm32cube.ide.mcu.externaltools.gnu-tools-for-stm32.7-2018-q2-update.win32_1.0.0.201904181610/tools/bin/../lib/gcc/arm-none-eabi/7.3.1/../../../../arm-none-eabi/lib/thumb/v7-m\libnosys.a
END GROUP
LOAD c:/st/stm32cubeide_1.3.0/stm32cubeide/plugins/com.st.stm32cube.ide.mcu.externaltools.gnu-tools-for-stm32.7-2018-q2-update.win32_1.0.0.201904181610/tools/bin/../lib/gcc/arm-none-eabi/7.3.1/thumb/v7-m/crtend.o
LOAD c:/st/stm32cubeide_1.3.0/stm32cubeide/plugins/com.st.stm32cube.ide.mcu.externaltools.gnu-tools-for-stm32.7-2018-q2-update.win32_1.0.0.201904181610/tools/bin/../lib/gcc/arm-none-eabi/7.3.1/thumb/v7-m/crtn.o
                0x0000000020005000                _estack = (ORIGIN (RAM) + LENGTH (RAM))
                0x0000000000000200                _Min_Heap_Size = 0x200
                0x0000000000000400                _Min_Stack_Size = 0x400

.isr_vector     0x0000000008000000      0x130
                0x0000000008000000                . = ALIGN (0x4)
 *(.isr_vector)
 .isr_vector    0x0000000008000000      0x130 Startup/startup_stm32f103rbtx.o
                0x0000000008000000                g_pfnVectors
                0x0000000008000130                . = ALIGN (0x4)

.text           0x0000000008000130      0x1fc
                0x0000000008000130                . = ALIGN (0x4)
 *(.text)
 .text          0x0000000008000130       0x40 c:/st/stm32cubeide_1.3.0/stm32cubeide/plugins/com.st.stm32cube.ide.mcu.externaltools.gnu-tools-for-stm32.7-2018-q2-update.win32_1.0.0.201904181610/tools/bin/../lib/gcc/arm-none-eabi/7.3.1/thumb/v7-m/crtbegin.o
 *(.text*)
 .text.toggle_led
                0x0000000008000170       0x44 Src/hc-sr501pir_sensor.o
                0x0000000008000170                toggle_led
 .text.EXTI4_IRQHandler
                0x00000000080001b4       0x1c Src/hc-sr501pir_sensor.o
                0x00000000080001b4                EXTI4_IRQHandler
 .text.EXTI15_10_IRQHandler
                0x00000000080001d0       0x1c Src/hc-sr501pir_sensor.o
                0x00000000080001d0                EXTI15_10_IRQHandler
 .text.main     0x00000000080001ec        0xe Src/main.o
                0x00000000080001ec                main
 .text.SysTick_Handler
                0x00000000080001fa        0xc Src/main.o
                0x00000000080001fa                SysTick_Handler
 *fill*         0x0000000008000206        0x2 
 .text.init_usart
                0x0000000008000208       0x4c Src/usart.o
                0x0000000008000208                init_usart
 .text.write    0x0000000008000254       0x24 Src/usart.o
                0x0000000008000254                write
 .text.Reset_Handler
                0x0000000008000278       0x50 Startup/startup_stm32f103rbtx.o
                0x0000000008000278                Reset_Handler
 .text.Default_Handler
                0x00000000080002c8        0x2 Startup/startup_stm32f103rbtx.o
                0x00000000080002c8                EXTI2_IRQHandler
                0x00000000080002c8                TIM8_TRG_COM_IRQHandler
                0x00000000080002c8                TIM8_CC_IRQHandler
                0x00000000080002c8                DebugMon_Handler
                0x00000000080002c8                TIM1_CC_IRQHandler
                0x00000000080002c8                HardFault_Handler
                0x00000000080002c8                TIM6_IRQHandler
                0x00000000080002c8                PVD_IRQHandler
                0x00000000080002c8                SDIO_IRQHandler
                0x00000000080002c8                PendSV_Handler
                0x00000000080002c8                NMI_Handler
                0x00000000080002c8                EXTI3_IRQHandler
                0x00000000080002c8                USB_HP_CAN_TX_IRQHandler
                0x00000000080002c8                EXTI0_IRQHandler
                0x00000000080002c8                I2C2_EV_IRQHandler
                0x00000000080002c8                UsageFault_Handler
                0x00000000080002c8                ADC1_2_IRQHandler
                0x00000000080002c8                SPI1_IRQHandler
                0x00000000080002c8                CAN_SCE_IRQHandler
                0x00000000080002c8                TAMPER_IRQHandler
                0x00000000080002c8                TIM8_UP_IRQHandler
                0x00000000080002c8                DMA2_Channel2_IRQHandler
                0x00000000080002c8                DMA1_Channel4_IRQHandler
                0x00000000080002c8                USART3_IRQHandler
                0x00000000080002c8                RTC_IRQHandler
                0x00000000080002c8                DMA1_Channel7_IRQHandler
                0x00000000080002c8                UART5_IRQHandler
                0x00000000080002c8                ADC3_IRQHandler
                0x00000000080002c8                TIM4_IRQHandler
                0x00000000080002c8                CAN_RX1_IRQHandler
                0x00000000080002c8                DMA2_Channel1_IRQHandler
                0x00000000080002c8                I2C1_EV_IRQHandler
                0x00000000080002c8                DMA1_Channel6_IRQHandler
                0x00000000080002c8                UART4_IRQHandler
                0x00000000080002c8                TIM3_IRQHandler
                0x00000000080002c8                RCC_IRQHandler
                0x00000000080002c8                TIM1_TRG_COM_IRQHandler
                0x00000000080002c8                DMA1_Channel1_IRQHandler
                0x00000000080002c8                Default_Handler
                0x00000000080002c8                TIM7_IRQHandler
                0x00000000080002c8                TIM5_IRQHandler
                0x00000000080002c8                EXTI9_5_IRQHandler
                0x00000000080002c8                SPI2_IRQHandler
                0x00000000080002c8                USB_LP_CAN_RX0_IRQHandler
                0x00000000080002c8                MemManage_Handler
                0x00000000080002c8                SVC_Handler
                0x00000000080002c8                DMA1_Channel5_IRQHandler
                0x00000000080002c8                DMA1_Channel3_IRQHandler
                0x00000000080002c8                FSMC_IRQHandler
                0x00000000080002c8                TIM1_UP_IRQHandler
                0x00000000080002c8                WWDG_IRQHandler
                0x00000000080002c8                TIM2_IRQHandler
                0x00000000080002c8                TIM1_BRK_IRQHandler
                0x00000000080002c8                EXTI1_IRQHandler
                0x00000000080002c8                RTCAlarm_IRQHandler
                0x00000000080002c8                DMA2_Channel4_5_IRQHandler
                0x00000000080002c8                USART2_IRQHandler
                0x00000000080002c8                I2C2_ER_IRQHandler
                0x00000000080002c8                DMA1_Channel2_IRQHandler
                0x00000000080002c8                TIM8_BRK_IRQHandler
                0x00000000080002c8                FLASH_IRQHandler
                0x00000000080002c8                BusFault_Handler
                0x00000000080002c8                USART1_IRQHandler
                0x00000000080002c8                SPI3_IRQHandler
                0x00000000080002c8                I2C1_ER_IRQHandler
                0x00000000080002c8                DMA2_Channel3_IRQHandler
 *fill*         0x00000000080002ca        0x2 
 .text.__libc_init_array
                0x00000000080002cc       0x48 c:/st/stm32cubeide_1.3.0/stm32cubeide/plugins/com.st.stm32cube.ide.mcu.externaltools.gnu-tools-for-stm32.7-2018-q2-update.win32_1.0.0.201904181610/tools/bin/../lib/gcc/arm-none-eabi/7.3.1/../../../../arm-none-eabi/lib/thumb/v7-m\libc_nano.a(lib_a-init.o)
                0x00000000080002cc                __libc_init_array
 *(.glue_7)
 .glue_7        0x0000000008000314        0x0 linker stubs
 *(.glue_7t)
 .glue_7t       0x0000000008000314        0x0 linker stubs
 *(.eh_frame)
 .eh_frame      0x0000000008000314        0x0 c:/st/stm32cubeide_1.3.0/stm32cubeide/plugins/com.st.stm32cube.ide.mcu.externaltools.gnu-tools-for-stm32.7-2018-q2-update.win32_1.0.0.201904181610/tools/bin/../lib/gcc/arm-none-eabi/7.3.1/thumb/v7-m/crtbegin.o
 *(.init)
 .init          0x0000000008000314        0x4 c:/st/stm32cubeide_1.3.0/stm32cubeide/plugins/com.st.stm32cube.ide.mcu.externaltools.gnu-tools-for-stm32.7-2018-q2-update.win32_1.0.0.201904181610/tools/bin/../lib/gcc/arm-none-eabi/7.3.1/thumb/v7-m/crti.o
                0x0000000008000314                _init
 .init          0x0000000008000318        0x8 c:/st/stm32cubeide_1.3.0/stm32cubeide/plugins/com.st.stm32cube.ide.mcu.externaltools.gnu-tools-for-stm32.7-2018-q2-update.win32_1.0.0.201904181610/tools/bin/../lib/gcc/arm-none-eabi/7.3.1/thumb/v7-m/crtn.o
 *(.fini)
 .fini          0x0000000008000320        0x4 c:/st/stm32cubeide_1.3.0/stm32cubeide/plugins/com.st.stm32cube.ide.mcu.externaltools.gnu-tools-for-stm32.7-2018-q2-update.win32_1.0.0.201904181610/tools/bin/../lib/gcc/arm-none-eabi/7.3.1/thumb/v7-m/crti.o
                0x0000000008000320                _fini
 .fini          0x0000000008000324        0x8 c:/st/stm32cubeide_1.3.0/stm32cubeide/plugins/com.st.stm32cube.ide.mcu.externaltools.gnu-tools-for-stm32.7-2018-q2-update.win32_1.0.0.201904181610/tools/bin/../lib/gcc/arm-none-eabi/7.3.1/thumb/v7-m/crtn.o
                0x000000000800032c                . = ALIGN (0x4)
                0x000000000800032c                _etext = .

.vfp11_veneer   0x000000000800032c        0x0
 .vfp11_veneer  0x000000000800032c        0x0 linker stubs

.v4_bx          0x000000000800032c        0x0
 .v4_bx         0x000000000800032c        0x0 linker stubs

.iplt           0x000000000800032c        0x0
 .iplt          0x000000000800032c        0x0 c:/st/stm32cubeide_1.3.0/stm32cubeide/plugins/com.st.stm32cube.ide.mcu.externaltools.gnu-tools-for-stm32.7-2018-q2-update.win32_1.0.0.201904181610/tools/bin/../lib/gcc/arm-none-eabi/7.3.1/thumb/v7-m/crtbegin.o

.rel.dyn        0x000000000800032c        0x0
 .rel.iplt      0x000000000800032c        0x0 c:/st/stm32cubeide_1.3.0/stm32cubeide/plugins/com.st.stm32cube.ide.mcu.externaltools.gnu-tools-for-stm32.7-2018-q2-update.win32_1.0.0.201904181610/tools/bin/../lib/gcc/arm-none-eabi/7.3.1/thumb/v7-m/crtbegin.o

.rodata         0x000000000800032c        0x0
                0x000000000800032c                . = ALIGN (0x4)
 *(.rodata)
 *(.rodata*)
                0x000000000800032c                . = ALIGN (0x4)

.ARM.extab      0x000000000800032c        0x0
                0x000000000800032c                . = ALIGN (0x4)
 *(.ARM.extab* .gnu.linkonce.armextab.*)
                0x000000000800032c                . = ALIGN (0x4)

.ARM            0x000000000800032c        0x0
                0x000000000800032c                . = ALIGN (0x4)
                0x000000000800032c                __exidx_start = .
 *(.ARM.exidx*)
                0x000000000800032c                __exidx_end = .
                0x000000000800032c                . = ALIGN (0x4)

.preinit_array  0x000000000800032c        0x0
                0x000000000800032c                . = ALIGN (0x4)
                0x000000000800032c                PROVIDE (__preinit_array_start = .)
 *(.preinit_array*)
                0x000000000800032c                PROVIDE (__preinit_array_end = .)
                0x000000000800032c                . = ALIGN (0x4)

.init_array     0x000000000800032c        0x4
                0x000000000800032c                . = ALIGN (0x4)
                0x000000000800032c                PROVIDE (__init_array_start = .)
 *(SORT_BY_NAME(.init_array.*))
 *(.init_array*)
 .init_array    0x000000000800032c        0x4 c:/st/stm32cubeide_1.3.0/stm32cubeide/plugins/com.st.stm32cube.ide.mcu.externaltools.gnu-tools-for-stm32.7-2018-q2-update.win32_1.0.0.201904181610/tools/bin/../lib/gcc/arm-none-eabi/7.3.1/thumb/v7-m/crtbegin.o
                0x0000000008000330                PROVIDE (__init_array_end = .)
                0x0000000008000330                . = ALIGN (0x4)

.fini_array     0x0000000008000330        0x4
                0x0000000008000330                . = ALIGN (0x4)
                [!provide]                        PROVIDE (__fini_array_start = .)
 *(SORT_BY_NAME(.fini_array.*))
 *(.fini_array*)
 .fini_array    0x0000000008000330        0x4 c:/st/stm32cubeide_1.3.0/stm32cubeide/plugins/com.st.stm32cube.ide.mcu.externaltools.gnu-tools-for-stm32.7-2018-q2-update.win32_1.0.0.201904181610/tools/bin/../lib/gcc/arm-none-eabi/7.3.1/thumb/v7-m/crtbegin.o
                [!provide]                        PROVIDE (__fini_array_end = .)
                0x0000000008000334                . = ALIGN (0x4)
                0x0000000008000334                _sidata = LOADADDR (.data)

.data           0x0000000020000000        0x0 load address 0x0000000008000334
                0x0000000020000000                . = ALIGN (0x4)
                0x0000000020000000                _sdata = .
 *(.data)
 *(.data*)
                0x0000000020000000                . = ALIGN (0x4)
                0x0000000020000000                _edata = .

.igot.plt       0x0000000020000000        0x0 load address 0x0000000008000334
 .igot.plt      0x0000000020000000        0x0 c:/st/stm32cubeide_1.3.0/stm32cubeide/plugins/com.st.stm32cube.ide.mcu.externaltools.gnu-tools-for-stm32.7-2018-q2-update.win32_1.0.0.201904181610/tools/bin/../lib/gcc/arm-none-eabi/7.3.1/thumb/v7-m/crtbegin.o
                0x0000000020000000                . = ALIGN (0x4)

.bss            0x0000000020000000       0x20 load address 0x0000000008000334
                0x0000000020000000                _sbss = .
                0x0000000020000000                __bss_start__ = _sbss
 *(.bss)
 .bss           0x0000000020000000       0x1c c:/st/stm32cubeide_1.3.0/stm32cubeide/plugins/com.st.stm32cube.ide.mcu.externaltools.gnu-tools-for-stm32.7-2018-q2-update.win32_1.0.0.201904181610/tools/bin/../lib/gcc/arm-none-eabi/7.3.1/thumb/v7-m/crtbegin.o
 *(.bss*)
 *(COMMON)
 COMMON         0x000000002000001c        0x1 Src/gpio_signal.o
                0x000000002000001c                state
                0x0000000020000020                . = ALIGN (0x4)
 *fill*         0x000000002000001d        0x3 
                0x0000000020000020                _ebss = .
                0x0000000020000020                __bss_end__ = _ebss

._user_heap_stack
                0x0000000020000020      0x600 load address 0x0000000008000334
                0x0000000020000020                . = ALIGN (0x8)
                0x0000000020000020                PROVIDE (end = .)
                [!provide]                        PROVIDE (_end = .)
                0x0000000020000220                . = (. + _Min_Heap_Size)
 *fill*         0x0000000020000020      0x200 
                0x0000000020000620                . = (. + _Min_Stack_Size)
 *fill*         0x0000000020000220      0x400 
                0x0000000020000620                . = ALIGN (0x8)

/DISCARD/
 libc.a(*)
 libm.a(*)
 libgcc.a(*)

.ARM.attributes
                0x0000000000000000       0x29
 *(.ARM.attributes)
 .ARM.attributes
                0x0000000000000000       0x1d c:/st/stm32cubeide_1.3.0/stm32cubeide/plugins/com.st.stm32cube.ide.mcu.externaltools.gnu-tools-for-stm32.7-2018-q2-update.win32_1.0.0.201904181610/tools/bin/../lib/gcc/arm-none-eabi/7.3.1/thumb/v7-m/crti.o
 .ARM.attributes
                0x000000000000001d       0x2d c:/st/stm32cubeide_1.3.0/stm32cubeide/plugins/com.st.stm32cube.ide.mcu.externaltools.gnu-tools-for-stm32.7-2018-q2-update.win32_1.0.0.201904181610/tools/bin/../lib/gcc/arm-none-eabi/7.3.1/thumb/v7-m/crtbegin.o
 .ARM.attributes
                0x000000000000004a       0x33 Src/gpio_signal.o
 .ARM.attributes
                0x000000000000007d       0x33 Src/hc-sr501pir_sensor.o
 .ARM.attributes
                0x00000000000000b0       0x33 Src/main.o
 .ARM.attributes
                0x00000000000000e3       0x33 Src/usart.o
 .ARM.attributes
                0x0000000000000116       0x21 Startup/startup_stm32f103rbtx.o
 .ARM.attributes
                0x0000000000000137       0x2d c:/st/stm32cubeide_1.3.0/stm32cubeide/plugins/com.st.stm32cube.ide.mcu.externaltools.gnu-tools-for-stm32.7-2018-q2-update.win32_1.0.0.201904181610/tools/bin/../lib/gcc/arm-none-eabi/7.3.1/../../../../arm-none-eabi/lib/thumb/v7-m\libc_nano.a(lib_a-init.o)
 .ARM.attributes
                0x0000000000000164       0x1d c:/st/stm32cubeide_1.3.0/stm32cubeide/plugins/com.st.stm32cube.ide.mcu.externaltools.gnu-tools-for-stm32.7-2018-q2-update.win32_1.0.0.201904181610/tools/bin/../lib/gcc/arm-none-eabi/7.3.1/thumb/v7-m/crtn.o
OUTPUT(stm32-f103rb-cnss.elf elf32-littlearm)

.debug_info     0x0000000000000000     0x1a8e
 .debug_info    0x0000000000000000      0x667 Src/gpio_signal.o
 .debug_info    0x0000000000000667      0x814 Src/hc-sr501pir_sensor.o
 .debug_info    0x0000000000000e7b      0x987 Src/main.o
 .debug_info    0x0000000000001802      0x26a Src/usart.o
 .debug_info    0x0000000000001a6c       0x22 Startup/startup_stm32f103rbtx.o

.debug_abbrev   0x0000000000000000      0x627
 .debug_abbrev  0x0000000000000000      0x1b0 Src/gpio_signal.o
 .debug_abbrev  0x00000000000001b0      0x1b0 Src/hc-sr501pir_sensor.o
 .debug_abbrev  0x0000000000000360      0x1c0 Src/main.o
 .debug_abbrev  0x0000000000000520       0xf5 Src/usart.o
 .debug_abbrev  0x0000000000000615       0x12 Startup/startup_stm32f103rbtx.o

.debug_aranges  0x0000000000000000      0x110
 .debug_aranges
                0x0000000000000000       0x48 Src/gpio_signal.o
 .debug_aranges
                0x0000000000000048       0x50 Src/hc-sr501pir_sensor.o
 .debug_aranges
                0x0000000000000098       0x28 Src/main.o
 .debug_aranges
                0x00000000000000c0       0x28 Src/usart.o
 .debug_aranges
                0x00000000000000e8       0x28 Startup/startup_stm32f103rbtx.o

.debug_ranges   0x0000000000000000       0xc8
 .debug_ranges  0x0000000000000000       0x38 Src/gpio_signal.o
 .debug_ranges  0x0000000000000038       0x40 Src/hc-sr501pir_sensor.o
 .debug_ranges  0x0000000000000078       0x18 Src/main.o
 .debug_ranges  0x0000000000000090       0x18 Src/usart.o
 .debug_ranges  0x00000000000000a8       0x20 Startup/startup_stm32f103rbtx.o

.debug_macro    0x0000000000000000      0x3dc
 .debug_macro   0x0000000000000000       0xbf Src/gpio_signal.o
 .debug_macro   0x00000000000000bf       0xbf Src/hc-sr501pir_sensor.o
 .debug_macro   0x000000000000017e      0x195 Src/main.o
 .debug_macro   0x0000000000000313       0xc9 Src/usart.o

.debug_line     0x0000000000000000     0x1696
 .debug_line    0x0000000000000000      0x56d Src/gpio_signal.o
 .debug_line    0x000000000000056d      0x574 Src/hc-sr501pir_sensor.o
 .debug_line    0x0000000000000ae1      0x645 Src/main.o
 .debug_line    0x0000000000001126      0x4ec Src/usart.o
 .debug_line    0x0000000000001612       0x84 Startup/startup_stm32f103rbtx.o

.debug_str      0x0000000000000000    0x57422
 .debug_str     0x0000000000000000    0x53ff7 Src/gpio_signal.o
                                      0x542c0 (size before relaxing)
 .debug_str     0x0000000000053ff7       0xf5 Src/hc-sr501pir_sensor.o
                                      0x54366 (size before relaxing)
 .debug_str     0x00000000000540ec     0x3294 Src/main.o
                                      0x571e6 (size before relaxing)
 .debug_str     0x0000000000057380       0x2d Src/usart.o
                                      0x53ee7 (size before relaxing)
 .debug_str     0x00000000000573ad       0x75 Startup/startup_stm32f103rbtx.o

.comment        0x0000000000000000       0x7b
 .comment       0x0000000000000000       0x7b Src/gpio_signal.o
                                         0x7c (size before relaxing)
 .comment       0x000000000000007b       0x7c Src/hc-sr501pir_sensor.o
 .comment       0x000000000000007b       0x7c Src/main.o
 .comment       0x000000000000007b       0x7c Src/usart.o

.debug_frame    0x0000000000000000      0x28c
 .debug_frame   0x0000000000000000       0xd0 Src/gpio_signal.o
 .debug_frame   0x00000000000000d0       0xf4 Src/hc-sr501pir_sensor.o
 .debug_frame   0x00000000000001c4       0x4c Src/main.o
 .debug_frame   0x0000000000000210       0x50 Src/usart.o
 .debug_frame   0x0000000000000260       0x2c c:/st/stm32cubeide_1.3.0/stm32cubeide/plugins/com.st.stm32cube.ide.mcu.externaltools.gnu-tools-for-stm32.7-2018-q2-update.win32_1.0.0.201904181610/tools/bin/../lib/gcc/arm-none-eabi/7.3.1/../../../../arm-none-eabi/lib/thumb/v7-m\libc_nano.a(lib_a-init.o)
