Archive member included to satisfy reference by file (symbol)

c:/st/stm32cubeide_1.3.0/stm32cubeide/plugins/com.st.stm32cube.ide.mcu.externaltools.gnu-tools-for-stm32.7-2018-q2-update.win32_1.0.0.201904181610/tools/bin/../lib/gcc/arm-none-eabi/7.3.1/../../../../arm-none-eabi/lib/thumb/v7-m\libc_nano.a(lib_a-errno.o)
                              Src/syscalls.o (__errno)
c:/st/stm32cubeide_1.3.0/stm32cubeide/plugins/com.st.stm32cube.ide.mcu.externaltools.gnu-tools-for-stm32.7-2018-q2-update.win32_1.0.0.201904181610/tools/bin/../lib/gcc/arm-none-eabi/7.3.1/../../../../arm-none-eabi/lib/thumb/v7-m\libc_nano.a(lib_a-exit.o)
                              c:/st/stm32cubeide_1.3.0/stm32cubeide/plugins/com.st.stm32cube.ide.mcu.externaltools.gnu-tools-for-stm32.7-2018-q2-update.win32_1.0.0.201904181610/tools/bin/../lib/gcc/arm-none-eabi/7.3.1/../../../../arm-none-eabi/lib/thumb/v7-m/crt0.o (exit)
c:/st/stm32cubeide_1.3.0/stm32cubeide/plugins/com.st.stm32cube.ide.mcu.externaltools.gnu-tools-for-stm32.7-2018-q2-update.win32_1.0.0.201904181610/tools/bin/../lib/gcc/arm-none-eabi/7.3.1/../../../../arm-none-eabi/lib/thumb/v7-m\libc_nano.a(lib_a-impure.o)
                              c:/st/stm32cubeide_1.3.0/stm32cubeide/plugins/com.st.stm32cube.ide.mcu.externaltools.gnu-tools-for-stm32.7-2018-q2-update.win32_1.0.0.201904181610/tools/bin/../lib/gcc/arm-none-eabi/7.3.1/../../../../arm-none-eabi/lib/thumb/v7-m\libc_nano.a(lib_a-exit.o) (_global_impure_ptr)
c:/st/stm32cubeide_1.3.0/stm32cubeide/plugins/com.st.stm32cube.ide.mcu.externaltools.gnu-tools-for-stm32.7-2018-q2-update.win32_1.0.0.201904181610/tools/bin/../lib/gcc/arm-none-eabi/7.3.1/../../../../arm-none-eabi/lib/thumb/v7-m\libc_nano.a(lib_a-init.o)
                              c:/st/stm32cubeide_1.3.0/stm32cubeide/plugins/com.st.stm32cube.ide.mcu.externaltools.gnu-tools-for-stm32.7-2018-q2-update.win32_1.0.0.201904181610/tools/bin/../lib/gcc/arm-none-eabi/7.3.1/../../../../arm-none-eabi/lib/thumb/v7-m/crt0.o (__libc_init_array)
c:/st/stm32cubeide_1.3.0/stm32cubeide/plugins/com.st.stm32cube.ide.mcu.externaltools.gnu-tools-for-stm32.7-2018-q2-update.win32_1.0.0.201904181610/tools/bin/../lib/gcc/arm-none-eabi/7.3.1/../../../../arm-none-eabi/lib/thumb/v7-m\libc_nano.a(lib_a-memcpy-stub.o)
                              Src/esp8266_Firbase.o (memcpy)
c:/st/stm32cubeide_1.3.0/stm32cubeide/plugins/com.st.stm32cube.ide.mcu.externaltools.gnu-tools-for-stm32.7-2018-q2-update.win32_1.0.0.201904181610/tools/bin/../lib/gcc/arm-none-eabi/7.3.1/../../../../arm-none-eabi/lib/thumb/v7-m\libc_nano.a(lib_a-memset.o)
                              c:/st/stm32cubeide_1.3.0/stm32cubeide/plugins/com.st.stm32cube.ide.mcu.externaltools.gnu-tools-for-stm32.7-2018-q2-update.win32_1.0.0.201904181610/tools/bin/../lib/gcc/arm-none-eabi/7.3.1/../../../../arm-none-eabi/lib/thumb/v7-m/crt0.o (memset)
c:/st/stm32cubeide_1.3.0/stm32cubeide/plugins/com.st.stm32cube.ide.mcu.externaltools.gnu-tools-for-stm32.7-2018-q2-update.win32_1.0.0.201904181610/tools/bin/../lib/gcc/arm-none-eabi/7.3.1/../../../../arm-none-eabi/lib/thumb/v7-m\libc_nano.a(lib_a-sprintf.o)
                              Src/configurations.o (sprintf)
c:/st/stm32cubeide_1.3.0/stm32cubeide/plugins/com.st.stm32cube.ide.mcu.externaltools.gnu-tools-for-stm32.7-2018-q2-update.win32_1.0.0.201904181610/tools/bin/../lib/gcc/arm-none-eabi/7.3.1/../../../../arm-none-eabi/lib/thumb/v7-m\libc_nano.a(lib_a-strcpy.o)
                              Src/usart.o (strcpy)
c:/st/stm32cubeide_1.3.0/stm32cubeide/plugins/com.st.stm32cube.ide.mcu.externaltools.gnu-tools-for-stm32.7-2018-q2-update.win32_1.0.0.201904181610/tools/bin/../lib/gcc/arm-none-eabi/7.3.1/../../../../arm-none-eabi/lib/thumb/v7-m\libc_nano.a(lib_a-strlen.o)
                              Src/esp8266_Firbase.o (strlen)
c:/st/stm32cubeide_1.3.0/stm32cubeide/plugins/com.st.stm32cube.ide.mcu.externaltools.gnu-tools-for-stm32.7-2018-q2-update.win32_1.0.0.201904181610/tools/bin/../lib/gcc/arm-none-eabi/7.3.1/../../../../arm-none-eabi/lib/thumb/v7-m\libc_nano.a(lib_a-strstr.o)
                              Src/usart.o (strstr)
c:/st/stm32cubeide_1.3.0/stm32cubeide/plugins/com.st.stm32cube.ide.mcu.externaltools.gnu-tools-for-stm32.7-2018-q2-update.win32_1.0.0.201904181610/tools/bin/../lib/gcc/arm-none-eabi/7.3.1/../../../../arm-none-eabi/lib/thumb/v7-m\libc_nano.a(lib_a-nano-svfprintf.o)
                              c:/st/stm32cubeide_1.3.0/stm32cubeide/plugins/com.st.stm32cube.ide.mcu.externaltools.gnu-tools-for-stm32.7-2018-q2-update.win32_1.0.0.201904181610/tools/bin/../lib/gcc/arm-none-eabi/7.3.1/../../../../arm-none-eabi/lib/thumb/v7-m\libc_nano.a(lib_a-sprintf.o) (_svfprintf_r)
c:/st/stm32cubeide_1.3.0/stm32cubeide/plugins/com.st.stm32cube.ide.mcu.externaltools.gnu-tools-for-stm32.7-2018-q2-update.win32_1.0.0.201904181610/tools/bin/../lib/gcc/arm-none-eabi/7.3.1/../../../../arm-none-eabi/lib/thumb/v7-m\libc_nano.a(lib_a-nano-vfprintf_i.o)
[...]
Memory Configuration

Name             Origin             Length             Attributes
RAM              0x0000000020000000 0x0000000000005000 xrw
ROM              0x0000000008000000 0x0000000000020000 xr
*default*        0x0000000000000000 0xffffffffffffffff

Linker script and memory map

LOAD c:/st/stm32cubeide_1.3.0/stm32cubeide/plugins/com.st.stm32cube.ide.mcu.externaltools.gnu-tools-for-stm32.7-2018-q2-update.win32_1.0.0.201904181610/tools/bin/../lib/gcc/arm-none-eabi/7.3.1/thumb/v7-m/crti.o
LOAD c:/st/stm32cubeide_1.3.0/stm32cubeide/plugins/com.st.stm32cube.ide.mcu.externaltools.gnu-tools-for-stm32.7-2018-q2-update.win32_1.0.0.201904181610/tools/bin/../lib/gcc/arm-none-eabi/7.3.1/thumb/v7-m/crtbegin.o
LOAD c:/st/stm32cubeide_1.3.0/stm32cubeide/plugins/com.st.stm32cube.ide.mcu.externaltools.gnu-tools-for-stm32.7-2018-q2-update.win32_1.0.0.201904181610/tools/bin/../lib/gcc/arm-none-eabi/7.3.1/../../../../arm-none-eabi/lib/thumb/v7-m/crt0.o
LOAD Src/button.o
LOAD Src/clock.o
LOAD Src/configurations.o
LOAD Src/esp8266_Firbase.o
LOAD Src/event_queue.o
LOAD Src/gpio_signal.o
LOAD Src/hc-sr501pir_sensor.o
LOAD Src/i2c.o
LOAD Src/led.o
LOAD Src/main.o
LOAD Src/syscalls.o
LOAD Src/sysmem.o
LOAD Src/system_control.o
LOAD Src/timers.o
LOAD Src/usart.o
LOAD Startup/startup_stm32f103rbtx.o
START GROUP
LOAD c:/st/stm32cubeide_1.3.0/stm32cubeide/plugins/com.st.stm32cube.ide.mcu.externaltools.gnu-tools-for-stm32.7-2018-q2-update.win32_1.0.0.201904181610/tools/bin/../lib/gcc/arm-none-eabi/7.3.1/../../../../arm-none-eabi/lib/thumb/v7-m\libc_nano.a
LOAD c:/st/stm32cubeide_1.3.0/stm32cubeide/plugins/com.st.stm32cube.ide.mcu.externaltools.gnu-tools-for-stm32.7-2018-q2-update.win32_1.0.0.201904181610/tools/bin/../lib/gcc/arm-none-eabi/7.3.1/../../../../arm-none-eabi/lib/thumb/v7-m\libm.a
END GROUP
START GROUP
LOAD c:/st/stm32cubeide_1.3.0/stm32cubeide/plugins/com.st.stm32cube.ide.mcu.externaltools.gnu-tools-for-stm32.7-2018-q2-update.win32_1.0.0.201904181610/tools/bin/../lib/gcc/arm-none-eabi/7.3.1/thumb/v7-m\libgcc.a
LOAD c:/st/stm32cubeide_1.3.0/stm32cubeide/plugins/com.st.stm32cube.ide.mcu.externaltools.gnu-tools-for-stm32.7-2018-q2-update.win32_1.0.0.201904181610/tools/bin/../lib/gcc/arm-none-eabi/7.3.1/../../../../arm-none-eabi/lib/thumb/v7-m\libc_nano.a
END GROUP
START GROUP
LOAD c:/st/stm32cubeide_1.3.0/stm32cubeide/plugins/com.st.stm32cube.ide.mcu.externaltools.gnu-tools-for-stm32.7-2018-q2-update.win32_1.0.0.201904181610/tools/bin/../lib/gcc/arm-none-eabi/7.3.1/thumb/v7-m\libgcc.a
LOAD c:/st/stm32cubeide_1.3.0/stm32cubeide/plugins/com.st.stm32cube.ide.mcu.externaltools.gnu-tools-for-stm32.7-2018-q2-update.win32_1.0.0.201904181610/tools/bin/../lib/gcc/arm-none-eabi/7.3.1/../../../../arm-none-eabi/lib/thumb/v7-m\libc_nano.a
LOAD c:/st/stm32cubeide_1.3.0/stm32cubeide/plugins/com.st.stm32cube.ide.mcu.externaltools.gnu-tools-for-stm32.7-2018-q2-update.win32_1.0.0.201904181610/tools/bin/../lib/gcc/arm-none-eabi/7.3.1/../../../../arm-none-eabi/lib/thumb/v7-m\libnosys.a
END GROUP
START GROUP
LOAD c:/st/stm32cubeide_1.3.0/stm32cubeide/plugins/com.st.stm32cube.ide.mcu.externaltools.gnu-tools-for-stm32.7-2018-q2-update.win32_1.0.0.201904181610/tools/bin/../lib/gcc/arm-none-eabi/7.3.1/thumb/v7-m\libgcc.a
LOAD c:/st/stm32cubeide_1.3.0/stm32cubeide/plugins/com.st.stm32cube.ide.mcu.externaltools.gnu-tools-for-stm32.7-2018-q2-update.win32_1.0.0.201904181610/tools/bin/../lib/gcc/arm-none-eabi/7.3.1/../../../../arm-none-eabi/lib/thumb/v7-m\libc_nano.a
LOAD c:/st/stm32cubeide_1.3.0/stm32cubeide/plugins/com.st.stm32cube.ide.mcu.externaltools.gnu-tools-for-stm32.7-2018-q2-update.win32_1.0.0.201904181610/tools/bin/../lib/gcc/arm-none-eabi/7.3.1/../../../../arm-none-eabi/lib/thumb/v7-m\libnosys.a
END GROUP
LOAD c:/st/stm32cubeide_1.3.0/stm32cubeide/plugins/com.st.stm32cube.ide.mcu.externaltools.gnu-tools-for-stm32.7-2018-q2-update.win32_1.0.0.201904181610/tools/bin/../lib/gcc/arm-none-eabi/7.3.1/thumb/v7-m/crtend.o
LOAD c:/st/stm32cubeide_1.3.0/stm32cubeide/plugins/com.st.stm32cube.ide.mcu.externaltools.gnu-tools-for-stm32.7-2018-q2-update.win32_1.0.0.201904181610/tools/bin/../lib/gcc/arm-none-eabi/7.3.1/thumb/v7-m/crtn.o
                0x0000000020005000                _estack = (ORIGIN (RAM) + LENGTH (RAM))
                0x0000000000000200                _Min_Heap_Size = 0x200
                0x0000000000000400                _Min_Stack_Size = 0x400

.isr_vector     0x0000000008000000      0x130
                0x0000000008000000                . = ALIGN (0x4)
 *(.isr_vector)
 .isr_vector    0x0000000008000000      0x130 Startup/startup_stm32f103rbtx.o
                0x0000000008000000                g_pfnVectors
                0x0000000008000130                . = ALIGN (0x4)

.text           0x0000000008000130     0x2af4
                0x0000000008000130                . = ALIGN (0x4)
 *(.text)
 .text          0x0000000008000130       0x40 c:/st/stm32cubeide_1.3.0/stm32cubeide/plugins/com.st.stm32cube.ide.mcu.externaltools.gnu-tools-for-stm32.7-2018-q2-update.win32_1.0.0.201904181610/tools/bin/../lib/gcc/arm-none-eabi/7.3.1/thumb/v7-m/crtbegin.o
 .text          0x0000000008000170       0x10 c:/st/stm32cubeide_1.3.0/stm32cubeide/plugins/com.st.stm32cube.ide.mcu.externaltools.gnu-tools-for-stm32.7-2018-q2-update.win32_1.0.0.201904181610/tools/bin/../lib/gcc/arm-none-eabi/7.3.1/../../../../arm-none-eabi/lib/thumb/v7-m\libc_nano.a(lib_a-strlen.o)
                0x0000000008000170                strlen
 *(.text*)
 .text.CONFIGURATIONS_uid_read
                0x0000000008000180       0x48 Src/configurations.o
                0x0000000008000180                CONFIGURATIONS_uid_read
 .text.CONFIGURATIONS_set_device_id
                0x00000000080001c8       0x4c Src/configurations.o
                0x00000000080001c8                CONFIGURATIONS_set_device_id
 .text.CONFIGURATIONS_set_network
                0x0000000008000214       0xac Src/configurations.o
                0x0000000008000214                CONFIGURATIONS_set_network
 .text.configuration_Handler
                0x00000000080002c0       0x68 Src/configurations.o
                0x00000000080002c0                configuration_Handler
 .text.alert_Handler
                0x0000000008000328       0x3c Src/esp8266_Firbase.o
                0x0000000008000328                alert_Handler
 .text.control_Handler
                0x0000000008000364       0xa0 Src/esp8266_Firbase.o
                0x0000000008000364                control_Handler
 .text.registeration_Handler
                0x0000000008000404       0x48 Src/esp8266_Firbase.o
                0x0000000008000404                registeration_Handler
 .text.recordAlert
                0x000000000800044c       0xa8 Src/esp8266_Firbase.o
                0x000000000800044c                recordAlert
 .text.checkSwitchState
                0x00000000080004f4       0xa8 Src/esp8266_Firbase.o
                0x00000000080004f4                checkSwitchState
 .text.registerDeviceID
                0x000000000800059c      0x100 Src/esp8266_Firbase.o
                0x000000000800059c                registerDeviceID
 .text.reset    0x000000000800069c       0x88 Src/esp8266_Firbase.o
                0x000000000800069c                reset
 .text.setClientMode
                0x0000000008000724       0x88 Src/esp8266_Firbase.o
                0x0000000008000724                setClientMode
 .text.joinAccessPoint
                0x00000000080007ac       0xac Src/esp8266_Firbase.o
                0x00000000080007ac                joinAccessPoint
 .text.connectFirebaseHost
                0x0000000008000858      0x14c Src/esp8266_Firbase.o
                0x0000000008000858                connectFirebaseHost
 .text.createPostMsg
                0x00000000080009a4       0x8c Src/esp8266_Firbase.o
                0x00000000080009a4                createPostMsg
 .text.createGetMsg
                0x0000000008000a30       0x50 Src/esp8266_Firbase.o
                0x0000000008000a30                createGetMsg
 .text.createPutMsg
                0x0000000008000a80       0x8c Src/esp8266_Firbase.o
                0x0000000008000a80                createPutMsg
 .text.sendRequest
                0x0000000008000b0c      0x150 Src/esp8266_Firbase.o
                0x0000000008000b0c                sendRequest
 .text.readResponse
                0x0000000008000c5c       0x68 Src/esp8266_Firbase.o
                0x0000000008000c5c                readResponse
 .text.parseResponse
                0x0000000008000cc4       0x98 Src/esp8266_Firbase.o
                0x0000000008000cc4                parseResponse
 .text.closeConnection
                0x0000000008000d5c       0x88 Src/esp8266_Firbase.o
                0x0000000008000d5c                closeConnection
 .text.QUEUE_init
                0x0000000008000de4       0x28 Src/event_queue.o
                0x0000000008000de4                QUEUE_init
 .text.QUEUE_add_event
                0x0000000008000e0c       0x50 Src/event_queue.o
                0x0000000008000e0c                QUEUE_add_event
 .text.QUEUE_do_event
                0x0000000008000e5c       0x64 Src/event_queue.o
                0x0000000008000e5c                QUEUE_do_event
 .text.QUEUE_isFull
                0x0000000008000ec0       0x2c Src/event_queue.o
                0x0000000008000ec0                QUEUE_isFull
 .text.QUEUE_isEmpty
                0x0000000008000eec       0x28 Src/event_queue.o
                0x0000000008000eec                QUEUE_isEmpty
 .text.EXTI15_10_IRQHandler
                0x0000000008000f14       0x2c Src/gpio_signal.o
                0x0000000008000f14                EXTI15_10_IRQHandler
 .text.interrupt_handler
                0x0000000008000f40       0x44 Src/gpio_signal.o
                0x0000000008000f40                interrupt_handler
 .text.__NVIC_SetPriorityGrouping
                0x0000000008000f84       0x48 Src/hc-sr501pir_sensor.o
 .text.__NVIC_EnableIRQ
                0x0000000008000fcc       0x38 Src/hc-sr501pir_sensor.o
 .text.__NVIC_DisableIRQ
                0x0000000008001004       0x44 Src/hc-sr501pir_sensor.o
 .text.__NVIC_ClearPendingIRQ
                0x0000000008001048       0x3c Src/hc-sr501pir_sensor.o
 .text.__NVIC_SetPriority
                0x0000000008001084       0x54 Src/hc-sr501pir_sensor.o
 .text.SENSOR_init
                0x00000000080010d8       0x8c Src/hc-sr501pir_sensor.o
                0x00000000080010d8                SENSOR_init
 .text.enable_sensor
                0x0000000008001164       0x18 Src/hc-sr501pir_sensor.o
                0x0000000008001164                enable_sensor
 .text.disable_sensor
                0x000000000800117c       0x12 Src/hc-sr501pir_sensor.o
                0x000000000800117c                disable_sensor
 *fill*         0x000000000800118e        0x2 
 .text.EXTI4_IRQHandler
                0x0000000008001190       0x34 Src/hc-sr501pir_sensor.o
                0x0000000008001190                EXTI4_IRQHandler
 .text.LED_init
                0x00000000080011c4       0x38 Src/led.o
                0x00000000080011c4                LED_init
 .text.LED_on   0x00000000080011fc       0x1c Src/led.o
                0x00000000080011fc                LED_on
 .text.LED_off  0x0000000008001218       0x1c Src/led.o
                0x0000000008001218                LED_off
 .text.main     0x0000000008001234       0x68 Src/main.o
                0x0000000008001234                main
 .text._sbrk    0x000000000800129c       0x58 Src/sysmem.o
                0x000000000800129c                _sbrk
 .text.SYSTEM_CONTROL_set_up
                0x00000000080012f4      0x168 Src/system_control.o
                0x00000000080012f4                SYSTEM_CONTROL_set_up
 .text.SYSTEM_CONTROL_monitor_switch_state
                0x000000000800145c       0x2c Src/system_control.o
                0x000000000800145c                SYSTEM_CONTROL_monitor_switch_state
 .text.__NVIC_SetPriorityGrouping
                0x0000000008001488       0x48 Src/timers.o
 .text.__NVIC_EnableIRQ
                0x00000000080014d0       0x38 Src/timers.o
 .text.__NVIC_SetPriority
                0x0000000008001508       0x54 Src/timers.o
 .text.TIMER2_init
                0x000000000800155c       0x84 Src/timers.o
                0x000000000800155c                TIMER2_init
 .text.TIMER3_init
                0x00000000080015e0       0x78 Src/timers.o
                0x00000000080015e0                TIMER3_init
 .text.TIMER4_init
                0x0000000008001658       0x78 Src/timers.o
                0x0000000008001658                TIMER4_init
 .text.TIMER2_enable
                0x00000000080016d0       0x1c Src/timers.o
                0x00000000080016d0                TIMER2_enable
 .text.TIMER3_enable
                0x00000000080016ec       0x1c Src/timers.o
                0x00000000080016ec                TIMER3_enable
 .text.TIMER4_enable
                0x0000000008001708       0x1c Src/timers.o
                0x0000000008001708                TIMER4_enable
 .text.TIMER2_disable
                0x0000000008001724       0x1c Src/timers.o
                0x0000000008001724                TIMER2_disable
 .text.TIMER3_disable
                0x0000000008001740       0x1c Src/timers.o
                0x0000000008001740                TIMER3_disable
 .text.TIMER4_disable
                0x000000000800175c       0x1c Src/timers.o
                0x000000000800175c                TIMER4_disable
 .text.TIMER4_delay
                0x0000000008001778       0x30 Src/timers.o
                0x0000000008001778                TIMER4_delay
 .text.TIMER2_set_timeout
                0x00000000080017a8       0x24 Src/timers.o
                0x00000000080017a8                TIMER2_set_timeout
 .text.TIMER2_timeout_done
                0x00000000080017cc       0x24 Src/timers.o
                0x00000000080017cc                TIMER2_timeout_done
 .text.TIMER3_set_timeout
                0x00000000080017f0       0x24 Src/timers.o
                0x00000000080017f0                TIMER3_set_timeout
 .text.TIMER3_timeout_done
                0x0000000008001814       0x24 Src/timers.o
                0x0000000008001814                TIMER3_timeout_done
 .text.TIMER4_set_timeout
                0x0000000008001838       0x24 Src/timers.o
                0x0000000008001838                TIMER4_set_timeout
 .text.TIMER4_timeout_done
                0x000000000800185c       0x24 Src/timers.o
                0x000000000800185c                TIMER4_timeout_done
 .text.TIM2_IRQHandler
                0x0000000008001880       0x4c Src/timers.o
                0x0000000008001880                TIM2_IRQHandler
 .text.TIM3_IRQHandler
                0x00000000080018cc       0x48 Src/timers.o
                0x00000000080018cc                TIM3_IRQHandler
 .text.TIM4_IRQHandler
                0x0000000008001914       0x48 Src/timers.o
                0x0000000008001914                TIM4_IRQHandler
 .text.__NVIC_SetPriorityGrouping
                0x000000000800195c       0x48 Src/usart.o
 .text.__NVIC_EnableIRQ
                0x00000000080019a4       0x38 Src/usart.o
 .text.__NVIC_SetPriority
                0x00000000080019dc       0x54 Src/usart.o
 .text.USART1_NEW_LINE_FOUND_get
                0x0000000008001a30       0x18 Src/usart.o
                0x0000000008001a30                USART1_NEW_LINE_FOUND_get
 .text.USART1_NEW_LINE_READ_set
                0x0000000008001a48       0x18 Src/usart.o
                0x0000000008001a48                USART1_NEW_LINE_READ_set
 .text.USART2_NEW_LINE_FOUND_get
                0x0000000008001a60       0x18 Src/usart.o
                0x0000000008001a60                USART2_NEW_LINE_FOUND_get
 .text.USART2_NEW_LINE_READ_set
                0x0000000008001a78       0x18 Src/usart.o
                0x0000000008001a78                USART2_NEW_LINE_READ_set
 .text.USART2_init
                0x0000000008001a90       0xb8 Src/usart.o
                0x0000000008001a90                USART2_init
 .text.USART1_init
                0x0000000008001b48       0xb8 Src/usart.o
                0x0000000008001b48                USART1_init
 .text.USART2_enable_Rx
                0x0000000008001c00       0x1c Src/usart.o
                0x0000000008001c00                USART2_enable_Rx
 .text.USART2_disable_Rx
                0x0000000008001c1c       0x1c Src/usart.o
                0x0000000008001c1c                USART2_disable_Rx
 .text.USART2_set_buffer_Tx
                0x0000000008001c38       0x40 Src/usart.o
                0x0000000008001c38                USART2_set_buffer_Tx
 .text.USART2_set_buffer_Rx
                0x0000000008001c78       0x2c Src/usart.o
                0x0000000008001c78                USART2_set_buffer_Rx
 .text.USART2_write
                0x0000000008001ca4       0x8c Src/usart.o
                0x0000000008001ca4                USART2_write
 .text.USART2_write_line
                0x0000000008001d30       0xec Src/usart.o
                0x0000000008001d30                USART2_write_line
 .text.USART2_read_buffer_Rx
                0x0000000008001e1c       0x64 Src/usart.o
                0x0000000008001e1c                USART2_read_buffer_Rx
 .text.USART2_ok
                0x0000000008001e80       0x50 Src/usart.o
                0x0000000008001e80                USART2_ok
 .text.USART1_write
                0x0000000008001ed0       0x8c Src/usart.o
                0x0000000008001ed0                USART1_write
 .text.USART1_set_buffer_Tx
                0x0000000008001f5c       0x40 Src/usart.o
                0x0000000008001f5c                USART1_set_buffer_Tx
 .text.USART1_set_buffer_Rx
                0x0000000008001f9c       0x40 Src/usart.o
                0x0000000008001f9c                USART1_set_buffer_Rx
 .text.USART1_search_buffer_Rx
                0x0000000008001fdc       0xb0 Src/usart.o
                0x0000000008001fdc                USART1_search_buffer_Rx
 .text.USART1_check_state_buffer_Rx
                0x000000000800208c       0xcc Src/usart.o
                0x000000000800208c                USART1_check_state_buffer_Rx
 .text.USART1_IRQHandler
                0x0000000008002158       0xb4 Src/usart.o
                0x0000000008002158                USART1_IRQHandler
 .text.USART2_IRQHandler
                0x000000000800220c       0xdc Src/usart.o
                0x000000000800220c                USART2_IRQHandler
 .text.Reset_Handler
                0x00000000080022e8       0x50 Startup/startup_stm32f103rbtx.o
                0x00000000080022e8                Reset_Handler
 .text.Default_Handler
                0x0000000008002338        0x2 Startup/startup_stm32f103rbtx.o
                0x0000000008002338                EXTI2_IRQHandler
                0x0000000008002338                TIM8_TRG_COM_IRQHandler
                0x0000000008002338                TIM8_CC_IRQHandler
                0x0000000008002338                DebugMon_Handler
                0x0000000008002338                TIM1_CC_IRQHandler
                0x0000000008002338                HardFault_Handler
                0x0000000008002338                TIM6_IRQHandler
                0x0000000008002338                SysTick_Handler
                0x0000000008002338                PVD_IRQHandler
                0x0000000008002338                SDIO_IRQHandler
                0x0000000008002338                PendSV_Handler
                0x0000000008002338                NMI_Handler
                0x0000000008002338                EXTI3_IRQHandler
                0x0000000008002338                USB_HP_CAN_TX_IRQHandler
                0x0000000008002338                EXTI0_IRQHandler
                0x0000000008002338                I2C2_EV_IRQHandler
                0x0000000008002338                UsageFault_Handler
                0x0000000008002338                ADC1_2_IRQHandler
                0x0000000008002338                SPI1_IRQHandler
                0x0000000008002338                CAN_SCE_IRQHandler
                0x0000000008002338                TAMPER_IRQHandler
                0x0000000008002338                TIM8_UP_IRQHandler
                0x0000000008002338                DMA2_Channel2_IRQHandler
                0x0000000008002338                DMA1_Channel4_IRQHandler
                0x0000000008002338                USART3_IRQHandler
                0x0000000008002338                RTC_IRQHandler
                0x0000000008002338                DMA1_Channel7_IRQHandler
                0x0000000008002338                UART5_IRQHandler
                0x0000000008002338                ADC3_IRQHandler
                0x0000000008002338                CAN_RX1_IRQHandler
                0x0000000008002338                DMA2_Channel1_IRQHandler
                0x0000000008002338                I2C1_EV_IRQHandler
                0x0000000008002338                DMA1_Channel6_IRQHandler
                0x0000000008002338                UART4_IRQHandler
                0x0000000008002338                RCC_IRQHandler
                0x0000000008002338                TIM1_TRG_COM_IRQHandler
                0x0000000008002338                DMA1_Channel1_IRQHandler
                0x0000000008002338                Default_Handler
                0x0000000008002338                TIM7_IRQHandler
                0x0000000008002338                TIM5_IRQHandler
                0x0000000008002338                EXTI9_5_IRQHandler
                0x0000000008002338                SPI2_IRQHandler
                0x0000000008002338                USB_LP_CAN_RX0_IRQHandler
                0x0000000008002338                MemManage_Handler
                0x0000000008002338                SVC_Handler
                0x0000000008002338                DMA1_Channel5_IRQHandler
                0x0000000008002338                DMA1_Channel3_IRQHandler
                0x0000000008002338                FSMC_IRQHandler
                0x0000000008002338                TIM1_UP_IRQHandler
                0x0000000008002338                WWDG_IRQHandler
                0x0000000008002338                TIM1_BRK_IRQHandler
                0x0000000008002338                EXTI1_IRQHandler
                0x0000000008002338                RTCAlarm_IRQHandler
                0x0000000008002338                DMA2_Channel4_5_IRQHandler
                0x0000000008002338                I2C2_ER_IRQHandler
                0x0000000008002338                DMA1_Channel2_IRQHandler
                0x0000000008002338                TIM8_BRK_IRQHandler
                0x0000000008002338                FLASH_IRQHandler
                0x0000000008002338                BusFault_Handler
                0x0000000008002338                SPI3_IRQHandler
                0x0000000008002338                I2C1_ER_IRQHandler
                0x0000000008002338                DMA2_Channel3_IRQHandler
 *fill*         0x000000000800233a        0x2 
 .text.__errno  0x000000000800233c        0xc c:/st/stm32cubeide_1.3.0/stm32cubeide/plugins/com.st.stm32cube.ide.mcu.externaltools.gnu-tools-for-stm32.7-2018-q2-update.win32_1.0.0.201904181610/tools/bin/../lib/gcc/arm-none-eabi/7.3.1/../../../../arm-none-eabi/lib/thumb/v7-m\libc_nano.a(lib_a-errno.o)
                0x000000000800233c                __errno
 .text.__libc_init_array
                0x0000000008002348       0x48 c:/st/stm32cubeide_1.3.0/stm32cubeide/plugins/com.st.stm32cube.ide.mcu.externaltools.gnu-tools-for-stm32.7-2018-q2-update.win32_1.0.0.201904181610/tools/bin/../lib/gcc/arm-none-eabi/7.3.1/../../../../arm-none-eabi/lib/thumb/v7-m\libc_nano.a(lib_a-init.o)
                0x0000000008002348                __libc_init_array
 .text.memcpy   0x0000000008002390       0x16 c:/st/stm32cubeide_1.3.0/stm32cubeide/plugins/com.st.stm32cube.ide.mcu.externaltools.gnu-tools-for-stm32.7-2018-q2-update.win32_1.0.0.201904181610/tools/bin/../lib/gcc/arm-none-eabi/7.3.1/../../../../arm-none-eabi/lib/thumb/v7-m\libc_nano.a(lib_a-memcpy-stub.o)
                0x0000000008002390                memcpy
 .text.memset   0x00000000080023a6       0x10 c:/st/stm32cubeide_1.3.0/stm32cubeide/plugins/com.st.stm32cube.ide.mcu.externaltools.gnu-tools-for-stm32.7-2018-q2-update.win32_1.0.0.201904181610/tools/bin/../lib/gcc/arm-none-eabi/7.3.1/../../../../arm-none-eabi/lib/thumb/v7-m\libc_nano.a(lib_a-memset.o)
                0x00000000080023a6                memset
 *fill*         0x00000000080023b6        0x2 
 .text.sprintf  0x00000000080023b8       0x40 c:/st/stm32cubeide_1.3.0/stm32cubeide/plugins/com.st.stm32cube.ide.mcu.externaltools.gnu-tools-for-stm32.7-2018-q2-update.win32_1.0.0.201904181610/tools/bin/../lib/gcc/arm-none-eabi/7.3.1/../../../../arm-none-eabi/lib/thumb/v7-m\libc_nano.a(lib_a-sprintf.o)
                0x00000000080023b8                siprintf
                0x00000000080023b8                sprintf
 .text.strcpy   0x00000000080023f8       0x10 c:/st/stm32cubeide_1.3.0/stm32cubeide/plugins/com.st.stm32cube.ide.mcu.externaltools.gnu-tools-for-stm32.7-2018-q2-update.win32_1.0.0.201904181610/tools/bin/../lib/gcc/arm-none-eabi/7.3.1/../../../../arm-none-eabi/lib/thumb/v7-m\libc_nano.a(lib_a-strcpy.o)
                0x00000000080023f8                strcpy
 .text.strstr   0x0000000008002408       0x34 c:/st/stm32cubeide_1.3.0/stm32cubeide/plugins/com.st.stm32cube.ide.mcu.externaltools.gnu-tools-for-stm32.7-2018-q2-update.win32_1.0.0.201904181610/tools/bin/../lib/gcc/arm-none-eabi/7.3.1/../../../../arm-none-eabi/lib/thumb/v7-m\libc_nano.a(lib_a-strstr.o)
                0x0000000008002408                strstr
 .text.__ssputs_r
                0x000000000800243c       0xb4 c:/st/stm32cubeide_1.3.0/stm32cubeide/plugins/com.st.stm32cube.ide.mcu.externaltools.gnu-tools-for-stm32.7-2018-q2-update.win32_1.0.0.201904181610/tools/bin/../lib/gcc/arm-none-eabi/7.3.1/../../../../arm-none-eabi/lib/thumb/v7-m\libc_nano.a(lib_a-nano-svfprintf.o)
                0x000000000800243c                __ssputs_r
 .text._svfprintf_r
                0x00000000080024f0      0x1f0 c:/st/stm32cubeide_1.3.0/stm32cubeide/plugins/com.st.stm32cube.ide.mcu.externaltools.gnu-tools-for-stm32.7-2018-q2-update.win32_1.0.0.201904181610/tools/bin/../lib/gcc/arm-none-eabi/7.3.1/../../../../arm-none-eabi/lib/thumb/v7-m\libc_nano.a(lib_a-nano-svfprintf.o)
                0x00000000080024f0                _svfiprintf_r
                0x00000000080024f0                _svfprintf_r
 .text._printf_common
                0x00000000080026e0       0xec c:/st/stm32cubeide_1.3.0/stm32cubeide/plugins/com.st.stm32cube.ide.mcu.externaltools.gnu-tools-for-stm32.7-2018-q2-update.win32_1.0.0.201904181610/tools/bin/../lib/gcc/arm-none-eabi/7.3.1/../../../../arm-none-eabi/lib/thumb/v7-m\libc_nano.a(lib_a-nano-vfprintf_i.o)
                0x00000000080026e0                _printf_common
 .text._printf_i
                0x00000000080027cc      0x224 c:/st/stm32cubeide_1.3.0/stm32cubeide/plugins/com.st.stm32cube.ide.mcu.externaltools.gnu-tools-for-stm32.7-2018-q2-update.win32_1.0.0.201904181610/tools/bin/../lib/gcc/arm-none-eabi/7.3.1/../../../../arm-none-eabi/lib/thumb/v7-m\libc_nano.a(lib_a-nano-vfprintf_i.o)
                0x00000000080027cc                _printf_i
 .text.memchr   0x00000000080029f0       0x1c c:/st/stm32cubeide_1.3.0/stm32cubeide/plugins/com.st.stm32cube.ide.mcu.externaltools.gnu-tools-for-stm32.7-2018-q2-update.win32_1.0.0.201904181610/tools/bin/../lib/gcc/arm-none-eabi/7.3.1/../../../../arm-none-eabi/lib/thumb/v7-m\libc_nano.a(lib_a-memchr-stub.o)
                0x00000000080029f0                memchr
 .text.memmove  0x0000000008002a0c       0x32 c:/st/stm32cubeide_1.3.0/stm32cubeide/plugins/com.st.stm32cube.ide.mcu.externaltools.gnu-tools-for-stm32.7-2018-q2-update.win32_1.0.0.201904181610/tools/bin/../lib/gcc/arm-none-eabi/7.3.1/../../../../arm-none-eabi/lib/thumb/v7-m\libc_nano.a(lib_a-memmove.o)
                0x0000000008002a0c                memmove
 *fill*         0x0000000008002a3e        0x2 
 .text._free_r  0x0000000008002a40       0x98 c:/st/stm32cubeide_1.3.0/stm32cubeide/plugins/com.st.stm32cube.ide.mcu.externaltools.gnu-tools-for-stm32.7-2018-q2-update.win32_1.0.0.201904181610/tools/bin/../lib/gcc/arm-none-eabi/7.3.1/../../../../arm-none-eabi/lib/thumb/v7-m\libc_nano.a(lib_a-nano-freer.o)
                0x0000000008002a40                _free_r
 .text._malloc_r
                0x0000000008002ad8       0xb4 c:/st/stm32cubeide_1.3.0/stm32cubeide/plugins/com.st.stm32cube.ide.mcu.externaltools.gnu-tools-for-stm32.7-2018-q2-update.win32_1.0.0.201904181610/tools/bin/../lib/gcc/arm-none-eabi/7.3.1/../../../../arm-none-eabi/lib/thumb/v7-m\libc_nano.a(lib_a-nano-mallocr.o)
                0x0000000008002ad8                _malloc_r
 .text._realloc_r
                0x0000000008002b8c       0x4c c:/st/stm32cubeide_1.3.0/stm32cubeide/plugins/com.st.stm32cube.ide.mcu.externaltools.gnu-tools-for-stm32.7-2018-q2-update.win32_1.0.0.201904181610/tools/bin/../lib/gcc/arm-none-eabi/7.3.1/../../../../arm-none-eabi/lib/thumb/v7-m\libc_nano.a(lib_a-nano-reallocr.o)
                0x0000000008002b8c                _realloc_r
 .text._sbrk_r  0x0000000008002bd8       0x20 c:/st/stm32cubeide_1.3.0/stm32cubeide/plugins/com.st.stm32cube.ide.mcu.externaltools.gnu-tools-for-stm32.7-2018-q2-update.win32_1.0.0.201904181610/tools/bin/../lib/gcc/arm-none-eabi/7.3.1/../../../../arm-none-eabi/lib/thumb/v7-m\libc_nano.a(lib_a-sbrkr.o)
                0x0000000008002bd8                _sbrk_r
 .text.__malloc_lock
                0x0000000008002bf8        0x2 c:/st/stm32cubeide_1.3.0/stm32cubeide/plugins/com.st.stm32cube.ide.mcu.externaltools.gnu-tools-for-stm32.7-2018-q2-update.win32_1.0.0.201904181610/tools/bin/../lib/gcc/arm-none-eabi/7.3.1/../../../../arm-none-eabi/lib/thumb/v7-m\libc_nano.a(lib_a-mlock.o)
                0x0000000008002bf8                __malloc_lock
 .text.__malloc_unlock
                0x0000000008002bfa        0x2 c:/st/stm32cubeide_1.3.0/stm32cubeide/plugins/com.st.stm32cube.ide.mcu.externaltools.gnu-tools-for-stm32.7-2018-q2-update.win32_1.0.0.201904181610/tools/bin/../lib/gcc/arm-none-eabi/7.3.1/../../../../arm-none-eabi/lib/thumb/v7-m\libc_nano.a(lib_a-mlock.o)
                0x0000000008002bfa                __malloc_unlock
 .text._malloc_usable_size_r
                0x0000000008002bfc       0x10 c:/st/stm32cubeide_1.3.0/stm32cubeide/plugins/com.st.stm32cube.ide.mcu.externaltools.gnu-tools-for-stm32.7-2018-q2-update.win32_1.0.0.201904181610/tools/bin/../lib/gcc/arm-none-eabi/7.3.1/../../../../arm-none-eabi/lib/thumb/v7-m\libc_nano.a(lib_a-nano-msizer.o)
                0x0000000008002bfc                _malloc_usable_size_r
 *(.glue_7)
 .glue_7        0x0000000008002c0c        0x0 linker stubs
 *(.glue_7t)
 .glue_7t       0x0000000008002c0c        0x0 linker stubs
 *(.eh_frame)
 .eh_frame      0x0000000008002c0c        0x0 c:/st/stm32cubeide_1.3.0/stm32cubeide/plugins/com.st.stm32cube.ide.mcu.externaltools.gnu-tools-for-stm32.7-2018-q2-update.win32_1.0.0.201904181610/tools/bin/../lib/gcc/arm-none-eabi/7.3.1/thumb/v7-m/crtbegin.o
 *(.init)
 .init          0x0000000008002c0c        0x4 c:/st/stm32cubeide_1.3.0/stm32cubeide/plugins/com.st.stm32cube.ide.mcu.externaltools.gnu-tools-for-stm32.7-2018-q2-update.win32_1.0.0.201904181610/tools/bin/../lib/gcc/arm-none-eabi/7.3.1/thumb/v7-m/crti.o
                0x0000000008002c0c                _init
 .init          0x0000000008002c10        0x8 c:/st/stm32cubeide_1.3.0/stm32cubeide/plugins/com.st.stm32cube.ide.mcu.externaltools.gnu-tools-for-stm32.7-2018-q2-update.win32_1.0.0.201904181610/tools/bin/../lib/gcc/arm-none-eabi/7.3.1/thumb/v7-m/crtn.o
 *(.fini)
 .fini          0x0000000008002c18        0x4 c:/st/stm32cubeide_1.3.0/stm32cubeide/plugins/com.st.stm32cube.ide.mcu.externaltools.gnu-tools-for-stm32.7-2018-q2-update.win32_1.0.0.201904181610/tools/bin/../lib/gcc/arm-none-eabi/7.3.1/thumb/v7-m/crti.o
                0x0000000008002c18                _fini
 .fini          0x0000000008002c1c        0x8 c:/st/stm32cubeide_1.3.0/stm32cubeide/plugins/com.st.stm32cube.ide.mcu.externaltools.gnu-tools-for-stm32.7-2018-q2-update.win32_1.0.0.201904181610/tools/bin/../lib/gcc/arm-none-eabi/7.3.1/thumb/v7-m/crtn.o
                0x0000000008002c24                . = ALIGN (0x4)
                0x0000000008002c24                _etext = .

.vfp11_veneer   0x0000000008002c24        0x0
 .vfp11_veneer  0x0000000008002c24        0x0 linker stubs

.v4_bx          0x0000000008002c24        0x0
 .v4_bx         0x0000000008002c24        0x0 linker stubs

.iplt           0x0000000008002c24        0x0
 .iplt          0x0000000008002c24        0x0 c:/st/stm32cubeide_1.3.0/stm32cubeide/plugins/com.st.stm32cube.ide.mcu.externaltools.gnu-tools-for-stm32.7-2018-q2-update.win32_1.0.0.201904181610/tools/bin/../lib/gcc/arm-none-eabi/7.3.1/thumb/v7-m/crtbegin.o

.rodata         0x0000000008002c24      0xa78
                0x0000000008002c24                . = ALIGN (0x4)
 *(.rodata)
 .rodata        0x0000000008002c24      0x373 Src/configurations.o
 *fill*         0x0000000008002f97        0x1 
 .rodata        0x0000000008002f98      0x3bc Src/esp8266_Firbase.o
 .rodata        0x0000000008003354       0x30 Src/main.o
 .rodata        0x0000000008003384      0x28d Src/system_control.o
 *fill*         0x0000000008003611        0x3 
 .rodata        0x0000000008003614       0x53 Src/usart.o
 *(.rodata*)
 .rodata._svfprintf_r.str1.1
                0x0000000008003667       0x11 c:/st/stm32cubeide_1.3.0/stm32cubeide/plugins/com.st.stm32cube.ide.mcu.externaltools.gnu-tools-for-stm32.7-2018-q2-update.win32_1.0.0.201904181610/tools/bin/../lib/gcc/arm-none-eabi/7.3.1/../../../../arm-none-eabi/lib/thumb/v7-m\libc_nano.a(lib_a-nano-svfprintf.o)
 .rodata._printf_i.str1.1
                0x0000000008003678       0x22 c:/st/stm32cubeide_1.3.0/stm32cubeide/plugins/com.st.stm32cube.ide.mcu.externaltools.gnu-tools-for-stm32.7-2018-q2-update.win32_1.0.0.201904181610/tools/bin/../lib/gcc/arm-none-eabi/7.3.1/../../../../arm-none-eabi/lib/thumb/v7-m\libc_nano.a(lib_a-nano-vfprintf_i.o)
                0x000000000800369c                . = ALIGN (0x4)
 *fill*         0x000000000800369a        0x2 

.rel.dyn        0x000000000800369c        0x0
 .rel.iplt      0x000000000800369c        0x0 c:/st/stm32cubeide_1.3.0/stm32cubeide/plugins/com.st.stm32cube.ide.mcu.externaltools.gnu-tools-for-stm32.7-2018-q2-update.win32_1.0.0.201904181610/tools/bin/../lib/gcc/arm-none-eabi/7.3.1/thumb/v7-m/crtbegin.o

.ARM.extab      0x000000000800369c        0x0
                0x000000000800369c                . = ALIGN (0x4)
 *(.ARM.extab* .gnu.linkonce.armextab.*)
                0x000000000800369c                . = ALIGN (0x4)

.ARM            0x000000000800369c        0x0
                0x000000000800369c                . = ALIGN (0x4)
                0x000000000800369c                __exidx_start = .
 *(.ARM.exidx*)
                0x000000000800369c                __exidx_end = .
                0x000000000800369c                . = ALIGN (0x4)

.preinit_array  0x000000000800369c        0x0
                0x000000000800369c                . = ALIGN (0x4)
                0x000000000800369c                PROVIDE (__preinit_array_start = .)
 *(.preinit_array*)
                0x000000000800369c                PROVIDE (__preinit_array_end = .)
                0x000000000800369c                . = ALIGN (0x4)

.init_array     0x000000000800369c        0x4
                0x000000000800369c                . = ALIGN (0x4)
                0x000000000800369c                PROVIDE (__init_array_start = .)
 *(SORT_BY_NAME(.init_array.*))
 *(.init_array*)
 .init_array    0x000000000800369c        0x4 c:/st/stm32cubeide_1.3.0/stm32cubeide/plugins/com.st.stm32cube.ide.mcu.externaltools.gnu-tools-for-stm32.7-2018-q2-update.win32_1.0.0.201904181610/tools/bin/../lib/gcc/arm-none-eabi/7.3.1/thumb/v7-m/crtbegin.o
                0x00000000080036a0                PROVIDE (__init_array_end = .)
                0x00000000080036a0                . = ALIGN (0x4)

.fini_array     0x00000000080036a0        0x4
                0x00000000080036a0                . = ALIGN (0x4)
                [!provide]                        PROVIDE (__fini_array_start = .)
 *(SORT_BY_NAME(.fini_array.*))
 *(.fini_array*)
 .fini_array    0x00000000080036a0        0x4 c:/st/stm32cubeide_1.3.0/stm32cubeide/plugins/com.st.stm32cube.ide.mcu.externaltools.gnu-tools-for-stm32.7-2018-q2-update.win32_1.0.0.201904181610/tools/bin/../lib/gcc/arm-none-eabi/7.3.1/thumb/v7-m/crtbegin.o
                [!provide]                        PROVIDE (__fini_array_end = .)
                0x00000000080036a4                . = ALIGN (0x4)
                0x00000000080036a4                _sidata = LOADADDR (.data)

.data           0x0000000020000000       0xc4 load address 0x00000000080036a4
                0x0000000020000000                . = ALIGN (0x4)
                0x0000000020000000                _sdata = .
 *(.data)
 *(.data*)
 .data.firebase_host
                0x0000000020000000       0x29 Src/esp8266_Firbase.o
 *fill*         0x0000000020000029        0x3 
 .data.firebase_auth_key
                0x000000002000002c       0x29 Src/esp8266_Firbase.o
 *fill*         0x0000000020000055        0x3 
 .data.https_port
                0x0000000020000058        0x4 Src/esp8266_Firbase.o
 .data.found    0x000000002000005c        0x1 Src/esp8266_Firbase.o
 *fill*         0x000000002000005d        0x3 
 .data._impure_ptr
                0x0000000020000060        0x4 c:/st/stm32cubeide_1.3.0/stm32cubeide/plugins/com.st.stm32cube.ide.mcu.externaltools.gnu-tools-for-stm32.7-2018-q2-update.win32_1.0.0.201904181610/tools/bin/../lib/gcc/arm-none-eabi/7.3.1/../../../../arm-none-eabi/lib/thumb/v7-m\libc_nano.a(lib_a-impure.o)
                0x0000000020000060                _impure_ptr
 .data.impure_data
                0x0000000020000064       0x60 c:/st/stm32cubeide_1.3.0/stm32cubeide/plugins/com.st.stm32cube.ide.mcu.externaltools.gnu-tools-for-stm32.7-2018-q2-update.win32_1.0.0.201904181610/tools/bin/../lib/gcc/arm-none-eabi/7.3.1/../../../../arm-none-eabi/lib/thumb/v7-m\libc_nano.a(lib_a-impure.o)
                0x00000000200000c4                . = ALIGN (0x4)
                0x00000000200000c4                _edata = .

.igot.plt       0x00000000200000c4        0x0 load address 0x0000000008003768
 .igot.plt      0x00000000200000c4        0x0 c:/st/stm32cubeide_1.3.0/stm32cubeide/plugins/com.st.stm32cube.ide.mcu.externaltools.gnu-tools-for-stm32.7-2018-q2-update.win32_1.0.0.201904181610/tools/bin/../lib/gcc/arm-none-eabi/7.3.1/thumb/v7-m/crtbegin.o
                0x00000000200000c4                . = ALIGN (0x4)

.bss            0x00000000200000c4      0xdc4 load address 0x0000000008003768
                0x00000000200000c4                _sbss = .
                0x00000000200000c4                __bss_start__ = _sbss
 *(.bss)
 .bss           0x00000000200000c4       0x1c c:/st/stm32cubeide_1.3.0/stm32cubeide/plugins/com.st.stm32cube.ide.mcu.externaltools.gnu-tools-for-stm32.7-2018-q2-update.win32_1.0.0.201904181610/tools/bin/../lib/gcc/arm-none-eabi/7.3.1/thumb/v7-m/crtbegin.o
 *(.bss*)
 .bss.ID        0x00000000200000e0        0xc Src/configurations.o
 .bss.command   0x00000000200000ec      0x100 Src/esp8266_Firbase.o
 .bss.http      0x00000000200001ec      0x200 Src/esp8266_Firbase.o
 .bss.http_len  0x00000000200003ec        0x4 Src/esp8266_Firbase.o
 .bss.content   0x00000000200003f0       0x80 Src/esp8266_Firbase.o
 .bss.content_len
                0x0000000020000470        0x4 Src/esp8266_Firbase.o
 .bss.connection_closed
                0x0000000020000474        0x1 Src/esp8266_Firbase.o
 .bss.state     0x0000000020000475        0x1 Src/esp8266_Firbase.o
 *fill*         0x0000000020000476        0x2 
 .bss.queue     0x0000000020000478      0x10c Src/event_queue.o
 .bss.heap_end.5149
                0x0000000020000584        0x4 Src/sysmem.o
 .bss.timer2    0x0000000020000588        0x8 Src/timers.o
 .bss.timer3    0x0000000020000590        0x8 Src/timers.o
 .bss.timer4    0x0000000020000598        0x8 Src/timers.o
 .bss.usart2    0x00000000200005a0      0x414 Src/usart.o
 .bss.usart1    0x00000000200009b4      0x414 Src/usart.o
 .bss.c         0x0000000020000dc8        0x1 Src/usart.o
 *fill*         0x0000000020000dc9        0x3 
 .bss.START     0x0000000020000dcc        0x4 Src/usart.o
 .bss.END       0x0000000020000dd0        0x4 Src/usart.o
 .bss.__malloc_free_list
                0x0000000020000dd4        0x4 c:/st/stm32cubeide_1.3.0/stm32cubeide/plugins/com.st.stm32cube.ide.mcu.externaltools.gnu-tools-for-stm32.7-2018-q2-update.win32_1.0.0.201904181610/tools/bin/../lib/gcc/arm-none-eabi/7.3.1/../../../../arm-none-eabi/lib/thumb/v7-m\libc_nano.a(lib_a-nano-mallocr.o)
                0x0000000020000dd4                __malloc_free_list
 .bss.__malloc_sbrk_start
                0x0000000020000dd8        0x4 c:/st/stm32cubeide_1.3.0/stm32cubeide/plugins/com.st.stm32cube.ide.mcu.externaltools.gnu-tools-for-stm32.7-2018-q2-update.win32_1.0.0.201904181610/tools/bin/../lib/gcc/arm-none-eabi/7.3.1/../../../../arm-none-eabi/lib/thumb/v7-m\libc_nano.a(lib_a-nano-mallocr.o)
                0x0000000020000dd8                __malloc_sbrk_start
 *(COMMON)
 COMMON         0x0000000020000ddc        0x1 Src/configurations.o
                0x0000000020000ddc                RESET_FLAG
 *fill*         0x0000000020000ddd        0x3 
 COMMON         0x0000000020000de0       0xa0 Src/esp8266_Firbase.o
                0x0000000020000de0                DEVICE_ID
                0x0000000020000dfc                PWD
                0x0000000020000e3c                s
                0x0000000020000e40                SSID
 COMMON         0x0000000020000e80        0x1 Src/gpio_signal.o
                0x0000000020000e80                state
 *fill*         0x0000000020000e81        0x3 
 COMMON         0x0000000020000e84        0x4 c:/st/stm32cubeide_1.3.0/stm32cubeide/plugins/com.st.stm32cube.ide.mcu.externaltools.gnu-tools-for-stm32.7-2018-q2-update.win32_1.0.0.201904181610/tools/bin/../lib/gcc/arm-none-eabi/7.3.1/../../../../arm-none-eabi/lib/thumb/v7-m\libc_nano.a(lib_a-reent.o)
                0x0000000020000e84                errno
                0x0000000020000e88                . = ALIGN (0x4)
                0x0000000020000e88                _ebss = .
                0x0000000020000e88                __bss_end__ = _ebss

._user_heap_stack
                0x0000000020000e88      0x600 load address 0x0000000008003768
                0x0000000020000e88                . = ALIGN (0x8)
                0x0000000020000e88                PROVIDE (end = .)
                [!provide]                        PROVIDE (_end = .)
                0x0000000020001088                . = (. + _Min_Heap_Size)
 *fill*         0x0000000020000e88      0x200 
                0x0000000020001488                . = (. + _Min_Stack_Size)
 *fill*         0x0000000020001088      0x400 
                0x0000000020001488                . = ALIGN (0x8)

/DISCARD/
 libc.a(*)
 libm.a(*)
 libgcc.a(*)

.ARM.attributes
                0x0000000000000000       0x29
 *(.ARM.attributes)
 .ARM.attributes
                0x0000000000000000       0x1d c:/st/stm32cubeide_1.3.0/stm32cubeide/plugins/com.st.stm32cube.ide.mcu.externaltools.gnu-tools-for-stm32.7-2018-q2-update.win32_1.0.0.201904181610/tools/bin/../lib/gcc/arm-none-eabi/7.3.1/thumb/v7-m/crti.o
 .ARM.attributes
                0x000000000000001d       0x2d c:/st/stm32cubeide_1.3.0/stm32cubeide/plugins/com.st.stm32cube.ide.mcu.externaltools.gnu-tools-for-stm32.7-2018-q2-update.win32_1.0.0.201904181610/tools/bin/../lib/gcc/arm-none-eabi/7.3.1/thumb/v7-m/crtbegin.o
 .ARM.attributes
                0x000000000000004a       0x33 Src/configurations.o
 .ARM.attributes
                0x000000000000007d       0x33 Src/esp8266_Firbase.o
 .ARM.attributes
                0x00000000000000b0       0x33 Src/event_queue.o
 .ARM.attributes
                0x00000000000000e3       0x33 Src/gpio_signal.o
 .ARM.attributes
                0x0000000000000116       0x33 Src/hc-sr501pir_sensor.o
 .ARM.attributes
                0x0000000000000149       0x33 Src/led.o
 .ARM.attributes
                0x000000000000017c       0x33 Src/main.o
 .ARM.attributes
                0x00000000000001af       0x33 Src/sysmem.o
 .ARM.attributes
                0x00000000000001e2       0x33 Src/system_control.o
 .ARM.attributes
                0x0000000000000215       0x33 Src/timers.o
 .ARM.attributes
                0x0000000000000248       0x33 Src/usart.o
 .ARM.attributes
                0x000000000000027b       0x21 Startup/startup_stm32f103rbtx.o
 .ARM.attributes
                0x000000000000029c       0x2d c:/st/stm32cubeide_1.3.0/stm32cubeide/plugins/com.st.stm32cube.ide.mcu.externaltools.gnu-tools-for-stm32.7-2018-q2-update.win32_1.0.0.201904181610/tools/bin/../lib/gcc/arm-none-eabi/7.3.1/../../../../arm-none-eabi/lib/thumb/v7-m\libc_nano.a(lib_a-errno.o)
 .ARM.attributes
                0x00000000000002c9       0x2d c:/st/stm32cubeide_1.3.0/stm32cubeide/plugins/com.st.stm32cube.ide.mcu.externaltools.gnu-tools-for-stm32.7-2018-q2-update.win32_1.0.0.201904181610/tools/bin/../lib/gcc/arm-none-eabi/7.3.1/../../../../arm-none-eabi/lib/thumb/v7-m\libc_nano.a(lib_a-impure.o)
 .ARM.attributes
                0x00000000000002f6       0x2d c:/st/stm32cubeide_1.3.0/stm32cubeide/plugins/com.st.stm32cube.ide.mcu.externaltools.gnu-tools-for-stm32.7-2018-q2-update.win32_1.0.0.201904181610/tools/bin/../lib/gcc/arm-none-eabi/7.3.1/../../../../arm-none-eabi/lib/thumb/v7-m\libc_nano.a(lib_a-init.o)
 .ARM.attributes
                0x0000000000000323       0x2d c:/st/stm32cubeide_1.3.0/stm32cubeide/plugins/com.st.stm32cube.ide.mcu.externaltools.gnu-tools-for-stm32.7-2018-q2-update.win32_1.0.0.201904181610/tools/bin/../lib/gcc/arm-none-eabi/7.3.1/../../../../arm-none-eabi/lib/thumb/v7-m\libc_nano.a(lib_a-memcpy-stub.o)
 .ARM.attributes
                0x0000000000000350       0x2d c:/st/stm32cubeide_1.3.0/stm32cubeide/plugins/com.st.stm32cube.ide.mcu.externaltools.gnu-tools-for-stm32.7-2018-q2-update.win32_1.0.0.201904181610/tools/bin/../lib/gcc/arm-none-eabi/7.3.1/../../../../arm-none-eabi/lib/thumb/v7-m\libc_nano.a(lib_a-memset.o)
 .ARM.attributes
                0x000000000000037d       0x2d c:/st/stm32cubeide_1.3.0/stm32cubeide/plugins/com.st.stm32cube.ide.mcu.externaltools.gnu-tools-for-stm32.7-2018-q2-update.win32_1.0.0.201904181610/tools/bin/../lib/gcc/arm-none-eabi/7.3.1/../../../../arm-none-eabi/lib/thumb/v7-m\libc_nano.a(lib_a-sprintf.o)
 .ARM.attributes
                0x00000000000003aa       0x2d c:/st/stm32cubeide_1.3.0/stm32cubeide/plugins/com.st.stm32cube.ide.mcu.externaltools.gnu-tools-for-stm32.7-2018-q2-update.win32_1.0.0.201904181610/tools/bin/../lib/gcc/arm-none-eabi/7.3.1/../../../../arm-none-eabi/lib/thumb/v7-m\libc_nano.a(lib_a-strcpy.o)
 .ARM.attributes
                0x00000000000003d7       0x17 c:/st/stm32cubeide_1.3.0/stm32cubeide/plugins/com.st.stm32cube.ide.mcu.externaltools.gnu-tools-for-stm32.7-2018-q2-update.win32_1.0.0.201904181610/tools/bin/../lib/gcc/arm-none-eabi/7.3.1/../../../../arm-none-eabi/lib/thumb/v7-m\libc_nano.a(lib_a-strlen.o)
 .ARM.attributes
                0x00000000000003ee       0x2d c:/st/stm32cubeide_1.3.0/stm32cubeide/plugins/com.st.stm32cube.ide.mcu.externaltools.gnu-tools-for-stm32.7-2018-q2-update.win32_1.0.0.201904181610/tools/bin/../lib/gcc/arm-none-eabi/7.3.1/../../../../arm-none-eabi/lib/thumb/v7-m\libc_nano.a(lib_a-strstr.o)
 .ARM.attributes
                0x000000000000041b       0x2d c:/st/stm32cubeide_1.3.0/stm32cubeide/plugins/com.st.stm32cube.ide.mcu.externaltools.gnu-tools-for-stm32.7-2018-q2-update.win32_1.0.0.201904181610/tools/bin/../lib/gcc/arm-none-eabi/7.3.1/../../../../arm-none-eabi/lib/thumb/v7-m\libc_nano.a(lib_a-nano-svfprintf.o)
 .ARM.attributes
                0x0000000000000448       0x2d c:/st/stm32cubeide_1.3.0/stm32cubeide/plugins/com.st.stm32cube.ide.mcu.externaltools.gnu-tools-for-stm32.7-2018-q2-update.win32_1.0.0.201904181610/tools/bin/../lib/gcc/arm-none-eabi/7.3.1/../../../../arm-none-eabi/lib/thumb/v7-m\libc_nano.a(lib_a-nano-vfprintf_i.o)
 .ARM.attributes
                0x0000000000000475       0x2d c:/st/stm32cubeide_1.3.0/stm32cubeide/plugins/com.st.stm32cube.ide.mcu.externaltools.gnu-tools-for-stm32.7-2018-q2-update.win32_1.0.0.201904181610/tools/bin/../lib/gcc/arm-none-eabi/7.3.1/../../../../arm-none-eabi/lib/thumb/v7-m\libc_nano.a(lib_a-memchr-stub.o)
 .ARM.attributes
                0x00000000000004a2       0x2d c:/st/stm32cubeide_1.3.0/stm32cubeide/plugins/com.st.stm32cube.ide.mcu.externaltools.gnu-tools-for-stm32.7-2018-q2-update.win32_1.0.0.201904181610/tools/bin/../lib/gcc/arm-none-eabi/7.3.1/../../../../arm-none-eabi/lib/thumb/v7-m\libc_nano.a(lib_a-memmove.o)
 .ARM.attributes
                0x00000000000004cf       0x2d c:/st/stm32cubeide_1.3.0/stm32cubeide/plugins/com.st.stm32cube.ide.mcu.externaltools.gnu-tools-for-stm32.7-2018-q2-update.win32_1.0.0.201904181610/tools/bin/../lib/gcc/arm-none-eabi/7.3.1/../../../../arm-none-eabi/lib/thumb/v7-m\libc_nano.a(lib_a-nano-freer.o)
 .ARM.attributes
                0x00000000000004fc       0x2d c:/st/stm32cubeide_1.3.0/stm32cubeide/plugins/com.st.stm32cube.ide.mcu.externaltools.gnu-tools-for-stm32.7-2018-q2-update.win32_1.0.0.201904181610/tools/bin/../lib/gcc/arm-none-eabi/7.3.1/../../../../arm-none-eabi/lib/thumb/v7-m\libc_nano.a(lib_a-nano-mallocr.o)
 .ARM.attributes
                0x0000000000000529       0x2d c:/st/stm32cubeide_1.3.0/stm32cubeide/plugins/com.st.stm32cube.ide.mcu.externaltools.gnu-tools-for-stm32.7-2018-q2-update.win32_1.0.0.201904181610/tools/bin/../lib/gcc/arm-none-eabi/7.3.1/../../../../arm-none-eabi/lib/thumb/v7-m\libc_nano.a(lib_a-nano-reallocr.o)
 .ARM.attributes
                0x0000000000000556       0x2d c:/st/stm32cubeide_1.3.0/stm32cubeide/plugins/com.st.stm32cube.ide.mcu.externaltools.gnu-tools-for-stm32.7-2018-q2-update.win32_1.0.0.201904181610/tools/bin/../lib/gcc/arm-none-eabi/7.3.1/../../../../arm-none-eabi/lib/thumb/v7-m\libc_nano.a(lib_a-sbrkr.o)
 .ARM.attributes
                0x0000000000000583       0x2d c:/st/stm32cubeide_1.3.0/stm32cubeide/plugins/com.st.stm32cube.ide.mcu.externaltools.gnu-tools-for-stm32.7-2018-q2-update.win32_1.0.0.201904181610/tools/bin/../lib/gcc/arm-none-eabi/7.3.1/../../../../arm-none-eabi/lib/thumb/v7-m\libc_nano.a(lib_a-mlock.o)
 .ARM.attributes
                0x00000000000005b0       0x2d c:/st/stm32cubeide_1.3.0/stm32cubeide/plugins/com.st.stm32cube.ide.mcu.externaltools.gnu-tools-for-stm32.7-2018-q2-update.win32_1.0.0.201904181610/tools/bin/../lib/gcc/arm-none-eabi/7.3.1/../../../../arm-none-eabi/lib/thumb/v7-m\libc_nano.a(lib_a-nano-msizer.o)
 .ARM.attributes
                0x00000000000005dd       0x2d c:/st/stm32cubeide_1.3.0/stm32cubeide/plugins/com.st.stm32cube.ide.mcu.externaltools.gnu-tools-for-stm32.7-2018-q2-update.win32_1.0.0.201904181610/tools/bin/../lib/gcc/arm-none-eabi/7.3.1/../../../../arm-none-eabi/lib/thumb/v7-m\libc_nano.a(lib_a-reent.o)
 .ARM.attributes
                0x000000000000060a       0x1d c:/st/stm32cubeide_1.3.0/stm32cubeide/plugins/com.st.stm32cube.ide.mcu.externaltools.gnu-tools-for-stm32.7-2018-q2-update.win32_1.0.0.201904181610/tools/bin/../lib/gcc/arm-none-eabi/7.3.1/thumb/v7-m/crtn.o
OUTPUT(stm32-f103rb-cnss.elf elf32-littlearm)

.debug_info     0x0000000000000000     0x94f7
 .debug_info    0x0000000000000000      0xb05 Src/configurations.o
 .debug_info    0x0000000000000b05      0xebe Src/esp8266_Firbase.o
 .debug_info    0x00000000000019c3      0xab0 Src/event_queue.o
 .debug_info    0x0000000000002473      0xecc Src/gpio_signal.o
 .debug_info    0x000000000000333f     0x116a Src/hc-sr501pir_sensor.o
 .debug_info    0x00000000000044a9      0xa88 Src/led.o
 .debug_info    0x0000000000004f31      0xa89 Src/main.o
 .debug_info    0x00000000000059ba      0x91c Src/sysmem.o
 .debug_info    0x00000000000062d6      0xa91 Src/system_control.o
 .debug_info    0x0000000000006d67     0x129a Src/timers.o
 .debug_info    0x0000000000008001     0x14d4 Src/usart.o
 .debug_info    0x00000000000094d5       0x22 Startup/startup_stm32f103rbtx.o

.debug_abbrev   0x0000000000000000     0x1a06
 .debug_abbrev  0x0000000000000000      0x216 Src/configurations.o
 .debug_abbrev  0x0000000000000216      0x289 Src/esp8266_Firbase.o
 .debug_abbrev  0x000000000000049f      0x225 Src/event_queue.o
 .debug_abbrev  0x00000000000006c4      0x2b1 Src/gpio_signal.o
 .debug_abbrev  0x0000000000000975      0x2c6 Src/hc-sr501pir_sensor.o
 .debug_abbrev  0x0000000000000c3b      0x188 Src/led.o
 .debug_abbrev  0x0000000000000dc3      0x1d3 Src/main.o
 .debug_abbrev  0x0000000000000f96      0x1bb Src/sysmem.o
 .debug_abbrev  0x0000000000001151      0x1ef Src/system_control.o
 .debug_abbrev  0x0000000000001340      0x2b0 Src/timers.o
 .debug_abbrev  0x00000000000015f0      0x404 Src/usart.o
 .debug_abbrev  0x00000000000019f4       0x12 Startup/startup_stm32f103rbtx.o

.debug_aranges  0x0000000000000000      0x470
 .debug_aranges
                0x0000000000000000       0x38 Src/configurations.o
 .debug_aranges
                0x0000000000000038       0xb8 Src/esp8266_Firbase.o
 .debug_aranges
                0x00000000000000f0       0x40 Src/event_queue.o
 .debug_aranges
                0x0000000000000130       0x58 Src/gpio_signal.o
 .debug_aranges
                0x0000000000000188       0x70 Src/hc-sr501pir_sensor.o
 .debug_aranges
                0x00000000000001f8       0x38 Src/led.o
 .debug_aranges
                0x0000000000000230       0x20 Src/main.o
 .debug_aranges
                0x0000000000000250       0x20 Src/sysmem.o
 .debug_aranges
                0x0000000000000270       0x28 Src/system_control.o
 .debug_aranges
                0x0000000000000298       0xd8 Src/timers.o
 .debug_aranges
                0x0000000000000370       0xd8 Src/usart.o
 .debug_aranges
                0x0000000000000448       0x28 Startup/startup_stm32f103rbtx.o

.debug_ranges   0x0000000000000000      0x3b8
 .debug_ranges  0x0000000000000000       0x28 Src/configurations.o
 .debug_ranges  0x0000000000000028       0xa8 Src/esp8266_Firbase.o
 .debug_ranges  0x00000000000000d0       0x30 Src/event_queue.o
 .debug_ranges  0x0000000000000100       0x48 Src/gpio_signal.o
 .debug_ranges  0x0000000000000148       0x60 Src/hc-sr501pir_sensor.o
 .debug_ranges  0x00000000000001a8       0x28 Src/led.o
 .debug_ranges  0x00000000000001d0       0x10 Src/main.o
 .debug_ranges  0x00000000000001e0       0x10 Src/sysmem.o
 .debug_ranges  0x00000000000001f0       0x18 Src/system_control.o
 .debug_ranges  0x0000000000000208       0xc8 Src/timers.o
 .debug_ranges  0x00000000000002d0       0xc8 Src/usart.o
 .debug_ranges  0x0000000000000398       0x20 Startup/startup_stm32f103rbtx.o

.debug_macro    0x0000000000000000     0x1eb4
 .debug_macro   0x0000000000000000      0x299 Src/configurations.o
 .debug_macro   0x0000000000000299       0x22 Src/configurations.o
 .debug_macro   0x00000000000002bb      0x10e Src/configurations.o
 .debug_macro   0x00000000000003c9       0x8d Src/configurations.o
 .debug_macro   0x0000000000000456       0x1c Src/configurations.o
 .debug_macro   0x0000000000000472       0x10 Src/configurations.o
 .debug_macro   0x0000000000000482       0x10 Src/configurations.o
 .debug_macro   0x0000000000000492       0x1c Src/configurations.o
 .debug_macro   0x00000000000004ae       0x52 Src/configurations.o
 .debug_macro   0x0000000000000500       0x40 Src/configurations.o
 .debug_macro   0x0000000000000540       0x10 Src/configurations.o
 .debug_macro   0x0000000000000550       0x40 Src/configurations.o
 .debug_macro   0x0000000000000590       0xd7 Src/configurations.o
 .debug_macro   0x0000000000000667       0x1c Src/configurations.o
 .debug_macro   0x0000000000000683       0x3d Src/configurations.o
 .debug_macro   0x00000000000006c0       0x16 Src/configurations.o
 .debug_macro   0x00000000000006d6      0x145 Src/configurations.o
 .debug_macro   0x000000000000081b       0x16 Src/configurations.o
 .debug_macro   0x0000000000000831      0x2e5 Src/esp8266_Firbase.o
 .debug_macro   0x0000000000000b16       0x46 Src/esp8266_Firbase.o
 .debug_macro   0x0000000000000b5c       0x28 Src/esp8266_Firbase.o
 .debug_macro   0x0000000000000b84       0x10 Src/esp8266_Firbase.o
 .debug_macro   0x0000000000000b94      0x194 Src/event_queue.o
 .debug_macro   0x0000000000000d28       0x10 Src/event_queue.o
 .debug_macro   0x0000000000000d38      0x19d Src/gpio_signal.o
 .debug_macro   0x0000000000000ed5      0x1d1 Src/hc-sr501pir_sensor.o
 .debug_macro   0x00000000000010a6      0x1b9 Src/led.o
 .debug_macro   0x000000000000125f      0x202 Src/main.o
 .debug_macro   0x0000000000001461      0x1ae Src/sysmem.o
 .debug_macro   0x000000000000160f      0x23b Src/sysmem.o
 .debug_macro   0x000000000000184a       0x16 Src/sysmem.o
 .debug_macro   0x0000000000001860      0x1d2 Src/system_control.o
 .debug_macro   0x0000000000001a32      0x2ac Src/timers.o
 .debug_macro   0x0000000000001cde      0x1d6 Src/usart.o

.debug_line     0x0000000000000000     0x54aa
 .debug_line    0x0000000000000000      0x794 Src/configurations.o
 .debug_line    0x0000000000000794      0xac0 Src/esp8266_Firbase.o
 .debug_line    0x0000000000001254      0x684 Src/event_queue.o
 .debug_line    0x00000000000018d8      0x711 Src/gpio_signal.o
 .debug_line    0x0000000000001fe9      0x7a8 Src/hc-sr501pir_sensor.o
 .debug_line    0x0000000000002791      0x66c Src/led.o
 .debug_line    0x0000000000002dfd      0x6dd Src/main.o
 .debug_line    0x00000000000034da      0x559 Src/sysmem.o
 .debug_line    0x0000000000003a33      0x705 Src/system_control.o
 .debug_line    0x0000000000004138      0x9a2 Src/timers.o
 .debug_line    0x0000000000004ada      0x94c Src/usart.o
 .debug_line    0x0000000000005426       0x84 Startup/startup_stm32f103rbtx.o

.debug_str      0x0000000000000000    0x595b0
 .debug_str     0x0000000000000000    0x5826a Src/configurations.o
                                      0x585a4 (size before relaxing)
 .debug_str     0x000000000005826a      0x3cb Src/esp8266_Firbase.o
                                      0x588eb (size before relaxing)
 .debug_str     0x0000000000058635       0x92 Src/event_queue.o
                                      0x5727c (size before relaxing)
 .debug_str     0x00000000000586c7      0x407 Src/gpio_signal.o
                                      0x57662 (size before relaxing)
 .debug_str     0x0000000000058ace      0x10c Src/hc-sr501pir_sensor.o
                                      0x5789b (size before relaxing)
 .debug_str     0x0000000000058bda       0x30 Src/led.o
                                      0x57280 (size before relaxing)
 .debug_str     0x0000000000058c0a       0x25 Src/main.o
                                      0x5747b (size before relaxing)
 .debug_str     0x0000000000058c2f      0x4cc Src/sysmem.o
                                       0x7ade (size before relaxing)
 .debug_str     0x00000000000590fb       0x52 Src/system_control.o
                                      0x5746e (size before relaxing)
 .debug_str     0x000000000005914d      0x1ed Src/timers.o
                                      0x58b96 (size before relaxing)
 .debug_str     0x000000000005933a      0x245 Src/usart.o
                                      0x57a55 (size before relaxing)
 .debug_str     0x000000000005957f       0x31 Startup/startup_stm32f103rbtx.o
                                         0x70 (size before relaxing)

.comment        0x0000000000000000       0x7b
 .comment       0x0000000000000000       0x7b Src/configurations.o
                                         0x7c (size before relaxing)
 .comment       0x000000000000007b       0x7c Src/esp8266_Firbase.o
 .comment       0x000000000000007b       0x7c Src/event_queue.o
 .comment       0x000000000000007b       0x7c Src/gpio_signal.o
 .comment       0x000000000000007b       0x7c Src/hc-sr501pir_sensor.o
 .comment       0x000000000000007b       0x7c Src/led.o
 .comment       0x000000000000007b       0x7c Src/main.o
 .comment       0x000000000000007b       0x7c Src/sysmem.o
 .comment       0x000000000000007b       0x7c Src/system_control.o
 .comment       0x000000000000007b       0x7c Src/timers.o
 .comment       0x000000000000007b       0x7c Src/usart.o

.debug_frame    0x0000000000000000     0x1240
 .debug_frame   0x0000000000000000       0x94 Src/configurations.o
 .debug_frame   0x0000000000000094      0x2bc Src/esp8266_Firbase.o
 .debug_frame   0x0000000000000350       0xb8 Src/event_queue.o
 .debug_frame   0x0000000000000408      0x10c Src/gpio_signal.o
 .debug_frame   0x0000000000000514      0x188 Src/hc-sr501pir_sensor.o
 .debug_frame   0x000000000000069c       0x90 Src/led.o
 .debug_frame   0x000000000000072c       0x2c Src/main.o
 .debug_frame   0x0000000000000758       0x34 Src/sysmem.o
 .debug_frame   0x000000000000078c       0x50 Src/system_control.o
 .debug_frame   0x00000000000007dc      0x328 Src/timers.o
 .debug_frame   0x0000000000000b04      0x334 Src/usart.o
 .debug_frame   0x0000000000000e38       0x20 c:/st/stm32cubeide_1.3.0/stm32cubeide/plugins/com.st.stm32cube.ide.mcu.externaltools.gnu-tools-for-stm32.7-2018-q2-update.win32_1.0.0.201904181610/tools/bin/../lib/gcc/arm-none-eabi/7.3.1/../../../../arm-none-eabi/lib/thumb/v7-m\libc_nano.a(lib_a-errno.o)
 .debug_frame   0x0000000000000e58       0x2c c:/st/stm32cubeide_1.3.0/stm32cubeide/plugins/com.st.stm32cube.ide.mcu.externaltools.gnu-tools-for-stm32.7-2018-q2-update.win32_1.0.0.201904181610/tools/bin/../lib/gcc/arm-none-eabi/7.3.1/../../../../arm-none-eabi/lib/thumb/v7-m\libc_nano.a(lib_a-init.o)
 .debug_frame   0x0000000000000e84       0x28 c:/st/stm32cubeide_1.3.0/stm32cubeide/plugins/com.st.stm32cube.ide.mcu.externaltools.gnu-tools-for-stm32.7-2018-q2-update.win32_1.0.0.201904181610/tools/bin/../lib/gcc/arm-none-eabi/7.3.1/../../../../arm-none-eabi/lib/thumb/v7-m\libc_nano.a(lib_a-memcpy-stub.o)
 .debug_frame   0x0000000000000eac       0x20 c:/st/stm32cubeide_1.3.0/stm32cubeide/plugins/com.st.stm32cube.ide.mcu.externaltools.gnu-tools-for-stm32.7-2018-q2-update.win32_1.0.0.201904181610/tools/bin/../lib/gcc/arm-none-eabi/7.3.1/../../../../arm-none-eabi/lib/thumb/v7-m\libc_nano.a(lib_a-memset.o)
 .debug_frame   0x0000000000000ecc       0x6c c:/st/stm32cubeide_1.3.0/stm32cubeide/plugins/com.st.stm32cube.ide.mcu.externaltools.gnu-tools-for-stm32.7-2018-q2-update.win32_1.0.0.201904181610/tools/bin/../lib/gcc/arm-none-eabi/7.3.1/../../../../arm-none-eabi/lib/thumb/v7-m\libc_nano.a(lib_a-sprintf.o)
 .debug_frame   0x0000000000000f38       0x20 c:/st/stm32cubeide_1.3.0/stm32cubeide/plugins/com.st.stm32cube.ide.mcu.externaltools.gnu-tools-for-stm32.7-2018-q2-update.win32_1.0.0.201904181610/tools/bin/../lib/gcc/arm-none-eabi/7.3.1/../../../../arm-none-eabi/lib/thumb/v7-m\libc_nano.a(lib_a-strcpy.o)
 .debug_frame   0x0000000000000f58       0x30 c:/st/stm32cubeide_1.3.0/stm32cubeide/plugins/com.st.stm32cube.ide.mcu.externaltools.gnu-tools-for-stm32.7-2018-q2-update.win32_1.0.0.201904181610/tools/bin/../lib/gcc/arm-none-eabi/7.3.1/../../../../arm-none-eabi/lib/thumb/v7-m\libc_nano.a(lib_a-strstr.o)
 .debug_frame   0x0000000000000f88       0x90 c:/st/stm32cubeide_1.3.0/stm32cubeide/plugins/com.st.stm32cube.ide.mcu.externaltools.gnu-tools-for-stm32.7-2018-q2-update.win32_1.0.0.201904181610/tools/bin/../lib/gcc/arm-none-eabi/7.3.1/../../../../arm-none-eabi/lib/thumb/v7-m\libc_nano.a(lib_a-nano-svfprintf.o)
 .debug_frame   0x0000000000001018       0x60 c:/st/stm32cubeide_1.3.0/stm32cubeide/plugins/com.st.stm32cube.ide.mcu.externaltools.gnu-tools-for-stm32.7-2018-q2-update.win32_1.0.0.201904181610/tools/bin/../lib/gcc/arm-none-eabi/7.3.1/../../../../arm-none-eabi/lib/thumb/v7-m\libc_nano.a(lib_a-nano-vfprintf_i.o)
 .debug_frame   0x0000000000001078       0x28 c:/st/stm32cubeide_1.3.0/stm32cubeide/plugins/com.st.stm32cube.ide.mcu.externaltools.gnu-tools-for-stm32.7-2018-q2-update.win32_1.0.0.201904181610/tools/bin/../lib/gcc/arm-none-eabi/7.3.1/../../../../arm-none-eabi/lib/thumb/v7-m\libc_nano.a(lib_a-memchr-stub.o)
 .debug_frame   0x00000000000010a0       0x28 c:/st/stm32cubeide_1.3.0/stm32cubeide/plugins/com.st.stm32cube.ide.mcu.externaltools.gnu-tools-for-stm32.7-2018-q2-update.win32_1.0.0.201904181610/tools/bin/../lib/gcc/arm-none-eabi/7.3.1/../../../../arm-none-eabi/lib/thumb/v7-m\libc_nano.a(lib_a-memmove.o)
 .debug_frame   0x00000000000010c8       0x38 c:/st/stm32cubeide_1.3.0/stm32cubeide/plugins/com.st.stm32cube.ide.mcu.externaltools.gnu-tools-for-stm32.7-2018-q2-update.win32_1.0.0.201904181610/tools/bin/../lib/gcc/arm-none-eabi/7.3.1/../../../../arm-none-eabi/lib/thumb/v7-m\libc_nano.a(lib_a-nano-freer.o)
 .debug_frame   0x0000000000001100       0x2c c:/st/stm32cubeide_1.3.0/stm32cubeide/plugins/com.st.stm32cube.ide.mcu.externaltools.gnu-tools-for-stm32.7-2018-q2-update.win32_1.0.0.201904181610/tools/bin/../lib/gcc/arm-none-eabi/7.3.1/../../../../arm-none-eabi/lib/thumb/v7-m\libc_nano.a(lib_a-nano-mallocr.o)
 .debug_frame   0x000000000000112c       0x3c c:/st/stm32cubeide_1.3.0/stm32cubeide/plugins/com.st.stm32cube.ide.mcu.externaltools.gnu-tools-for-stm32.7-2018-q2-update.win32_1.0.0.201904181610/tools/bin/../lib/gcc/arm-none-eabi/7.3.1/../../../../arm-none-eabi/lib/thumb/v7-m\libc_nano.a(lib_a-nano-reallocr.o)
 .debug_frame   0x0000000000001168       0x2c c:/st/stm32cubeide_1.3.0/stm32cubeide/plugins/com.st.stm32cube.ide.mcu.externaltools.gnu-tools-for-stm32.7-2018-q2-update.win32_1.0.0.201904181610/tools/bin/../lib/gcc/arm-none-eabi/7.3.1/../../../../arm-none-eabi/lib/thumb/v7-m\libc_nano.a(lib_a-sbrkr.o)
 .debug_frame   0x0000000000001194       0x30 c:/st/stm32cubeide_1.3.0/stm32cubeide/plugins/com.st.stm32cube.ide.mcu.externaltools.gnu-tools-for-stm32.7-2018-q2-update.win32_1.0.0.201904181610/tools/bin/../lib/gcc/arm-none-eabi/7.3.1/../../../../arm-none-eabi/lib/thumb/v7-m\libc_nano.a(lib_a-mlock.o)
 .debug_frame   0x00000000000011c4       0x20 c:/st/stm32cubeide_1.3.0/stm32cubeide/plugins/com.st.stm32cube.ide.mcu.externaltools.gnu-tools-for-stm32.7-2018-q2-update.win32_1.0.0.201904181610/tools/bin/../lib/gcc/arm-none-eabi/7.3.1/../../../../arm-none-eabi/lib/thumb/v7-m\libc_nano.a(lib_a-nano-msizer.o)
 .debug_frame   0x00000000000011e4       0x5c c:/st/stm32cubeide_1.3.0/stm32cubeide/plugins/com.st.stm32cube.ide.mcu.externaltools.gnu-tools-for-stm32.7-2018-q2-update.win32_1.0.0.201904181610/tools/bin/../lib/gcc/arm-none-eabi/7.3.1/../../../../arm-none-eabi/lib/thumb/v7-m\libc_nano.a(lib_a-reent.o)
