Archive member included to satisfy reference by file (symbol)

c:/st/stm32cubeide_1.3.0/stm32cubeide/plugins/com.st.stm32cube.ide.mcu.externaltools.gnu-tools-for-stm32.7-2018-q2-update.win32_1.0.0.201904181610/tools/bin/../lib/gcc/arm-none-eabi/7.3.1/../../../../arm-none-eabi/lib/thumb/v7-m\libc_nano.a(lib_a-errno.o)
                              Src/syscalls.o (__errno)
c:/st/stm32cubeide_1.3.0/stm32cubeide/plugins/com.st.stm32cube.ide.mcu.externaltools.gnu-tools-for-stm32.7-2018-q2-update.win32_1.0.0.201904181610/tools/bin/../lib/gcc/arm-none-eabi/7.3.1/../../../../arm-none-eabi/lib/thumb/v7-m\libc_nano.a(lib_a-exit.o)
                              c:/st/stm32cubeide_1.3.0/stm32cubeide/plugins/com.st.stm32cube.ide.mcu.externaltools.gnu-tools-for-stm32.7-2018-q2-update.win32_1.0.0.201904181610/tools/bin/../lib/gcc/arm-none-eabi/7.3.1/../../../../arm-none-eabi/lib/thumb/v7-m/crt0.o (exit)
c:/st/stm32cubeide_1.3.0/stm32cubeide/plugins/com.st.stm32cube.ide.mcu.externaltools.gnu-tools-for-stm32.7-2018-q2-update.win32_1.0.0.201904181610/tools/bin/../lib/gcc/arm-none-eabi/7.3.1/../../../../arm-none-eabi/lib/thumb/v7-m\libc_nano.a(lib_a-impure.o)
                              c:/st/stm32cubeide_1.3.0/stm32cubeide/plugins/com.st.stm32cube.ide.mcu.externaltools.gnu-tools-for-stm32.7-2018-q2-update.win32_1.0.0.201904181610/tools/bin/../lib/gcc/arm-none-eabi/7.3.1/../../../../arm-none-eabi/lib/thumb/v7-m\libc_nano.a(lib_a-exit.o) (_global_impure_ptr)
c:/st/stm32cubeide_1.3.0/stm32cubeide/plugins/com.st.stm32cube.ide.mcu.externaltools.gnu-tools-for-stm32.7-2018-q2-update.win32_1.0.0.201904181610/tools/bin/../lib/gcc/arm-none-eabi/7.3.1/../../../../arm-none-eabi/lib/thumb/v7-m\libc_nano.a(lib_a-init.o)
                              c:/st/stm32cubeide_1.3.0/stm32cubeide/plugins/com.st.stm32cube.ide.mcu.externaltools.gnu-tools-for-stm32.7-2018-q2-update.win32_1.0.0.201904181610/tools/bin/../lib/gcc/arm-none-eabi/7.3.1/../../../../arm-none-eabi/lib/thumb/v7-m/crt0.o (__libc_init_array)
c:/st/stm32cubeide_1.3.0/stm32cubeide/plugins/com.st.stm32cube.ide.mcu.externaltools.gnu-tools-for-stm32.7-2018-q2-update.win32_1.0.0.201904181610/tools/bin/../lib/gcc/arm-none-eabi/7.3.1/../../../../arm-none-eabi/lib/thumb/v7-m\libc_nano.a(lib_a-memset.o)
                              c:/st/stm32cubeide_1.3.0/stm32cubeide/plugins/com.st.stm32cube.ide.mcu.externaltools.gnu-tools-for-stm32.7-2018-q2-update.win32_1.0.0.201904181610/tools/bin/../lib/gcc/arm-none-eabi/7.3.1/../../../../arm-none-eabi/lib/thumb/v7-m/crt0.o (memset)
c:/st/stm32cubeide_1.3.0/stm32cubeide/plugins/com.st.stm32cube.ide.mcu.externaltools.gnu-tools-for-stm32.7-2018-q2-update.win32_1.0.0.201904181610/tools/bin/../lib/gcc/arm-none-eabi/7.3.1/../../../../arm-none-eabi/lib/thumb/v7-m\libc_nano.a(lib_a-sprintf.o)
                              Src/esp8266_Firbase.o (sprintf)
c:/st/stm32cubeide_1.3.0/stm32cubeide/plugins/com.st.stm32cube.ide.mcu.externaltools.gnu-tools-for-stm32.7-2018-q2-update.win32_1.0.0.201904181610/tools/bin/../lib/gcc/arm-none-eabi/7.3.1/../../../../arm-none-eabi/lib/thumb/v7-m\libc_nano.a(lib_a-strcpy.o)
                              Src/usart.o (strcpy)
c:/st/stm32cubeide_1.3.0/stm32cubeide/plugins/com.st.stm32cube.ide.mcu.externaltools.gnu-tools-for-stm32.7-2018-q2-update.win32_1.0.0.201904181610/tools/bin/../lib/gcc/arm-none-eabi/7.3.1/../../../../arm-none-eabi/lib/thumb/v7-m\libc_nano.a(lib_a-strlen.o)
                              Src/esp8266_Firbase.o (strlen)
c:/st/stm32cubeide_1.3.0/stm32cubeide/plugins/com.st.stm32cube.ide.mcu.externaltools.gnu-tools-for-stm32.7-2018-q2-update.win32_1.0.0.201904181610/tools/bin/../lib/gcc/arm-none-eabi/7.3.1/../../../../arm-none-eabi/lib/thumb/v7-m\libc_nano.a(lib_a-strstr.o)
                              Src/usart.o (strstr)
c:/st/stm32cubeide_1.3.0/stm32cubeide/plugins/com.st.stm32cube.ide.mcu.externaltools.gnu-tools-for-stm32.7-2018-q2-update.win32_1.0.0.201904181610/tools/bin/../lib/gcc/arm-none-eabi/7.3.1/../../../../arm-none-eabi/lib/thumb/v7-m\libc_nano.a(lib_a-nano-svfprintf.o)
                              c:/st/stm32cubeide_1.3.0/stm32cubeide/plugins/com.st.stm32cube.ide.mcu.externaltools.gnu-tools-for-stm32.7-2018-q2-update.win32_1.0.0.201904181610/tools/bin/../lib/gcc/arm-none-eabi/7.3.1/../../../../arm-none-eabi/lib/thumb/v7-m\libc_nano.a(lib_a-sprintf.o) (_svfprintf_r)
c:/st/stm32cubeide_1.3.0/stm32cubeide/plugins/com.st.stm32cube.ide.mcu.externaltools.gnu-tools-for-stm32.7-2018-q2-update.win32_1.0.0.201904181610/tools/bin/../lib/gcc/arm-none-eabi/7.3.1/../../../../arm-none-eabi/lib/thumb/v7-m\libc_nano.a(lib_a-nano-vfprintf_i.o)
                              c:/st/stm32cubeide_1.3.0/stm32cubeide/plugins/com.st.stm32cube.ide.mcu.externaltools.gnu-tools-for-stm32.7-2018-q2-update.win32_1.0.0.201904181610/tools/bin/../lib/gcc/arm-none-eabi/7.3.1/../../../../arm-none-eabi/lib/thumb/v7-m\libc_nano.a(lib_a-nano-svfprintf.o) (_printf_i)
[...]
Memory Configuration

Name             Origin             Length             Attributes
RAM              0x0000000020000000 0x0000000000005000 xrw
ROM              0x0000000008000000 0x0000000000020000 xr
*default*        0x0000000000000000 0xffffffffffffffff

Linker script and memory map

LOAD c:/st/stm32cubeide_1.3.0/stm32cubeide/plugins/com.st.stm32cube.ide.mcu.externaltools.gnu-tools-for-stm32.7-2018-q2-update.win32_1.0.0.201904181610/tools/bin/../lib/gcc/arm-none-eabi/7.3.1/thumb/v7-m/crti.o
LOAD c:/st/stm32cubeide_1.3.0/stm32cubeide/plugins/com.st.stm32cube.ide.mcu.externaltools.gnu-tools-for-stm32.7-2018-q2-update.win32_1.0.0.201904181610/tools/bin/../lib/gcc/arm-none-eabi/7.3.1/thumb/v7-m/crtbegin.o
LOAD c:/st/stm32cubeide_1.3.0/stm32cubeide/plugins/com.st.stm32cube.ide.mcu.externaltools.gnu-tools-for-stm32.7-2018-q2-update.win32_1.0.0.201904181610/tools/bin/../lib/gcc/arm-none-eabi/7.3.1/../../../../arm-none-eabi/lib/thumb/v7-m/crt0.o
LOAD Src/esp8266.o
LOAD Src/esp8266_Firbase.o
LOAD Src/event_queue.o
LOAD Src/gpio_signal.o
LOAD Src/hc-sr501pir_sensor.o
LOAD Src/i2c.o
LOAD Src/main.o
LOAD Src/syscalls.o
LOAD Src/sysmem.o
LOAD Src/timers.o
LOAD Src/usart.o
LOAD Startup/startup_stm32f103rbtx.o
START GROUP
LOAD c:/st/stm32cubeide_1.3.0/stm32cubeide/plugins/com.st.stm32cube.ide.mcu.externaltools.gnu-tools-for-stm32.7-2018-q2-update.win32_1.0.0.201904181610/tools/bin/../lib/gcc/arm-none-eabi/7.3.1/../../../../arm-none-eabi/lib/thumb/v7-m\libc_nano.a
LOAD c:/st/stm32cubeide_1.3.0/stm32cubeide/plugins/com.st.stm32cube.ide.mcu.externaltools.gnu-tools-for-stm32.7-2018-q2-update.win32_1.0.0.201904181610/tools/bin/../lib/gcc/arm-none-eabi/7.3.1/../../../../arm-none-eabi/lib/thumb/v7-m\libm.a
END GROUP
START GROUP
LOAD c:/st/stm32cubeide_1.3.0/stm32cubeide/plugins/com.st.stm32cube.ide.mcu.externaltools.gnu-tools-for-stm32.7-2018-q2-update.win32_1.0.0.201904181610/tools/bin/../lib/gcc/arm-none-eabi/7.3.1/thumb/v7-m\libgcc.a
LOAD c:/st/stm32cubeide_1.3.0/stm32cubeide/plugins/com.st.stm32cube.ide.mcu.externaltools.gnu-tools-for-stm32.7-2018-q2-update.win32_1.0.0.201904181610/tools/bin/../lib/gcc/arm-none-eabi/7.3.1/../../../../arm-none-eabi/lib/thumb/v7-m\libc_nano.a
END GROUP
START GROUP
LOAD c:/st/stm32cubeide_1.3.0/stm32cubeide/plugins/com.st.stm32cube.ide.mcu.externaltools.gnu-tools-for-stm32.7-2018-q2-update.win32_1.0.0.201904181610/tools/bin/../lib/gcc/arm-none-eabi/7.3.1/thumb/v7-m\libgcc.a
LOAD c:/st/stm32cubeide_1.3.0/stm32cubeide/plugins/com.st.stm32cube.ide.mcu.externaltools.gnu-tools-for-stm32.7-2018-q2-update.win32_1.0.0.201904181610/tools/bin/../lib/gcc/arm-none-eabi/7.3.1/../../../../arm-none-eabi/lib/thumb/v7-m\libc_nano.a
LOAD c:/st/stm32cubeide_1.3.0/stm32cubeide/plugins/com.st.stm32cube.ide.mcu.externaltools.gnu-tools-for-stm32.7-2018-q2-update.win32_1.0.0.201904181610/tools/bin/../lib/gcc/arm-none-eabi/7.3.1/../../../../arm-none-eabi/lib/thumb/v7-m\libnosys.a
END GROUP
START GROUP
LOAD c:/st/stm32cubeide_1.3.0/stm32cubeide/plugins/com.st.stm32cube.ide.mcu.externaltools.gnu-tools-for-stm32.7-2018-q2-update.win32_1.0.0.201904181610/tools/bin/../lib/gcc/arm-none-eabi/7.3.1/thumb/v7-m\libgcc.a
LOAD c:/st/stm32cubeide_1.3.0/stm32cubeide/plugins/com.st.stm32cube.ide.mcu.externaltools.gnu-tools-for-stm32.7-2018-q2-update.win32_1.0.0.201904181610/tools/bin/../lib/gcc/arm-none-eabi/7.3.1/../../../../arm-none-eabi/lib/thumb/v7-m\libc_nano.a
LOAD c:/st/stm32cubeide_1.3.0/stm32cubeide/plugins/com.st.stm32cube.ide.mcu.externaltools.gnu-tools-for-stm32.7-2018-q2-update.win32_1.0.0.201904181610/tools/bin/../lib/gcc/arm-none-eabi/7.3.1/../../../../arm-none-eabi/lib/thumb/v7-m\libnosys.a
END GROUP
LOAD c:/st/stm32cubeide_1.3.0/stm32cubeide/plugins/com.st.stm32cube.ide.mcu.externaltools.gnu-tools-for-stm32.7-2018-q2-update.win32_1.0.0.201904181610/tools/bin/../lib/gcc/arm-none-eabi/7.3.1/thumb/v7-m/crtend.o
LOAD c:/st/stm32cubeide_1.3.0/stm32cubeide/plugins/com.st.stm32cube.ide.mcu.externaltools.gnu-tools-for-stm32.7-2018-q2-update.win32_1.0.0.201904181610/tools/bin/../lib/gcc/arm-none-eabi/7.3.1/thumb/v7-m/crtn.o
                0x0000000020005000                _estack = (ORIGIN (RAM) + LENGTH (RAM))
                0x0000000000000200                _Min_Heap_Size = 0x200
                0x0000000000000400                _Min_Stack_Size = 0x400

.isr_vector     0x0000000008000000      0x130
                0x0000000008000000                . = ALIGN (0x4)
 *(.isr_vector)
 .isr_vector    0x0000000008000000      0x130 Startup/startup_stm32f103rbtx.o
                0x0000000008000000                g_pfnVectors
                0x0000000008000130                . = ALIGN (0x4)

.text           0x0000000008000130     0x1a5c
                0x0000000008000130                . = ALIGN (0x4)
 *(.text)
 .text          0x0000000008000130       0x40 c:/st/stm32cubeide_1.3.0/stm32cubeide/plugins/com.st.stm32cube.ide.mcu.externaltools.gnu-tools-for-stm32.7-2018-q2-update.win32_1.0.0.201904181610/tools/bin/../lib/gcc/arm-none-eabi/7.3.1/thumb/v7-m/crtbegin.o
 .text          0x0000000008000170       0x10 c:/st/stm32cubeide_1.3.0/stm32cubeide/plugins/com.st.stm32cube.ide.mcu.externaltools.gnu-tools-for-stm32.7-2018-q2-update.win32_1.0.0.201904181610/tools/bin/../lib/gcc/arm-none-eabi/7.3.1/../../../../arm-none-eabi/lib/thumb/v7-m\libc_nano.a(lib_a-strlen.o)
                0x0000000008000170                strlen
 *(.text*)
 .text.setImagePath
                0x0000000008000180       0x2c Src/esp8266_Firbase.o
                0x0000000008000180                setImagePath
 .text.alert_Handler
                0x00000000080001ac       0x2c Src/esp8266_Firbase.o
                0x00000000080001ac                alert_Handler
 .text.recordAlert
                0x00000000080001d8       0xc8 Src/esp8266_Firbase.o
                0x00000000080001d8                recordAlert
 .text.setClientMode
                0x00000000080002a0       0x74 Src/esp8266_Firbase.o
                0x00000000080002a0                setClientMode
 .text.joinAccessPoint
                0x0000000008000314       0x98 Src/esp8266_Firbase.o
                0x0000000008000314                joinAccessPoint
 .text.connectFirebaseHost
                0x00000000080003ac      0x124 Src/esp8266_Firbase.o
                0x00000000080003ac                connectFirebaseHost
 .text.createPostMsg
                0x00000000080004d0       0x88 Src/esp8266_Firbase.o
                0x00000000080004d0                createPostMsg
 .text.sendRequest
                0x0000000008000558      0x128 Src/esp8266_Firbase.o
                0x0000000008000558                sendRequest
 .text.readResponse
                0x0000000008000680       0x58 Src/esp8266_Firbase.o
                0x0000000008000680                readResponse
 .text.closeCunnection
                0x00000000080006d8       0x74 Src/esp8266_Firbase.o
                0x00000000080006d8                closeCunnection
 .text.init_queue
                0x000000000800074c       0x24 Src/event_queue.o
                0x000000000800074c                init_queue
 .text.add_event
                0x0000000008000770       0x48 Src/event_queue.o
                0x0000000008000770                add_event
 .text.do_event
                0x00000000080007b8       0x4c Src/event_queue.o
                0x00000000080007b8                do_event
 .text.queue_isFull
                0x0000000008000804       0x3c Src/event_queue.o
                0x0000000008000804                queue_isFull
 .text.queue_isEmpty
                0x0000000008000840       0x24 Src/event_queue.o
                0x0000000008000840                queue_isEmpty
 .text.EXTI15_10_IRQHandler
                0x0000000008000864       0x2c Src/gpio_signal.o
                0x0000000008000864                EXTI15_10_IRQHandler
 .text.interrupt_handler
                0x0000000008000890       0x44 Src/gpio_signal.o
                0x0000000008000890                interrupt_handler
 .text.__NVIC_SetPriorityGrouping
                0x00000000080008d4       0x48 Src/hc-sr501pir_sensor.o
 .text.__NVIC_EnableIRQ
                0x000000000800091c       0x38 Src/hc-sr501pir_sensor.o
 .text.__NVIC_SetPriority
                0x0000000008000954       0x54 Src/hc-sr501pir_sensor.o
 .text.init_sensor_with_interrupt
                0x00000000080009a8       0x90 Src/hc-sr501pir_sensor.o
                0x00000000080009a8                init_sensor_with_interrupt
 .text.EXTI4_IRQHandler
                0x0000000008000a38       0x24 Src/hc-sr501pir_sensor.o
                0x0000000008000a38                EXTI4_IRQHandler
 .text.main     0x0000000008000a5c       0x28 Src/main.o
                0x0000000008000a5c                main
 .text._sbrk    0x0000000008000a84       0x58 Src/sysmem.o
                0x0000000008000a84                _sbrk
 .text.__NVIC_SetPriorityGrouping
                0x0000000008000adc       0x48 Src/timers.o
 .text.__NVIC_EnableIRQ
                0x0000000008000b24       0x38 Src/timers.o
 .text.__NVIC_SetPriority
                0x0000000008000b5c       0x54 Src/timers.o
 .text.init_timer4
                0x0000000008000bb0       0x84 Src/timers.o
                0x0000000008000bb0                init_timer4
 .text.enable_timer4
                0x0000000008000c34       0x1c Src/timers.o
                0x0000000008000c34                enable_timer4
 .text.disable_timer4
                0x0000000008000c50       0x1c Src/timers.o
                0x0000000008000c50                disable_timer4
 .text.timeout_with_timer4
                0x0000000008000c6c       0x48 Src/timers.o
                0x0000000008000c6c                timeout_with_timer4
 .text.TIM2_IRQHandler
                0x0000000008000cb4       0x54 Src/timers.o
                0x0000000008000cb4                TIM2_IRQHandler
 .text.TIM3_IRQHandler
                0x0000000008000d08       0x50 Src/timers.o
                0x0000000008000d08                TIM3_IRQHandler
 .text.TIM4_IRQHandler
                0x0000000008000d58       0x50 Src/timers.o
                0x0000000008000d58                TIM4_IRQHandler
 .text.__NVIC_SetPriorityGrouping
                0x0000000008000da8       0x48 Src/usart.o
 .text.__NVIC_EnableIRQ
                0x0000000008000df0       0x38 Src/usart.o
 .text.__NVIC_SetPriority
                0x0000000008000e28       0x54 Src/usart.o
 .text.init_usart2
                0x0000000008000e7c       0x68 Src/usart.o
                0x0000000008000e7c                init_usart2
 .text.init_usart1
                0x0000000008000ee4       0xbc Src/usart.o
                0x0000000008000ee4                init_usart1
 .text.set_usart2_buffer_Tx
                0x0000000008000fa0       0x40 Src/usart.o
                0x0000000008000fa0                set_usart2_buffer_Tx
 .text.write_usart2
                0x0000000008000fe0       0x78 Src/usart.o
                0x0000000008000fe0                write_usart2
 .text.write_usart1
                0x0000000008001058       0x78 Src/usart.o
                0x0000000008001058                write_usart1
 .text.set_usart1_buffer_Tx
                0x00000000080010d0       0x40 Src/usart.o
                0x00000000080010d0                set_usart1_buffer_Tx
 .text.set_usart1_buffer_Rx
                0x0000000008001110       0x2c Src/usart.o
                0x0000000008001110                set_usart1_buffer_Rx
 .text.search_usart1_buffer_Rx
                0x000000000800113c       0x8c Src/usart.o
                0x000000000800113c                search_usart1_buffer_Rx
 .text.USART1_IRQHandler
                0x00000000080011c8       0x8c Src/usart.o
                0x00000000080011c8                USART1_IRQHandler
 .text.Reset_Handler
                0x0000000008001254       0x50 Startup/startup_stm32f103rbtx.o
                0x0000000008001254                Reset_Handler
 .text.Default_Handler
                0x00000000080012a4        0x2 Startup/startup_stm32f103rbtx.o
                0x00000000080012a4                EXTI2_IRQHandler
                0x00000000080012a4                TIM8_TRG_COM_IRQHandler
                0x00000000080012a4                TIM8_CC_IRQHandler
                0x00000000080012a4                DebugMon_Handler
                0x00000000080012a4                TIM1_CC_IRQHandler
                0x00000000080012a4                HardFault_Handler
                0x00000000080012a4                TIM6_IRQHandler
                0x00000000080012a4                SysTick_Handler
                0x00000000080012a4                PVD_IRQHandler
                0x00000000080012a4                SDIO_IRQHandler
                0x00000000080012a4                PendSV_Handler
                0x00000000080012a4                NMI_Handler
                0x00000000080012a4                EXTI3_IRQHandler
                0x00000000080012a4                USB_HP_CAN_TX_IRQHandler
                0x00000000080012a4                EXTI0_IRQHandler
                0x00000000080012a4                I2C2_EV_IRQHandler
                0x00000000080012a4                UsageFault_Handler
                0x00000000080012a4                ADC1_2_IRQHandler
                0x00000000080012a4                SPI1_IRQHandler
                0x00000000080012a4                CAN_SCE_IRQHandler
                0x00000000080012a4                TAMPER_IRQHandler
                0x00000000080012a4                TIM8_UP_IRQHandler
                0x00000000080012a4                DMA2_Channel2_IRQHandler
                0x00000000080012a4                DMA1_Channel4_IRQHandler
                0x00000000080012a4                USART3_IRQHandler
                0x00000000080012a4                RTC_IRQHandler
                0x00000000080012a4                DMA1_Channel7_IRQHandler
                0x00000000080012a4                UART5_IRQHandler
                0x00000000080012a4                ADC3_IRQHandler
                0x00000000080012a4                CAN_RX1_IRQHandler
                0x00000000080012a4                DMA2_Channel1_IRQHandler
                0x00000000080012a4                I2C1_EV_IRQHandler
                0x00000000080012a4                DMA1_Channel6_IRQHandler
                0x00000000080012a4                UART4_IRQHandler
                0x00000000080012a4                RCC_IRQHandler
                0x00000000080012a4                TIM1_TRG_COM_IRQHandler
                0x00000000080012a4                DMA1_Channel1_IRQHandler
                0x00000000080012a4                Default_Handler
                0x00000000080012a4                TIM7_IRQHandler
                0x00000000080012a4                TIM5_IRQHandler
                0x00000000080012a4                EXTI9_5_IRQHandler
                0x00000000080012a4                SPI2_IRQHandler
                0x00000000080012a4                USB_LP_CAN_RX0_IRQHandler
                0x00000000080012a4                MemManage_Handler
                0x00000000080012a4                SVC_Handler
                0x00000000080012a4                DMA1_Channel5_IRQHandler
                0x00000000080012a4                DMA1_Channel3_IRQHandler
                0x00000000080012a4                FSMC_IRQHandler
                0x00000000080012a4                TIM1_UP_IRQHandler
                0x00000000080012a4                WWDG_IRQHandler
                0x00000000080012a4                TIM1_BRK_IRQHandler
                0x00000000080012a4                EXTI1_IRQHandler
                0x00000000080012a4                RTCAlarm_IRQHandler
                0x00000000080012a4                DMA2_Channel4_5_IRQHandler
                0x00000000080012a4                USART2_IRQHandler
                0x00000000080012a4                I2C2_ER_IRQHandler
                0x00000000080012a4                DMA1_Channel2_IRQHandler
                0x00000000080012a4                TIM8_BRK_IRQHandler
                0x00000000080012a4                FLASH_IRQHandler
                0x00000000080012a4                BusFault_Handler
                0x00000000080012a4                SPI3_IRQHandler
                0x00000000080012a4                I2C1_ER_IRQHandler
                0x00000000080012a4                DMA2_Channel3_IRQHandler
 *fill*         0x00000000080012a6        0x2 
 .text.__errno  0x00000000080012a8        0xc c:/st/stm32cubeide_1.3.0/stm32cubeide/plugins/com.st.stm32cube.ide.mcu.externaltools.gnu-tools-for-stm32.7-2018-q2-update.win32_1.0.0.201904181610/tools/bin/../lib/gcc/arm-none-eabi/7.3.1/../../../../arm-none-eabi/lib/thumb/v7-m\libc_nano.a(lib_a-errno.o)
                0x00000000080012a8                __errno
 .text.__libc_init_array
                0x00000000080012b4       0x48 c:/st/stm32cubeide_1.3.0/stm32cubeide/plugins/com.st.stm32cube.ide.mcu.externaltools.gnu-tools-for-stm32.7-2018-q2-update.win32_1.0.0.201904181610/tools/bin/../lib/gcc/arm-none-eabi/7.3.1/../../../../arm-none-eabi/lib/thumb/v7-m\libc_nano.a(lib_a-init.o)
                0x00000000080012b4                __libc_init_array
 .text.memset   0x00000000080012fc       0x10 c:/st/stm32cubeide_1.3.0/stm32cubeide/plugins/com.st.stm32cube.ide.mcu.externaltools.gnu-tools-for-stm32.7-2018-q2-update.win32_1.0.0.201904181610/tools/bin/../lib/gcc/arm-none-eabi/7.3.1/../../../../arm-none-eabi/lib/thumb/v7-m\libc_nano.a(lib_a-memset.o)
                0x00000000080012fc                memset
 .text.sprintf  0x000000000800130c       0x40 c:/st/stm32cubeide_1.3.0/stm32cubeide/plugins/com.st.stm32cube.ide.mcu.externaltools.gnu-tools-for-stm32.7-2018-q2-update.win32_1.0.0.201904181610/tools/bin/../lib/gcc/arm-none-eabi/7.3.1/../../../../arm-none-eabi/lib/thumb/v7-m\libc_nano.a(lib_a-sprintf.o)
                0x000000000800130c                siprintf
                0x000000000800130c                sprintf
 .text.strcpy   0x000000000800134c       0x10 c:/st/stm32cubeide_1.3.0/stm32cubeide/plugins/com.st.stm32cube.ide.mcu.externaltools.gnu-tools-for-stm32.7-2018-q2-update.win32_1.0.0.201904181610/tools/bin/../lib/gcc/arm-none-eabi/7.3.1/../../../../arm-none-eabi/lib/thumb/v7-m\libc_nano.a(lib_a-strcpy.o)
                0x000000000800134c                strcpy
 .text.strstr   0x000000000800135c       0x34 c:/st/stm32cubeide_1.3.0/stm32cubeide/plugins/com.st.stm32cube.ide.mcu.externaltools.gnu-tools-for-stm32.7-2018-q2-update.win32_1.0.0.201904181610/tools/bin/../lib/gcc/arm-none-eabi/7.3.1/../../../../arm-none-eabi/lib/thumb/v7-m\libc_nano.a(lib_a-strstr.o)
                0x000000000800135c                strstr
 .text.__ssputs_r
                0x0000000008001390       0xb4 c:/st/stm32cubeide_1.3.0/stm32cubeide/plugins/com.st.stm32cube.ide.mcu.externaltools.gnu-tools-for-stm32.7-2018-q2-update.win32_1.0.0.201904181610/tools/bin/../lib/gcc/arm-none-eabi/7.3.1/../../../../arm-none-eabi/lib/thumb/v7-m\libc_nano.a(lib_a-nano-svfprintf.o)
                0x0000000008001390                __ssputs_r
 .text._svfprintf_r
                0x0000000008001444      0x1f0 c:/st/stm32cubeide_1.3.0/stm32cubeide/plugins/com.st.stm32cube.ide.mcu.externaltools.gnu-tools-for-stm32.7-2018-q2-update.win32_1.0.0.201904181610/tools/bin/../lib/gcc/arm-none-eabi/7.3.1/../../../../arm-none-eabi/lib/thumb/v7-m\libc_nano.a(lib_a-nano-svfprintf.o)
                0x0000000008001444                _svfiprintf_r
                0x0000000008001444                _svfprintf_r
 .text._printf_common
                0x0000000008001634       0xec c:/st/stm32cubeide_1.3.0/stm32cubeide/plugins/com.st.stm32cube.ide.mcu.externaltools.gnu-tools-for-stm32.7-2018-q2-update.win32_1.0.0.201904181610/tools/bin/../lib/gcc/arm-none-eabi/7.3.1/../../../../arm-none-eabi/lib/thumb/v7-m\libc_nano.a(lib_a-nano-vfprintf_i.o)
                0x0000000008001634                _printf_common
 .text._printf_i
                0x0000000008001720      0x224 c:/st/stm32cubeide_1.3.0/stm32cubeide/plugins/com.st.stm32cube.ide.mcu.externaltools.gnu-tools-for-stm32.7-2018-q2-update.win32_1.0.0.201904181610/tools/bin/../lib/gcc/arm-none-eabi/7.3.1/../../../../arm-none-eabi/lib/thumb/v7-m\libc_nano.a(lib_a-nano-vfprintf_i.o)
                0x0000000008001720                _printf_i
 .text.memchr   0x0000000008001944       0x1c c:/st/stm32cubeide_1.3.0/stm32cubeide/plugins/com.st.stm32cube.ide.mcu.externaltools.gnu-tools-for-stm32.7-2018-q2-update.win32_1.0.0.201904181610/tools/bin/../lib/gcc/arm-none-eabi/7.3.1/../../../../arm-none-eabi/lib/thumb/v7-m\libc_nano.a(lib_a-memchr-stub.o)
                0x0000000008001944                memchr
 .text.memcpy   0x0000000008001960       0x16 c:/st/stm32cubeide_1.3.0/stm32cubeide/plugins/com.st.stm32cube.ide.mcu.externaltools.gnu-tools-for-stm32.7-2018-q2-update.win32_1.0.0.201904181610/tools/bin/../lib/gcc/arm-none-eabi/7.3.1/../../../../arm-none-eabi/lib/thumb/v7-m\libc_nano.a(lib_a-memcpy-stub.o)
                0x0000000008001960                memcpy
 .text.memmove  0x0000000008001976       0x32 c:/st/stm32cubeide_1.3.0/stm32cubeide/plugins/com.st.stm32cube.ide.mcu.externaltools.gnu-tools-for-stm32.7-2018-q2-update.win32_1.0.0.201904181610/tools/bin/../lib/gcc/arm-none-eabi/7.3.1/../../../../arm-none-eabi/lib/thumb/v7-m\libc_nano.a(lib_a-memmove.o)
                0x0000000008001976                memmove
 .text._free_r  0x00000000080019a8       0x98 c:/st/stm32cubeide_1.3.0/stm32cubeide/plugins/com.st.stm32cube.ide.mcu.externaltools.gnu-tools-for-stm32.7-2018-q2-update.win32_1.0.0.201904181610/tools/bin/../lib/gcc/arm-none-eabi/7.3.1/../../../../arm-none-eabi/lib/thumb/v7-m\libc_nano.a(lib_a-nano-freer.o)
                0x00000000080019a8                _free_r
 .text._malloc_r
                0x0000000008001a40       0xb4 c:/st/stm32cubeide_1.3.0/stm32cubeide/plugins/com.st.stm32cube.ide.mcu.externaltools.gnu-tools-for-stm32.7-2018-q2-update.win32_1.0.0.201904181610/tools/bin/../lib/gcc/arm-none-eabi/7.3.1/../../../../arm-none-eabi/lib/thumb/v7-m\libc_nano.a(lib_a-nano-mallocr.o)
                0x0000000008001a40                _malloc_r
 .text._realloc_r
                0x0000000008001af4       0x4c c:/st/stm32cubeide_1.3.0/stm32cubeide/plugins/com.st.stm32cube.ide.mcu.externaltools.gnu-tools-for-stm32.7-2018-q2-update.win32_1.0.0.201904181610/tools/bin/../lib/gcc/arm-none-eabi/7.3.1/../../../../arm-none-eabi/lib/thumb/v7-m\libc_nano.a(lib_a-nano-reallocr.o)
                0x0000000008001af4                _realloc_r
 .text._sbrk_r  0x0000000008001b40       0x20 c:/st/stm32cubeide_1.3.0/stm32cubeide/plugins/com.st.stm32cube.ide.mcu.externaltools.gnu-tools-for-stm32.7-2018-q2-update.win32_1.0.0.201904181610/tools/bin/../lib/gcc/arm-none-eabi/7.3.1/../../../../arm-none-eabi/lib/thumb/v7-m\libc_nano.a(lib_a-sbrkr.o)
                0x0000000008001b40                _sbrk_r
 .text.__malloc_lock
                0x0000000008001b60        0x2 c:/st/stm32cubeide_1.3.0/stm32cubeide/plugins/com.st.stm32cube.ide.mcu.externaltools.gnu-tools-for-stm32.7-2018-q2-update.win32_1.0.0.201904181610/tools/bin/../lib/gcc/arm-none-eabi/7.3.1/../../../../arm-none-eabi/lib/thumb/v7-m\libc_nano.a(lib_a-mlock.o)
                0x0000000008001b60                __malloc_lock
 .text.__malloc_unlock
                0x0000000008001b62        0x2 c:/st/stm32cubeide_1.3.0/stm32cubeide/plugins/com.st.stm32cube.ide.mcu.externaltools.gnu-tools-for-stm32.7-2018-q2-update.win32_1.0.0.201904181610/tools/bin/../lib/gcc/arm-none-eabi/7.3.1/../../../../arm-none-eabi/lib/thumb/v7-m\libc_nano.a(lib_a-mlock.o)
                0x0000000008001b62                __malloc_unlock
 .text._malloc_usable_size_r
                0x0000000008001b64       0x10 c:/st/stm32cubeide_1.3.0/stm32cubeide/plugins/com.st.stm32cube.ide.mcu.externaltools.gnu-tools-for-stm32.7-2018-q2-update.win32_1.0.0.201904181610/tools/bin/../lib/gcc/arm-none-eabi/7.3.1/../../../../arm-none-eabi/lib/thumb/v7-m\libc_nano.a(lib_a-nano-msizer.o)
                0x0000000008001b64                _malloc_usable_size_r
 *(.glue_7)
 .glue_7        0x0000000008001b74        0x0 linker stubs
 *(.glue_7t)
 .glue_7t       0x0000000008001b74        0x0 linker stubs
 *(.eh_frame)
 .eh_frame      0x0000000008001b74        0x0 c:/st/stm32cubeide_1.3.0/stm32cubeide/plugins/com.st.stm32cube.ide.mcu.externaltools.gnu-tools-for-stm32.7-2018-q2-update.win32_1.0.0.201904181610/tools/bin/../lib/gcc/arm-none-eabi/7.3.1/thumb/v7-m/crtbegin.o
 *(.init)
 .init          0x0000000008001b74        0x4 c:/st/stm32cubeide_1.3.0/stm32cubeide/plugins/com.st.stm32cube.ide.mcu.externaltools.gnu-tools-for-stm32.7-2018-q2-update.win32_1.0.0.201904181610/tools/bin/../lib/gcc/arm-none-eabi/7.3.1/thumb/v7-m/crti.o
                0x0000000008001b74                _init
 .init          0x0000000008001b78        0x8 c:/st/stm32cubeide_1.3.0/stm32cubeide/plugins/com.st.stm32cube.ide.mcu.externaltools.gnu-tools-for-stm32.7-2018-q2-update.win32_1.0.0.201904181610/tools/bin/../lib/gcc/arm-none-eabi/7.3.1/thumb/v7-m/crtn.o
 *(.fini)
 .fini          0x0000000008001b80        0x4 c:/st/stm32cubeide_1.3.0/stm32cubeide/plugins/com.st.stm32cube.ide.mcu.externaltools.gnu-tools-for-stm32.7-2018-q2-update.win32_1.0.0.201904181610/tools/bin/../lib/gcc/arm-none-eabi/7.3.1/thumb/v7-m/crti.o
                0x0000000008001b80                _fini
 .fini          0x0000000008001b84        0x8 c:/st/stm32cubeide_1.3.0/stm32cubeide/plugins/com.st.stm32cube.ide.mcu.externaltools.gnu-tools-for-stm32.7-2018-q2-update.win32_1.0.0.201904181610/tools/bin/../lib/gcc/arm-none-eabi/7.3.1/thumb/v7-m/crtn.o
                0x0000000008001b8c                . = ALIGN (0x4)
                0x0000000008001b8c                _etext = .

.vfp11_veneer   0x0000000008001b8c        0x0
 .vfp11_veneer  0x0000000008001b8c        0x0 linker stubs

.v4_bx          0x0000000008001b8c        0x0
 .v4_bx         0x0000000008001b8c        0x0 linker stubs

.iplt           0x0000000008001b8c        0x0
 .iplt          0x0000000008001b8c        0x0 c:/st/stm32cubeide_1.3.0/stm32cubeide/plugins/com.st.stm32cube.ide.mcu.externaltools.gnu-tools-for-stm32.7-2018-q2-update.win32_1.0.0.201904181610/tools/bin/../lib/gcc/arm-none-eabi/7.3.1/thumb/v7-m/crtbegin.o

.rodata         0x0000000008001b8c      0x2dc
                0x0000000008001b8c                . = ALIGN (0x4)
 *(.rodata)
 .rodata        0x0000000008001b8c      0x27c Src/esp8266_Firbase.o
 .rodata        0x0000000008001e08       0x14 Src/main.o
 .rodata        0x0000000008001e1c       0x18 Src/usart.o
 *(.rodata*)
 .rodata._svfprintf_r.str1.1
                0x0000000008001e34       0x11 c:/st/stm32cubeide_1.3.0/stm32cubeide/plugins/com.st.stm32cube.ide.mcu.externaltools.gnu-tools-for-stm32.7-2018-q2-update.win32_1.0.0.201904181610/tools/bin/../lib/gcc/arm-none-eabi/7.3.1/../../../../arm-none-eabi/lib/thumb/v7-m\libc_nano.a(lib_a-nano-svfprintf.o)
 .rodata._printf_i.str1.1
                0x0000000008001e45       0x22 c:/st/stm32cubeide_1.3.0/stm32cubeide/plugins/com.st.stm32cube.ide.mcu.externaltools.gnu-tools-for-stm32.7-2018-q2-update.win32_1.0.0.201904181610/tools/bin/../lib/gcc/arm-none-eabi/7.3.1/../../../../arm-none-eabi/lib/thumb/v7-m\libc_nano.a(lib_a-nano-vfprintf_i.o)
                0x0000000008001e68                . = ALIGN (0x4)
 *fill*         0x0000000008001e67        0x1 

.rel.dyn        0x0000000008001e68        0x0
 .rel.iplt      0x0000000008001e68        0x0 c:/st/stm32cubeide_1.3.0/stm32cubeide/plugins/com.st.stm32cube.ide.mcu.externaltools.gnu-tools-for-stm32.7-2018-q2-update.win32_1.0.0.201904181610/tools/bin/../lib/gcc/arm-none-eabi/7.3.1/thumb/v7-m/crtbegin.o

.ARM.extab      0x0000000008001e68        0x0
                0x0000000008001e68                . = ALIGN (0x4)
 *(.ARM.extab* .gnu.linkonce.armextab.*)
                0x0000000008001e68                . = ALIGN (0x4)

.ARM            0x0000000008001e68        0x0
                0x0000000008001e68                . = ALIGN (0x4)
                0x0000000008001e68                __exidx_start = .
 *(.ARM.exidx*)
                0x0000000008001e68                __exidx_end = .
                0x0000000008001e68                . = ALIGN (0x4)

.preinit_array  0x0000000008001e68        0x0
                0x0000000008001e68                . = ALIGN (0x4)
                0x0000000008001e68                PROVIDE (__preinit_array_start = .)
 *(.preinit_array*)
                0x0000000008001e68                PROVIDE (__preinit_array_end = .)
                0x0000000008001e68                . = ALIGN (0x4)

.init_array     0x0000000008001e68        0x4
                0x0000000008001e68                . = ALIGN (0x4)
                0x0000000008001e68                PROVIDE (__init_array_start = .)
 *(SORT_BY_NAME(.init_array.*))
 *(.init_array*)
 .init_array    0x0000000008001e68        0x4 c:/st/stm32cubeide_1.3.0/stm32cubeide/plugins/com.st.stm32cube.ide.mcu.externaltools.gnu-tools-for-stm32.7-2018-q2-update.win32_1.0.0.201904181610/tools/bin/../lib/gcc/arm-none-eabi/7.3.1/thumb/v7-m/crtbegin.o
                0x0000000008001e6c                PROVIDE (__init_array_end = .)
                0x0000000008001e6c                . = ALIGN (0x4)

.fini_array     0x0000000008001e6c        0x4
                0x0000000008001e6c                . = ALIGN (0x4)
                [!provide]                        PROVIDE (__fini_array_start = .)
 *(SORT_BY_NAME(.fini_array.*))
 *(.fini_array*)
 .fini_array    0x0000000008001e6c        0x4 c:/st/stm32cubeide_1.3.0/stm32cubeide/plugins/com.st.stm32cube.ide.mcu.externaltools.gnu-tools-for-stm32.7-2018-q2-update.win32_1.0.0.201904181610/tools/bin/../lib/gcc/arm-none-eabi/7.3.1/thumb/v7-m/crtbegin.o
                [!provide]                        PROVIDE (__fini_array_end = .)
                0x0000000008001e70                . = ALIGN (0x4)
                0x0000000008001e70                _sidata = LOADADDR (.data)

.data           0x0000000020000000       0xd4 load address 0x0000000008001e70
                0x0000000020000000                . = ALIGN (0x4)
                0x0000000020000000                _sdata = .
 *(.data)
 *(.data*)
 .data.firebase_host
                0x0000000020000000       0x29 Src/esp8266_Firbase.o
 *fill*         0x0000000020000029        0x3 
 .data.firebase_auth_key
                0x000000002000002c       0x29 Src/esp8266_Firbase.o
 *fill*         0x0000000020000055        0x3 
 .data.https_port
                0x0000000020000058        0x4 Src/esp8266_Firbase.o
 .data.device_id
                0x000000002000005c       0x11 Src/esp8266_Firbase.o
 .data.found    0x000000002000006d        0x1 Src/esp8266_Firbase.o
 *fill*         0x000000002000006e        0x2 
 .data._impure_ptr
                0x0000000020000070        0x4 c:/st/stm32cubeide_1.3.0/stm32cubeide/plugins/com.st.stm32cube.ide.mcu.externaltools.gnu-tools-for-stm32.7-2018-q2-update.win32_1.0.0.201904181610/tools/bin/../lib/gcc/arm-none-eabi/7.3.1/../../../../arm-none-eabi/lib/thumb/v7-m\libc_nano.a(lib_a-impure.o)
                0x0000000020000070                _impure_ptr
 .data.impure_data
                0x0000000020000074       0x60 c:/st/stm32cubeide_1.3.0/stm32cubeide/plugins/com.st.stm32cube.ide.mcu.externaltools.gnu-tools-for-stm32.7-2018-q2-update.win32_1.0.0.201904181610/tools/bin/../lib/gcc/arm-none-eabi/7.3.1/../../../../arm-none-eabi/lib/thumb/v7-m\libc_nano.a(lib_a-impure.o)
                0x00000000200000d4                . = ALIGN (0x4)
                0x00000000200000d4                _edata = .

.igot.plt       0x00000000200000d4        0x0 load address 0x0000000008001f44
 .igot.plt      0x00000000200000d4        0x0 c:/st/stm32cubeide_1.3.0/stm32cubeide/plugins/com.st.stm32cube.ide.mcu.externaltools.gnu-tools-for-stm32.7-2018-q2-update.win32_1.0.0.201904181610/tools/bin/../lib/gcc/arm-none-eabi/7.3.1/thumb/v7-m/crtbegin.o
                0x00000000200000d4                . = ALIGN (0x4)

.bss            0x00000000200000d4      0xaac load address 0x0000000008001f44
                0x00000000200000d4                _sbss = .
                0x00000000200000d4                __bss_start__ = _sbss
 *(.bss)
 .bss           0x00000000200000d4       0x1c c:/st/stm32cubeide_1.3.0/stm32cubeide/plugins/com.st.stm32cube.ide.mcu.externaltools.gnu-tools-for-stm32.7-2018-q2-update.win32_1.0.0.201904181610/tools/bin/../lib/gcc/arm-none-eabi/7.3.1/thumb/v7-m/crtbegin.o
 *(.bss*)
 .bss.command   0x00000000200000f0      0x100 Src/esp8266_Firbase.o
 .bss.http      0x00000000200001f0      0x200 Src/esp8266_Firbase.o
 .bss.http_len  0x00000000200003f0        0x4 Src/esp8266_Firbase.o
 .bss.content   0x00000000200003f4       0x80 Src/esp8266_Firbase.o
 .bss.content_len
                0x0000000020000474        0x4 Src/esp8266_Firbase.o
 .bss.image_path
                0x0000000020000478       0x80 Src/esp8266_Firbase.o
 .bss.queue     0x00000000200004f8       0x34 Src/event_queue.o
 .bss.heap_end.5149
                0x000000002000052c        0x4 Src/sysmem.o
 .bss.timer2    0x0000000020000530        0xc Src/timers.o
 .bss.timer3    0x000000002000053c        0xc Src/timers.o
 .bss.timer4    0x0000000020000548        0xc Src/timers.o
 .bss.usart2    0x0000000020000554      0x208 Src/usart.o
 .bss.usart1    0x000000002000075c      0x410 Src/usart.o
 .bss.c         0x0000000020000b6c        0x1 Src/usart.o
 *fill*         0x0000000020000b6d        0x3 
 .bss.__malloc_free_list
                0x0000000020000b70        0x4 c:/st/stm32cubeide_1.3.0/stm32cubeide/plugins/com.st.stm32cube.ide.mcu.externaltools.gnu-tools-for-stm32.7-2018-q2-update.win32_1.0.0.201904181610/tools/bin/../lib/gcc/arm-none-eabi/7.3.1/../../../../arm-none-eabi/lib/thumb/v7-m\libc_nano.a(lib_a-nano-mallocr.o)
                0x0000000020000b70                __malloc_free_list
 .bss.__malloc_sbrk_start
                0x0000000020000b74        0x4 c:/st/stm32cubeide_1.3.0/stm32cubeide/plugins/com.st.stm32cube.ide.mcu.externaltools.gnu-tools-for-stm32.7-2018-q2-update.win32_1.0.0.201904181610/tools/bin/../lib/gcc/arm-none-eabi/7.3.1/../../../../arm-none-eabi/lib/thumb/v7-m\libc_nano.a(lib_a-nano-mallocr.o)
                0x0000000020000b74                __malloc_sbrk_start
 *(COMMON)
 COMMON         0x0000000020000b78        0x1 Src/gpio_signal.o
                0x0000000020000b78                state
 *fill*         0x0000000020000b79        0x3 
 COMMON         0x0000000020000b7c        0x4 c:/st/stm32cubeide_1.3.0/stm32cubeide/plugins/com.st.stm32cube.ide.mcu.externaltools.gnu-tools-for-stm32.7-2018-q2-update.win32_1.0.0.201904181610/tools/bin/../lib/gcc/arm-none-eabi/7.3.1/../../../../arm-none-eabi/lib/thumb/v7-m\libc_nano.a(lib_a-reent.o)
                0x0000000020000b7c                errno
                0x0000000020000b80                . = ALIGN (0x4)
                0x0000000020000b80                _ebss = .
                0x0000000020000b80                __bss_end__ = _ebss

._user_heap_stack
                0x0000000020000b80      0x600 load address 0x0000000008001f44
                0x0000000020000b80                . = ALIGN (0x8)
                0x0000000020000b80                PROVIDE (end = .)
                [!provide]                        PROVIDE (_end = .)
                0x0000000020000d80                . = (. + _Min_Heap_Size)
 *fill*         0x0000000020000b80      0x200 
                0x0000000020001180                . = (. + _Min_Stack_Size)
 *fill*         0x0000000020000d80      0x400 
                0x0000000020001180                . = ALIGN (0x8)

/DISCARD/
 libc.a(*)
 libm.a(*)
 libgcc.a(*)

.ARM.attributes
                0x0000000000000000       0x29
 *(.ARM.attributes)
 .ARM.attributes
                0x0000000000000000       0x1d c:/st/stm32cubeide_1.3.0/stm32cubeide/plugins/com.st.stm32cube.ide.mcu.externaltools.gnu-tools-for-stm32.7-2018-q2-update.win32_1.0.0.201904181610/tools/bin/../lib/gcc/arm-none-eabi/7.3.1/thumb/v7-m/crti.o
 .ARM.attributes
                0x000000000000001d       0x2d c:/st/stm32cubeide_1.3.0/stm32cubeide/plugins/com.st.stm32cube.ide.mcu.externaltools.gnu-tools-for-stm32.7-2018-q2-update.win32_1.0.0.201904181610/tools/bin/../lib/gcc/arm-none-eabi/7.3.1/thumb/v7-m/crtbegin.o
 .ARM.attributes
                0x000000000000004a       0x33 Src/esp8266_Firbase.o
 .ARM.attributes
                0x000000000000007d       0x33 Src/event_queue.o
 .ARM.attributes
                0x00000000000000b0       0x33 Src/gpio_signal.o
 .ARM.attributes
                0x00000000000000e3       0x33 Src/hc-sr501pir_sensor.o
 .ARM.attributes
                0x0000000000000116       0x33 Src/main.o
 .ARM.attributes
                0x0000000000000149       0x33 Src/sysmem.o
 .ARM.attributes
                0x000000000000017c       0x33 Src/timers.o
 .ARM.attributes
                0x00000000000001af       0x33 Src/usart.o
 .ARM.attributes
                0x00000000000001e2       0x21 Startup/startup_stm32f103rbtx.o
 .ARM.attributes
                0x0000000000000203       0x2d c:/st/stm32cubeide_1.3.0/stm32cubeide/plugins/com.st.stm32cube.ide.mcu.externaltools.gnu-tools-for-stm32.7-2018-q2-update.win32_1.0.0.201904181610/tools/bin/../lib/gcc/arm-none-eabi/7.3.1/../../../../arm-none-eabi/lib/thumb/v7-m\libc_nano.a(lib_a-errno.o)
 .ARM.attributes
                0x0000000000000230       0x2d c:/st/stm32cubeide_1.3.0/stm32cubeide/plugins/com.st.stm32cube.ide.mcu.externaltools.gnu-tools-for-stm32.7-2018-q2-update.win32_1.0.0.201904181610/tools/bin/../lib/gcc/arm-none-eabi/7.3.1/../../../../arm-none-eabi/lib/thumb/v7-m\libc_nano.a(lib_a-impure.o)
 .ARM.attributes
                0x000000000000025d       0x2d c:/st/stm32cubeide_1.3.0/stm32cubeide/plugins/com.st.stm32cube.ide.mcu.externaltools.gnu-tools-for-stm32.7-2018-q2-update.win32_1.0.0.201904181610/tools/bin/../lib/gcc/arm-none-eabi/7.3.1/../../../../arm-none-eabi/lib/thumb/v7-m\libc_nano.a(lib_a-init.o)
 .ARM.attributes
                0x000000000000028a       0x2d c:/st/stm32cubeide_1.3.0/stm32cubeide/plugins/com.st.stm32cube.ide.mcu.externaltools.gnu-tools-for-stm32.7-2018-q2-update.win32_1.0.0.201904181610/tools/bin/../lib/gcc/arm-none-eabi/7.3.1/../../../../arm-none-eabi/lib/thumb/v7-m\libc_nano.a(lib_a-memset.o)
 .ARM.attributes
                0x00000000000002b7       0x2d c:/st/stm32cubeide_1.3.0/stm32cubeide/plugins/com.st.stm32cube.ide.mcu.externaltools.gnu-tools-for-stm32.7-2018-q2-update.win32_1.0.0.201904181610/tools/bin/../lib/gcc/arm-none-eabi/7.3.1/../../../../arm-none-eabi/lib/thumb/v7-m\libc_nano.a(lib_a-sprintf.o)
 .ARM.attributes
                0x00000000000002e4       0x2d c:/st/stm32cubeide_1.3.0/stm32cubeide/plugins/com.st.stm32cube.ide.mcu.externaltools.gnu-tools-for-stm32.7-2018-q2-update.win32_1.0.0.201904181610/tools/bin/../lib/gcc/arm-none-eabi/7.3.1/../../../../arm-none-eabi/lib/thumb/v7-m\libc_nano.a(lib_a-strcpy.o)
 .ARM.attributes
                0x0000000000000311       0x17 c:/st/stm32cubeide_1.3.0/stm32cubeide/plugins/com.st.stm32cube.ide.mcu.externaltools.gnu-tools-for-stm32.7-2018-q2-update.win32_1.0.0.201904181610/tools/bin/../lib/gcc/arm-none-eabi/7.3.1/../../../../arm-none-eabi/lib/thumb/v7-m\libc_nano.a(lib_a-strlen.o)
 .ARM.attributes
                0x0000000000000328       0x2d c:/st/stm32cubeide_1.3.0/stm32cubeide/plugins/com.st.stm32cube.ide.mcu.externaltools.gnu-tools-for-stm32.7-2018-q2-update.win32_1.0.0.201904181610/tools/bin/../lib/gcc/arm-none-eabi/7.3.1/../../../../arm-none-eabi/lib/thumb/v7-m\libc_nano.a(lib_a-strstr.o)
 .ARM.attributes
                0x0000000000000355       0x2d c:/st/stm32cubeide_1.3.0/stm32cubeide/plugins/com.st.stm32cube.ide.mcu.externaltools.gnu-tools-for-stm32.7-2018-q2-update.win32_1.0.0.201904181610/tools/bin/../lib/gcc/arm-none-eabi/7.3.1/../../../../arm-none-eabi/lib/thumb/v7-m\libc_nano.a(lib_a-nano-svfprintf.o)
 .ARM.attributes
                0x0000000000000382       0x2d c:/st/stm32cubeide_1.3.0/stm32cubeide/plugins/com.st.stm32cube.ide.mcu.externaltools.gnu-tools-for-stm32.7-2018-q2-update.win32_1.0.0.201904181610/tools/bin/../lib/gcc/arm-none-eabi/7.3.1/../../../../arm-none-eabi/lib/thumb/v7-m\libc_nano.a(lib_a-nano-vfprintf_i.o)
 .ARM.attributes
                0x00000000000003af       0x2d c:/st/stm32cubeide_1.3.0/stm32cubeide/plugins/com.st.stm32cube.ide.mcu.externaltools.gnu-tools-for-stm32.7-2018-q2-update.win32_1.0.0.201904181610/tools/bin/../lib/gcc/arm-none-eabi/7.3.1/../../../../arm-none-eabi/lib/thumb/v7-m\libc_nano.a(lib_a-memchr-stub.o)
 .ARM.attributes
                0x00000000000003dc       0x2d c:/st/stm32cubeide_1.3.0/stm32cubeide/plugins/com.st.stm32cube.ide.mcu.externaltools.gnu-tools-for-stm32.7-2018-q2-update.win32_1.0.0.201904181610/tools/bin/../lib/gcc/arm-none-eabi/7.3.1/../../../../arm-none-eabi/lib/thumb/v7-m\libc_nano.a(lib_a-memcpy-stub.o)
 .ARM.attributes
                0x0000000000000409       0x2d c:/st/stm32cubeide_1.3.0/stm32cubeide/plugins/com.st.stm32cube.ide.mcu.externaltools.gnu-tools-for-stm32.7-2018-q2-update.win32_1.0.0.201904181610/tools/bin/../lib/gcc/arm-none-eabi/7.3.1/../../../../arm-none-eabi/lib/thumb/v7-m\libc_nano.a(lib_a-memmove.o)
 .ARM.attributes
                0x0000000000000436       0x2d c:/st/stm32cubeide_1.3.0/stm32cubeide/plugins/com.st.stm32cube.ide.mcu.externaltools.gnu-tools-for-stm32.7-2018-q2-update.win32_1.0.0.201904181610/tools/bin/../lib/gcc/arm-none-eabi/7.3.1/../../../../arm-none-eabi/lib/thumb/v7-m\libc_nano.a(lib_a-nano-freer.o)
 .ARM.attributes
                0x0000000000000463       0x2d c:/st/stm32cubeide_1.3.0/stm32cubeide/plugins/com.st.stm32cube.ide.mcu.externaltools.gnu-tools-for-stm32.7-2018-q2-update.win32_1.0.0.201904181610/tools/bin/../lib/gcc/arm-none-eabi/7.3.1/../../../../arm-none-eabi/lib/thumb/v7-m\libc_nano.a(lib_a-nano-mallocr.o)
 .ARM.attributes
                0x0000000000000490       0x2d c:/st/stm32cubeide_1.3.0/stm32cubeide/plugins/com.st.stm32cube.ide.mcu.externaltools.gnu-tools-for-stm32.7-2018-q2-update.win32_1.0.0.201904181610/tools/bin/../lib/gcc/arm-none-eabi/7.3.1/../../../../arm-none-eabi/lib/thumb/v7-m\libc_nano.a(lib_a-nano-reallocr.o)
 .ARM.attributes
                0x00000000000004bd       0x2d c:/st/stm32cubeide_1.3.0/stm32cubeide/plugins/com.st.stm32cube.ide.mcu.externaltools.gnu-tools-for-stm32.7-2018-q2-update.win32_1.0.0.201904181610/tools/bin/../lib/gcc/arm-none-eabi/7.3.1/../../../../arm-none-eabi/lib/thumb/v7-m\libc_nano.a(lib_a-sbrkr.o)
 .ARM.attributes
                0x00000000000004ea       0x2d c:/st/stm32cubeide_1.3.0/stm32cubeide/plugins/com.st.stm32cube.ide.mcu.externaltools.gnu-tools-for-stm32.7-2018-q2-update.win32_1.0.0.201904181610/tools/bin/../lib/gcc/arm-none-eabi/7.3.1/../../../../arm-none-eabi/lib/thumb/v7-m\libc_nano.a(lib_a-mlock.o)
 .ARM.attributes
                0x0000000000000517       0x2d c:/st/stm32cubeide_1.3.0/stm32cubeide/plugins/com.st.stm32cube.ide.mcu.externaltools.gnu-tools-for-stm32.7-2018-q2-update.win32_1.0.0.201904181610/tools/bin/../lib/gcc/arm-none-eabi/7.3.1/../../../../arm-none-eabi/lib/thumb/v7-m\libc_nano.a(lib_a-nano-msizer.o)
 .ARM.attributes
                0x0000000000000544       0x2d c:/st/stm32cubeide_1.3.0/stm32cubeide/plugins/com.st.stm32cube.ide.mcu.externaltools.gnu-tools-for-stm32.7-2018-q2-update.win32_1.0.0.201904181610/tools/bin/../lib/gcc/arm-none-eabi/7.3.1/../../../../arm-none-eabi/lib/thumb/v7-m\libc_nano.a(lib_a-reent.o)
 .ARM.attributes
                0x0000000000000571       0x1d c:/st/stm32cubeide_1.3.0/stm32cubeide/plugins/com.st.stm32cube.ide.mcu.externaltools.gnu-tools-for-stm32.7-2018-q2-update.win32_1.0.0.201904181610/tools/bin/../lib/gcc/arm-none-eabi/7.3.1/thumb/v7-m/crtn.o
OUTPUT(stm32-f103rb-cnss.elf elf32-littlearm)

.debug_info     0x0000000000000000     0x6e24
 .debug_info    0x0000000000000000      0xd36 Src/esp8266_Firbase.o
 .debug_info    0x0000000000000d36      0xaac Src/event_queue.o
 .debug_info    0x00000000000017e2      0xeb1 Src/gpio_signal.o
 .debug_info    0x0000000000002693     0x106b Src/hc-sr501pir_sensor.o
 .debug_info    0x00000000000036fe      0x976 Src/main.o
 .debug_info    0x0000000000004074      0x91c Src/sysmem.o
 .debug_info    0x0000000000004990     0x127f Src/timers.o
 .debug_info    0x0000000000005c0f     0x11f3 Src/usart.o
 .debug_info    0x0000000000006e02       0x22 Startup/startup_stm32f103rbtx.o

.debug_abbrev   0x0000000000000000     0x12db
 .debug_abbrev  0x0000000000000000      0x246 Src/esp8266_Firbase.o
 .debug_abbrev  0x0000000000000246      0x225 Src/event_queue.o
 .debug_abbrev  0x000000000000046b      0x29e Src/gpio_signal.o
 .debug_abbrev  0x0000000000000709      0x27b Src/hc-sr501pir_sensor.o
 .debug_abbrev  0x0000000000000984      0x1a8 Src/main.o
 .debug_abbrev  0x0000000000000b2c      0x1bb Src/sysmem.o
 .debug_abbrev  0x0000000000000ce7      0x2b2 Src/timers.o
 .debug_abbrev  0x0000000000000f99      0x330 Src/usart.o
 .debug_abbrev  0x00000000000012c9       0x12 Startup/startup_stm32f103rbtx.o

.debug_aranges  0x0000000000000000      0x308
 .debug_aranges
                0x0000000000000000       0x80 Src/esp8266_Firbase.o
 .debug_aranges
                0x0000000000000080       0x40 Src/event_queue.o
 .debug_aranges
                0x00000000000000c0       0x58 Src/gpio_signal.o
 .debug_aranges
                0x0000000000000118       0x50 Src/hc-sr501pir_sensor.o
 .debug_aranges
                0x0000000000000168       0x20 Src/main.o
 .debug_aranges
                0x0000000000000188       0x20 Src/sysmem.o
 .debug_aranges
                0x00000000000001a8       0xc0 Src/timers.o
 .debug_aranges
                0x0000000000000268       0x78 Src/usart.o
 .debug_aranges
                0x00000000000002e0       0x28 Startup/startup_stm32f103rbtx.o

.debug_ranges   0x0000000000000000      0x280
 .debug_ranges  0x0000000000000000       0x70 Src/esp8266_Firbase.o
 .debug_ranges  0x0000000000000070       0x30 Src/event_queue.o
 .debug_ranges  0x00000000000000a0       0x48 Src/gpio_signal.o
 .debug_ranges  0x00000000000000e8       0x40 Src/hc-sr501pir_sensor.o
 .debug_ranges  0x0000000000000128       0x10 Src/main.o
 .debug_ranges  0x0000000000000138       0x10 Src/sysmem.o
 .debug_ranges  0x0000000000000148       0xb0 Src/timers.o
 .debug_ranges  0x00000000000001f8       0x68 Src/usart.o
 .debug_ranges  0x0000000000000260       0x20 Startup/startup_stm32f103rbtx.o

.debug_macro    0x0000000000000000    0x111eb
 .debug_macro   0x0000000000000000      0x2bd Src/esp8266_Firbase.o
 .debug_macro   0x00000000000002bd       0x46 Src/esp8266_Firbase.o
 .debug_macro   0x0000000000000303       0x22 Src/esp8266_Firbase.o
 .debug_macro   0x0000000000000325       0x22 Src/esp8266_Firbase.o
 .debug_macro   0x0000000000000347       0x8e Src/esp8266_Firbase.o
 .debug_macro   0x00000000000003d5       0x51 Src/esp8266_Firbase.o
 .debug_macro   0x0000000000000426       0xef Src/esp8266_Firbase.o
 .debug_macro   0x0000000000000515       0x6a Src/esp8266_Firbase.o
 .debug_macro   0x000000000000057f      0x1df Src/esp8266_Firbase.o
 .debug_macro   0x000000000000075e       0x1c Src/esp8266_Firbase.o
 .debug_macro   0x000000000000077a       0x22 Src/esp8266_Firbase.o
 .debug_macro   0x000000000000079c       0xc3 Src/esp8266_Firbase.o
 .debug_macro   0x000000000000085f      0xd23 Src/esp8266_Firbase.o
 .debug_macro   0x0000000000001582     0xe097 Src/esp8266_Firbase.o
 .debug_macro   0x000000000000f619       0x16 Src/esp8266_Firbase.o
 .debug_macro   0x000000000000f62f       0x18 Src/esp8266_Firbase.o
 .debug_macro   0x000000000000f647       0x46 Src/esp8266_Firbase.o
 .debug_macro   0x000000000000f68d       0x3c Src/esp8266_Firbase.o
 .debug_macro   0x000000000000f6c9       0x34 Src/esp8266_Firbase.o
 .debug_macro   0x000000000000f6fd       0x16 Src/esp8266_Firbase.o
 .debug_macro   0x000000000000f713      0x10e Src/esp8266_Firbase.o
 .debug_macro   0x000000000000f821       0x8d Src/esp8266_Firbase.o
 .debug_macro   0x000000000000f8ae       0x52 Src/esp8266_Firbase.o
 .debug_macro   0x000000000000f900       0x1f Src/esp8266_Firbase.o
 .debug_macro   0x000000000000f91f       0x43 Src/esp8266_Firbase.o
 .debug_macro   0x000000000000f962       0x20 Src/esp8266_Firbase.o
 .debug_macro   0x000000000000f982      0x1a3 Src/esp8266_Firbase.o
 .debug_macro   0x000000000000fb25      0x32a Src/esp8266_Firbase.o
 .debug_macro   0x000000000000fe4f       0x16 Src/esp8266_Firbase.o
 .debug_macro   0x000000000000fe65       0x29 Src/esp8266_Firbase.o
 .debug_macro   0x000000000000fe8e       0x10 Src/esp8266_Firbase.o
 .debug_macro   0x000000000000fe9e       0x16 Src/esp8266_Firbase.o
 .debug_macro   0x000000000000feb4       0x35 Src/esp8266_Firbase.o
 .debug_macro   0x000000000000fee9       0x20 Src/esp8266_Firbase.o
 .debug_macro   0x000000000000ff09       0x1c Src/esp8266_Firbase.o
 .debug_macro   0x000000000000ff25       0x10 Src/esp8266_Firbase.o
 .debug_macro   0x000000000000ff35       0x10 Src/esp8266_Firbase.o
 .debug_macro   0x000000000000ff45       0x1c Src/esp8266_Firbase.o
 .debug_macro   0x000000000000ff61       0x52 Src/esp8266_Firbase.o
 .debug_macro   0x000000000000ffb3       0x40 Src/esp8266_Firbase.o
 .debug_macro   0x000000000000fff3       0x10 Src/esp8266_Firbase.o
 .debug_macro   0x0000000000010003       0x40 Src/esp8266_Firbase.o
 .debug_macro   0x0000000000010043       0xd7 Src/esp8266_Firbase.o
 .debug_macro   0x000000000001011a       0x1c Src/esp8266_Firbase.o
 .debug_macro   0x0000000000010136       0x3d Src/esp8266_Firbase.o
 .debug_macro   0x0000000000010173       0x16 Src/esp8266_Firbase.o
 .debug_macro   0x0000000000010189      0x145 Src/esp8266_Firbase.o
 .debug_macro   0x00000000000102ce      0x18b Src/event_queue.o
 .debug_macro   0x0000000000010459      0x19d Src/gpio_signal.o
 .debug_macro   0x00000000000105f6      0x1b8 Src/hc-sr501pir_sensor.o
 .debug_macro   0x00000000000107ae       0x10 Src/hc-sr501pir_sensor.o
 .debug_macro   0x00000000000107be      0x1c3 Src/main.o
 .debug_macro   0x0000000000010981       0x16 Src/main.o
 .debug_macro   0x0000000000010997      0x1ae Src/sysmem.o
 .debug_macro   0x0000000000010b45      0x23b Src/sysmem.o
 .debug_macro   0x0000000000010d80       0x16 Src/sysmem.o
 .debug_macro   0x0000000000010d96      0x289 Src/timers.o
 .debug_macro   0x000000000001101f      0x1cc Src/usart.o

.debug_line     0x0000000000000000     0x3b5d
 .debug_line    0x0000000000000000      0x95d Src/esp8266_Firbase.o
 .debug_line    0x000000000000095d      0x679 Src/event_queue.o
 .debug_line    0x0000000000000fd6      0x711 Src/gpio_signal.o
 .debug_line    0x00000000000016e7      0x718 Src/hc-sr501pir_sensor.o
 .debug_line    0x0000000000001dff      0x67c Src/main.o
 .debug_line    0x000000000000247b      0x559 Src/sysmem.o
 .debug_line    0x00000000000029d4      0x94a Src/timers.o
 .debug_line    0x000000000000331e      0x7bb Src/usart.o
 .debug_line    0x0000000000003ad9       0x84 Startup/startup_stm32f103rbtx.o

.debug_str      0x0000000000000000    0x5923c
 .debug_str     0x0000000000000000    0x584cc Src/esp8266_Firbase.o
                                      0x58804 (size before relaxing)
 .debug_str     0x00000000000584cc       0x9e Src/event_queue.o
                                      0x57258 (size before relaxing)
 .debug_str     0x000000000005856a      0x407 Src/gpio_signal.o
                                      0x5763f (size before relaxing)
 .debug_str     0x0000000000058971      0x109 Src/hc-sr501pir_sensor.o
                                      0x578a4 (size before relaxing)
 .debug_str     0x0000000000058a7a       0x13 Src/main.o
                                      0x57398 (size before relaxing)
 .debug_str     0x0000000000058a8d      0x4cc Src/sysmem.o
                                       0x7ade (size before relaxing)
 .debug_str     0x0000000000058f59      0x1b6 Src/timers.o
                                      0x58abc (size before relaxing)
 .debug_str     0x000000000005910f       0xfc Src/usart.o
                                      0x57869 (size before relaxing)
 .debug_str     0x000000000005920b       0x31 Startup/startup_stm32f103rbtx.o
                                         0x70 (size before relaxing)

.comment        0x0000000000000000       0x7b
 .comment       0x0000000000000000       0x7b Src/esp8266_Firbase.o
                                         0x7c (size before relaxing)
 .comment       0x000000000000007b       0x7c Src/event_queue.o
 .comment       0x000000000000007b       0x7c Src/gpio_signal.o
 .comment       0x000000000000007b       0x7c Src/hc-sr501pir_sensor.o
 .comment       0x000000000000007b       0x7c Src/main.o
 .comment       0x000000000000007b       0x7c Src/sysmem.o
 .comment       0x000000000000007b       0x7c Src/timers.o
 .comment       0x000000000000007b       0x7c Src/usart.o

.debug_frame    0x0000000000000000      0xd80
 .debug_frame   0x0000000000000000      0x1cc Src/esp8266_Firbase.o
 .debug_frame   0x00000000000001cc       0xb8 Src/event_queue.o
 .debug_frame   0x0000000000000284      0x10c Src/gpio_signal.o
 .debug_frame   0x0000000000000390      0x100 Src/hc-sr501pir_sensor.o
 .debug_frame   0x0000000000000490       0x2c Src/main.o
 .debug_frame   0x00000000000004bc       0x34 Src/sysmem.o
 .debug_frame   0x00000000000004f0      0x2d4 Src/timers.o
 .debug_frame   0x00000000000007c4      0x1b4 Src/usart.o
 .debug_frame   0x0000000000000978       0x20 c:/st/stm32cubeide_1.3.0/stm32cubeide/plugins/com.st.stm32cube.ide.mcu.externaltools.gnu-tools-for-stm32.7-2018-q2-update.win32_1.0.0.201904181610/tools/bin/../lib/gcc/arm-none-eabi/7.3.1/../../../../arm-none-eabi/lib/thumb/v7-m\libc_nano.a(lib_a-errno.o)
 .debug_frame   0x0000000000000998       0x2c c:/st/stm32cubeide_1.3.0/stm32cubeide/plugins/com.st.stm32cube.ide.mcu.externaltools.gnu-tools-for-stm32.7-2018-q2-update.win32_1.0.0.201904181610/tools/bin/../lib/gcc/arm-none-eabi/7.3.1/../../../../arm-none-eabi/lib/thumb/v7-m\libc_nano.a(lib_a-init.o)
 .debug_frame   0x00000000000009c4       0x20 c:/st/stm32cubeide_1.3.0/stm32cubeide/plugins/com.st.stm32cube.ide.mcu.externaltools.gnu-tools-for-stm32.7-2018-q2-update.win32_1.0.0.201904181610/tools/bin/../lib/gcc/arm-none-eabi/7.3.1/../../../../arm-none-eabi/lib/thumb/v7-m\libc_nano.a(lib_a-memset.o)
 .debug_frame   0x00000000000009e4       0x6c c:/st/stm32cubeide_1.3.0/stm32cubeide/plugins/com.st.stm32cube.ide.mcu.externaltools.gnu-tools-for-stm32.7-2018-q2-update.win32_1.0.0.201904181610/tools/bin/../lib/gcc/arm-none-eabi/7.3.1/../../../../arm-none-eabi/lib/thumb/v7-m\libc_nano.a(lib_a-sprintf.o)
 .debug_frame   0x0000000000000a50       0x20 c:/st/stm32cubeide_1.3.0/stm32cubeide/plugins/com.st.stm32cube.ide.mcu.externaltools.gnu-tools-for-stm32.7-2018-q2-update.win32_1.0.0.201904181610/tools/bin/../lib/gcc/arm-none-eabi/7.3.1/../../../../arm-none-eabi/lib/thumb/v7-m\libc_nano.a(lib_a-strcpy.o)
 .debug_frame   0x0000000000000a70       0x30 c:/st/stm32cubeide_1.3.0/stm32cubeide/plugins/com.st.stm32cube.ide.mcu.externaltools.gnu-tools-for-stm32.7-2018-q2-update.win32_1.0.0.201904181610/tools/bin/../lib/gcc/arm-none-eabi/7.3.1/../../../../arm-none-eabi/lib/thumb/v7-m\libc_nano.a(lib_a-strstr.o)
 .debug_frame   0x0000000000000aa0       0x90 c:/st/stm32cubeide_1.3.0/stm32cubeide/plugins/com.st.stm32cube.ide.mcu.externaltools.gnu-tools-for-stm32.7-2018-q2-update.win32_1.0.0.201904181610/tools/bin/../lib/gcc/arm-none-eabi/7.3.1/../../../../arm-none-eabi/lib/thumb/v7-m\libc_nano.a(lib_a-nano-svfprintf.o)
 .debug_frame   0x0000000000000b30       0x60 c:/st/stm32cubeide_1.3.0/stm32cubeide/plugins/com.st.stm32cube.ide.mcu.externaltools.gnu-tools-for-stm32.7-2018-q2-update.win32_1.0.0.201904181610/tools/bin/../lib/gcc/arm-none-eabi/7.3.1/../../../../arm-none-eabi/lib/thumb/v7-m\libc_nano.a(lib_a-nano-vfprintf_i.o)
 .debug_frame   0x0000000000000b90       0x28 c:/st/stm32cubeide_1.3.0/stm32cubeide/plugins/com.st.stm32cube.ide.mcu.externaltools.gnu-tools-for-stm32.7-2018-q2-update.win32_1.0.0.201904181610/tools/bin/../lib/gcc/arm-none-eabi/7.3.1/../../../../arm-none-eabi/lib/thumb/v7-m\libc_nano.a(lib_a-memchr-stub.o)
 .debug_frame   0x0000000000000bb8       0x28 c:/st/stm32cubeide_1.3.0/stm32cubeide/plugins/com.st.stm32cube.ide.mcu.externaltools.gnu-tools-for-stm32.7-2018-q2-update.win32_1.0.0.201904181610/tools/bin/../lib/gcc/arm-none-eabi/7.3.1/../../../../arm-none-eabi/lib/thumb/v7-m\libc_nano.a(lib_a-memcpy-stub.o)
 .debug_frame   0x0000000000000be0       0x28 c:/st/stm32cubeide_1.3.0/stm32cubeide/plugins/com.st.stm32cube.ide.mcu.externaltools.gnu-tools-for-stm32.7-2018-q2-update.win32_1.0.0.201904181610/tools/bin/../lib/gcc/arm-none-eabi/7.3.1/../../../../arm-none-eabi/lib/thumb/v7-m\libc_nano.a(lib_a-memmove.o)
 .debug_frame   0x0000000000000c08       0x38 c:/st/stm32cubeide_1.3.0/stm32cubeide/plugins/com.st.stm32cube.ide.mcu.externaltools.gnu-tools-for-stm32.7-2018-q2-update.win32_1.0.0.201904181610/tools/bin/../lib/gcc/arm-none-eabi/7.3.1/../../../../arm-none-eabi/lib/thumb/v7-m\libc_nano.a(lib_a-nano-freer.o)
 .debug_frame   0x0000000000000c40       0x2c c:/st/stm32cubeide_1.3.0/stm32cubeide/plugins/com.st.stm32cube.ide.mcu.externaltools.gnu-tools-for-stm32.7-2018-q2-update.win32_1.0.0.201904181610/tools/bin/../lib/gcc/arm-none-eabi/7.3.1/../../../../arm-none-eabi/lib/thumb/v7-m\libc_nano.a(lib_a-nano-mallocr.o)
 .debug_frame   0x0000000000000c6c       0x3c c:/st/stm32cubeide_1.3.0/stm32cubeide/plugins/com.st.stm32cube.ide.mcu.externaltools.gnu-tools-for-stm32.7-2018-q2-update.win32_1.0.0.201904181610/tools/bin/../lib/gcc/arm-none-eabi/7.3.1/../../../../arm-none-eabi/lib/thumb/v7-m\libc_nano.a(lib_a-nano-reallocr.o)
 .debug_frame   0x0000000000000ca8       0x2c c:/st/stm32cubeide_1.3.0/stm32cubeide/plugins/com.st.stm32cube.ide.mcu.externaltools.gnu-tools-for-stm32.7-2018-q2-update.win32_1.0.0.201904181610/tools/bin/../lib/gcc/arm-none-eabi/7.3.1/../../../../arm-none-eabi/lib/thumb/v7-m\libc_nano.a(lib_a-sbrkr.o)
 .debug_frame   0x0000000000000cd4       0x30 c:/st/stm32cubeide_1.3.0/stm32cubeide/plugins/com.st.stm32cube.ide.mcu.externaltools.gnu-tools-for-stm32.7-2018-q2-update.win32_1.0.0.201904181610/tools/bin/../lib/gcc/arm-none-eabi/7.3.1/../../../../arm-none-eabi/lib/thumb/v7-m\libc_nano.a(lib_a-mlock.o)
 .debug_frame   0x0000000000000d04       0x20 c:/st/stm32cubeide_1.3.0/stm32cubeide/plugins/com.st.stm32cube.ide.mcu.externaltools.gnu-tools-for-stm32.7-2018-q2-update.win32_1.0.0.201904181610/tools/bin/../lib/gcc/arm-none-eabi/7.3.1/../../../../arm-none-eabi/lib/thumb/v7-m\libc_nano.a(lib_a-nano-msizer.o)
 .debug_frame   0x0000000000000d24       0x5c c:/st/stm32cubeide_1.3.0/stm32cubeide/plugins/com.st.stm32cube.ide.mcu.externaltools.gnu-tools-for-stm32.7-2018-q2-update.win32_1.0.0.201904181610/tools/bin/../lib/gcc/arm-none-eabi/7.3.1/../../../../arm-none-eabi/lib/thumb/v7-m\libc_nano.a(lib_a-reent.o)
