Archive member included to satisfy reference by file (symbol)

c:/st/stm32cubeide_1.3.0/stm32cubeide/plugins/com.st.stm32cube.ide.mcu.externaltools.gnu-tools-for-stm32.7-2018-q2-update.win32_1.0.0.201904181610/tools/bin/../lib/gcc/arm-none-eabi/7.3.1/../../../../arm-none-eabi/lib/thumb/v7-m\libc_nano.a(lib_a-errno.o)
                              Src/syscalls.o (__errno)
c:/st/stm32cubeide_1.3.0/stm32cubeide/plugins/com.st.stm32cube.ide.mcu.externaltools.gnu-tools-for-stm32.7-2018-q2-update.win32_1.0.0.201904181610/tools/bin/../lib/gcc/arm-none-eabi/7.3.1/../../../../arm-none-eabi/lib/thumb/v7-m\libc_nano.a(lib_a-exit.o)
                              c:/st/stm32cubeide_1.3.0/stm32cubeide/plugins/com.st.stm32cube.ide.mcu.externaltools.gnu-tools-for-stm32.7-2018-q2-update.win32_1.0.0.201904181610/tools/bin/../lib/gcc/arm-none-eabi/7.3.1/../../../../arm-none-eabi/lib/thumb/v7-m/crt0.o (exit)
c:/st/stm32cubeide_1.3.0/stm32cubeide/plugins/com.st.stm32cube.ide.mcu.externaltools.gnu-tools-for-stm32.7-2018-q2-update.win32_1.0.0.201904181610/tools/bin/../lib/gcc/arm-none-eabi/7.3.1/../../../../arm-none-eabi/lib/thumb/v7-m\libc_nano.a(lib_a-impure.o)
                              c:/st/stm32cubeide_1.3.0/stm32cubeide/plugins/com.st.stm32cube.ide.mcu.externaltools.gnu-tools-for-stm32.7-2018-q2-update.win32_1.0.0.201904181610/tools/bin/../lib/gcc/arm-none-eabi/7.3.1/../../../../arm-none-eabi/lib/thumb/v7-m\libc_nano.a(lib_a-exit.o) (_global_impure_ptr)
c:/st/stm32cubeide_1.3.0/stm32cubeide/plugins/com.st.stm32cube.ide.mcu.externaltools.gnu-tools-for-stm32.7-2018-q2-update.win32_1.0.0.201904181610/tools/bin/../lib/gcc/arm-none-eabi/7.3.1/../../../../arm-none-eabi/lib/thumb/v7-m\libc_nano.a(lib_a-init.o)
                              c:/st/stm32cubeide_1.3.0/stm32cubeide/plugins/com.st.stm32cube.ide.mcu.externaltools.gnu-tools-for-stm32.7-2018-q2-update.win32_1.0.0.201904181610/tools/bin/../lib/gcc/arm-none-eabi/7.3.1/../../../../arm-none-eabi/lib/thumb/v7-m/crt0.o (__libc_init_array)
c:/st/stm32cubeide_1.3.0/stm32cubeide/plugins/com.st.stm32cube.ide.mcu.externaltools.gnu-tools-for-stm32.7-2018-q2-update.win32_1.0.0.201904181610/tools/bin/../lib/gcc/arm-none-eabi/7.3.1/../../../../arm-none-eabi/lib/thumb/v7-m\libc_nano.a(lib_a-memset.o)
                              c:/st/stm32cubeide_1.3.0/stm32cubeide/plugins/com.st.stm32cube.ide.mcu.externaltools.gnu-tools-for-stm32.7-2018-q2-update.win32_1.0.0.201904181610/tools/bin/../lib/gcc/arm-none-eabi/7.3.1/../../../../arm-none-eabi/lib/thumb/v7-m/crt0.o (memset)
c:/st/stm32cubeide_1.3.0/stm32cubeide/plugins/com.st.stm32cube.ide.mcu.externaltools.gnu-tools-for-stm32.7-2018-q2-update.win32_1.0.0.201904181610/tools/bin/../lib/gcc/arm-none-eabi/7.3.1/../../../../arm-none-eabi/lib/thumb/v7-m\libc_nano.a(lib_a-sprintf.o)
                              Src/esp8266_Firbase.o (sprintf)
c:/st/stm32cubeide_1.3.0/stm32cubeide/plugins/com.st.stm32cube.ide.mcu.externaltools.gnu-tools-for-stm32.7-2018-q2-update.win32_1.0.0.201904181610/tools/bin/../lib/gcc/arm-none-eabi/7.3.1/../../../../arm-none-eabi/lib/thumb/v7-m\libc_nano.a(lib_a-strcpy.o)
                              Src/usart.o (strcpy)
c:/st/stm32cubeide_1.3.0/stm32cubeide/plugins/com.st.stm32cube.ide.mcu.externaltools.gnu-tools-for-stm32.7-2018-q2-update.win32_1.0.0.201904181610/tools/bin/../lib/gcc/arm-none-eabi/7.3.1/../../../../arm-none-eabi/lib/thumb/v7-m\libc_nano.a(lib_a-strlen.o)
                              Src/esp8266_Firbase.o (strlen)
c:/st/stm32cubeide_1.3.0/stm32cubeide/plugins/com.st.stm32cube.ide.mcu.externaltools.gnu-tools-for-stm32.7-2018-q2-update.win32_1.0.0.201904181610/tools/bin/../lib/gcc/arm-none-eabi/7.3.1/../../../../arm-none-eabi/lib/thumb/v7-m\libc_nano.a(lib_a-strstr.o)
                              Src/usart.o (strstr)
c:/st/stm32cubeide_1.3.0/stm32cubeide/plugins/com.st.stm32cube.ide.mcu.externaltools.gnu-tools-for-stm32.7-2018-q2-update.win32_1.0.0.201904181610/tools/bin/../lib/gcc/arm-none-eabi/7.3.1/../../../../arm-none-eabi/lib/thumb/v7-m\libc_nano.a(lib_a-nano-svfprintf.o)
                              c:/st/stm32cubeide_1.3.0/stm32cubeide/plugins/com.st.stm32cube.ide.mcu.externaltools.gnu-tools-for-stm32.7-2018-q2-update.win32_1.0.0.201904181610/tools/bin/../lib/gcc/arm-none-eabi/7.3.1/../../../../arm-none-eabi/lib/thumb/v7-m\libc_nano.a(lib_a-sprintf.o) (_svfprintf_r)
c:/st/stm32cubeide_1.3.0/stm32cubeide/plugins/com.st.stm32cube.ide.mcu.externaltools.gnu-tools-for-stm32.7-2018-q2-update.win32_1.0.0.201904181610/tools/bin/../lib/gcc/arm-none-eabi/7.3.1/../../../../arm-none-eabi/lib/thumb/v7-m\libc_nano.a(lib_a-nano-vfprintf_i.o)
                              c:/st/stm32cubeide_1.3.0/stm32cubeide/plugins/com.st.stm32cube.ide.mcu.externaltools.gnu-tools-for-stm32.7-2018-q2-update.win32_1.0.0.201904181610/tools/bin/../lib/gcc/arm-none-eabi/7.3.1/../../../../arm-none-eabi/lib/thumb/v7-m\libc_nano.a(lib_a-nano-svfprintf.o) (_printf_i)
[...]
Memory Configuration

Name             Origin             Length             Attributes
RAM              0x0000000020000000 0x0000000000005000 xrw
ROM              0x0000000008000000 0x0000000000020000 xr
*default*        0x0000000000000000 0xffffffffffffffff

Linker script and memory map

LOAD c:/st/stm32cubeide_1.3.0/stm32cubeide/plugins/com.st.stm32cube.ide.mcu.externaltools.gnu-tools-for-stm32.7-2018-q2-update.win32_1.0.0.201904181610/tools/bin/../lib/gcc/arm-none-eabi/7.3.1/thumb/v7-m/crti.o
LOAD c:/st/stm32cubeide_1.3.0/stm32cubeide/plugins/com.st.stm32cube.ide.mcu.externaltools.gnu-tools-for-stm32.7-2018-q2-update.win32_1.0.0.201904181610/tools/bin/../lib/gcc/arm-none-eabi/7.3.1/thumb/v7-m/crtbegin.o
LOAD c:/st/stm32cubeide_1.3.0/stm32cubeide/plugins/com.st.stm32cube.ide.mcu.externaltools.gnu-tools-for-stm32.7-2018-q2-update.win32_1.0.0.201904181610/tools/bin/../lib/gcc/arm-none-eabi/7.3.1/../../../../arm-none-eabi/lib/thumb/v7-m/crt0.o
LOAD Src/clock.o
LOAD Src/esp8266_Firbase.o
LOAD Src/event_queue.o
LOAD Src/gpio_signal.o
LOAD Src/hc-sr501pir_sensor.o
LOAD Src/i2c.o
LOAD Src/main.o
LOAD Src/syscalls.o
LOAD Src/sysmem.o
LOAD Src/timers.o
LOAD Src/usart.o
LOAD Startup/startup_stm32f103rbtx.o
START GROUP
LOAD c:/st/stm32cubeide_1.3.0/stm32cubeide/plugins/com.st.stm32cube.ide.mcu.externaltools.gnu-tools-for-stm32.7-2018-q2-update.win32_1.0.0.201904181610/tools/bin/../lib/gcc/arm-none-eabi/7.3.1/../../../../arm-none-eabi/lib/thumb/v7-m\libc_nano.a
LOAD c:/st/stm32cubeide_1.3.0/stm32cubeide/plugins/com.st.stm32cube.ide.mcu.externaltools.gnu-tools-for-stm32.7-2018-q2-update.win32_1.0.0.201904181610/tools/bin/../lib/gcc/arm-none-eabi/7.3.1/../../../../arm-none-eabi/lib/thumb/v7-m\libm.a
END GROUP
START GROUP
LOAD c:/st/stm32cubeide_1.3.0/stm32cubeide/plugins/com.st.stm32cube.ide.mcu.externaltools.gnu-tools-for-stm32.7-2018-q2-update.win32_1.0.0.201904181610/tools/bin/../lib/gcc/arm-none-eabi/7.3.1/thumb/v7-m\libgcc.a
LOAD c:/st/stm32cubeide_1.3.0/stm32cubeide/plugins/com.st.stm32cube.ide.mcu.externaltools.gnu-tools-for-stm32.7-2018-q2-update.win32_1.0.0.201904181610/tools/bin/../lib/gcc/arm-none-eabi/7.3.1/../../../../arm-none-eabi/lib/thumb/v7-m\libc_nano.a
END GROUP
START GROUP
LOAD c:/st/stm32cubeide_1.3.0/stm32cubeide/plugins/com.st.stm32cube.ide.mcu.externaltools.gnu-tools-for-stm32.7-2018-q2-update.win32_1.0.0.201904181610/tools/bin/../lib/gcc/arm-none-eabi/7.3.1/thumb/v7-m\libgcc.a
LOAD c:/st/stm32cubeide_1.3.0/stm32cubeide/plugins/com.st.stm32cube.ide.mcu.externaltools.gnu-tools-for-stm32.7-2018-q2-update.win32_1.0.0.201904181610/tools/bin/../lib/gcc/arm-none-eabi/7.3.1/../../../../arm-none-eabi/lib/thumb/v7-m\libc_nano.a
LOAD c:/st/stm32cubeide_1.3.0/stm32cubeide/plugins/com.st.stm32cube.ide.mcu.externaltools.gnu-tools-for-stm32.7-2018-q2-update.win32_1.0.0.201904181610/tools/bin/../lib/gcc/arm-none-eabi/7.3.1/../../../../arm-none-eabi/lib/thumb/v7-m\libnosys.a
END GROUP
START GROUP
LOAD c:/st/stm32cubeide_1.3.0/stm32cubeide/plugins/com.st.stm32cube.ide.mcu.externaltools.gnu-tools-for-stm32.7-2018-q2-update.win32_1.0.0.201904181610/tools/bin/../lib/gcc/arm-none-eabi/7.3.1/thumb/v7-m\libgcc.a
LOAD c:/st/stm32cubeide_1.3.0/stm32cubeide/plugins/com.st.stm32cube.ide.mcu.externaltools.gnu-tools-for-stm32.7-2018-q2-update.win32_1.0.0.201904181610/tools/bin/../lib/gcc/arm-none-eabi/7.3.1/../../../../arm-none-eabi/lib/thumb/v7-m\libc_nano.a
LOAD c:/st/stm32cubeide_1.3.0/stm32cubeide/plugins/com.st.stm32cube.ide.mcu.externaltools.gnu-tools-for-stm32.7-2018-q2-update.win32_1.0.0.201904181610/tools/bin/../lib/gcc/arm-none-eabi/7.3.1/../../../../arm-none-eabi/lib/thumb/v7-m\libnosys.a
END GROUP
LOAD c:/st/stm32cubeide_1.3.0/stm32cubeide/plugins/com.st.stm32cube.ide.mcu.externaltools.gnu-tools-for-stm32.7-2018-q2-update.win32_1.0.0.201904181610/tools/bin/../lib/gcc/arm-none-eabi/7.3.1/thumb/v7-m/crtend.o
LOAD c:/st/stm32cubeide_1.3.0/stm32cubeide/plugins/com.st.stm32cube.ide.mcu.externaltools.gnu-tools-for-stm32.7-2018-q2-update.win32_1.0.0.201904181610/tools/bin/../lib/gcc/arm-none-eabi/7.3.1/thumb/v7-m/crtn.o
                0x0000000020005000                _estack = (ORIGIN (RAM) + LENGTH (RAM))
                0x0000000000000200                _Min_Heap_Size = 0x200
                0x0000000000000400                _Min_Stack_Size = 0x400

.isr_vector     0x0000000008000000      0x130
                0x0000000008000000                . = ALIGN (0x4)
 *(.isr_vector)
 .isr_vector    0x0000000008000000      0x130 Startup/startup_stm32f103rbtx.o
                0x0000000008000000                g_pfnVectors
                0x0000000008000130                . = ALIGN (0x4)

.text           0x0000000008000130     0x1bc4
                0x0000000008000130                . = ALIGN (0x4)
 *(.text)
 .text          0x0000000008000130       0x40 c:/st/stm32cubeide_1.3.0/stm32cubeide/plugins/com.st.stm32cube.ide.mcu.externaltools.gnu-tools-for-stm32.7-2018-q2-update.win32_1.0.0.201904181610/tools/bin/../lib/gcc/arm-none-eabi/7.3.1/thumb/v7-m/crtbegin.o
 .text          0x0000000008000170       0x10 c:/st/stm32cubeide_1.3.0/stm32cubeide/plugins/com.st.stm32cube.ide.mcu.externaltools.gnu-tools-for-stm32.7-2018-q2-update.win32_1.0.0.201904181610/tools/bin/../lib/gcc/arm-none-eabi/7.3.1/../../../../arm-none-eabi/lib/thumb/v7-m\libc_nano.a(lib_a-strlen.o)
                0x0000000008000170                strlen
 *(.text*)
 .text.setImagePath
                0x0000000008000180       0x2c Src/esp8266_Firbase.o
                0x0000000008000180                setImagePath
 .text.alert_Handler
                0x00000000080001ac       0x38 Src/esp8266_Firbase.o
                0x00000000080001ac                alert_Handler
 .text.recordAlert
                0x00000000080001e4       0xe4 Src/esp8266_Firbase.o
                0x00000000080001e4                recordAlert
 .text.setClientMode
                0x00000000080002c8       0x74 Src/esp8266_Firbase.o
                0x00000000080002c8                setClientMode
 .text.joinAccessPoint
                0x000000000800033c       0x98 Src/esp8266_Firbase.o
                0x000000000800033c                joinAccessPoint
 .text.connectFirebaseHost
                0x00000000080003d4      0x124 Src/esp8266_Firbase.o
                0x00000000080003d4                connectFirebaseHost
 .text.createPostMsg
                0x00000000080004f8       0x88 Src/esp8266_Firbase.o
                0x00000000080004f8                createPostMsg
 .text.sendRequest
                0x0000000008000580      0x128 Src/esp8266_Firbase.o
                0x0000000008000580                sendRequest
 .text.readResponse
                0x00000000080006a8       0x58 Src/esp8266_Firbase.o
                0x00000000080006a8                readResponse
 .text.closeCunnection
                0x0000000008000700       0x74 Src/esp8266_Firbase.o
                0x0000000008000700                closeCunnection
 .text.init_queue
                0x0000000008000774       0x24 Src/event_queue.o
                0x0000000008000774                init_queue
 .text.add_event
                0x0000000008000798       0x48 Src/event_queue.o
                0x0000000008000798                add_event
 .text.do_event
                0x00000000080007e0       0x4c Src/event_queue.o
                0x00000000080007e0                do_event
 .text.queue_isFull
                0x000000000800082c       0x3c Src/event_queue.o
                0x000000000800082c                queue_isFull
 .text.queue_isEmpty
                0x0000000008000868       0x24 Src/event_queue.o
                0x0000000008000868                queue_isEmpty
 .text.EXTI15_10_IRQHandler
                0x000000000800088c       0x2c Src/gpio_signal.o
                0x000000000800088c                EXTI15_10_IRQHandler
 .text.interrupt_handler
                0x00000000080008b8       0x44 Src/gpio_signal.o
                0x00000000080008b8                interrupt_handler
 .text.__NVIC_SetPriorityGrouping
                0x00000000080008fc       0x48 Src/hc-sr501pir_sensor.o
 .text.__NVIC_EnableIRQ
                0x0000000008000944       0x38 Src/hc-sr501pir_sensor.o
 .text.__NVIC_SetPriority
                0x000000000800097c       0x54 Src/hc-sr501pir_sensor.o
 .text.init_sensor_with_interrupt
                0x00000000080009d0       0x90 Src/hc-sr501pir_sensor.o
                0x00000000080009d0                init_sensor_with_interrupt
 .text.EXTI4_IRQHandler
                0x0000000008000a60       0x34 Src/hc-sr501pir_sensor.o
                0x0000000008000a60                EXTI4_IRQHandler
 .text.main     0x0000000008000a94       0x2c Src/main.o
                0x0000000008000a94                main
 .text._sbrk    0x0000000008000ac0       0x58 Src/sysmem.o
                0x0000000008000ac0                _sbrk
 .text.__NVIC_SetPriorityGrouping
                0x0000000008000b18       0x48 Src/timers.o
 .text.__NVIC_EnableIRQ
                0x0000000008000b60       0x38 Src/timers.o
 .text.__NVIC_SetPriority
                0x0000000008000b98       0x54 Src/timers.o
 .text.init_timer3
                0x0000000008000bec       0x8c Src/timers.o
                0x0000000008000bec                init_timer3
 .text.init_timer4
                0x0000000008000c78       0x84 Src/timers.o
                0x0000000008000c78                init_timer4
 .text.enable_timer3
                0x0000000008000cfc       0x1c Src/timers.o
                0x0000000008000cfc                enable_timer3
 .text.enable_timer4
                0x0000000008000d18       0x1c Src/timers.o
                0x0000000008000d18                enable_timer4
 .text.disable_timer3
                0x0000000008000d34       0x1c Src/timers.o
                0x0000000008000d34                disable_timer3
 .text.disable_timer4
                0x0000000008000d50       0x1c Src/timers.o
                0x0000000008000d50                disable_timer4
 .text.timeout_with_timer4
                0x0000000008000d6c       0x48 Src/timers.o
                0x0000000008000d6c                timeout_with_timer4
 .text.set_timeout_timer3
                0x0000000008000db4       0x28 Src/timers.o
                0x0000000008000db4                set_timeout_timer3
 .text.timeout_done_timer3
                0x0000000008000ddc       0x40 Src/timers.o
                0x0000000008000ddc                timeout_done_timer3
 .text.TIM2_IRQHandler
                0x0000000008000e1c       0x54 Src/timers.o
                0x0000000008000e1c                TIM2_IRQHandler
 .text.TIM3_IRQHandler
                0x0000000008000e70       0x50 Src/timers.o
                0x0000000008000e70                TIM3_IRQHandler
 .text.TIM4_IRQHandler
                0x0000000008000ec0       0x50 Src/timers.o
                0x0000000008000ec0                TIM4_IRQHandler
 .text.__NVIC_SetPriorityGrouping
                0x0000000008000f10       0x48 Src/usart.o
 .text.__NVIC_EnableIRQ
                0x0000000008000f58       0x38 Src/usart.o
 .text.__NVIC_SetPriority
                0x0000000008000f90       0x54 Src/usart.o
 .text.init_usart2
                0x0000000008000fe4       0x68 Src/usart.o
                0x0000000008000fe4                init_usart2
 .text.init_usart1
                0x000000000800104c       0xbc Src/usart.o
                0x000000000800104c                init_usart1
 .text.set_usart2_buffer_Tx
                0x0000000008001108       0x40 Src/usart.o
                0x0000000008001108                set_usart2_buffer_Tx
 .text.write_usart2
                0x0000000008001148       0x78 Src/usart.o
                0x0000000008001148                write_usart2
 .text.write_usart1
                0x00000000080011c0       0x78 Src/usart.o
                0x00000000080011c0                write_usart1
 .text.set_usart1_buffer_Tx
                0x0000000008001238       0x40 Src/usart.o
                0x0000000008001238                set_usart1_buffer_Tx
 .text.set_usart1_buffer_Rx
                0x0000000008001278       0x2c Src/usart.o
                0x0000000008001278                set_usart1_buffer_Rx
 .text.search_usart1_buffer_Rx
                0x00000000080012a4       0x8c Src/usart.o
                0x00000000080012a4                search_usart1_buffer_Rx
 .text.USART1_IRQHandler
                0x0000000008001330       0x8c Src/usart.o
                0x0000000008001330                USART1_IRQHandler
 .text.Reset_Handler
                0x00000000080013bc       0x50 Startup/startup_stm32f103rbtx.o
                0x00000000080013bc                Reset_Handler
 .text.Default_Handler
                0x000000000800140c        0x2 Startup/startup_stm32f103rbtx.o
                0x000000000800140c                EXTI2_IRQHandler
                0x000000000800140c                TIM8_TRG_COM_IRQHandler
                0x000000000800140c                TIM8_CC_IRQHandler
                0x000000000800140c                DebugMon_Handler
                0x000000000800140c                TIM1_CC_IRQHandler
                0x000000000800140c                HardFault_Handler
                0x000000000800140c                TIM6_IRQHandler
                0x000000000800140c                SysTick_Handler
                0x000000000800140c                PVD_IRQHandler
                0x000000000800140c                SDIO_IRQHandler
                0x000000000800140c                PendSV_Handler
                0x000000000800140c                NMI_Handler
                0x000000000800140c                EXTI3_IRQHandler
                0x000000000800140c                USB_HP_CAN_TX_IRQHandler
                0x000000000800140c                EXTI0_IRQHandler
                0x000000000800140c                I2C2_EV_IRQHandler
                0x000000000800140c                UsageFault_Handler
                0x000000000800140c                ADC1_2_IRQHandler
                0x000000000800140c                SPI1_IRQHandler
                0x000000000800140c                CAN_SCE_IRQHandler
                0x000000000800140c                TAMPER_IRQHandler
                0x000000000800140c                TIM8_UP_IRQHandler
                0x000000000800140c                DMA2_Channel2_IRQHandler
                0x000000000800140c                DMA1_Channel4_IRQHandler
                0x000000000800140c                USART3_IRQHandler
                0x000000000800140c                RTC_IRQHandler
                0x000000000800140c                DMA1_Channel7_IRQHandler
                0x000000000800140c                UART5_IRQHandler
                0x000000000800140c                ADC3_IRQHandler
                0x000000000800140c                CAN_RX1_IRQHandler
                0x000000000800140c                DMA2_Channel1_IRQHandler
                0x000000000800140c                I2C1_EV_IRQHandler
                0x000000000800140c                DMA1_Channel6_IRQHandler
                0x000000000800140c                UART4_IRQHandler
                0x000000000800140c                RCC_IRQHandler
                0x000000000800140c                TIM1_TRG_COM_IRQHandler
                0x000000000800140c                DMA1_Channel1_IRQHandler
                0x000000000800140c                Default_Handler
                0x000000000800140c                TIM7_IRQHandler
                0x000000000800140c                TIM5_IRQHandler
                0x000000000800140c                EXTI9_5_IRQHandler
                0x000000000800140c                SPI2_IRQHandler
                0x000000000800140c                USB_LP_CAN_RX0_IRQHandler
                0x000000000800140c                MemManage_Handler
                0x000000000800140c                SVC_Handler
                0x000000000800140c                DMA1_Channel5_IRQHandler
                0x000000000800140c                DMA1_Channel3_IRQHandler
                0x000000000800140c                FSMC_IRQHandler
                0x000000000800140c                TIM1_UP_IRQHandler
                0x000000000800140c                WWDG_IRQHandler
                0x000000000800140c                TIM1_BRK_IRQHandler
                0x000000000800140c                EXTI1_IRQHandler
                0x000000000800140c                RTCAlarm_IRQHandler
                0x000000000800140c                DMA2_Channel4_5_IRQHandler
                0x000000000800140c                USART2_IRQHandler
                0x000000000800140c                I2C2_ER_IRQHandler
                0x000000000800140c                DMA1_Channel2_IRQHandler
                0x000000000800140c                TIM8_BRK_IRQHandler
                0x000000000800140c                FLASH_IRQHandler
                0x000000000800140c                BusFault_Handler
                0x000000000800140c                SPI3_IRQHandler
                0x000000000800140c                I2C1_ER_IRQHandler
                0x000000000800140c                DMA2_Channel3_IRQHandler
 *fill*         0x000000000800140e        0x2 
 .text.__errno  0x0000000008001410        0xc c:/st/stm32cubeide_1.3.0/stm32cubeide/plugins/com.st.stm32cube.ide.mcu.externaltools.gnu-tools-for-stm32.7-2018-q2-update.win32_1.0.0.201904181610/tools/bin/../lib/gcc/arm-none-eabi/7.3.1/../../../../arm-none-eabi/lib/thumb/v7-m\libc_nano.a(lib_a-errno.o)
                0x0000000008001410                __errno
 .text.__libc_init_array
                0x000000000800141c       0x48 c:/st/stm32cubeide_1.3.0/stm32cubeide/plugins/com.st.stm32cube.ide.mcu.externaltools.gnu-tools-for-stm32.7-2018-q2-update.win32_1.0.0.201904181610/tools/bin/../lib/gcc/arm-none-eabi/7.3.1/../../../../arm-none-eabi/lib/thumb/v7-m\libc_nano.a(lib_a-init.o)
                0x000000000800141c                __libc_init_array
 .text.memset   0x0000000008001464       0x10 c:/st/stm32cubeide_1.3.0/stm32cubeide/plugins/com.st.stm32cube.ide.mcu.externaltools.gnu-tools-for-stm32.7-2018-q2-update.win32_1.0.0.201904181610/tools/bin/../lib/gcc/arm-none-eabi/7.3.1/../../../../arm-none-eabi/lib/thumb/v7-m\libc_nano.a(lib_a-memset.o)
                0x0000000008001464                memset
 .text.sprintf  0x0000000008001474       0x40 c:/st/stm32cubeide_1.3.0/stm32cubeide/plugins/com.st.stm32cube.ide.mcu.externaltools.gnu-tools-for-stm32.7-2018-q2-update.win32_1.0.0.201904181610/tools/bin/../lib/gcc/arm-none-eabi/7.3.1/../../../../arm-none-eabi/lib/thumb/v7-m\libc_nano.a(lib_a-sprintf.o)
                0x0000000008001474                siprintf
                0x0000000008001474                sprintf
 .text.strcpy   0x00000000080014b4       0x10 c:/st/stm32cubeide_1.3.0/stm32cubeide/plugins/com.st.stm32cube.ide.mcu.externaltools.gnu-tools-for-stm32.7-2018-q2-update.win32_1.0.0.201904181610/tools/bin/../lib/gcc/arm-none-eabi/7.3.1/../../../../arm-none-eabi/lib/thumb/v7-m\libc_nano.a(lib_a-strcpy.o)
                0x00000000080014b4                strcpy
 .text.strstr   0x00000000080014c4       0x34 c:/st/stm32cubeide_1.3.0/stm32cubeide/plugins/com.st.stm32cube.ide.mcu.externaltools.gnu-tools-for-stm32.7-2018-q2-update.win32_1.0.0.201904181610/tools/bin/../lib/gcc/arm-none-eabi/7.3.1/../../../../arm-none-eabi/lib/thumb/v7-m\libc_nano.a(lib_a-strstr.o)
                0x00000000080014c4                strstr
 .text.__ssputs_r
                0x00000000080014f8       0xb4 c:/st/stm32cubeide_1.3.0/stm32cubeide/plugins/com.st.stm32cube.ide.mcu.externaltools.gnu-tools-for-stm32.7-2018-q2-update.win32_1.0.0.201904181610/tools/bin/../lib/gcc/arm-none-eabi/7.3.1/../../../../arm-none-eabi/lib/thumb/v7-m\libc_nano.a(lib_a-nano-svfprintf.o)
                0x00000000080014f8                __ssputs_r
 .text._svfprintf_r
                0x00000000080015ac      0x1f0 c:/st/stm32cubeide_1.3.0/stm32cubeide/plugins/com.st.stm32cube.ide.mcu.externaltools.gnu-tools-for-stm32.7-2018-q2-update.win32_1.0.0.201904181610/tools/bin/../lib/gcc/arm-none-eabi/7.3.1/../../../../arm-none-eabi/lib/thumb/v7-m\libc_nano.a(lib_a-nano-svfprintf.o)
                0x00000000080015ac                _svfiprintf_r
                0x00000000080015ac                _svfprintf_r
 .text._printf_common
                0x000000000800179c       0xec c:/st/stm32cubeide_1.3.0/stm32cubeide/plugins/com.st.stm32cube.ide.mcu.externaltools.gnu-tools-for-stm32.7-2018-q2-update.win32_1.0.0.201904181610/tools/bin/../lib/gcc/arm-none-eabi/7.3.1/../../../../arm-none-eabi/lib/thumb/v7-m\libc_nano.a(lib_a-nano-vfprintf_i.o)
                0x000000000800179c                _printf_common
 .text._printf_i
                0x0000000008001888      0x224 c:/st/stm32cubeide_1.3.0/stm32cubeide/plugins/com.st.stm32cube.ide.mcu.externaltools.gnu-tools-for-stm32.7-2018-q2-update.win32_1.0.0.201904181610/tools/bin/../lib/gcc/arm-none-eabi/7.3.1/../../../../arm-none-eabi/lib/thumb/v7-m\libc_nano.a(lib_a-nano-vfprintf_i.o)
                0x0000000008001888                _printf_i
 .text.memchr   0x0000000008001aac       0x1c c:/st/stm32cubeide_1.3.0/stm32cubeide/plugins/com.st.stm32cube.ide.mcu.externaltools.gnu-tools-for-stm32.7-2018-q2-update.win32_1.0.0.201904181610/tools/bin/../lib/gcc/arm-none-eabi/7.3.1/../../../../arm-none-eabi/lib/thumb/v7-m\libc_nano.a(lib_a-memchr-stub.o)
                0x0000000008001aac                memchr
 .text.memcpy   0x0000000008001ac8       0x16 c:/st/stm32cubeide_1.3.0/stm32cubeide/plugins/com.st.stm32cube.ide.mcu.externaltools.gnu-tools-for-stm32.7-2018-q2-update.win32_1.0.0.201904181610/tools/bin/../lib/gcc/arm-none-eabi/7.3.1/../../../../arm-none-eabi/lib/thumb/v7-m\libc_nano.a(lib_a-memcpy-stub.o)
                0x0000000008001ac8                memcpy
 .text.memmove  0x0000000008001ade       0x32 c:/st/stm32cubeide_1.3.0/stm32cubeide/plugins/com.st.stm32cube.ide.mcu.externaltools.gnu-tools-for-stm32.7-2018-q2-update.win32_1.0.0.201904181610/tools/bin/../lib/gcc/arm-none-eabi/7.3.1/../../../../arm-none-eabi/lib/thumb/v7-m\libc_nano.a(lib_a-memmove.o)
                0x0000000008001ade                memmove
 .text._free_r  0x0000000008001b10       0x98 c:/st/stm32cubeide_1.3.0/stm32cubeide/plugins/com.st.stm32cube.ide.mcu.externaltools.gnu-tools-for-stm32.7-2018-q2-update.win32_1.0.0.201904181610/tools/bin/../lib/gcc/arm-none-eabi/7.3.1/../../../../arm-none-eabi/lib/thumb/v7-m\libc_nano.a(lib_a-nano-freer.o)
                0x0000000008001b10                _free_r
 .text._malloc_r
                0x0000000008001ba8       0xb4 c:/st/stm32cubeide_1.3.0/stm32cubeide/plugins/com.st.stm32cube.ide.mcu.externaltools.gnu-tools-for-stm32.7-2018-q2-update.win32_1.0.0.201904181610/tools/bin/../lib/gcc/arm-none-eabi/7.3.1/../../../../arm-none-eabi/lib/thumb/v7-m\libc_nano.a(lib_a-nano-mallocr.o)
                0x0000000008001ba8                _malloc_r
 .text._realloc_r
                0x0000000008001c5c       0x4c c:/st/stm32cubeide_1.3.0/stm32cubeide/plugins/com.st.stm32cube.ide.mcu.externaltools.gnu-tools-for-stm32.7-2018-q2-update.win32_1.0.0.201904181610/tools/bin/../lib/gcc/arm-none-eabi/7.3.1/../../../../arm-none-eabi/lib/thumb/v7-m\libc_nano.a(lib_a-nano-reallocr.o)
                0x0000000008001c5c                _realloc_r
 .text._sbrk_r  0x0000000008001ca8       0x20 c:/st/stm32cubeide_1.3.0/stm32cubeide/plugins/com.st.stm32cube.ide.mcu.externaltools.gnu-tools-for-stm32.7-2018-q2-update.win32_1.0.0.201904181610/tools/bin/../lib/gcc/arm-none-eabi/7.3.1/../../../../arm-none-eabi/lib/thumb/v7-m\libc_nano.a(lib_a-sbrkr.o)
                0x0000000008001ca8                _sbrk_r
 .text.__malloc_lock
                0x0000000008001cc8        0x2 c:/st/stm32cubeide_1.3.0/stm32cubeide/plugins/com.st.stm32cube.ide.mcu.externaltools.gnu-tools-for-stm32.7-2018-q2-update.win32_1.0.0.201904181610/tools/bin/../lib/gcc/arm-none-eabi/7.3.1/../../../../arm-none-eabi/lib/thumb/v7-m\libc_nano.a(lib_a-mlock.o)
                0x0000000008001cc8                __malloc_lock
 .text.__malloc_unlock
                0x0000000008001cca        0x2 c:/st/stm32cubeide_1.3.0/stm32cubeide/plugins/com.st.stm32cube.ide.mcu.externaltools.gnu-tools-for-stm32.7-2018-q2-update.win32_1.0.0.201904181610/tools/bin/../lib/gcc/arm-none-eabi/7.3.1/../../../../arm-none-eabi/lib/thumb/v7-m\libc_nano.a(lib_a-mlock.o)
                0x0000000008001cca                __malloc_unlock
 .text._malloc_usable_size_r
                0x0000000008001ccc       0x10 c:/st/stm32cubeide_1.3.0/stm32cubeide/plugins/com.st.stm32cube.ide.mcu.externaltools.gnu-tools-for-stm32.7-2018-q2-update.win32_1.0.0.201904181610/tools/bin/../lib/gcc/arm-none-eabi/7.3.1/../../../../arm-none-eabi/lib/thumb/v7-m\libc_nano.a(lib_a-nano-msizer.o)
                0x0000000008001ccc                _malloc_usable_size_r
 *(.glue_7)
 .glue_7        0x0000000008001cdc        0x0 linker stubs
 *(.glue_7t)
 .glue_7t       0x0000000008001cdc        0x0 linker stubs
 *(.eh_frame)
 .eh_frame      0x0000000008001cdc        0x0 c:/st/stm32cubeide_1.3.0/stm32cubeide/plugins/com.st.stm32cube.ide.mcu.externaltools.gnu-tools-for-stm32.7-2018-q2-update.win32_1.0.0.201904181610/tools/bin/../lib/gcc/arm-none-eabi/7.3.1/thumb/v7-m/crtbegin.o
 *(.init)
 .init          0x0000000008001cdc        0x4 c:/st/stm32cubeide_1.3.0/stm32cubeide/plugins/com.st.stm32cube.ide.mcu.externaltools.gnu-tools-for-stm32.7-2018-q2-update.win32_1.0.0.201904181610/tools/bin/../lib/gcc/arm-none-eabi/7.3.1/thumb/v7-m/crti.o
                0x0000000008001cdc                _init
 .init          0x0000000008001ce0        0x8 c:/st/stm32cubeide_1.3.0/stm32cubeide/plugins/com.st.stm32cube.ide.mcu.externaltools.gnu-tools-for-stm32.7-2018-q2-update.win32_1.0.0.201904181610/tools/bin/../lib/gcc/arm-none-eabi/7.3.1/thumb/v7-m/crtn.o
 *(.fini)
 .fini          0x0000000008001ce8        0x4 c:/st/stm32cubeide_1.3.0/stm32cubeide/plugins/com.st.stm32cube.ide.mcu.externaltools.gnu-tools-for-stm32.7-2018-q2-update.win32_1.0.0.201904181610/tools/bin/../lib/gcc/arm-none-eabi/7.3.1/thumb/v7-m/crti.o
                0x0000000008001ce8                _fini
 .fini          0x0000000008001cec        0x8 c:/st/stm32cubeide_1.3.0/stm32cubeide/plugins/com.st.stm32cube.ide.mcu.externaltools.gnu-tools-for-stm32.7-2018-q2-update.win32_1.0.0.201904181610/tools/bin/../lib/gcc/arm-none-eabi/7.3.1/thumb/v7-m/crtn.o
                0x0000000008001cf4                . = ALIGN (0x4)
                0x0000000008001cf4                _etext = .

.vfp11_veneer   0x0000000008001cf4        0x0
 .vfp11_veneer  0x0000000008001cf4        0x0 linker stubs

.v4_bx          0x0000000008001cf4        0x0
 .v4_bx         0x0000000008001cf4        0x0 linker stubs

.iplt           0x0000000008001cf4        0x0
 .iplt          0x0000000008001cf4        0x0 c:/st/stm32cubeide_1.3.0/stm32cubeide/plugins/com.st.stm32cube.ide.mcu.externaltools.gnu-tools-for-stm32.7-2018-q2-update.win32_1.0.0.201904181610/tools/bin/../lib/gcc/arm-none-eabi/7.3.1/thumb/v7-m/crtbegin.o

.rodata         0x0000000008001cf4      0x2d8
                0x0000000008001cf4                . = ALIGN (0x4)
 *(.rodata)
 .rodata        0x0000000008001cf4      0x278 Src/esp8266_Firbase.o
 .rodata        0x0000000008001f6c       0x14 Src/main.o
 .rodata        0x0000000008001f80       0x18 Src/usart.o
 *(.rodata*)
 .rodata._svfprintf_r.str1.1
                0x0000000008001f98       0x11 c:/st/stm32cubeide_1.3.0/stm32cubeide/plugins/com.st.stm32cube.ide.mcu.externaltools.gnu-tools-for-stm32.7-2018-q2-update.win32_1.0.0.201904181610/tools/bin/../lib/gcc/arm-none-eabi/7.3.1/../../../../arm-none-eabi/lib/thumb/v7-m\libc_nano.a(lib_a-nano-svfprintf.o)
 .rodata._printf_i.str1.1
                0x0000000008001fa9       0x22 c:/st/stm32cubeide_1.3.0/stm32cubeide/plugins/com.st.stm32cube.ide.mcu.externaltools.gnu-tools-for-stm32.7-2018-q2-update.win32_1.0.0.201904181610/tools/bin/../lib/gcc/arm-none-eabi/7.3.1/../../../../arm-none-eabi/lib/thumb/v7-m\libc_nano.a(lib_a-nano-vfprintf_i.o)
                0x0000000008001fcc                . = ALIGN (0x4)
 *fill*         0x0000000008001fcb        0x1 

.rel.dyn        0x0000000008001fcc        0x0
 .rel.iplt      0x0000000008001fcc        0x0 c:/st/stm32cubeide_1.3.0/stm32cubeide/plugins/com.st.stm32cube.ide.mcu.externaltools.gnu-tools-for-stm32.7-2018-q2-update.win32_1.0.0.201904181610/tools/bin/../lib/gcc/arm-none-eabi/7.3.1/thumb/v7-m/crtbegin.o

.ARM.extab      0x0000000008001fcc        0x0
                0x0000000008001fcc                . = ALIGN (0x4)
 *(.ARM.extab* .gnu.linkonce.armextab.*)
                0x0000000008001fcc                . = ALIGN (0x4)

.ARM            0x0000000008001fcc        0x0
                0x0000000008001fcc                . = ALIGN (0x4)
                0x0000000008001fcc                __exidx_start = .
 *(.ARM.exidx*)
                0x0000000008001fcc                __exidx_end = .
                0x0000000008001fcc                . = ALIGN (0x4)

.preinit_array  0x0000000008001fcc        0x0
                0x0000000008001fcc                . = ALIGN (0x4)
                0x0000000008001fcc                PROVIDE (__preinit_array_start = .)
 *(.preinit_array*)
                0x0000000008001fcc                PROVIDE (__preinit_array_end = .)
                0x0000000008001fcc                . = ALIGN (0x4)

.init_array     0x0000000008001fcc        0x4
                0x0000000008001fcc                . = ALIGN (0x4)
                0x0000000008001fcc                PROVIDE (__init_array_start = .)
 *(SORT_BY_NAME(.init_array.*))
 *(.init_array*)
 .init_array    0x0000000008001fcc        0x4 c:/st/stm32cubeide_1.3.0/stm32cubeide/plugins/com.st.stm32cube.ide.mcu.externaltools.gnu-tools-for-stm32.7-2018-q2-update.win32_1.0.0.201904181610/tools/bin/../lib/gcc/arm-none-eabi/7.3.1/thumb/v7-m/crtbegin.o
                0x0000000008001fd0                PROVIDE (__init_array_end = .)
                0x0000000008001fd0                . = ALIGN (0x4)

.fini_array     0x0000000008001fd0        0x4
                0x0000000008001fd0                . = ALIGN (0x4)
                [!provide]                        PROVIDE (__fini_array_start = .)
 *(SORT_BY_NAME(.fini_array.*))
 *(.fini_array*)
 .fini_array    0x0000000008001fd0        0x4 c:/st/stm32cubeide_1.3.0/stm32cubeide/plugins/com.st.stm32cube.ide.mcu.externaltools.gnu-tools-for-stm32.7-2018-q2-update.win32_1.0.0.201904181610/tools/bin/../lib/gcc/arm-none-eabi/7.3.1/thumb/v7-m/crtbegin.o
                [!provide]                        PROVIDE (__fini_array_end = .)
                0x0000000008001fd4                . = ALIGN (0x4)
                0x0000000008001fd4                _sidata = LOADADDR (.data)

.data           0x0000000020000000       0xd0 load address 0x0000000008001fd4
                0x0000000020000000                . = ALIGN (0x4)
                0x0000000020000000                _sdata = .
 *(.data)
 *(.data*)
 .data.firebase_host
                0x0000000020000000       0x29 Src/esp8266_Firbase.o
 *fill*         0x0000000020000029        0x3 
 .data.https_port
                0x000000002000002c        0x4 Src/esp8266_Firbase.o
 .data.firebase_auth_key
                0x0000000020000030       0x29 Src/esp8266_Firbase.o
 *fill*         0x0000000020000059        0x3 
 .data.device_id
                0x000000002000005c        0xf Src/esp8266_Firbase.o
 .data.found    0x000000002000006b        0x1 Src/esp8266_Firbase.o
 .data._impure_ptr
                0x000000002000006c        0x4 c:/st/stm32cubeide_1.3.0/stm32cubeide/plugins/com.st.stm32cube.ide.mcu.externaltools.gnu-tools-for-stm32.7-2018-q2-update.win32_1.0.0.201904181610/tools/bin/../lib/gcc/arm-none-eabi/7.3.1/../../../../arm-none-eabi/lib/thumb/v7-m\libc_nano.a(lib_a-impure.o)
                0x000000002000006c                _impure_ptr
 .data.impure_data
                0x0000000020000070       0x60 c:/st/stm32cubeide_1.3.0/stm32cubeide/plugins/com.st.stm32cube.ide.mcu.externaltools.gnu-tools-for-stm32.7-2018-q2-update.win32_1.0.0.201904181610/tools/bin/../lib/gcc/arm-none-eabi/7.3.1/../../../../arm-none-eabi/lib/thumb/v7-m\libc_nano.a(lib_a-impure.o)
                0x00000000200000d0                . = ALIGN (0x4)
                0x00000000200000d0                _edata = .

.igot.plt       0x00000000200000d0        0x0 load address 0x00000000080020a4
 .igot.plt      0x00000000200000d0        0x0 c:/st/stm32cubeide_1.3.0/stm32cubeide/plugins/com.st.stm32cube.ide.mcu.externaltools.gnu-tools-for-stm32.7-2018-q2-update.win32_1.0.0.201904181610/tools/bin/../lib/gcc/arm-none-eabi/7.3.1/thumb/v7-m/crtbegin.o
                0x00000000200000d0                . = ALIGN (0x4)

.bss            0x00000000200000d0      0xab4 load address 0x00000000080020a4
                0x00000000200000d0                _sbss = .
                0x00000000200000d0                __bss_start__ = _sbss
 *(.bss)
 .bss           0x00000000200000d0       0x1c c:/st/stm32cubeide_1.3.0/stm32cubeide/plugins/com.st.stm32cube.ide.mcu.externaltools.gnu-tools-for-stm32.7-2018-q2-update.win32_1.0.0.201904181610/tools/bin/../lib/gcc/arm-none-eabi/7.3.1/thumb/v7-m/crtbegin.o
 *(.bss*)
 .bss.command   0x00000000200000ec      0x100 Src/esp8266_Firbase.o
 .bss.http      0x00000000200001ec      0x200 Src/esp8266_Firbase.o
 .bss.http_len  0x00000000200003ec        0x4 Src/esp8266_Firbase.o
 .bss.content   0x00000000200003f0       0x80 Src/esp8266_Firbase.o
 .bss.content_len
                0x0000000020000470        0x4 Src/esp8266_Firbase.o
 .bss.image_path
                0x0000000020000474       0x80 Src/esp8266_Firbase.o
 .bss.connection_closed
                0x00000000200004f4        0x1 Src/esp8266_Firbase.o
 *fill*         0x00000000200004f5        0x3 
 .bss.queue     0x00000000200004f8       0x34 Src/event_queue.o
 .bss.heap_end.5149
                0x000000002000052c        0x4 Src/sysmem.o
 .bss.timer2    0x0000000020000530        0xc Src/timers.o
 .bss.timer3    0x000000002000053c        0xc Src/timers.o
 .bss.timer4    0x0000000020000548        0xc Src/timers.o
 .bss.num_of_millis_timer3
                0x0000000020000554        0x4 Src/timers.o
 .bss.usart2    0x0000000020000558      0x208 Src/usart.o
 .bss.usart1    0x0000000020000760      0x410 Src/usart.o
 .bss.c         0x0000000020000b70        0x1 Src/usart.o
 *fill*         0x0000000020000b71        0x3 
 .bss.__malloc_free_list
                0x0000000020000b74        0x4 c:/st/stm32cubeide_1.3.0/stm32cubeide/plugins/com.st.stm32cube.ide.mcu.externaltools.gnu-tools-for-stm32.7-2018-q2-update.win32_1.0.0.201904181610/tools/bin/../lib/gcc/arm-none-eabi/7.3.1/../../../../arm-none-eabi/lib/thumb/v7-m\libc_nano.a(lib_a-nano-mallocr.o)
                0x0000000020000b74                __malloc_free_list
 .bss.__malloc_sbrk_start
                0x0000000020000b78        0x4 c:/st/stm32cubeide_1.3.0/stm32cubeide/plugins/com.st.stm32cube.ide.mcu.externaltools.gnu-tools-for-stm32.7-2018-q2-update.win32_1.0.0.201904181610/tools/bin/../lib/gcc/arm-none-eabi/7.3.1/../../../../arm-none-eabi/lib/thumb/v7-m\libc_nano.a(lib_a-nano-mallocr.o)
                0x0000000020000b78                __malloc_sbrk_start
 *(COMMON)
 COMMON         0x0000000020000b7c        0x1 Src/gpio_signal.o
                0x0000000020000b7c                state
 *fill*         0x0000000020000b7d        0x3 
 COMMON         0x0000000020000b80        0x4 c:/st/stm32cubeide_1.3.0/stm32cubeide/plugins/com.st.stm32cube.ide.mcu.externaltools.gnu-tools-for-stm32.7-2018-q2-update.win32_1.0.0.201904181610/tools/bin/../lib/gcc/arm-none-eabi/7.3.1/../../../../arm-none-eabi/lib/thumb/v7-m\libc_nano.a(lib_a-reent.o)
                0x0000000020000b80                errno
                0x0000000020000b84                . = ALIGN (0x4)
                0x0000000020000b84                _ebss = .
                0x0000000020000b84                __bss_end__ = _ebss

._user_heap_stack
                0x0000000020000b84      0x604 load address 0x00000000080020a4
                0x0000000020000b88                . = ALIGN (0x8)
 *fill*         0x0000000020000b84        0x4 
                0x0000000020000b88                PROVIDE (end = .)
                [!provide]                        PROVIDE (_end = .)
                0x0000000020000d88                . = (. + _Min_Heap_Size)
 *fill*         0x0000000020000b88      0x200 
                0x0000000020001188                . = (. + _Min_Stack_Size)
 *fill*         0x0000000020000d88      0x400 
                0x0000000020001188                . = ALIGN (0x8)

/DISCARD/
 libc.a(*)
 libm.a(*)
 libgcc.a(*)

.ARM.attributes
                0x0000000000000000       0x29
 *(.ARM.attributes)
 .ARM.attributes
                0x0000000000000000       0x1d c:/st/stm32cubeide_1.3.0/stm32cubeide/plugins/com.st.stm32cube.ide.mcu.externaltools.gnu-tools-for-stm32.7-2018-q2-update.win32_1.0.0.201904181610/tools/bin/../lib/gcc/arm-none-eabi/7.3.1/thumb/v7-m/crti.o
 .ARM.attributes
                0x000000000000001d       0x2d c:/st/stm32cubeide_1.3.0/stm32cubeide/plugins/com.st.stm32cube.ide.mcu.externaltools.gnu-tools-for-stm32.7-2018-q2-update.win32_1.0.0.201904181610/tools/bin/../lib/gcc/arm-none-eabi/7.3.1/thumb/v7-m/crtbegin.o
 .ARM.attributes
                0x000000000000004a       0x33 Src/esp8266_Firbase.o
 .ARM.attributes
                0x000000000000007d       0x33 Src/event_queue.o
 .ARM.attributes
                0x00000000000000b0       0x33 Src/gpio_signal.o
 .ARM.attributes
                0x00000000000000e3       0x33 Src/hc-sr501pir_sensor.o
 .ARM.attributes
                0x0000000000000116       0x33 Src/main.o
 .ARM.attributes
                0x0000000000000149       0x33 Src/sysmem.o
 .ARM.attributes
                0x000000000000017c       0x33 Src/timers.o
 .ARM.attributes
                0x00000000000001af       0x33 Src/usart.o
 .ARM.attributes
                0x00000000000001e2       0x21 Startup/startup_stm32f103rbtx.o
 .ARM.attributes
                0x0000000000000203       0x2d c:/st/stm32cubeide_1.3.0/stm32cubeide/plugins/com.st.stm32cube.ide.mcu.externaltools.gnu-tools-for-stm32.7-2018-q2-update.win32_1.0.0.201904181610/tools/bin/../lib/gcc/arm-none-eabi/7.3.1/../../../../arm-none-eabi/lib/thumb/v7-m\libc_nano.a(lib_a-errno.o)
 .ARM.attributes
                0x0000000000000230       0x2d c:/st/stm32cubeide_1.3.0/stm32cubeide/plugins/com.st.stm32cube.ide.mcu.externaltools.gnu-tools-for-stm32.7-2018-q2-update.win32_1.0.0.201904181610/tools/bin/../lib/gcc/arm-none-eabi/7.3.1/../../../../arm-none-eabi/lib/thumb/v7-m\libc_nano.a(lib_a-impure.o)
 .ARM.attributes
                0x000000000000025d       0x2d c:/st/stm32cubeide_1.3.0/stm32cubeide/plugins/com.st.stm32cube.ide.mcu.externaltools.gnu-tools-for-stm32.7-2018-q2-update.win32_1.0.0.201904181610/tools/bin/../lib/gcc/arm-none-eabi/7.3.1/../../../../arm-none-eabi/lib/thumb/v7-m\libc_nano.a(lib_a-init.o)
 .ARM.attributes
                0x000000000000028a       0x2d c:/st/stm32cubeide_1.3.0/stm32cubeide/plugins/com.st.stm32cube.ide.mcu.externaltools.gnu-tools-for-stm32.7-2018-q2-update.win32_1.0.0.201904181610/tools/bin/../lib/gcc/arm-none-eabi/7.3.1/../../../../arm-none-eabi/lib/thumb/v7-m\libc_nano.a(lib_a-memset.o)
 .ARM.attributes
                0x00000000000002b7       0x2d c:/st/stm32cubeide_1.3.0/stm32cubeide/plugins/com.st.stm32cube.ide.mcu.externaltools.gnu-tools-for-stm32.7-2018-q2-update.win32_1.0.0.201904181610/tools/bin/../lib/gcc/arm-none-eabi/7.3.1/../../../../arm-none-eabi/lib/thumb/v7-m\libc_nano.a(lib_a-sprintf.o)
 .ARM.attributes
                0x00000000000002e4       0x2d c:/st/stm32cubeide_1.3.0/stm32cubeide/plugins/com.st.stm32cube.ide.mcu.externaltools.gnu-tools-for-stm32.7-2018-q2-update.win32_1.0.0.201904181610/tools/bin/../lib/gcc/arm-none-eabi/7.3.1/../../../../arm-none-eabi/lib/thumb/v7-m\libc_nano.a(lib_a-strcpy.o)
 .ARM.attributes
                0x0000000000000311       0x17 c:/st/stm32cubeide_1.3.0/stm32cubeide/plugins/com.st.stm32cube.ide.mcu.externaltools.gnu-tools-for-stm32.7-2018-q2-update.win32_1.0.0.201904181610/tools/bin/../lib/gcc/arm-none-eabi/7.3.1/../../../../arm-none-eabi/lib/thumb/v7-m\libc_nano.a(lib_a-strlen.o)
 .ARM.attributes
                0x0000000000000328       0x2d c:/st/stm32cubeide_1.3.0/stm32cubeide/plugins/com.st.stm32cube.ide.mcu.externaltools.gnu-tools-for-stm32.7-2018-q2-update.win32_1.0.0.201904181610/tools/bin/../lib/gcc/arm-none-eabi/7.3.1/../../../../arm-none-eabi/lib/thumb/v7-m\libc_nano.a(lib_a-strstr.o)
 .ARM.attributes
                0x0000000000000355       0x2d c:/st/stm32cubeide_1.3.0/stm32cubeide/plugins/com.st.stm32cube.ide.mcu.externaltools.gnu-tools-for-stm32.7-2018-q2-update.win32_1.0.0.201904181610/tools/bin/../lib/gcc/arm-none-eabi/7.3.1/../../../../arm-none-eabi/lib/thumb/v7-m\libc_nano.a(lib_a-nano-svfprintf.o)
 .ARM.attributes
                0x0000000000000382       0x2d c:/st/stm32cubeide_1.3.0/stm32cubeide/plugins/com.st.stm32cube.ide.mcu.externaltools.gnu-tools-for-stm32.7-2018-q2-update.win32_1.0.0.201904181610/tools/bin/../lib/gcc/arm-none-eabi/7.3.1/../../../../arm-none-eabi/lib/thumb/v7-m\libc_nano.a(lib_a-nano-vfprintf_i.o)
 .ARM.attributes
                0x00000000000003af       0x2d c:/st/stm32cubeide_1.3.0/stm32cubeide/plugins/com.st.stm32cube.ide.mcu.externaltools.gnu-tools-for-stm32.7-2018-q2-update.win32_1.0.0.201904181610/tools/bin/../lib/gcc/arm-none-eabi/7.3.1/../../../../arm-none-eabi/lib/thumb/v7-m\libc_nano.a(lib_a-memchr-stub.o)
 .ARM.attributes
                0x00000000000003dc       0x2d c:/st/stm32cubeide_1.3.0/stm32cubeide/plugins/com.st.stm32cube.ide.mcu.externaltools.gnu-tools-for-stm32.7-2018-q2-update.win32_1.0.0.201904181610/tools/bin/../lib/gcc/arm-none-eabi/7.3.1/../../../../arm-none-eabi/lib/thumb/v7-m\libc_nano.a(lib_a-memcpy-stub.o)
 .ARM.attributes
                0x0000000000000409       0x2d c:/st/stm32cubeide_1.3.0/stm32cubeide/plugins/com.st.stm32cube.ide.mcu.externaltools.gnu-tools-for-stm32.7-2018-q2-update.win32_1.0.0.201904181610/tools/bin/../lib/gcc/arm-none-eabi/7.3.1/../../../../arm-none-eabi/lib/thumb/v7-m\libc_nano.a(lib_a-memmove.o)
 .ARM.attributes
                0x0000000000000436       0x2d c:/st/stm32cubeide_1.3.0/stm32cubeide/plugins/com.st.stm32cube.ide.mcu.externaltools.gnu-tools-for-stm32.7-2018-q2-update.win32_1.0.0.201904181610/tools/bin/../lib/gcc/arm-none-eabi/7.3.1/../../../../arm-none-eabi/lib/thumb/v7-m\libc_nano.a(lib_a-nano-freer.o)
 .ARM.attributes
                0x0000000000000463       0x2d c:/st/stm32cubeide_1.3.0/stm32cubeide/plugins/com.st.stm32cube.ide.mcu.externaltools.gnu-tools-for-stm32.7-2018-q2-update.win32_1.0.0.201904181610/tools/bin/../lib/gcc/arm-none-eabi/7.3.1/../../../../arm-none-eabi/lib/thumb/v7-m\libc_nano.a(lib_a-nano-mallocr.o)
 .ARM.attributes
                0x0000000000000490       0x2d c:/st/stm32cubeide_1.3.0/stm32cubeide/plugins/com.st.stm32cube.ide.mcu.externaltools.gnu-tools-for-stm32.7-2018-q2-update.win32_1.0.0.201904181610/tools/bin/../lib/gcc/arm-none-eabi/7.3.1/../../../../arm-none-eabi/lib/thumb/v7-m\libc_nano.a(lib_a-nano-reallocr.o)
 .ARM.attributes
                0x00000000000004bd       0x2d c:/st/stm32cubeide_1.3.0/stm32cubeide/plugins/com.st.stm32cube.ide.mcu.externaltools.gnu-tools-for-stm32.7-2018-q2-update.win32_1.0.0.201904181610/tools/bin/../lib/gcc/arm-none-eabi/7.3.1/../../../../arm-none-eabi/lib/thumb/v7-m\libc_nano.a(lib_a-sbrkr.o)
 .ARM.attributes
                0x00000000000004ea       0x2d c:/st/stm32cubeide_1.3.0/stm32cubeide/plugins/com.st.stm32cube.ide.mcu.externaltools.gnu-tools-for-stm32.7-2018-q2-update.win32_1.0.0.201904181610/tools/bin/../lib/gcc/arm-none-eabi/7.3.1/../../../../arm-none-eabi/lib/thumb/v7-m\libc_nano.a(lib_a-mlock.o)
 .ARM.attributes
                0x0000000000000517       0x2d c:/st/stm32cubeide_1.3.0/stm32cubeide/plugins/com.st.stm32cube.ide.mcu.externaltools.gnu-tools-for-stm32.7-2018-q2-update.win32_1.0.0.201904181610/tools/bin/../lib/gcc/arm-none-eabi/7.3.1/../../../../arm-none-eabi/lib/thumb/v7-m\libc_nano.a(lib_a-nano-msizer.o)
 .ARM.attributes
                0x0000000000000544       0x2d c:/st/stm32cubeide_1.3.0/stm32cubeide/plugins/com.st.stm32cube.ide.mcu.externaltools.gnu-tools-for-stm32.7-2018-q2-update.win32_1.0.0.201904181610/tools/bin/../lib/gcc/arm-none-eabi/7.3.1/../../../../arm-none-eabi/lib/thumb/v7-m\libc_nano.a(lib_a-reent.o)
 .ARM.attributes
                0x0000000000000571       0x1d c:/st/stm32cubeide_1.3.0/stm32cubeide/plugins/com.st.stm32cube.ide.mcu.externaltools.gnu-tools-for-stm32.7-2018-q2-update.win32_1.0.0.201904181610/tools/bin/../lib/gcc/arm-none-eabi/7.3.1/thumb/v7-m/crtn.o
OUTPUT(stm32-f103rb-cnss.elf elf32-littlearm)

.debug_info     0x0000000000000000     0x6e93
 .debug_info    0x0000000000000000      0xd58 Src/esp8266_Firbase.o
 .debug_info    0x0000000000000d58      0xaac Src/event_queue.o
 .debug_info    0x0000000000001804      0xeb1 Src/gpio_signal.o
 .debug_info    0x00000000000026b5     0x106b Src/hc-sr501pir_sensor.o
 .debug_info    0x0000000000003720      0x976 Src/main.o
 .debug_info    0x0000000000004096      0x91c Src/sysmem.o
 .debug_info    0x00000000000049b2     0x12cc Src/timers.o
 .debug_info    0x0000000000005c7e     0x11f3 Src/usart.o
 .debug_info    0x0000000000006e71       0x22 Startup/startup_stm32f103rbtx.o

.debug_abbrev   0x0000000000000000     0x130f
 .debug_abbrev  0x0000000000000000      0x246 Src/esp8266_Firbase.o
 .debug_abbrev  0x0000000000000246      0x225 Src/event_queue.o
 .debug_abbrev  0x000000000000046b      0x29e Src/gpio_signal.o
 .debug_abbrev  0x0000000000000709      0x27b Src/hc-sr501pir_sensor.o
 .debug_abbrev  0x0000000000000984      0x1a8 Src/main.o
 .debug_abbrev  0x0000000000000b2c      0x1bb Src/sysmem.o
 .debug_abbrev  0x0000000000000ce7      0x2e6 Src/timers.o
 .debug_abbrev  0x0000000000000fcd      0x330 Src/usart.o
 .debug_abbrev  0x00000000000012fd       0x12 Startup/startup_stm32f103rbtx.o

.debug_aranges  0x0000000000000000      0x318
 .debug_aranges
                0x0000000000000000       0x80 Src/esp8266_Firbase.o
 .debug_aranges
                0x0000000000000080       0x40 Src/event_queue.o
 .debug_aranges
                0x00000000000000c0       0x58 Src/gpio_signal.o
 .debug_aranges
                0x0000000000000118       0x50 Src/hc-sr501pir_sensor.o
 .debug_aranges
                0x0000000000000168       0x20 Src/main.o
 .debug_aranges
                0x0000000000000188       0x20 Src/sysmem.o
 .debug_aranges
                0x00000000000001a8       0xd0 Src/timers.o
 .debug_aranges
                0x0000000000000278       0x78 Src/usart.o
 .debug_aranges
                0x00000000000002f0       0x28 Startup/startup_stm32f103rbtx.o

.debug_ranges   0x0000000000000000      0x290
 .debug_ranges  0x0000000000000000       0x70 Src/esp8266_Firbase.o
 .debug_ranges  0x0000000000000070       0x30 Src/event_queue.o
 .debug_ranges  0x00000000000000a0       0x48 Src/gpio_signal.o
 .debug_ranges  0x00000000000000e8       0x40 Src/hc-sr501pir_sensor.o
 .debug_ranges  0x0000000000000128       0x10 Src/main.o
 .debug_ranges  0x0000000000000138       0x10 Src/sysmem.o
 .debug_ranges  0x0000000000000148       0xc0 Src/timers.o
 .debug_ranges  0x0000000000000208       0x68 Src/usart.o
 .debug_ranges  0x0000000000000270       0x20 Startup/startup_stm32f103rbtx.o

.debug_macro    0x0000000000000000     0x1efc
 .debug_macro   0x0000000000000000      0x2bd Src/esp8266_Firbase.o
 .debug_macro   0x00000000000002bd       0x46 Src/esp8266_Firbase.o
 .debug_macro   0x0000000000000303       0x16 Src/esp8266_Firbase.o
 .debug_macro   0x0000000000000319       0x18 Src/esp8266_Firbase.o
 .debug_macro   0x0000000000000331       0x46 Src/esp8266_Firbase.o
 .debug_macro   0x0000000000000377       0x3c Src/esp8266_Firbase.o
 .debug_macro   0x00000000000003b3       0x34 Src/esp8266_Firbase.o
 .debug_macro   0x00000000000003e7       0x16 Src/esp8266_Firbase.o
 .debug_macro   0x00000000000003fd      0x10e Src/esp8266_Firbase.o
 .debug_macro   0x000000000000050b       0x8d Src/esp8266_Firbase.o
 .debug_macro   0x0000000000000598       0x52 Src/esp8266_Firbase.o
 .debug_macro   0x00000000000005ea       0x1f Src/esp8266_Firbase.o
 .debug_macro   0x0000000000000609       0x43 Src/esp8266_Firbase.o
 .debug_macro   0x000000000000064c       0x20 Src/esp8266_Firbase.o
 .debug_macro   0x000000000000066c      0x1a3 Src/esp8266_Firbase.o
 .debug_macro   0x000000000000080f      0x32a Src/esp8266_Firbase.o
 .debug_macro   0x0000000000000b39       0x16 Src/esp8266_Firbase.o
 .debug_macro   0x0000000000000b4f       0x29 Src/esp8266_Firbase.o
 .debug_macro   0x0000000000000b78       0x10 Src/esp8266_Firbase.o
 .debug_macro   0x0000000000000b88       0x16 Src/esp8266_Firbase.o
 .debug_macro   0x0000000000000b9e       0x35 Src/esp8266_Firbase.o
 .debug_macro   0x0000000000000bd3       0x20 Src/esp8266_Firbase.o
 .debug_macro   0x0000000000000bf3       0x1c Src/esp8266_Firbase.o
 .debug_macro   0x0000000000000c0f       0x10 Src/esp8266_Firbase.o
 .debug_macro   0x0000000000000c1f       0x10 Src/esp8266_Firbase.o
 .debug_macro   0x0000000000000c2f       0x1c Src/esp8266_Firbase.o
 .debug_macro   0x0000000000000c4b       0x52 Src/esp8266_Firbase.o
 .debug_macro   0x0000000000000c9d       0x40 Src/esp8266_Firbase.o
 .debug_macro   0x0000000000000cdd       0x10 Src/esp8266_Firbase.o
 .debug_macro   0x0000000000000ced       0x40 Src/esp8266_Firbase.o
 .debug_macro   0x0000000000000d2d       0xd7 Src/esp8266_Firbase.o
 .debug_macro   0x0000000000000e04       0x1c Src/esp8266_Firbase.o
 .debug_macro   0x0000000000000e20       0x3d Src/esp8266_Firbase.o
 .debug_macro   0x0000000000000e5d       0x16 Src/esp8266_Firbase.o
 .debug_macro   0x0000000000000e73      0x145 Src/esp8266_Firbase.o
 .debug_macro   0x0000000000000fb8      0x194 Src/event_queue.o
 .debug_macro   0x000000000000114c       0x16 Src/event_queue.o
 .debug_macro   0x0000000000001162      0x19d Src/gpio_signal.o
 .debug_macro   0x00000000000012ff      0x1c2 Src/hc-sr501pir_sensor.o
 .debug_macro   0x00000000000014c1       0x10 Src/hc-sr501pir_sensor.o
 .debug_macro   0x00000000000014d1      0x1d7 Src/main.o
 .debug_macro   0x00000000000016a8      0x1ae Src/sysmem.o
 .debug_macro   0x0000000000001856      0x23b Src/sysmem.o
 .debug_macro   0x0000000000001a91       0x16 Src/sysmem.o
 .debug_macro   0x0000000000001aa7      0x289 Src/timers.o
 .debug_macro   0x0000000000001d30      0x1cc Src/usart.o

.debug_line     0x0000000000000000     0x3bc5
 .debug_line    0x0000000000000000      0x963 Src/esp8266_Firbase.o
 .debug_line    0x0000000000000963      0x684 Src/event_queue.o
 .debug_line    0x0000000000000fe7      0x711 Src/gpio_signal.o
 .debug_line    0x00000000000016f8      0x726 Src/hc-sr501pir_sensor.o
 .debug_line    0x0000000000001e1e      0x693 Src/main.o
 .debug_line    0x00000000000024b1      0x559 Src/sysmem.o
 .debug_line    0x0000000000002a0a      0x97c Src/timers.o
 .debug_line    0x0000000000003386      0x7bb Src/usart.o
 .debug_line    0x0000000000003b41       0x84 Startup/startup_stm32f103rbtx.o

.debug_str      0x0000000000000000    0x592d3
 .debug_str     0x0000000000000000    0x58515 Src/esp8266_Firbase.o
                                      0x5884d (size before relaxing)
 .debug_str     0x0000000000058515       0x9e Src/event_queue.o
                                      0x57329 (size before relaxing)
 .debug_str     0x00000000000585b3      0x407 Src/gpio_signal.o
                                      0x5766f (size before relaxing)
 .debug_str     0x00000000000589ba      0x109 Src/hc-sr501pir_sensor.o
                                      0x578df (size before relaxing)
 .debug_str     0x0000000000058ac3       0x25 Src/main.o
                                      0x573da (size before relaxing)
 .debug_str     0x0000000000058ae8      0x4cc Src/sysmem.o
                                       0x7b0e (size before relaxing)
 .debug_str     0x0000000000058fb4      0x1f2 Src/timers.o
                                      0x58b28 (size before relaxing)
 .debug_str     0x00000000000591a6       0xfc Src/usart.o
                                      0x57899 (size before relaxing)
 .debug_str     0x00000000000592a2       0x31 Startup/startup_stm32f103rbtx.o
                                         0xa0 (size before relaxing)

.comment        0x0000000000000000       0x7b
 .comment       0x0000000000000000       0x7b Src/esp8266_Firbase.o
                                         0x7c (size before relaxing)
 .comment       0x000000000000007b       0x7c Src/event_queue.o
 .comment       0x000000000000007b       0x7c Src/gpio_signal.o
 .comment       0x000000000000007b       0x7c Src/hc-sr501pir_sensor.o
 .comment       0x000000000000007b       0x7c Src/main.o
 .comment       0x000000000000007b       0x7c Src/sysmem.o
 .comment       0x000000000000007b       0x7c Src/timers.o
 .comment       0x000000000000007b       0x7c Src/usart.o

.debug_frame    0x0000000000000000      0xdc0
 .debug_frame   0x0000000000000000      0x1cc Src/esp8266_Firbase.o
 .debug_frame   0x00000000000001cc       0xb8 Src/event_queue.o
 .debug_frame   0x0000000000000284      0x10c Src/gpio_signal.o
 .debug_frame   0x0000000000000390      0x100 Src/hc-sr501pir_sensor.o
 .debug_frame   0x0000000000000490       0x2c Src/main.o
 .debug_frame   0x00000000000004bc       0x34 Src/sysmem.o
 .debug_frame   0x00000000000004f0      0x314 Src/timers.o
 .debug_frame   0x0000000000000804      0x1b4 Src/usart.o
 .debug_frame   0x00000000000009b8       0x20 c:/st/stm32cubeide_1.3.0/stm32cubeide/plugins/com.st.stm32cube.ide.mcu.externaltools.gnu-tools-for-stm32.7-2018-q2-update.win32_1.0.0.201904181610/tools/bin/../lib/gcc/arm-none-eabi/7.3.1/../../../../arm-none-eabi/lib/thumb/v7-m\libc_nano.a(lib_a-errno.o)
 .debug_frame   0x00000000000009d8       0x2c c:/st/stm32cubeide_1.3.0/stm32cubeide/plugins/com.st.stm32cube.ide.mcu.externaltools.gnu-tools-for-stm32.7-2018-q2-update.win32_1.0.0.201904181610/tools/bin/../lib/gcc/arm-none-eabi/7.3.1/../../../../arm-none-eabi/lib/thumb/v7-m\libc_nano.a(lib_a-init.o)
 .debug_frame   0x0000000000000a04       0x20 c:/st/stm32cubeide_1.3.0/stm32cubeide/plugins/com.st.stm32cube.ide.mcu.externaltools.gnu-tools-for-stm32.7-2018-q2-update.win32_1.0.0.201904181610/tools/bin/../lib/gcc/arm-none-eabi/7.3.1/../../../../arm-none-eabi/lib/thumb/v7-m\libc_nano.a(lib_a-memset.o)
 .debug_frame   0x0000000000000a24       0x6c c:/st/stm32cubeide_1.3.0/stm32cubeide/plugins/com.st.stm32cube.ide.mcu.externaltools.gnu-tools-for-stm32.7-2018-q2-update.win32_1.0.0.201904181610/tools/bin/../lib/gcc/arm-none-eabi/7.3.1/../../../../arm-none-eabi/lib/thumb/v7-m\libc_nano.a(lib_a-sprintf.o)
 .debug_frame   0x0000000000000a90       0x20 c:/st/stm32cubeide_1.3.0/stm32cubeide/plugins/com.st.stm32cube.ide.mcu.externaltools.gnu-tools-for-stm32.7-2018-q2-update.win32_1.0.0.201904181610/tools/bin/../lib/gcc/arm-none-eabi/7.3.1/../../../../arm-none-eabi/lib/thumb/v7-m\libc_nano.a(lib_a-strcpy.o)
 .debug_frame   0x0000000000000ab0       0x30 c:/st/stm32cubeide_1.3.0/stm32cubeide/plugins/com.st.stm32cube.ide.mcu.externaltools.gnu-tools-for-stm32.7-2018-q2-update.win32_1.0.0.201904181610/tools/bin/../lib/gcc/arm-none-eabi/7.3.1/../../../../arm-none-eabi/lib/thumb/v7-m\libc_nano.a(lib_a-strstr.o)
 .debug_frame   0x0000000000000ae0       0x90 c:/st/stm32cubeide_1.3.0/stm32cubeide/plugins/com.st.stm32cube.ide.mcu.externaltools.gnu-tools-for-stm32.7-2018-q2-update.win32_1.0.0.201904181610/tools/bin/../lib/gcc/arm-none-eabi/7.3.1/../../../../arm-none-eabi/lib/thumb/v7-m\libc_nano.a(lib_a-nano-svfprintf.o)
 .debug_frame   0x0000000000000b70       0x60 c:/st/stm32cubeide_1.3.0/stm32cubeide/plugins/com.st.stm32cube.ide.mcu.externaltools.gnu-tools-for-stm32.7-2018-q2-update.win32_1.0.0.201904181610/tools/bin/../lib/gcc/arm-none-eabi/7.3.1/../../../../arm-none-eabi/lib/thumb/v7-m\libc_nano.a(lib_a-nano-vfprintf_i.o)
 .debug_frame   0x0000000000000bd0       0x28 c:/st/stm32cubeide_1.3.0/stm32cubeide/plugins/com.st.stm32cube.ide.mcu.externaltools.gnu-tools-for-stm32.7-2018-q2-update.win32_1.0.0.201904181610/tools/bin/../lib/gcc/arm-none-eabi/7.3.1/../../../../arm-none-eabi/lib/thumb/v7-m\libc_nano.a(lib_a-memchr-stub.o)
 .debug_frame   0x0000000000000bf8       0x28 c:/st/stm32cubeide_1.3.0/stm32cubeide/plugins/com.st.stm32cube.ide.mcu.externaltools.gnu-tools-for-stm32.7-2018-q2-update.win32_1.0.0.201904181610/tools/bin/../lib/gcc/arm-none-eabi/7.3.1/../../../../arm-none-eabi/lib/thumb/v7-m\libc_nano.a(lib_a-memcpy-stub.o)
 .debug_frame   0x0000000000000c20       0x28 c:/st/stm32cubeide_1.3.0/stm32cubeide/plugins/com.st.stm32cube.ide.mcu.externaltools.gnu-tools-for-stm32.7-2018-q2-update.win32_1.0.0.201904181610/tools/bin/../lib/gcc/arm-none-eabi/7.3.1/../../../../arm-none-eabi/lib/thumb/v7-m\libc_nano.a(lib_a-memmove.o)
 .debug_frame   0x0000000000000c48       0x38 c:/st/stm32cubeide_1.3.0/stm32cubeide/plugins/com.st.stm32cube.ide.mcu.externaltools.gnu-tools-for-stm32.7-2018-q2-update.win32_1.0.0.201904181610/tools/bin/../lib/gcc/arm-none-eabi/7.3.1/../../../../arm-none-eabi/lib/thumb/v7-m\libc_nano.a(lib_a-nano-freer.o)
 .debug_frame   0x0000000000000c80       0x2c c:/st/stm32cubeide_1.3.0/stm32cubeide/plugins/com.st.stm32cube.ide.mcu.externaltools.gnu-tools-for-stm32.7-2018-q2-update.win32_1.0.0.201904181610/tools/bin/../lib/gcc/arm-none-eabi/7.3.1/../../../../arm-none-eabi/lib/thumb/v7-m\libc_nano.a(lib_a-nano-mallocr.o)
 .debug_frame   0x0000000000000cac       0x3c c:/st/stm32cubeide_1.3.0/stm32cubeide/plugins/com.st.stm32cube.ide.mcu.externaltools.gnu-tools-for-stm32.7-2018-q2-update.win32_1.0.0.201904181610/tools/bin/../lib/gcc/arm-none-eabi/7.3.1/../../../../arm-none-eabi/lib/thumb/v7-m\libc_nano.a(lib_a-nano-reallocr.o)
 .debug_frame   0x0000000000000ce8       0x2c c:/st/stm32cubeide_1.3.0/stm32cubeide/plugins/com.st.stm32cube.ide.mcu.externaltools.gnu-tools-for-stm32.7-2018-q2-update.win32_1.0.0.201904181610/tools/bin/../lib/gcc/arm-none-eabi/7.3.1/../../../../arm-none-eabi/lib/thumb/v7-m\libc_nano.a(lib_a-sbrkr.o)
 .debug_frame   0x0000000000000d14       0x30 c:/st/stm32cubeide_1.3.0/stm32cubeide/plugins/com.st.stm32cube.ide.mcu.externaltools.gnu-tools-for-stm32.7-2018-q2-update.win32_1.0.0.201904181610/tools/bin/../lib/gcc/arm-none-eabi/7.3.1/../../../../arm-none-eabi/lib/thumb/v7-m\libc_nano.a(lib_a-mlock.o)
 .debug_frame   0x0000000000000d44       0x20 c:/st/stm32cubeide_1.3.0/stm32cubeide/plugins/com.st.stm32cube.ide.mcu.externaltools.gnu-tools-for-stm32.7-2018-q2-update.win32_1.0.0.201904181610/tools/bin/../lib/gcc/arm-none-eabi/7.3.1/../../../../arm-none-eabi/lib/thumb/v7-m\libc_nano.a(lib_a-nano-msizer.o)
 .debug_frame   0x0000000000000d64       0x5c c:/st/stm32cubeide_1.3.0/stm32cubeide/plugins/com.st.stm32cube.ide.mcu.externaltools.gnu-tools-for-stm32.7-2018-q2-update.win32_1.0.0.201904181610/tools/bin/../lib/gcc/arm-none-eabi/7.3.1/../../../../arm-none-eabi/lib/thumb/v7-m\libc_nano.a(lib_a-reent.o)
