Archive member included to satisfy reference by file (symbol)

c:/st/stm32cubeide_1.3.0/stm32cubeide/plugins/com.st.stm32cube.ide.mcu.externaltools.gnu-tools-for-stm32.7-2018-q2-update.win32_1.0.0.201904181610/tools/bin/../lib/gcc/arm-none-eabi/7.3.1/../../../../arm-none-eabi/lib/thumb/v7-m\libc_nano.a(lib_a-errno.o)
                              Src/syscalls.o (__errno)
c:/st/stm32cubeide_1.3.0/stm32cubeide/plugins/com.st.stm32cube.ide.mcu.externaltools.gnu-tools-for-stm32.7-2018-q2-update.win32_1.0.0.201904181610/tools/bin/../lib/gcc/arm-none-eabi/7.3.1/../../../../arm-none-eabi/lib/thumb/v7-m\libc_nano.a(lib_a-exit.o)
                              c:/st/stm32cubeide_1.3.0/stm32cubeide/plugins/com.st.stm32cube.ide.mcu.externaltools.gnu-tools-for-stm32.7-2018-q2-update.win32_1.0.0.201904181610/tools/bin/../lib/gcc/arm-none-eabi/7.3.1/../../../../arm-none-eabi/lib/thumb/v7-m/crt0.o (exit)
c:/st/stm32cubeide_1.3.0/stm32cubeide/plugins/com.st.stm32cube.ide.mcu.externaltools.gnu-tools-for-stm32.7-2018-q2-update.win32_1.0.0.201904181610/tools/bin/../lib/gcc/arm-none-eabi/7.3.1/../../../../arm-none-eabi/lib/thumb/v7-m\libc_nano.a(lib_a-impure.o)
                              c:/st/stm32cubeide_1.3.0/stm32cubeide/plugins/com.st.stm32cube.ide.mcu.externaltools.gnu-tools-for-stm32.7-2018-q2-update.win32_1.0.0.201904181610/tools/bin/../lib/gcc/arm-none-eabi/7.3.1/../../../../arm-none-eabi/lib/thumb/v7-m\libc_nano.a(lib_a-exit.o) (_global_impure_ptr)
c:/st/stm32cubeide_1.3.0/stm32cubeide/plugins/com.st.stm32cube.ide.mcu.externaltools.gnu-tools-for-stm32.7-2018-q2-update.win32_1.0.0.201904181610/tools/bin/../lib/gcc/arm-none-eabi/7.3.1/../../../../arm-none-eabi/lib/thumb/v7-m\libc_nano.a(lib_a-init.o)
                              c:/st/stm32cubeide_1.3.0/stm32cubeide/plugins/com.st.stm32cube.ide.mcu.externaltools.gnu-tools-for-stm32.7-2018-q2-update.win32_1.0.0.201904181610/tools/bin/../lib/gcc/arm-none-eabi/7.3.1/../../../../arm-none-eabi/lib/thumb/v7-m/crt0.o (__libc_init_array)
c:/st/stm32cubeide_1.3.0/stm32cubeide/plugins/com.st.stm32cube.ide.mcu.externaltools.gnu-tools-for-stm32.7-2018-q2-update.win32_1.0.0.201904181610/tools/bin/../lib/gcc/arm-none-eabi/7.3.1/../../../../arm-none-eabi/lib/thumb/v7-m\libc_nano.a(lib_a-memset.o)
                              c:/st/stm32cubeide_1.3.0/stm32cubeide/plugins/com.st.stm32cube.ide.mcu.externaltools.gnu-tools-for-stm32.7-2018-q2-update.win32_1.0.0.201904181610/tools/bin/../lib/gcc/arm-none-eabi/7.3.1/../../../../arm-none-eabi/lib/thumb/v7-m/crt0.o (memset)
c:/st/stm32cubeide_1.3.0/stm32cubeide/plugins/com.st.stm32cube.ide.mcu.externaltools.gnu-tools-for-stm32.7-2018-q2-update.win32_1.0.0.201904181610/tools/bin/../lib/gcc/arm-none-eabi/7.3.1/../../../../arm-none-eabi/lib/thumb/v7-m\libc_nano.a(lib_a-sprintf.o)
                              Src/esp8266_Firbase.o (sprintf)
c:/st/stm32cubeide_1.3.0/stm32cubeide/plugins/com.st.stm32cube.ide.mcu.externaltools.gnu-tools-for-stm32.7-2018-q2-update.win32_1.0.0.201904181610/tools/bin/../lib/gcc/arm-none-eabi/7.3.1/../../../../arm-none-eabi/lib/thumb/v7-m\libc_nano.a(lib_a-strcpy.o)
                              Src/usart.o (strcpy)
c:/st/stm32cubeide_1.3.0/stm32cubeide/plugins/com.st.stm32cube.ide.mcu.externaltools.gnu-tools-for-stm32.7-2018-q2-update.win32_1.0.0.201904181610/tools/bin/../lib/gcc/arm-none-eabi/7.3.1/../../../../arm-none-eabi/lib/thumb/v7-m\libc_nano.a(lib_a-strlen.o)
                              Src/esp8266_Firbase.o (strlen)
c:/st/stm32cubeide_1.3.0/stm32cubeide/plugins/com.st.stm32cube.ide.mcu.externaltools.gnu-tools-for-stm32.7-2018-q2-update.win32_1.0.0.201904181610/tools/bin/../lib/gcc/arm-none-eabi/7.3.1/../../../../arm-none-eabi/lib/thumb/v7-m\libc_nano.a(lib_a-strstr.o)
                              Src/usart.o (strstr)
c:/st/stm32cubeide_1.3.0/stm32cubeide/plugins/com.st.stm32cube.ide.mcu.externaltools.gnu-tools-for-stm32.7-2018-q2-update.win32_1.0.0.201904181610/tools/bin/../lib/gcc/arm-none-eabi/7.3.1/../../../../arm-none-eabi/lib/thumb/v7-m\libc_nano.a(lib_a-nano-svfprintf.o)
                              c:/st/stm32cubeide_1.3.0/stm32cubeide/plugins/com.st.stm32cube.ide.mcu.externaltools.gnu-tools-for-stm32.7-2018-q2-update.win32_1.0.0.201904181610/tools/bin/../lib/gcc/arm-none-eabi/7.3.1/../../../../arm-none-eabi/lib/thumb/v7-m\libc_nano.a(lib_a-sprintf.o) (_svfprintf_r)
c:/st/stm32cubeide_1.3.0/stm32cubeide/plugins/com.st.stm32cube.ide.mcu.externaltools.gnu-tools-for-stm32.7-2018-q2-update.win32_1.0.0.201904181610/tools/bin/../lib/gcc/arm-none-eabi/7.3.1/../../../../arm-none-eabi/lib/thumb/v7-m\libc_nano.a(lib_a-nano-vfprintf_i.o)
                              c:/st/stm32cubeide_1.3.0/stm32cubeide/plugins/com.st.stm32cube.ide.mcu.externaltools.gnu-tools-for-stm32.7-2018-q2-update.win32_1.0.0.201904181610/tools/bin/../lib/gcc/arm-none-eabi/7.3.1/../../../../arm-none-eabi/lib/thumb/v7-m\libc_nano.a(lib_a-nano-svfprintf.o) (_printf_i)
[...]
Memory Configuration

Name             Origin             Length             Attributes
RAM              0x0000000020000000 0x0000000000005000 xrw
ROM              0x0000000008000000 0x0000000000020000 xr
*default*        0x0000000000000000 0xffffffffffffffff

Linker script and memory map

LOAD c:/st/stm32cubeide_1.3.0/stm32cubeide/plugins/com.st.stm32cube.ide.mcu.externaltools.gnu-tools-for-stm32.7-2018-q2-update.win32_1.0.0.201904181610/tools/bin/../lib/gcc/arm-none-eabi/7.3.1/thumb/v7-m/crti.o
LOAD c:/st/stm32cubeide_1.3.0/stm32cubeide/plugins/com.st.stm32cube.ide.mcu.externaltools.gnu-tools-for-stm32.7-2018-q2-update.win32_1.0.0.201904181610/tools/bin/../lib/gcc/arm-none-eabi/7.3.1/thumb/v7-m/crtbegin.o
LOAD c:/st/stm32cubeide_1.3.0/stm32cubeide/plugins/com.st.stm32cube.ide.mcu.externaltools.gnu-tools-for-stm32.7-2018-q2-update.win32_1.0.0.201904181610/tools/bin/../lib/gcc/arm-none-eabi/7.3.1/../../../../arm-none-eabi/lib/thumb/v7-m/crt0.o
LOAD Src/esp8266.o
LOAD Src/esp8266_Firbase.o
LOAD Src/event_queue.o
LOAD Src/gpio_signal.o
LOAD Src/hc-sr501pir_sensor.o
LOAD Src/main.o
LOAD Src/syscalls.o
LOAD Src/sysmem.o
LOAD Src/usart.o
LOAD Startup/startup_stm32f103rbtx.o
START GROUP
LOAD c:/st/stm32cubeide_1.3.0/stm32cubeide/plugins/com.st.stm32cube.ide.mcu.externaltools.gnu-tools-for-stm32.7-2018-q2-update.win32_1.0.0.201904181610/tools/bin/../lib/gcc/arm-none-eabi/7.3.1/../../../../arm-none-eabi/lib/thumb/v7-m\libc_nano.a
LOAD c:/st/stm32cubeide_1.3.0/stm32cubeide/plugins/com.st.stm32cube.ide.mcu.externaltools.gnu-tools-for-stm32.7-2018-q2-update.win32_1.0.0.201904181610/tools/bin/../lib/gcc/arm-none-eabi/7.3.1/../../../../arm-none-eabi/lib/thumb/v7-m\libm.a
END GROUP
START GROUP
LOAD c:/st/stm32cubeide_1.3.0/stm32cubeide/plugins/com.st.stm32cube.ide.mcu.externaltools.gnu-tools-for-stm32.7-2018-q2-update.win32_1.0.0.201904181610/tools/bin/../lib/gcc/arm-none-eabi/7.3.1/thumb/v7-m\libgcc.a
LOAD c:/st/stm32cubeide_1.3.0/stm32cubeide/plugins/com.st.stm32cube.ide.mcu.externaltools.gnu-tools-for-stm32.7-2018-q2-update.win32_1.0.0.201904181610/tools/bin/../lib/gcc/arm-none-eabi/7.3.1/../../../../arm-none-eabi/lib/thumb/v7-m\libc_nano.a
END GROUP
START GROUP
LOAD c:/st/stm32cubeide_1.3.0/stm32cubeide/plugins/com.st.stm32cube.ide.mcu.externaltools.gnu-tools-for-stm32.7-2018-q2-update.win32_1.0.0.201904181610/tools/bin/../lib/gcc/arm-none-eabi/7.3.1/thumb/v7-m\libgcc.a
LOAD c:/st/stm32cubeide_1.3.0/stm32cubeide/plugins/com.st.stm32cube.ide.mcu.externaltools.gnu-tools-for-stm32.7-2018-q2-update.win32_1.0.0.201904181610/tools/bin/../lib/gcc/arm-none-eabi/7.3.1/../../../../arm-none-eabi/lib/thumb/v7-m\libc_nano.a
LOAD c:/st/stm32cubeide_1.3.0/stm32cubeide/plugins/com.st.stm32cube.ide.mcu.externaltools.gnu-tools-for-stm32.7-2018-q2-update.win32_1.0.0.201904181610/tools/bin/../lib/gcc/arm-none-eabi/7.3.1/../../../../arm-none-eabi/lib/thumb/v7-m\libnosys.a
END GROUP
START GROUP
LOAD c:/st/stm32cubeide_1.3.0/stm32cubeide/plugins/com.st.stm32cube.ide.mcu.externaltools.gnu-tools-for-stm32.7-2018-q2-update.win32_1.0.0.201904181610/tools/bin/../lib/gcc/arm-none-eabi/7.3.1/thumb/v7-m\libgcc.a
LOAD c:/st/stm32cubeide_1.3.0/stm32cubeide/plugins/com.st.stm32cube.ide.mcu.externaltools.gnu-tools-for-stm32.7-2018-q2-update.win32_1.0.0.201904181610/tools/bin/../lib/gcc/arm-none-eabi/7.3.1/../../../../arm-none-eabi/lib/thumb/v7-m\libc_nano.a
LOAD c:/st/stm32cubeide_1.3.0/stm32cubeide/plugins/com.st.stm32cube.ide.mcu.externaltools.gnu-tools-for-stm32.7-2018-q2-update.win32_1.0.0.201904181610/tools/bin/../lib/gcc/arm-none-eabi/7.3.1/../../../../arm-none-eabi/lib/thumb/v7-m\libnosys.a
END GROUP
LOAD c:/st/stm32cubeide_1.3.0/stm32cubeide/plugins/com.st.stm32cube.ide.mcu.externaltools.gnu-tools-for-stm32.7-2018-q2-update.win32_1.0.0.201904181610/tools/bin/../lib/gcc/arm-none-eabi/7.3.1/thumb/v7-m/crtend.o
LOAD c:/st/stm32cubeide_1.3.0/stm32cubeide/plugins/com.st.stm32cube.ide.mcu.externaltools.gnu-tools-for-stm32.7-2018-q2-update.win32_1.0.0.201904181610/tools/bin/../lib/gcc/arm-none-eabi/7.3.1/thumb/v7-m/crtn.o
                0x0000000020005000                _estack = (ORIGIN (RAM) + LENGTH (RAM))
                0x0000000000000200                _Min_Heap_Size = 0x200
                0x0000000000000400                _Min_Stack_Size = 0x400

.isr_vector     0x0000000008000000      0x130
                0x0000000008000000                . = ALIGN (0x4)
 *(.isr_vector)
 .isr_vector    0x0000000008000000      0x130 Startup/startup_stm32f103rbtx.o
                0x0000000008000000                g_pfnVectors
                0x0000000008000130                . = ALIGN (0x4)

.text           0x0000000008000130     0x10e0
                0x0000000008000130                . = ALIGN (0x4)
 *(.text)
 .text          0x0000000008000130       0x40 c:/st/stm32cubeide_1.3.0/stm32cubeide/plugins/com.st.stm32cube.ide.mcu.externaltools.gnu-tools-for-stm32.7-2018-q2-update.win32_1.0.0.201904181610/tools/bin/../lib/gcc/arm-none-eabi/7.3.1/thumb/v7-m/crtbegin.o
 .text          0x0000000008000170       0x10 c:/st/stm32cubeide_1.3.0/stm32cubeide/plugins/com.st.stm32cube.ide.mcu.externaltools.gnu-tools-for-stm32.7-2018-q2-update.win32_1.0.0.201904181610/tools/bin/../lib/gcc/arm-none-eabi/7.3.1/../../../../arm-none-eabi/lib/thumb/v7-m\libc_nano.a(lib_a-strlen.o)
                0x0000000008000170                strlen
 *(.text*)
 .text.TestWifiConnection
                0x0000000008000180      0x1d8 Src/esp8266_Firbase.o
                0x0000000008000180                TestWifiConnection
 .text.toggle_led
                0x0000000008000358       0x44 Src/hc-sr501pir_sensor.o
                0x0000000008000358                toggle_led
 .text.EXTI4_IRQHandler
                0x000000000800039c       0x28 Src/hc-sr501pir_sensor.o
                0x000000000800039c                EXTI4_IRQHandler
 .text.main     0x00000000080003c4       0x1c Src/main.o
                0x00000000080003c4                main
 .text.SysTick_Handler
                0x00000000080003e0        0xc Src/main.o
                0x00000000080003e0                SysTick_Handler
 .text._sbrk    0x00000000080003ec       0x58 Src/sysmem.o
                0x00000000080003ec                _sbrk
 .text.__NVIC_SetPriorityGrouping
                0x0000000008000444       0x48 Src/usart.o
 .text.__NVIC_EnableIRQ
                0x000000000800048c       0x38 Src/usart.o
 .text.__NVIC_SetPriority
                0x00000000080004c4       0x54 Src/usart.o
 .text.init_usart2
                0x0000000008000518       0x68 Src/usart.o
                0x0000000008000518                init_usart2
 .text.init_usart1
                0x0000000008000580       0xbc Src/usart.o
                0x0000000008000580                init_usart1
 .text.set_usart2_buffer_Tx
                0x000000000800063c       0x40 Src/usart.o
                0x000000000800063c                set_usart2_buffer_Tx
 .text.write_usart2
                0x000000000800067c       0x78 Src/usart.o
                0x000000000800067c                write_usart2
 .text.write_usart1
                0x00000000080006f4       0x78 Src/usart.o
                0x00000000080006f4                write_usart1
 .text.set_usart1_buffer_Tx
                0x000000000800076c       0x40 Src/usart.o
                0x000000000800076c                set_usart1_buffer_Tx
 .text.set_usart1_buffer_Rx
                0x00000000080007ac       0x2c Src/usart.o
                0x00000000080007ac                set_usart1_buffer_Rx
 .text.search_usart1_buffer_Rx
                0x00000000080007d8       0x74 Src/usart.o
                0x00000000080007d8                search_usart1_buffer_Rx
 .text.USART1_IRQHandler
                0x000000000800084c       0x8c Src/usart.o
                0x000000000800084c                USART1_IRQHandler
 .text.Reset_Handler
                0x00000000080008d8       0x50 Startup/startup_stm32f103rbtx.o
                0x00000000080008d8                Reset_Handler
 .text.Default_Handler
                0x0000000008000928        0x2 Startup/startup_stm32f103rbtx.o
                0x0000000008000928                EXTI2_IRQHandler
                0x0000000008000928                TIM8_TRG_COM_IRQHandler
                0x0000000008000928                TIM8_CC_IRQHandler
                0x0000000008000928                DebugMon_Handler
                0x0000000008000928                TIM1_CC_IRQHandler
                0x0000000008000928                HardFault_Handler
                0x0000000008000928                TIM6_IRQHandler
                0x0000000008000928                PVD_IRQHandler
                0x0000000008000928                SDIO_IRQHandler
                0x0000000008000928                PendSV_Handler
                0x0000000008000928                NMI_Handler
                0x0000000008000928                EXTI3_IRQHandler
                0x0000000008000928                USB_HP_CAN_TX_IRQHandler
                0x0000000008000928                EXTI0_IRQHandler
                0x0000000008000928                I2C2_EV_IRQHandler
                0x0000000008000928                UsageFault_Handler
                0x0000000008000928                ADC1_2_IRQHandler
                0x0000000008000928                SPI1_IRQHandler
                0x0000000008000928                CAN_SCE_IRQHandler
                0x0000000008000928                TAMPER_IRQHandler
                0x0000000008000928                TIM8_UP_IRQHandler
                0x0000000008000928                DMA2_Channel2_IRQHandler
                0x0000000008000928                DMA1_Channel4_IRQHandler
                0x0000000008000928                USART3_IRQHandler
                0x0000000008000928                RTC_IRQHandler
                0x0000000008000928                DMA1_Channel7_IRQHandler
                0x0000000008000928                UART5_IRQHandler
                0x0000000008000928                ADC3_IRQHandler
                0x0000000008000928                TIM4_IRQHandler
                0x0000000008000928                CAN_RX1_IRQHandler
                0x0000000008000928                DMA2_Channel1_IRQHandler
                0x0000000008000928                I2C1_EV_IRQHandler
                0x0000000008000928                DMA1_Channel6_IRQHandler
                0x0000000008000928                UART4_IRQHandler
                0x0000000008000928                TIM3_IRQHandler
                0x0000000008000928                RCC_IRQHandler
                0x0000000008000928                TIM1_TRG_COM_IRQHandler
                0x0000000008000928                DMA1_Channel1_IRQHandler
                0x0000000008000928                Default_Handler
                0x0000000008000928                EXTI15_10_IRQHandler
                0x0000000008000928                TIM7_IRQHandler
                0x0000000008000928                TIM5_IRQHandler
                0x0000000008000928                EXTI9_5_IRQHandler
                0x0000000008000928                SPI2_IRQHandler
                0x0000000008000928                USB_LP_CAN_RX0_IRQHandler
                0x0000000008000928                MemManage_Handler
                0x0000000008000928                SVC_Handler
                0x0000000008000928                DMA1_Channel5_IRQHandler
                0x0000000008000928                DMA1_Channel3_IRQHandler
                0x0000000008000928                FSMC_IRQHandler
                0x0000000008000928                TIM1_UP_IRQHandler
                0x0000000008000928                WWDG_IRQHandler
                0x0000000008000928                TIM2_IRQHandler
                0x0000000008000928                TIM1_BRK_IRQHandler
                0x0000000008000928                EXTI1_IRQHandler
                0x0000000008000928                RTCAlarm_IRQHandler
                0x0000000008000928                DMA2_Channel4_5_IRQHandler
                0x0000000008000928                USART2_IRQHandler
                0x0000000008000928                I2C2_ER_IRQHandler
                0x0000000008000928                DMA1_Channel2_IRQHandler
                0x0000000008000928                TIM8_BRK_IRQHandler
                0x0000000008000928                FLASH_IRQHandler
                0x0000000008000928                BusFault_Handler
                0x0000000008000928                SPI3_IRQHandler
                0x0000000008000928                I2C1_ER_IRQHandler
                0x0000000008000928                DMA2_Channel3_IRQHandler
 *fill*         0x000000000800092a        0x2 
 .text.__errno  0x000000000800092c        0xc c:/st/stm32cubeide_1.3.0/stm32cubeide/plugins/com.st.stm32cube.ide.mcu.externaltools.gnu-tools-for-stm32.7-2018-q2-update.win32_1.0.0.201904181610/tools/bin/../lib/gcc/arm-none-eabi/7.3.1/../../../../arm-none-eabi/lib/thumb/v7-m\libc_nano.a(lib_a-errno.o)
                0x000000000800092c                __errno
 .text.__libc_init_array
                0x0000000008000938       0x48 c:/st/stm32cubeide_1.3.0/stm32cubeide/plugins/com.st.stm32cube.ide.mcu.externaltools.gnu-tools-for-stm32.7-2018-q2-update.win32_1.0.0.201904181610/tools/bin/../lib/gcc/arm-none-eabi/7.3.1/../../../../arm-none-eabi/lib/thumb/v7-m\libc_nano.a(lib_a-init.o)
                0x0000000008000938                __libc_init_array
 .text.memset   0x0000000008000980       0x10 c:/st/stm32cubeide_1.3.0/stm32cubeide/plugins/com.st.stm32cube.ide.mcu.externaltools.gnu-tools-for-stm32.7-2018-q2-update.win32_1.0.0.201904181610/tools/bin/../lib/gcc/arm-none-eabi/7.3.1/../../../../arm-none-eabi/lib/thumb/v7-m\libc_nano.a(lib_a-memset.o)
                0x0000000008000980                memset
 .text.sprintf  0x0000000008000990       0x40 c:/st/stm32cubeide_1.3.0/stm32cubeide/plugins/com.st.stm32cube.ide.mcu.externaltools.gnu-tools-for-stm32.7-2018-q2-update.win32_1.0.0.201904181610/tools/bin/../lib/gcc/arm-none-eabi/7.3.1/../../../../arm-none-eabi/lib/thumb/v7-m\libc_nano.a(lib_a-sprintf.o)
                0x0000000008000990                siprintf
                0x0000000008000990                sprintf
 .text.strcpy   0x00000000080009d0       0x10 c:/st/stm32cubeide_1.3.0/stm32cubeide/plugins/com.st.stm32cube.ide.mcu.externaltools.gnu-tools-for-stm32.7-2018-q2-update.win32_1.0.0.201904181610/tools/bin/../lib/gcc/arm-none-eabi/7.3.1/../../../../arm-none-eabi/lib/thumb/v7-m\libc_nano.a(lib_a-strcpy.o)
                0x00000000080009d0                strcpy
 .text.strstr   0x00000000080009e0       0x34 c:/st/stm32cubeide_1.3.0/stm32cubeide/plugins/com.st.stm32cube.ide.mcu.externaltools.gnu-tools-for-stm32.7-2018-q2-update.win32_1.0.0.201904181610/tools/bin/../lib/gcc/arm-none-eabi/7.3.1/../../../../arm-none-eabi/lib/thumb/v7-m\libc_nano.a(lib_a-strstr.o)
                0x00000000080009e0                strstr
 .text.__ssputs_r
                0x0000000008000a14       0xb4 c:/st/stm32cubeide_1.3.0/stm32cubeide/plugins/com.st.stm32cube.ide.mcu.externaltools.gnu-tools-for-stm32.7-2018-q2-update.win32_1.0.0.201904181610/tools/bin/../lib/gcc/arm-none-eabi/7.3.1/../../../../arm-none-eabi/lib/thumb/v7-m\libc_nano.a(lib_a-nano-svfprintf.o)
                0x0000000008000a14                __ssputs_r
 .text._svfprintf_r
                0x0000000008000ac8      0x1f0 c:/st/stm32cubeide_1.3.0/stm32cubeide/plugins/com.st.stm32cube.ide.mcu.externaltools.gnu-tools-for-stm32.7-2018-q2-update.win32_1.0.0.201904181610/tools/bin/../lib/gcc/arm-none-eabi/7.3.1/../../../../arm-none-eabi/lib/thumb/v7-m\libc_nano.a(lib_a-nano-svfprintf.o)
                0x0000000008000ac8                _svfiprintf_r
                0x0000000008000ac8                _svfprintf_r
 .text._printf_common
                0x0000000008000cb8       0xec c:/st/stm32cubeide_1.3.0/stm32cubeide/plugins/com.st.stm32cube.ide.mcu.externaltools.gnu-tools-for-stm32.7-2018-q2-update.win32_1.0.0.201904181610/tools/bin/../lib/gcc/arm-none-eabi/7.3.1/../../../../arm-none-eabi/lib/thumb/v7-m\libc_nano.a(lib_a-nano-vfprintf_i.o)
                0x0000000008000cb8                _printf_common
 .text._printf_i
                0x0000000008000da4      0x224 c:/st/stm32cubeide_1.3.0/stm32cubeide/plugins/com.st.stm32cube.ide.mcu.externaltools.gnu-tools-for-stm32.7-2018-q2-update.win32_1.0.0.201904181610/tools/bin/../lib/gcc/arm-none-eabi/7.3.1/../../../../arm-none-eabi/lib/thumb/v7-m\libc_nano.a(lib_a-nano-vfprintf_i.o)
                0x0000000008000da4                _printf_i
 .text.memchr   0x0000000008000fc8       0x1c c:/st/stm32cubeide_1.3.0/stm32cubeide/plugins/com.st.stm32cube.ide.mcu.externaltools.gnu-tools-for-stm32.7-2018-q2-update.win32_1.0.0.201904181610/tools/bin/../lib/gcc/arm-none-eabi/7.3.1/../../../../arm-none-eabi/lib/thumb/v7-m\libc_nano.a(lib_a-memchr-stub.o)
                0x0000000008000fc8                memchr
 .text.memcpy   0x0000000008000fe4       0x16 c:/st/stm32cubeide_1.3.0/stm32cubeide/plugins/com.st.stm32cube.ide.mcu.externaltools.gnu-tools-for-stm32.7-2018-q2-update.win32_1.0.0.201904181610/tools/bin/../lib/gcc/arm-none-eabi/7.3.1/../../../../arm-none-eabi/lib/thumb/v7-m\libc_nano.a(lib_a-memcpy-stub.o)
                0x0000000008000fe4                memcpy
 .text.memmove  0x0000000008000ffa       0x32 c:/st/stm32cubeide_1.3.0/stm32cubeide/plugins/com.st.stm32cube.ide.mcu.externaltools.gnu-tools-for-stm32.7-2018-q2-update.win32_1.0.0.201904181610/tools/bin/../lib/gcc/arm-none-eabi/7.3.1/../../../../arm-none-eabi/lib/thumb/v7-m\libc_nano.a(lib_a-memmove.o)
                0x0000000008000ffa                memmove
 .text._free_r  0x000000000800102c       0x98 c:/st/stm32cubeide_1.3.0/stm32cubeide/plugins/com.st.stm32cube.ide.mcu.externaltools.gnu-tools-for-stm32.7-2018-q2-update.win32_1.0.0.201904181610/tools/bin/../lib/gcc/arm-none-eabi/7.3.1/../../../../arm-none-eabi/lib/thumb/v7-m\libc_nano.a(lib_a-nano-freer.o)
                0x000000000800102c                _free_r
 .text._malloc_r
                0x00000000080010c4       0xb4 c:/st/stm32cubeide_1.3.0/stm32cubeide/plugins/com.st.stm32cube.ide.mcu.externaltools.gnu-tools-for-stm32.7-2018-q2-update.win32_1.0.0.201904181610/tools/bin/../lib/gcc/arm-none-eabi/7.3.1/../../../../arm-none-eabi/lib/thumb/v7-m\libc_nano.a(lib_a-nano-mallocr.o)
                0x00000000080010c4                _malloc_r
 .text._realloc_r
                0x0000000008001178       0x4c c:/st/stm32cubeide_1.3.0/stm32cubeide/plugins/com.st.stm32cube.ide.mcu.externaltools.gnu-tools-for-stm32.7-2018-q2-update.win32_1.0.0.201904181610/tools/bin/../lib/gcc/arm-none-eabi/7.3.1/../../../../arm-none-eabi/lib/thumb/v7-m\libc_nano.a(lib_a-nano-reallocr.o)
                0x0000000008001178                _realloc_r
 .text._sbrk_r  0x00000000080011c4       0x20 c:/st/stm32cubeide_1.3.0/stm32cubeide/plugins/com.st.stm32cube.ide.mcu.externaltools.gnu-tools-for-stm32.7-2018-q2-update.win32_1.0.0.201904181610/tools/bin/../lib/gcc/arm-none-eabi/7.3.1/../../../../arm-none-eabi/lib/thumb/v7-m\libc_nano.a(lib_a-sbrkr.o)
                0x00000000080011c4                _sbrk_r
 .text.__malloc_lock
                0x00000000080011e4        0x2 c:/st/stm32cubeide_1.3.0/stm32cubeide/plugins/com.st.stm32cube.ide.mcu.externaltools.gnu-tools-for-stm32.7-2018-q2-update.win32_1.0.0.201904181610/tools/bin/../lib/gcc/arm-none-eabi/7.3.1/../../../../arm-none-eabi/lib/thumb/v7-m\libc_nano.a(lib_a-mlock.o)
                0x00000000080011e4                __malloc_lock
 .text.__malloc_unlock
                0x00000000080011e6        0x2 c:/st/stm32cubeide_1.3.0/stm32cubeide/plugins/com.st.stm32cube.ide.mcu.externaltools.gnu-tools-for-stm32.7-2018-q2-update.win32_1.0.0.201904181610/tools/bin/../lib/gcc/arm-none-eabi/7.3.1/../../../../arm-none-eabi/lib/thumb/v7-m\libc_nano.a(lib_a-mlock.o)
                0x00000000080011e6                __malloc_unlock
 .text._malloc_usable_size_r
                0x00000000080011e8       0x10 c:/st/stm32cubeide_1.3.0/stm32cubeide/plugins/com.st.stm32cube.ide.mcu.externaltools.gnu-tools-for-stm32.7-2018-q2-update.win32_1.0.0.201904181610/tools/bin/../lib/gcc/arm-none-eabi/7.3.1/../../../../arm-none-eabi/lib/thumb/v7-m\libc_nano.a(lib_a-nano-msizer.o)
                0x00000000080011e8                _malloc_usable_size_r
 *(.glue_7)
 .glue_7        0x00000000080011f8        0x0 linker stubs
 *(.glue_7t)
 .glue_7t       0x00000000080011f8        0x0 linker stubs
 *(.eh_frame)
 .eh_frame      0x00000000080011f8        0x0 c:/st/stm32cubeide_1.3.0/stm32cubeide/plugins/com.st.stm32cube.ide.mcu.externaltools.gnu-tools-for-stm32.7-2018-q2-update.win32_1.0.0.201904181610/tools/bin/../lib/gcc/arm-none-eabi/7.3.1/thumb/v7-m/crtbegin.o
 *(.init)
 .init          0x00000000080011f8        0x4 c:/st/stm32cubeide_1.3.0/stm32cubeide/plugins/com.st.stm32cube.ide.mcu.externaltools.gnu-tools-for-stm32.7-2018-q2-update.win32_1.0.0.201904181610/tools/bin/../lib/gcc/arm-none-eabi/7.3.1/thumb/v7-m/crti.o
                0x00000000080011f8                _init
 .init          0x00000000080011fc        0x8 c:/st/stm32cubeide_1.3.0/stm32cubeide/plugins/com.st.stm32cube.ide.mcu.externaltools.gnu-tools-for-stm32.7-2018-q2-update.win32_1.0.0.201904181610/tools/bin/../lib/gcc/arm-none-eabi/7.3.1/thumb/v7-m/crtn.o
 *(.fini)
 .fini          0x0000000008001204        0x4 c:/st/stm32cubeide_1.3.0/stm32cubeide/plugins/com.st.stm32cube.ide.mcu.externaltools.gnu-tools-for-stm32.7-2018-q2-update.win32_1.0.0.201904181610/tools/bin/../lib/gcc/arm-none-eabi/7.3.1/thumb/v7-m/crti.o
                0x0000000008001204                _fini
 .fini          0x0000000008001208        0x8 c:/st/stm32cubeide_1.3.0/stm32cubeide/plugins/com.st.stm32cube.ide.mcu.externaltools.gnu-tools-for-stm32.7-2018-q2-update.win32_1.0.0.201904181610/tools/bin/../lib/gcc/arm-none-eabi/7.3.1/thumb/v7-m/crtn.o
                0x0000000008001210                . = ALIGN (0x4)
                0x0000000008001210                _etext = .

.vfp11_veneer   0x0000000008001210        0x0
 .vfp11_veneer  0x0000000008001210        0x0 linker stubs

.v4_bx          0x0000000008001210        0x0
 .v4_bx         0x0000000008001210        0x0 linker stubs

.iplt           0x0000000008001210        0x0
 .iplt          0x0000000008001210        0x0 c:/st/stm32cubeide_1.3.0/stm32cubeide/plugins/com.st.stm32cube.ide.mcu.externaltools.gnu-tools-for-stm32.7-2018-q2-update.win32_1.0.0.201904181610/tools/bin/../lib/gcc/arm-none-eabi/7.3.1/thumb/v7-m/crtbegin.o

.rodata         0x0000000008001210      0x20c
                0x0000000008001210                . = ALIGN (0x4)
 *(.rodata)
 .rodata        0x0000000008001210      0x12e Src/esp8266_Firbase.o
 *fill*         0x000000000800133e        0x2 
 .rodata        0x0000000008001340       0x7d Src/hc-sr501pir_sensor.o
 *fill*         0x00000000080013bd        0x3 
 .rodata        0x00000000080013c0       0x14 Src/main.o
 .rodata        0x00000000080013d4       0x14 Src/usart.o
 *(.rodata*)
 .rodata._svfprintf_r.str1.1
                0x00000000080013e8       0x11 c:/st/stm32cubeide_1.3.0/stm32cubeide/plugins/com.st.stm32cube.ide.mcu.externaltools.gnu-tools-for-stm32.7-2018-q2-update.win32_1.0.0.201904181610/tools/bin/../lib/gcc/arm-none-eabi/7.3.1/../../../../arm-none-eabi/lib/thumb/v7-m\libc_nano.a(lib_a-nano-svfprintf.o)
 .rodata._printf_i.str1.1
                0x00000000080013f9       0x22 c:/st/stm32cubeide_1.3.0/stm32cubeide/plugins/com.st.stm32cube.ide.mcu.externaltools.gnu-tools-for-stm32.7-2018-q2-update.win32_1.0.0.201904181610/tools/bin/../lib/gcc/arm-none-eabi/7.3.1/../../../../arm-none-eabi/lib/thumb/v7-m\libc_nano.a(lib_a-nano-vfprintf_i.o)
                0x000000000800141c                . = ALIGN (0x4)
 *fill*         0x000000000800141b        0x1 

.rel.dyn        0x000000000800141c        0x0
 .rel.iplt      0x000000000800141c        0x0 c:/st/stm32cubeide_1.3.0/stm32cubeide/plugins/com.st.stm32cube.ide.mcu.externaltools.gnu-tools-for-stm32.7-2018-q2-update.win32_1.0.0.201904181610/tools/bin/../lib/gcc/arm-none-eabi/7.3.1/thumb/v7-m/crtbegin.o

.ARM.extab      0x000000000800141c        0x0
                0x000000000800141c                . = ALIGN (0x4)
 *(.ARM.extab* .gnu.linkonce.armextab.*)
                0x000000000800141c                . = ALIGN (0x4)

.ARM            0x000000000800141c        0x0
                0x000000000800141c                . = ALIGN (0x4)
                0x000000000800141c                __exidx_start = .
 *(.ARM.exidx*)
                0x000000000800141c                __exidx_end = .
                0x000000000800141c                . = ALIGN (0x4)

.preinit_array  0x000000000800141c        0x0
                0x000000000800141c                . = ALIGN (0x4)
                0x000000000800141c                PROVIDE (__preinit_array_start = .)
 *(.preinit_array*)
                0x000000000800141c                PROVIDE (__preinit_array_end = .)
                0x000000000800141c                . = ALIGN (0x4)

.init_array     0x000000000800141c        0x4
                0x000000000800141c                . = ALIGN (0x4)
                0x000000000800141c                PROVIDE (__init_array_start = .)
 *(SORT_BY_NAME(.init_array.*))
 *(.init_array*)
 .init_array    0x000000000800141c        0x4 c:/st/stm32cubeide_1.3.0/stm32cubeide/plugins/com.st.stm32cube.ide.mcu.externaltools.gnu-tools-for-stm32.7-2018-q2-update.win32_1.0.0.201904181610/tools/bin/../lib/gcc/arm-none-eabi/7.3.1/thumb/v7-m/crtbegin.o
                0x0000000008001420                PROVIDE (__init_array_end = .)
                0x0000000008001420                . = ALIGN (0x4)

.fini_array     0x0000000008001420        0x4
                0x0000000008001420                . = ALIGN (0x4)
                [!provide]                        PROVIDE (__fini_array_start = .)
 *(SORT_BY_NAME(.fini_array.*))
 *(.fini_array*)
 .fini_array    0x0000000008001420        0x4 c:/st/stm32cubeide_1.3.0/stm32cubeide/plugins/com.st.stm32cube.ide.mcu.externaltools.gnu-tools-for-stm32.7-2018-q2-update.win32_1.0.0.201904181610/tools/bin/../lib/gcc/arm-none-eabi/7.3.1/thumb/v7-m/crtbegin.o
                [!provide]                        PROVIDE (__fini_array_end = .)
                0x0000000008001424                . = ALIGN (0x4)
                0x0000000008001424                _sidata = LOADADDR (.data)

.data           0x0000000020000000       0xa0 load address 0x0000000008001424
                0x0000000020000000                . = ALIGN (0x4)
                0x0000000020000000                _sdata = .
 *(.data)
 *(.data*)
 .data.api      0x0000000020000000       0x17 Src/esp8266_Firbase.o
 *fill*         0x0000000020000017        0x1 
 .data.api_key  0x0000000020000018       0x21 Src/esp8266_Firbase.o
 *fill*         0x0000000020000039        0x3 
 .data._impure_ptr
                0x000000002000003c        0x4 c:/st/stm32cubeide_1.3.0/stm32cubeide/plugins/com.st.stm32cube.ide.mcu.externaltools.gnu-tools-for-stm32.7-2018-q2-update.win32_1.0.0.201904181610/tools/bin/../lib/gcc/arm-none-eabi/7.3.1/../../../../arm-none-eabi/lib/thumb/v7-m\libc_nano.a(lib_a-impure.o)
                0x000000002000003c                _impure_ptr
 .data.impure_data
                0x0000000020000040       0x60 c:/st/stm32cubeide_1.3.0/stm32cubeide/plugins/com.st.stm32cube.ide.mcu.externaltools.gnu-tools-for-stm32.7-2018-q2-update.win32_1.0.0.201904181610/tools/bin/../lib/gcc/arm-none-eabi/7.3.1/../../../../arm-none-eabi/lib/thumb/v7-m\libc_nano.a(lib_a-impure.o)
                0x00000000200000a0                . = ALIGN (0x4)
                0x00000000200000a0                _edata = .

.igot.plt       0x00000000200000a0        0x0 load address 0x00000000080014c4
 .igot.plt      0x00000000200000a0        0x0 c:/st/stm32cubeide_1.3.0/stm32cubeide/plugins/com.st.stm32cube.ide.mcu.externaltools.gnu-tools-for-stm32.7-2018-q2-update.win32_1.0.0.201904181610/tools/bin/../lib/gcc/arm-none-eabi/7.3.1/thumb/v7-m/crtbegin.o
                0x00000000200000a0                . = ALIGN (0x4)

.bss            0x00000000200000a0      0x7d4 load address 0x00000000080014c4
                0x00000000200000a0                _sbss = .
                0x00000000200000a0                __bss_start__ = _sbss
 *(.bss)
 .bss           0x00000000200000a0       0x1c c:/st/stm32cubeide_1.3.0/stm32cubeide/plugins/com.st.stm32cube.ide.mcu.externaltools.gnu-tools-for-stm32.7-2018-q2-update.win32_1.0.0.201904181610/tools/bin/../lib/gcc/arm-none-eabi/7.3.1/thumb/v7-m/crtbegin.o
 *(.bss*)
 .bss.found     0x00000000200000bc        0x4 Src/esp8266_Firbase.o
 .bss.command   0x00000000200000c0       0x80 Src/esp8266_Firbase.o
 .bss.http      0x0000000020000140      0x100 Src/esp8266_Firbase.o
 .bss.http_len  0x0000000020000240        0x4 Src/esp8266_Firbase.o
 .bss.heap_end.5149
                0x0000000020000244        0x4 Src/sysmem.o
 .bss.usart2    0x0000000020000248      0x208 Src/usart.o
 .bss.usart1    0x0000000020000450      0x410 Src/usart.o
 .bss.c         0x0000000020000860        0x1 Src/usart.o
 *fill*         0x0000000020000861        0x3 
 .bss.__malloc_free_list
                0x0000000020000864        0x4 c:/st/stm32cubeide_1.3.0/stm32cubeide/plugins/com.st.stm32cube.ide.mcu.externaltools.gnu-tools-for-stm32.7-2018-q2-update.win32_1.0.0.201904181610/tools/bin/../lib/gcc/arm-none-eabi/7.3.1/../../../../arm-none-eabi/lib/thumb/v7-m\libc_nano.a(lib_a-nano-mallocr.o)
                0x0000000020000864                __malloc_free_list
 .bss.__malloc_sbrk_start
                0x0000000020000868        0x4 c:/st/stm32cubeide_1.3.0/stm32cubeide/plugins/com.st.stm32cube.ide.mcu.externaltools.gnu-tools-for-stm32.7-2018-q2-update.win32_1.0.0.201904181610/tools/bin/../lib/gcc/arm-none-eabi/7.3.1/../../../../arm-none-eabi/lib/thumb/v7-m\libc_nano.a(lib_a-nano-mallocr.o)
                0x0000000020000868                __malloc_sbrk_start
 *(COMMON)
 COMMON         0x000000002000086c        0x1 Src/gpio_signal.o
                0x000000002000086c                state
 *fill*         0x000000002000086d        0x3 
 COMMON         0x0000000020000870        0x4 c:/st/stm32cubeide_1.3.0/stm32cubeide/plugins/com.st.stm32cube.ide.mcu.externaltools.gnu-tools-for-stm32.7-2018-q2-update.win32_1.0.0.201904181610/tools/bin/../lib/gcc/arm-none-eabi/7.3.1/../../../../arm-none-eabi/lib/thumb/v7-m\libc_nano.a(lib_a-reent.o)
                0x0000000020000870                errno
                0x0000000020000874                . = ALIGN (0x4)
                0x0000000020000874                _ebss = .
                0x0000000020000874                __bss_end__ = _ebss

._user_heap_stack
                0x0000000020000874      0x604 load address 0x00000000080014c4
                0x0000000020000878                . = ALIGN (0x8)
 *fill*         0x0000000020000874        0x4 
                0x0000000020000878                PROVIDE (end = .)
                [!provide]                        PROVIDE (_end = .)
                0x0000000020000a78                . = (. + _Min_Heap_Size)
 *fill*         0x0000000020000878      0x200 
                0x0000000020000e78                . = (. + _Min_Stack_Size)
 *fill*         0x0000000020000a78      0x400 
                0x0000000020000e78                . = ALIGN (0x8)

/DISCARD/
 libc.a(*)
 libm.a(*)
 libgcc.a(*)

.ARM.attributes
                0x0000000000000000       0x29
 *(.ARM.attributes)
 .ARM.attributes
                0x0000000000000000       0x1d c:/st/stm32cubeide_1.3.0/stm32cubeide/plugins/com.st.stm32cube.ide.mcu.externaltools.gnu-tools-for-stm32.7-2018-q2-update.win32_1.0.0.201904181610/tools/bin/../lib/gcc/arm-none-eabi/7.3.1/thumb/v7-m/crti.o
 .ARM.attributes
                0x000000000000001d       0x2d c:/st/stm32cubeide_1.3.0/stm32cubeide/plugins/com.st.stm32cube.ide.mcu.externaltools.gnu-tools-for-stm32.7-2018-q2-update.win32_1.0.0.201904181610/tools/bin/../lib/gcc/arm-none-eabi/7.3.1/thumb/v7-m/crtbegin.o
 .ARM.attributes
                0x000000000000004a       0x33 Src/esp8266_Firbase.o
 .ARM.attributes
                0x000000000000007d       0x33 Src/gpio_signal.o
 .ARM.attributes
                0x00000000000000b0       0x33 Src/hc-sr501pir_sensor.o
 .ARM.attributes
                0x00000000000000e3       0x33 Src/main.o
 .ARM.attributes
                0x0000000000000116       0x33 Src/sysmem.o
 .ARM.attributes
                0x0000000000000149       0x33 Src/usart.o
 .ARM.attributes
                0x000000000000017c       0x21 Startup/startup_stm32f103rbtx.o
 .ARM.attributes
                0x000000000000019d       0x2d c:/st/stm32cubeide_1.3.0/stm32cubeide/plugins/com.st.stm32cube.ide.mcu.externaltools.gnu-tools-for-stm32.7-2018-q2-update.win32_1.0.0.201904181610/tools/bin/../lib/gcc/arm-none-eabi/7.3.1/../../../../arm-none-eabi/lib/thumb/v7-m\libc_nano.a(lib_a-errno.o)
 .ARM.attributes
                0x00000000000001ca       0x2d c:/st/stm32cubeide_1.3.0/stm32cubeide/plugins/com.st.stm32cube.ide.mcu.externaltools.gnu-tools-for-stm32.7-2018-q2-update.win32_1.0.0.201904181610/tools/bin/../lib/gcc/arm-none-eabi/7.3.1/../../../../arm-none-eabi/lib/thumb/v7-m\libc_nano.a(lib_a-impure.o)
 .ARM.attributes
                0x00000000000001f7       0x2d c:/st/stm32cubeide_1.3.0/stm32cubeide/plugins/com.st.stm32cube.ide.mcu.externaltools.gnu-tools-for-stm32.7-2018-q2-update.win32_1.0.0.201904181610/tools/bin/../lib/gcc/arm-none-eabi/7.3.1/../../../../arm-none-eabi/lib/thumb/v7-m\libc_nano.a(lib_a-init.o)
 .ARM.attributes
                0x0000000000000224       0x2d c:/st/stm32cubeide_1.3.0/stm32cubeide/plugins/com.st.stm32cube.ide.mcu.externaltools.gnu-tools-for-stm32.7-2018-q2-update.win32_1.0.0.201904181610/tools/bin/../lib/gcc/arm-none-eabi/7.3.1/../../../../arm-none-eabi/lib/thumb/v7-m\libc_nano.a(lib_a-memset.o)
 .ARM.attributes
                0x0000000000000251       0x2d c:/st/stm32cubeide_1.3.0/stm32cubeide/plugins/com.st.stm32cube.ide.mcu.externaltools.gnu-tools-for-stm32.7-2018-q2-update.win32_1.0.0.201904181610/tools/bin/../lib/gcc/arm-none-eabi/7.3.1/../../../../arm-none-eabi/lib/thumb/v7-m\libc_nano.a(lib_a-sprintf.o)
 .ARM.attributes
                0x000000000000027e       0x2d c:/st/stm32cubeide_1.3.0/stm32cubeide/plugins/com.st.stm32cube.ide.mcu.externaltools.gnu-tools-for-stm32.7-2018-q2-update.win32_1.0.0.201904181610/tools/bin/../lib/gcc/arm-none-eabi/7.3.1/../../../../arm-none-eabi/lib/thumb/v7-m\libc_nano.a(lib_a-strcpy.o)
 .ARM.attributes
                0x00000000000002ab       0x17 c:/st/stm32cubeide_1.3.0/stm32cubeide/plugins/com.st.stm32cube.ide.mcu.externaltools.gnu-tools-for-stm32.7-2018-q2-update.win32_1.0.0.201904181610/tools/bin/../lib/gcc/arm-none-eabi/7.3.1/../../../../arm-none-eabi/lib/thumb/v7-m\libc_nano.a(lib_a-strlen.o)
 .ARM.attributes
                0x00000000000002c2       0x2d c:/st/stm32cubeide_1.3.0/stm32cubeide/plugins/com.st.stm32cube.ide.mcu.externaltools.gnu-tools-for-stm32.7-2018-q2-update.win32_1.0.0.201904181610/tools/bin/../lib/gcc/arm-none-eabi/7.3.1/../../../../arm-none-eabi/lib/thumb/v7-m\libc_nano.a(lib_a-strstr.o)
 .ARM.attributes
                0x00000000000002ef       0x2d c:/st/stm32cubeide_1.3.0/stm32cubeide/plugins/com.st.stm32cube.ide.mcu.externaltools.gnu-tools-for-stm32.7-2018-q2-update.win32_1.0.0.201904181610/tools/bin/../lib/gcc/arm-none-eabi/7.3.1/../../../../arm-none-eabi/lib/thumb/v7-m\libc_nano.a(lib_a-nano-svfprintf.o)
 .ARM.attributes
                0x000000000000031c       0x2d c:/st/stm32cubeide_1.3.0/stm32cubeide/plugins/com.st.stm32cube.ide.mcu.externaltools.gnu-tools-for-stm32.7-2018-q2-update.win32_1.0.0.201904181610/tools/bin/../lib/gcc/arm-none-eabi/7.3.1/../../../../arm-none-eabi/lib/thumb/v7-m\libc_nano.a(lib_a-nano-vfprintf_i.o)
 .ARM.attributes
                0x0000000000000349       0x2d c:/st/stm32cubeide_1.3.0/stm32cubeide/plugins/com.st.stm32cube.ide.mcu.externaltools.gnu-tools-for-stm32.7-2018-q2-update.win32_1.0.0.201904181610/tools/bin/../lib/gcc/arm-none-eabi/7.3.1/../../../../arm-none-eabi/lib/thumb/v7-m\libc_nano.a(lib_a-memchr-stub.o)
 .ARM.attributes
                0x0000000000000376       0x2d c:/st/stm32cubeide_1.3.0/stm32cubeide/plugins/com.st.stm32cube.ide.mcu.externaltools.gnu-tools-for-stm32.7-2018-q2-update.win32_1.0.0.201904181610/tools/bin/../lib/gcc/arm-none-eabi/7.3.1/../../../../arm-none-eabi/lib/thumb/v7-m\libc_nano.a(lib_a-memcpy-stub.o)
 .ARM.attributes
                0x00000000000003a3       0x2d c:/st/stm32cubeide_1.3.0/stm32cubeide/plugins/com.st.stm32cube.ide.mcu.externaltools.gnu-tools-for-stm32.7-2018-q2-update.win32_1.0.0.201904181610/tools/bin/../lib/gcc/arm-none-eabi/7.3.1/../../../../arm-none-eabi/lib/thumb/v7-m\libc_nano.a(lib_a-memmove.o)
 .ARM.attributes
                0x00000000000003d0       0x2d c:/st/stm32cubeide_1.3.0/stm32cubeide/plugins/com.st.stm32cube.ide.mcu.externaltools.gnu-tools-for-stm32.7-2018-q2-update.win32_1.0.0.201904181610/tools/bin/../lib/gcc/arm-none-eabi/7.3.1/../../../../arm-none-eabi/lib/thumb/v7-m\libc_nano.a(lib_a-nano-freer.o)
 .ARM.attributes
                0x00000000000003fd       0x2d c:/st/stm32cubeide_1.3.0/stm32cubeide/plugins/com.st.stm32cube.ide.mcu.externaltools.gnu-tools-for-stm32.7-2018-q2-update.win32_1.0.0.201904181610/tools/bin/../lib/gcc/arm-none-eabi/7.3.1/../../../../arm-none-eabi/lib/thumb/v7-m\libc_nano.a(lib_a-nano-mallocr.o)
 .ARM.attributes
                0x000000000000042a       0x2d c:/st/stm32cubeide_1.3.0/stm32cubeide/plugins/com.st.stm32cube.ide.mcu.externaltools.gnu-tools-for-stm32.7-2018-q2-update.win32_1.0.0.201904181610/tools/bin/../lib/gcc/arm-none-eabi/7.3.1/../../../../arm-none-eabi/lib/thumb/v7-m\libc_nano.a(lib_a-nano-reallocr.o)
 .ARM.attributes
                0x0000000000000457       0x2d c:/st/stm32cubeide_1.3.0/stm32cubeide/plugins/com.st.stm32cube.ide.mcu.externaltools.gnu-tools-for-stm32.7-2018-q2-update.win32_1.0.0.201904181610/tools/bin/../lib/gcc/arm-none-eabi/7.3.1/../../../../arm-none-eabi/lib/thumb/v7-m\libc_nano.a(lib_a-sbrkr.o)
 .ARM.attributes
                0x0000000000000484       0x2d c:/st/stm32cubeide_1.3.0/stm32cubeide/plugins/com.st.stm32cube.ide.mcu.externaltools.gnu-tools-for-stm32.7-2018-q2-update.win32_1.0.0.201904181610/tools/bin/../lib/gcc/arm-none-eabi/7.3.1/../../../../arm-none-eabi/lib/thumb/v7-m\libc_nano.a(lib_a-mlock.o)
 .ARM.attributes
                0x00000000000004b1       0x2d c:/st/stm32cubeide_1.3.0/stm32cubeide/plugins/com.st.stm32cube.ide.mcu.externaltools.gnu-tools-for-stm32.7-2018-q2-update.win32_1.0.0.201904181610/tools/bin/../lib/gcc/arm-none-eabi/7.3.1/../../../../arm-none-eabi/lib/thumb/v7-m\libc_nano.a(lib_a-nano-msizer.o)
 .ARM.attributes
                0x00000000000004de       0x2d c:/st/stm32cubeide_1.3.0/stm32cubeide/plugins/com.st.stm32cube.ide.mcu.externaltools.gnu-tools-for-stm32.7-2018-q2-update.win32_1.0.0.201904181610/tools/bin/../lib/gcc/arm-none-eabi/7.3.1/../../../../arm-none-eabi/lib/thumb/v7-m\libc_nano.a(lib_a-reent.o)
 .ARM.attributes
                0x000000000000050b       0x1d c:/st/stm32cubeide_1.3.0/stm32cubeide/plugins/com.st.stm32cube.ide.mcu.externaltools.gnu-tools-for-stm32.7-2018-q2-update.win32_1.0.0.201904181610/tools/bin/../lib/gcc/arm-none-eabi/7.3.1/thumb/v7-m/crtn.o
OUTPUT(stm32-f103rb-cnss.elf elf32-littlearm)

.debug_info     0x0000000000000000     0x45e9
 .debug_info    0x0000000000000000      0xa8e Src/esp8266_Firbase.o
 .debug_info    0x0000000000000a8e      0x667 Src/gpio_signal.o
 .debug_info    0x00000000000010f5     0x106b Src/hc-sr501pir_sensor.o
 .debug_info    0x0000000000002160      0x987 Src/main.o
 .debug_info    0x0000000000002ae7      0x91c Src/sysmem.o
 .debug_info    0x0000000000003403     0x11c4 Src/usart.o
 .debug_info    0x00000000000045c7       0x22 Startup/startup_stm32f103rbtx.o

.debug_abbrev   0x0000000000000000      0xcaf
 .debug_abbrev  0x0000000000000000      0x1da Src/esp8266_Firbase.o
 .debug_abbrev  0x00000000000001da      0x1b0 Src/gpio_signal.o
 .debug_abbrev  0x000000000000038a      0x27b Src/hc-sr501pir_sensor.o
 .debug_abbrev  0x0000000000000605      0x1c0 Src/main.o
 .debug_abbrev  0x00000000000007c5      0x1bb Src/sysmem.o
 .debug_abbrev  0x0000000000000980      0x31d Src/usart.o
 .debug_abbrev  0x0000000000000c9d       0x12 Startup/startup_stm32f103rbtx.o

.debug_aranges  0x0000000000000000      0x1c8
 .debug_aranges
                0x0000000000000000       0x48 Src/esp8266_Firbase.o
 .debug_aranges
                0x0000000000000048       0x48 Src/gpio_signal.o
 .debug_aranges
                0x0000000000000090       0x50 Src/hc-sr501pir_sensor.o
 .debug_aranges
                0x00000000000000e0       0x28 Src/main.o
 .debug_aranges
                0x0000000000000108       0x20 Src/sysmem.o
 .debug_aranges
                0x0000000000000128       0x78 Src/usart.o
 .debug_aranges
                0x00000000000001a0       0x28 Startup/startup_stm32f103rbtx.o

.debug_ranges   0x0000000000000000      0x160
 .debug_ranges  0x0000000000000000       0x38 Src/esp8266_Firbase.o
 .debug_ranges  0x0000000000000038       0x38 Src/gpio_signal.o
 .debug_ranges  0x0000000000000070       0x40 Src/hc-sr501pir_sensor.o
 .debug_ranges  0x00000000000000b0       0x18 Src/main.o
 .debug_ranges  0x00000000000000c8       0x10 Src/sysmem.o
 .debug_ranges  0x00000000000000d8       0x68 Src/usart.o
 .debug_ranges  0x0000000000000140       0x20 Startup/startup_stm32f103rbtx.o

.debug_macro    0x0000000000000000    0x10c9c
 .debug_macro   0x0000000000000000      0x2a9 Src/esp8266_Firbase.o
 .debug_macro   0x00000000000002a9       0x40 Src/esp8266_Firbase.o
 .debug_macro   0x00000000000002e9       0x16 Src/esp8266_Firbase.o
 .debug_macro   0x00000000000002ff       0x22 Src/esp8266_Firbase.o
 .debug_macro   0x0000000000000321       0x22 Src/esp8266_Firbase.o
 .debug_macro   0x0000000000000343       0x8e Src/esp8266_Firbase.o
 .debug_macro   0x00000000000003d1       0x51 Src/esp8266_Firbase.o
 .debug_macro   0x0000000000000422       0xef Src/esp8266_Firbase.o
 .debug_macro   0x0000000000000511       0x6a Src/esp8266_Firbase.o
 .debug_macro   0x000000000000057b      0x1df Src/esp8266_Firbase.o
 .debug_macro   0x000000000000075a       0x1c Src/esp8266_Firbase.o
 .debug_macro   0x0000000000000776       0x22 Src/esp8266_Firbase.o
 .debug_macro   0x0000000000000798       0xc3 Src/esp8266_Firbase.o
 .debug_macro   0x000000000000085b      0xd23 Src/esp8266_Firbase.o
 .debug_macro   0x000000000000157e     0xe097 Src/esp8266_Firbase.o
 .debug_macro   0x000000000000f615       0x18 Src/esp8266_Firbase.o
 .debug_macro   0x000000000000f62d       0x46 Src/esp8266_Firbase.o
 .debug_macro   0x000000000000f673       0x3c Src/esp8266_Firbase.o
 .debug_macro   0x000000000000f6af       0x34 Src/esp8266_Firbase.o
 .debug_macro   0x000000000000f6e3       0x16 Src/esp8266_Firbase.o
 .debug_macro   0x000000000000f6f9      0x10e Src/esp8266_Firbase.o
 .debug_macro   0x000000000000f807       0x8d Src/esp8266_Firbase.o
 .debug_macro   0x000000000000f894       0x52 Src/esp8266_Firbase.o
 .debug_macro   0x000000000000f8e6       0x1f Src/esp8266_Firbase.o
 .debug_macro   0x000000000000f905       0x43 Src/esp8266_Firbase.o
 .debug_macro   0x000000000000f948       0x20 Src/esp8266_Firbase.o
 .debug_macro   0x000000000000f968      0x1a3 Src/esp8266_Firbase.o
 .debug_macro   0x000000000000fb0b      0x32a Src/esp8266_Firbase.o
 .debug_macro   0x000000000000fe35       0x16 Src/esp8266_Firbase.o
 .debug_macro   0x000000000000fe4b       0x29 Src/esp8266_Firbase.o
 .debug_macro   0x000000000000fe74       0x10 Src/esp8266_Firbase.o
 .debug_macro   0x000000000000fe84       0x16 Src/esp8266_Firbase.o
 .debug_macro   0x000000000000fe9a       0x35 Src/esp8266_Firbase.o
 .debug_macro   0x000000000000fecf       0x20 Src/esp8266_Firbase.o
 .debug_macro   0x000000000000feef       0x1c Src/esp8266_Firbase.o
 .debug_macro   0x000000000000ff0b       0x10 Src/esp8266_Firbase.o
 .debug_macro   0x000000000000ff1b       0x10 Src/esp8266_Firbase.o
 .debug_macro   0x000000000000ff2b       0x1c Src/esp8266_Firbase.o
 .debug_macro   0x000000000000ff47       0x52 Src/esp8266_Firbase.o
 .debug_macro   0x000000000000ff99       0x40 Src/esp8266_Firbase.o
 .debug_macro   0x000000000000ffd9       0x10 Src/esp8266_Firbase.o
 .debug_macro   0x000000000000ffe9       0x40 Src/esp8266_Firbase.o
 .debug_macro   0x0000000000010029       0xd7 Src/esp8266_Firbase.o
 .debug_macro   0x0000000000010100       0x1c Src/esp8266_Firbase.o
 .debug_macro   0x000000000001011c       0x3d Src/esp8266_Firbase.o
 .debug_macro   0x0000000000010159       0x16 Src/esp8266_Firbase.o
 .debug_macro   0x000000000001016f      0x145 Src/esp8266_Firbase.o
 .debug_macro   0x00000000000102b4       0xbf Src/gpio_signal.o
 .debug_macro   0x0000000000010373      0x192 Src/hc-sr501pir_sensor.o
 .debug_macro   0x0000000000010505      0x1b4 Src/main.o
 .debug_macro   0x00000000000106b9       0x16 Src/main.o
 .debug_macro   0x00000000000106cf      0x1ae Src/sysmem.o
 .debug_macro   0x000000000001087d      0x23b Src/sysmem.o
 .debug_macro   0x0000000000010ab8       0x16 Src/sysmem.o
 .debug_macro   0x0000000000010ace      0x1ce Src/usart.o

.debug_line     0x0000000000000000     0x2814
 .debug_line    0x0000000000000000      0x7c5 Src/esp8266_Firbase.o
 .debug_line    0x00000000000007c5      0x56d Src/gpio_signal.o
 .debug_line    0x0000000000000d32      0x6d5 Src/hc-sr501pir_sensor.o
 .debug_line    0x0000000000001407      0x685 Src/main.o
 .debug_line    0x0000000000001a8c      0x559 Src/sysmem.o
 .debug_line    0x0000000000001fe5      0x7ab Src/usart.o
 .debug_line    0x0000000000002790       0x84 Startup/startup_stm32f103rbtx.o

.debug_str      0x0000000000000000    0x58e2d
 .debug_str     0x0000000000000000    0x58309 Src/esp8266_Firbase.o
                                      0x58640 (size before relaxing)
 .debug_str     0x0000000000058309      0x3e0 Src/gpio_signal.o
                                      0x542c0 (size before relaxing)
 .debug_str     0x00000000000586e9      0x109 Src/hc-sr501pir_sensor.o
                                      0x57765 (size before relaxing)
 .debug_str     0x00000000000587f2       0x42 Src/main.o
                                      0x573b0 (size before relaxing)
 .debug_str     0x0000000000058834      0x4cc Src/sysmem.o
                                       0x7ade (size before relaxing)
 .debug_str     0x0000000000058d00       0xfc Src/usart.o
                                      0x5784e (size before relaxing)
 .debug_str     0x0000000000058dfc       0x31 Startup/startup_stm32f103rbtx.o
                                         0x70 (size before relaxing)

.comment        0x0000000000000000       0x7b
 .comment       0x0000000000000000       0x7b Src/esp8266_Firbase.o
                                         0x7c (size before relaxing)
 .comment       0x000000000000007b       0x7c Src/gpio_signal.o
 .comment       0x000000000000007b       0x7c Src/hc-sr501pir_sensor.o
 .comment       0x000000000000007b       0x7c Src/main.o
 .comment       0x000000000000007b       0x7c Src/sysmem.o
 .comment       0x000000000000007b       0x7c Src/usart.o

.debug_frame    0x0000000000000000      0x8f0
 .debug_frame   0x0000000000000000       0xe4 Src/esp8266_Firbase.o
 .debug_frame   0x00000000000000e4       0xd0 Src/gpio_signal.o
 .debug_frame   0x00000000000001b4      0x100 Src/hc-sr501pir_sensor.o
 .debug_frame   0x00000000000002b4       0x4c Src/main.o
 .debug_frame   0x0000000000000300       0x34 Src/sysmem.o
 .debug_frame   0x0000000000000334      0x1b4 Src/usart.o
 .debug_frame   0x00000000000004e8       0x20 c:/st/stm32cubeide_1.3.0/stm32cubeide/plugins/com.st.stm32cube.ide.mcu.externaltools.gnu-tools-for-stm32.7-2018-q2-update.win32_1.0.0.201904181610/tools/bin/../lib/gcc/arm-none-eabi/7.3.1/../../../../arm-none-eabi/lib/thumb/v7-m\libc_nano.a(lib_a-errno.o)
 .debug_frame   0x0000000000000508       0x2c c:/st/stm32cubeide_1.3.0/stm32cubeide/plugins/com.st.stm32cube.ide.mcu.externaltools.gnu-tools-for-stm32.7-2018-q2-update.win32_1.0.0.201904181610/tools/bin/../lib/gcc/arm-none-eabi/7.3.1/../../../../arm-none-eabi/lib/thumb/v7-m\libc_nano.a(lib_a-init.o)
 .debug_frame   0x0000000000000534       0x20 c:/st/stm32cubeide_1.3.0/stm32cubeide/plugins/com.st.stm32cube.ide.mcu.externaltools.gnu-tools-for-stm32.7-2018-q2-update.win32_1.0.0.201904181610/tools/bin/../lib/gcc/arm-none-eabi/7.3.1/../../../../arm-none-eabi/lib/thumb/v7-m\libc_nano.a(lib_a-memset.o)
 .debug_frame   0x0000000000000554       0x6c c:/st/stm32cubeide_1.3.0/stm32cubeide/plugins/com.st.stm32cube.ide.mcu.externaltools.gnu-tools-for-stm32.7-2018-q2-update.win32_1.0.0.201904181610/tools/bin/../lib/gcc/arm-none-eabi/7.3.1/../../../../arm-none-eabi/lib/thumb/v7-m\libc_nano.a(lib_a-sprintf.o)
 .debug_frame   0x00000000000005c0       0x20 c:/st/stm32cubeide_1.3.0/stm32cubeide/plugins/com.st.stm32cube.ide.mcu.externaltools.gnu-tools-for-stm32.7-2018-q2-update.win32_1.0.0.201904181610/tools/bin/../lib/gcc/arm-none-eabi/7.3.1/../../../../arm-none-eabi/lib/thumb/v7-m\libc_nano.a(lib_a-strcpy.o)
 .debug_frame   0x00000000000005e0       0x30 c:/st/stm32cubeide_1.3.0/stm32cubeide/plugins/com.st.stm32cube.ide.mcu.externaltools.gnu-tools-for-stm32.7-2018-q2-update.win32_1.0.0.201904181610/tools/bin/../lib/gcc/arm-none-eabi/7.3.1/../../../../arm-none-eabi/lib/thumb/v7-m\libc_nano.a(lib_a-strstr.o)
 .debug_frame   0x0000000000000610       0x90 c:/st/stm32cubeide_1.3.0/stm32cubeide/plugins/com.st.stm32cube.ide.mcu.externaltools.gnu-tools-for-stm32.7-2018-q2-update.win32_1.0.0.201904181610/tools/bin/../lib/gcc/arm-none-eabi/7.3.1/../../../../arm-none-eabi/lib/thumb/v7-m\libc_nano.a(lib_a-nano-svfprintf.o)
 .debug_frame   0x00000000000006a0       0x60 c:/st/stm32cubeide_1.3.0/stm32cubeide/plugins/com.st.stm32cube.ide.mcu.externaltools.gnu-tools-for-stm32.7-2018-q2-update.win32_1.0.0.201904181610/tools/bin/../lib/gcc/arm-none-eabi/7.3.1/../../../../arm-none-eabi/lib/thumb/v7-m\libc_nano.a(lib_a-nano-vfprintf_i.o)
 .debug_frame   0x0000000000000700       0x28 c:/st/stm32cubeide_1.3.0/stm32cubeide/plugins/com.st.stm32cube.ide.mcu.externaltools.gnu-tools-for-stm32.7-2018-q2-update.win32_1.0.0.201904181610/tools/bin/../lib/gcc/arm-none-eabi/7.3.1/../../../../arm-none-eabi/lib/thumb/v7-m\libc_nano.a(lib_a-memchr-stub.o)
 .debug_frame   0x0000000000000728       0x28 c:/st/stm32cubeide_1.3.0/stm32cubeide/plugins/com.st.stm32cube.ide.mcu.externaltools.gnu-tools-for-stm32.7-2018-q2-update.win32_1.0.0.201904181610/tools/bin/../lib/gcc/arm-none-eabi/7.3.1/../../../../arm-none-eabi/lib/thumb/v7-m\libc_nano.a(lib_a-memcpy-stub.o)
 .debug_frame   0x0000000000000750       0x28 c:/st/stm32cubeide_1.3.0/stm32cubeide/plugins/com.st.stm32cube.ide.mcu.externaltools.gnu-tools-for-stm32.7-2018-q2-update.win32_1.0.0.201904181610/tools/bin/../lib/gcc/arm-none-eabi/7.3.1/../../../../arm-none-eabi/lib/thumb/v7-m\libc_nano.a(lib_a-memmove.o)
 .debug_frame   0x0000000000000778       0x38 c:/st/stm32cubeide_1.3.0/stm32cubeide/plugins/com.st.stm32cube.ide.mcu.externaltools.gnu-tools-for-stm32.7-2018-q2-update.win32_1.0.0.201904181610/tools/bin/../lib/gcc/arm-none-eabi/7.3.1/../../../../arm-none-eabi/lib/thumb/v7-m\libc_nano.a(lib_a-nano-freer.o)
 .debug_frame   0x00000000000007b0       0x2c c:/st/stm32cubeide_1.3.0/stm32cubeide/plugins/com.st.stm32cube.ide.mcu.externaltools.gnu-tools-for-stm32.7-2018-q2-update.win32_1.0.0.201904181610/tools/bin/../lib/gcc/arm-none-eabi/7.3.1/../../../../arm-none-eabi/lib/thumb/v7-m\libc_nano.a(lib_a-nano-mallocr.o)
 .debug_frame   0x00000000000007dc       0x3c c:/st/stm32cubeide_1.3.0/stm32cubeide/plugins/com.st.stm32cube.ide.mcu.externaltools.gnu-tools-for-stm32.7-2018-q2-update.win32_1.0.0.201904181610/tools/bin/../lib/gcc/arm-none-eabi/7.3.1/../../../../arm-none-eabi/lib/thumb/v7-m\libc_nano.a(lib_a-nano-reallocr.o)
 .debug_frame   0x0000000000000818       0x2c c:/st/stm32cubeide_1.3.0/stm32cubeide/plugins/com.st.stm32cube.ide.mcu.externaltools.gnu-tools-for-stm32.7-2018-q2-update.win32_1.0.0.201904181610/tools/bin/../lib/gcc/arm-none-eabi/7.3.1/../../../../arm-none-eabi/lib/thumb/v7-m\libc_nano.a(lib_a-sbrkr.o)
 .debug_frame   0x0000000000000844       0x30 c:/st/stm32cubeide_1.3.0/stm32cubeide/plugins/com.st.stm32cube.ide.mcu.externaltools.gnu-tools-for-stm32.7-2018-q2-update.win32_1.0.0.201904181610/tools/bin/../lib/gcc/arm-none-eabi/7.3.1/../../../../arm-none-eabi/lib/thumb/v7-m\libc_nano.a(lib_a-mlock.o)
 .debug_frame   0x0000000000000874       0x20 c:/st/stm32cubeide_1.3.0/stm32cubeide/plugins/com.st.stm32cube.ide.mcu.externaltools.gnu-tools-for-stm32.7-2018-q2-update.win32_1.0.0.201904181610/tools/bin/../lib/gcc/arm-none-eabi/7.3.1/../../../../arm-none-eabi/lib/thumb/v7-m\libc_nano.a(lib_a-nano-msizer.o)
 .debug_frame   0x0000000000000894       0x5c c:/st/stm32cubeide_1.3.0/stm32cubeide/plugins/com.st.stm32cube.ide.mcu.externaltools.gnu-tools-for-stm32.7-2018-q2-update.win32_1.0.0.201904181610/tools/bin/../lib/gcc/arm-none-eabi/7.3.1/../../../../arm-none-eabi/lib/thumb/v7-m\libc_nano.a(lib_a-reent.o)
