Archive member included to satisfy reference by file (symbol)

c:/st/stm32cubeide_1.3.0/stm32cubeide/plugins/com.st.stm32cube.ide.mcu.externaltools.gnu-tools-for-stm32.7-2018-q2-update.win32_1.0.0.201904181610/tools/bin/../lib/gcc/arm-none-eabi/7.3.1/../../../../arm-none-eabi/lib/thumb/v7-m\libc_nano.a(lib_a-errno.o)
                              Src/syscalls.o (__errno)
c:/st/stm32cubeide_1.3.0/stm32cubeide/plugins/com.st.stm32cube.ide.mcu.externaltools.gnu-tools-for-stm32.7-2018-q2-update.win32_1.0.0.201904181610/tools/bin/../lib/gcc/arm-none-eabi/7.3.1/../../../../arm-none-eabi/lib/thumb/v7-m\libc_nano.a(lib_a-exit.o)
                              c:/st/stm32cubeide_1.3.0/stm32cubeide/plugins/com.st.stm32cube.ide.mcu.externaltools.gnu-tools-for-stm32.7-2018-q2-update.win32_1.0.0.201904181610/tools/bin/../lib/gcc/arm-none-eabi/7.3.1/../../../../arm-none-eabi/lib/thumb/v7-m/crt0.o (exit)
c:/st/stm32cubeide_1.3.0/stm32cubeide/plugins/com.st.stm32cube.ide.mcu.externaltools.gnu-tools-for-stm32.7-2018-q2-update.win32_1.0.0.201904181610/tools/bin/../lib/gcc/arm-none-eabi/7.3.1/../../../../arm-none-eabi/lib/thumb/v7-m\libc_nano.a(lib_a-impure.o)
                              c:/st/stm32cubeide_1.3.0/stm32cubeide/plugins/com.st.stm32cube.ide.mcu.externaltools.gnu-tools-for-stm32.7-2018-q2-update.win32_1.0.0.201904181610/tools/bin/../lib/gcc/arm-none-eabi/7.3.1/../../../../arm-none-eabi/lib/thumb/v7-m\libc_nano.a(lib_a-exit.o) (_global_impure_ptr)
c:/st/stm32cubeide_1.3.0/stm32cubeide/plugins/com.st.stm32cube.ide.mcu.externaltools.gnu-tools-for-stm32.7-2018-q2-update.win32_1.0.0.201904181610/tools/bin/../lib/gcc/arm-none-eabi/7.3.1/../../../../arm-none-eabi/lib/thumb/v7-m\libc_nano.a(lib_a-init.o)
                              c:/st/stm32cubeide_1.3.0/stm32cubeide/plugins/com.st.stm32cube.ide.mcu.externaltools.gnu-tools-for-stm32.7-2018-q2-update.win32_1.0.0.201904181610/tools/bin/../lib/gcc/arm-none-eabi/7.3.1/../../../../arm-none-eabi/lib/thumb/v7-m/crt0.o (__libc_init_array)
c:/st/stm32cubeide_1.3.0/stm32cubeide/plugins/com.st.stm32cube.ide.mcu.externaltools.gnu-tools-for-stm32.7-2018-q2-update.win32_1.0.0.201904181610/tools/bin/../lib/gcc/arm-none-eabi/7.3.1/../../../../arm-none-eabi/lib/thumb/v7-m\libc_nano.a(lib_a-memset.o)
                              c:/st/stm32cubeide_1.3.0/stm32cubeide/plugins/com.st.stm32cube.ide.mcu.externaltools.gnu-tools-for-stm32.7-2018-q2-update.win32_1.0.0.201904181610/tools/bin/../lib/gcc/arm-none-eabi/7.3.1/../../../../arm-none-eabi/lib/thumb/v7-m/crt0.o (memset)
c:/st/stm32cubeide_1.3.0/stm32cubeide/plugins/com.st.stm32cube.ide.mcu.externaltools.gnu-tools-for-stm32.7-2018-q2-update.win32_1.0.0.201904181610/tools/bin/../lib/gcc/arm-none-eabi/7.3.1/../../../../arm-none-eabi/lib/thumb/v7-m\libc_nano.a(lib_a-sprintf.o)
                              Src/esp8266_Firbase.o (sprintf)
c:/st/stm32cubeide_1.3.0/stm32cubeide/plugins/com.st.stm32cube.ide.mcu.externaltools.gnu-tools-for-stm32.7-2018-q2-update.win32_1.0.0.201904181610/tools/bin/../lib/gcc/arm-none-eabi/7.3.1/../../../../arm-none-eabi/lib/thumb/v7-m\libc_nano.a(lib_a-strcpy.o)
                              Src/usart.o (strcpy)
c:/st/stm32cubeide_1.3.0/stm32cubeide/plugins/com.st.stm32cube.ide.mcu.externaltools.gnu-tools-for-stm32.7-2018-q2-update.win32_1.0.0.201904181610/tools/bin/../lib/gcc/arm-none-eabi/7.3.1/../../../../arm-none-eabi/lib/thumb/v7-m\libc_nano.a(lib_a-strlen.o)
                              Src/esp8266_Firbase.o (strlen)
c:/st/stm32cubeide_1.3.0/stm32cubeide/plugins/com.st.stm32cube.ide.mcu.externaltools.gnu-tools-for-stm32.7-2018-q2-update.win32_1.0.0.201904181610/tools/bin/../lib/gcc/arm-none-eabi/7.3.1/../../../../arm-none-eabi/lib/thumb/v7-m\libc_nano.a(lib_a-strstr.o)
                              Src/usart.o (strstr)
c:/st/stm32cubeide_1.3.0/stm32cubeide/plugins/com.st.stm32cube.ide.mcu.externaltools.gnu-tools-for-stm32.7-2018-q2-update.win32_1.0.0.201904181610/tools/bin/../lib/gcc/arm-none-eabi/7.3.1/../../../../arm-none-eabi/lib/thumb/v7-m\libc_nano.a(lib_a-nano-svfprintf.o)
                              c:/st/stm32cubeide_1.3.0/stm32cubeide/plugins/com.st.stm32cube.ide.mcu.externaltools.gnu-tools-for-stm32.7-2018-q2-update.win32_1.0.0.201904181610/tools/bin/../lib/gcc/arm-none-eabi/7.3.1/../../../../arm-none-eabi/lib/thumb/v7-m\libc_nano.a(lib_a-sprintf.o) (_svfprintf_r)
c:/st/stm32cubeide_1.3.0/stm32cubeide/plugins/com.st.stm32cube.ide.mcu.externaltools.gnu-tools-for-stm32.7-2018-q2-update.win32_1.0.0.201904181610/tools/bin/../lib/gcc/arm-none-eabi/7.3.1/../../../../arm-none-eabi/lib/thumb/v7-m\libc_nano.a(lib_a-nano-vfprintf_i.o)
                              c:/st/stm32cubeide_1.3.0/stm32cubeide/plugins/com.st.stm32cube.ide.mcu.externaltools.gnu-tools-for-stm32.7-2018-q2-update.win32_1.0.0.201904181610/tools/bin/../lib/gcc/arm-none-eabi/7.3.1/../../../../arm-none-eabi/lib/thumb/v7-m\libc_nano.a(lib_a-nano-svfprintf.o) (_printf_i)
[...]
Memory Configuration

Name             Origin             Length             Attributes
RAM              0x0000000020000000 0x0000000000005000 xrw
ROM              0x0000000008000000 0x0000000000020000 xr
*default*        0x0000000000000000 0xffffffffffffffff

Linker script and memory map

LOAD c:/st/stm32cubeide_1.3.0/stm32cubeide/plugins/com.st.stm32cube.ide.mcu.externaltools.gnu-tools-for-stm32.7-2018-q2-update.win32_1.0.0.201904181610/tools/bin/../lib/gcc/arm-none-eabi/7.3.1/thumb/v7-m/crti.o
LOAD c:/st/stm32cubeide_1.3.0/stm32cubeide/plugins/com.st.stm32cube.ide.mcu.externaltools.gnu-tools-for-stm32.7-2018-q2-update.win32_1.0.0.201904181610/tools/bin/../lib/gcc/arm-none-eabi/7.3.1/thumb/v7-m/crtbegin.o
LOAD c:/st/stm32cubeide_1.3.0/stm32cubeide/plugins/com.st.stm32cube.ide.mcu.externaltools.gnu-tools-for-stm32.7-2018-q2-update.win32_1.0.0.201904181610/tools/bin/../lib/gcc/arm-none-eabi/7.3.1/../../../../arm-none-eabi/lib/thumb/v7-m/crt0.o
LOAD Src/esp8266.o
LOAD Src/esp8266_Firbase.o
LOAD Src/event_queue.o
LOAD Src/gpio_signal.o
LOAD Src/hc-sr501pir_sensor.o
LOAD Src/main.o
LOAD Src/syscalls.o
LOAD Src/sysmem.o
LOAD Src/usart.o
LOAD Startup/startup_stm32f103rbtx.o
START GROUP
LOAD c:/st/stm32cubeide_1.3.0/stm32cubeide/plugins/com.st.stm32cube.ide.mcu.externaltools.gnu-tools-for-stm32.7-2018-q2-update.win32_1.0.0.201904181610/tools/bin/../lib/gcc/arm-none-eabi/7.3.1/../../../../arm-none-eabi/lib/thumb/v7-m\libc_nano.a
LOAD c:/st/stm32cubeide_1.3.0/stm32cubeide/plugins/com.st.stm32cube.ide.mcu.externaltools.gnu-tools-for-stm32.7-2018-q2-update.win32_1.0.0.201904181610/tools/bin/../lib/gcc/arm-none-eabi/7.3.1/../../../../arm-none-eabi/lib/thumb/v7-m\libm.a
END GROUP
START GROUP
LOAD c:/st/stm32cubeide_1.3.0/stm32cubeide/plugins/com.st.stm32cube.ide.mcu.externaltools.gnu-tools-for-stm32.7-2018-q2-update.win32_1.0.0.201904181610/tools/bin/../lib/gcc/arm-none-eabi/7.3.1/thumb/v7-m\libgcc.a
LOAD c:/st/stm32cubeide_1.3.0/stm32cubeide/plugins/com.st.stm32cube.ide.mcu.externaltools.gnu-tools-for-stm32.7-2018-q2-update.win32_1.0.0.201904181610/tools/bin/../lib/gcc/arm-none-eabi/7.3.1/../../../../arm-none-eabi/lib/thumb/v7-m\libc_nano.a
END GROUP
START GROUP
LOAD c:/st/stm32cubeide_1.3.0/stm32cubeide/plugins/com.st.stm32cube.ide.mcu.externaltools.gnu-tools-for-stm32.7-2018-q2-update.win32_1.0.0.201904181610/tools/bin/../lib/gcc/arm-none-eabi/7.3.1/thumb/v7-m\libgcc.a
LOAD c:/st/stm32cubeide_1.3.0/stm32cubeide/plugins/com.st.stm32cube.ide.mcu.externaltools.gnu-tools-for-stm32.7-2018-q2-update.win32_1.0.0.201904181610/tools/bin/../lib/gcc/arm-none-eabi/7.3.1/../../../../arm-none-eabi/lib/thumb/v7-m\libc_nano.a
LOAD c:/st/stm32cubeide_1.3.0/stm32cubeide/plugins/com.st.stm32cube.ide.mcu.externaltools.gnu-tools-for-stm32.7-2018-q2-update.win32_1.0.0.201904181610/tools/bin/../lib/gcc/arm-none-eabi/7.3.1/../../../../arm-none-eabi/lib/thumb/v7-m\libnosys.a
END GROUP
START GROUP
LOAD c:/st/stm32cubeide_1.3.0/stm32cubeide/plugins/com.st.stm32cube.ide.mcu.externaltools.gnu-tools-for-stm32.7-2018-q2-update.win32_1.0.0.201904181610/tools/bin/../lib/gcc/arm-none-eabi/7.3.1/thumb/v7-m\libgcc.a
LOAD c:/st/stm32cubeide_1.3.0/stm32cubeide/plugins/com.st.stm32cube.ide.mcu.externaltools.gnu-tools-for-stm32.7-2018-q2-update.win32_1.0.0.201904181610/tools/bin/../lib/gcc/arm-none-eabi/7.3.1/../../../../arm-none-eabi/lib/thumb/v7-m\libc_nano.a
LOAD c:/st/stm32cubeide_1.3.0/stm32cubeide/plugins/com.st.stm32cube.ide.mcu.externaltools.gnu-tools-for-stm32.7-2018-q2-update.win32_1.0.0.201904181610/tools/bin/../lib/gcc/arm-none-eabi/7.3.1/../../../../arm-none-eabi/lib/thumb/v7-m\libnosys.a
END GROUP
LOAD c:/st/stm32cubeide_1.3.0/stm32cubeide/plugins/com.st.stm32cube.ide.mcu.externaltools.gnu-tools-for-stm32.7-2018-q2-update.win32_1.0.0.201904181610/tools/bin/../lib/gcc/arm-none-eabi/7.3.1/thumb/v7-m/crtend.o
LOAD c:/st/stm32cubeide_1.3.0/stm32cubeide/plugins/com.st.stm32cube.ide.mcu.externaltools.gnu-tools-for-stm32.7-2018-q2-update.win32_1.0.0.201904181610/tools/bin/../lib/gcc/arm-none-eabi/7.3.1/thumb/v7-m/crtn.o
                0x0000000020005000                _estack = (ORIGIN (RAM) + LENGTH (RAM))
                0x0000000000000200                _Min_Heap_Size = 0x200
                0x0000000000000400                _Min_Stack_Size = 0x400

.isr_vector     0x0000000008000000      0x130
                0x0000000008000000                . = ALIGN (0x4)
 *(.isr_vector)
 .isr_vector    0x0000000008000000      0x130 Startup/startup_stm32f103rbtx.o
                0x0000000008000000                g_pfnVectors
                0x0000000008000130                . = ALIGN (0x4)

.text           0x0000000008000130     0x124c
                0x0000000008000130                . = ALIGN (0x4)
 *(.text)
 .text          0x0000000008000130       0x40 c:/st/stm32cubeide_1.3.0/stm32cubeide/plugins/com.st.stm32cube.ide.mcu.externaltools.gnu-tools-for-stm32.7-2018-q2-update.win32_1.0.0.201904181610/tools/bin/../lib/gcc/arm-none-eabi/7.3.1/thumb/v7-m/crtbegin.o
 .text          0x0000000008000170       0x10 c:/st/stm32cubeide_1.3.0/stm32cubeide/plugins/com.st.stm32cube.ide.mcu.externaltools.gnu-tools-for-stm32.7-2018-q2-update.win32_1.0.0.201904181610/tools/bin/../lib/gcc/arm-none-eabi/7.3.1/../../../../arm-none-eabi/lib/thumb/v7-m\libc_nano.a(lib_a-strlen.o)
                0x0000000008000170                strlen
 *(.text*)
 .text.setImagePath
                0x0000000008000180       0x2c Src/esp8266_Firbase.o
                0x0000000008000180                setImagePath
 .text.recordAlert
                0x00000000080001ac       0x74 Src/esp8266_Firbase.o
                0x00000000080001ac                recordAlert
 .text.setClientMode
                0x0000000008000220       0x3c Src/esp8266_Firbase.o
                0x0000000008000220                setClientMode
 .text.joinAccessPoint
                0x000000000800025c       0x60 Src/esp8266_Firbase.o
                0x000000000800025c                joinAccessPoint
 .text.connectFirebaseHost
                0x00000000080002bc       0xa0 Src/esp8266_Firbase.o
                0x00000000080002bc                connectFirebaseHost
 .text.createPostMsg
                0x000000000800035c       0x88 Src/esp8266_Firbase.o
                0x000000000800035c                createPostMsg
 .text.sendRequest
                0x00000000080003e4       0xa0 Src/esp8266_Firbase.o
                0x00000000080003e4                sendRequest
 .text.readResponse
                0x0000000008000484       0x34 Src/esp8266_Firbase.o
                0x0000000008000484                readResponse
 .text.toggle_led
                0x00000000080004b8       0x44 Src/hc-sr501pir_sensor.o
                0x00000000080004b8                toggle_led
 .text.EXTI4_IRQHandler
                0x00000000080004fc       0x28 Src/hc-sr501pir_sensor.o
                0x00000000080004fc                EXTI4_IRQHandler
 .text.main     0x0000000008000524       0x1c Src/main.o
                0x0000000008000524                main
 .text._sbrk    0x0000000008000540       0x58 Src/sysmem.o
                0x0000000008000540                _sbrk
 .text.__NVIC_SetPriorityGrouping
                0x0000000008000598       0x48 Src/usart.o
 .text.__NVIC_EnableIRQ
                0x00000000080005e0       0x38 Src/usart.o
 .text.__NVIC_SetPriority
                0x0000000008000618       0x54 Src/usart.o
 .text.init_usart2
                0x000000000800066c       0x68 Src/usart.o
                0x000000000800066c                init_usart2
 .text.init_usart1
                0x00000000080006d4       0xbc Src/usart.o
                0x00000000080006d4                init_usart1
 .text.set_usart2_buffer_Tx
                0x0000000008000790       0x40 Src/usart.o
                0x0000000008000790                set_usart2_buffer_Tx
 .text.write_usart2
                0x00000000080007d0       0x78 Src/usart.o
                0x00000000080007d0                write_usart2
 .text.write_usart1
                0x0000000008000848       0x78 Src/usart.o
                0x0000000008000848                write_usart1
 .text.set_usart1_buffer_Tx
                0x00000000080008c0       0x40 Src/usart.o
                0x00000000080008c0                set_usart1_buffer_Tx
 .text.set_usart1_buffer_Rx
                0x0000000008000900       0x2c Src/usart.o
                0x0000000008000900                set_usart1_buffer_Rx
 .text.search_usart1_buffer_Rx
                0x000000000800092c       0x8c Src/usart.o
                0x000000000800092c                search_usart1_buffer_Rx
 .text.USART1_IRQHandler
                0x00000000080009b8       0x8c Src/usart.o
                0x00000000080009b8                USART1_IRQHandler
 .text.Reset_Handler
                0x0000000008000a44       0x50 Startup/startup_stm32f103rbtx.o
                0x0000000008000a44                Reset_Handler
 .text.Default_Handler
                0x0000000008000a94        0x2 Startup/startup_stm32f103rbtx.o
                0x0000000008000a94                EXTI2_IRQHandler
                0x0000000008000a94                TIM8_TRG_COM_IRQHandler
                0x0000000008000a94                TIM8_CC_IRQHandler
                0x0000000008000a94                DebugMon_Handler
                0x0000000008000a94                TIM1_CC_IRQHandler
                0x0000000008000a94                HardFault_Handler
                0x0000000008000a94                TIM6_IRQHandler
                0x0000000008000a94                SysTick_Handler
                0x0000000008000a94                PVD_IRQHandler
                0x0000000008000a94                SDIO_IRQHandler
                0x0000000008000a94                PendSV_Handler
                0x0000000008000a94                NMI_Handler
                0x0000000008000a94                EXTI3_IRQHandler
                0x0000000008000a94                USB_HP_CAN_TX_IRQHandler
                0x0000000008000a94                EXTI0_IRQHandler
                0x0000000008000a94                I2C2_EV_IRQHandler
                0x0000000008000a94                UsageFault_Handler
                0x0000000008000a94                ADC1_2_IRQHandler
                0x0000000008000a94                SPI1_IRQHandler
                0x0000000008000a94                CAN_SCE_IRQHandler
                0x0000000008000a94                TAMPER_IRQHandler
                0x0000000008000a94                TIM8_UP_IRQHandler
                0x0000000008000a94                DMA2_Channel2_IRQHandler
                0x0000000008000a94                DMA1_Channel4_IRQHandler
                0x0000000008000a94                USART3_IRQHandler
                0x0000000008000a94                RTC_IRQHandler
                0x0000000008000a94                DMA1_Channel7_IRQHandler
                0x0000000008000a94                UART5_IRQHandler
                0x0000000008000a94                ADC3_IRQHandler
                0x0000000008000a94                TIM4_IRQHandler
                0x0000000008000a94                CAN_RX1_IRQHandler
                0x0000000008000a94                DMA2_Channel1_IRQHandler
                0x0000000008000a94                I2C1_EV_IRQHandler
                0x0000000008000a94                DMA1_Channel6_IRQHandler
                0x0000000008000a94                UART4_IRQHandler
                0x0000000008000a94                TIM3_IRQHandler
                0x0000000008000a94                RCC_IRQHandler
                0x0000000008000a94                TIM1_TRG_COM_IRQHandler
                0x0000000008000a94                DMA1_Channel1_IRQHandler
                0x0000000008000a94                Default_Handler
                0x0000000008000a94                EXTI15_10_IRQHandler
                0x0000000008000a94                TIM7_IRQHandler
                0x0000000008000a94                TIM5_IRQHandler
                0x0000000008000a94                EXTI9_5_IRQHandler
                0x0000000008000a94                SPI2_IRQHandler
                0x0000000008000a94                USB_LP_CAN_RX0_IRQHandler
                0x0000000008000a94                MemManage_Handler
                0x0000000008000a94                SVC_Handler
                0x0000000008000a94                DMA1_Channel5_IRQHandler
                0x0000000008000a94                DMA1_Channel3_IRQHandler
                0x0000000008000a94                FSMC_IRQHandler
                0x0000000008000a94                TIM1_UP_IRQHandler
                0x0000000008000a94                WWDG_IRQHandler
                0x0000000008000a94                TIM2_IRQHandler
                0x0000000008000a94                TIM1_BRK_IRQHandler
                0x0000000008000a94                EXTI1_IRQHandler
                0x0000000008000a94                RTCAlarm_IRQHandler
                0x0000000008000a94                DMA2_Channel4_5_IRQHandler
                0x0000000008000a94                USART2_IRQHandler
                0x0000000008000a94                I2C2_ER_IRQHandler
                0x0000000008000a94                DMA1_Channel2_IRQHandler
                0x0000000008000a94                TIM8_BRK_IRQHandler
                0x0000000008000a94                FLASH_IRQHandler
                0x0000000008000a94                BusFault_Handler
                0x0000000008000a94                SPI3_IRQHandler
                0x0000000008000a94                I2C1_ER_IRQHandler
                0x0000000008000a94                DMA2_Channel3_IRQHandler
 *fill*         0x0000000008000a96        0x2 
 .text.__errno  0x0000000008000a98        0xc c:/st/stm32cubeide_1.3.0/stm32cubeide/plugins/com.st.stm32cube.ide.mcu.externaltools.gnu-tools-for-stm32.7-2018-q2-update.win32_1.0.0.201904181610/tools/bin/../lib/gcc/arm-none-eabi/7.3.1/../../../../arm-none-eabi/lib/thumb/v7-m\libc_nano.a(lib_a-errno.o)
                0x0000000008000a98                __errno
 .text.__libc_init_array
                0x0000000008000aa4       0x48 c:/st/stm32cubeide_1.3.0/stm32cubeide/plugins/com.st.stm32cube.ide.mcu.externaltools.gnu-tools-for-stm32.7-2018-q2-update.win32_1.0.0.201904181610/tools/bin/../lib/gcc/arm-none-eabi/7.3.1/../../../../arm-none-eabi/lib/thumb/v7-m\libc_nano.a(lib_a-init.o)
                0x0000000008000aa4                __libc_init_array
 .text.memset   0x0000000008000aec       0x10 c:/st/stm32cubeide_1.3.0/stm32cubeide/plugins/com.st.stm32cube.ide.mcu.externaltools.gnu-tools-for-stm32.7-2018-q2-update.win32_1.0.0.201904181610/tools/bin/../lib/gcc/arm-none-eabi/7.3.1/../../../../arm-none-eabi/lib/thumb/v7-m\libc_nano.a(lib_a-memset.o)
                0x0000000008000aec                memset
 .text.sprintf  0x0000000008000afc       0x40 c:/st/stm32cubeide_1.3.0/stm32cubeide/plugins/com.st.stm32cube.ide.mcu.externaltools.gnu-tools-for-stm32.7-2018-q2-update.win32_1.0.0.201904181610/tools/bin/../lib/gcc/arm-none-eabi/7.3.1/../../../../arm-none-eabi/lib/thumb/v7-m\libc_nano.a(lib_a-sprintf.o)
                0x0000000008000afc                siprintf
                0x0000000008000afc                sprintf
 .text.strcpy   0x0000000008000b3c       0x10 c:/st/stm32cubeide_1.3.0/stm32cubeide/plugins/com.st.stm32cube.ide.mcu.externaltools.gnu-tools-for-stm32.7-2018-q2-update.win32_1.0.0.201904181610/tools/bin/../lib/gcc/arm-none-eabi/7.3.1/../../../../arm-none-eabi/lib/thumb/v7-m\libc_nano.a(lib_a-strcpy.o)
                0x0000000008000b3c                strcpy
 .text.strstr   0x0000000008000b4c       0x34 c:/st/stm32cubeide_1.3.0/stm32cubeide/plugins/com.st.stm32cube.ide.mcu.externaltools.gnu-tools-for-stm32.7-2018-q2-update.win32_1.0.0.201904181610/tools/bin/../lib/gcc/arm-none-eabi/7.3.1/../../../../arm-none-eabi/lib/thumb/v7-m\libc_nano.a(lib_a-strstr.o)
                0x0000000008000b4c                strstr
 .text.__ssputs_r
                0x0000000008000b80       0xb4 c:/st/stm32cubeide_1.3.0/stm32cubeide/plugins/com.st.stm32cube.ide.mcu.externaltools.gnu-tools-for-stm32.7-2018-q2-update.win32_1.0.0.201904181610/tools/bin/../lib/gcc/arm-none-eabi/7.3.1/../../../../arm-none-eabi/lib/thumb/v7-m\libc_nano.a(lib_a-nano-svfprintf.o)
                0x0000000008000b80                __ssputs_r
 .text._svfprintf_r
                0x0000000008000c34      0x1f0 c:/st/stm32cubeide_1.3.0/stm32cubeide/plugins/com.st.stm32cube.ide.mcu.externaltools.gnu-tools-for-stm32.7-2018-q2-update.win32_1.0.0.201904181610/tools/bin/../lib/gcc/arm-none-eabi/7.3.1/../../../../arm-none-eabi/lib/thumb/v7-m\libc_nano.a(lib_a-nano-svfprintf.o)
                0x0000000008000c34                _svfiprintf_r
                0x0000000008000c34                _svfprintf_r
 .text._printf_common
                0x0000000008000e24       0xec c:/st/stm32cubeide_1.3.0/stm32cubeide/plugins/com.st.stm32cube.ide.mcu.externaltools.gnu-tools-for-stm32.7-2018-q2-update.win32_1.0.0.201904181610/tools/bin/../lib/gcc/arm-none-eabi/7.3.1/../../../../arm-none-eabi/lib/thumb/v7-m\libc_nano.a(lib_a-nano-vfprintf_i.o)
                0x0000000008000e24                _printf_common
 .text._printf_i
                0x0000000008000f10      0x224 c:/st/stm32cubeide_1.3.0/stm32cubeide/plugins/com.st.stm32cube.ide.mcu.externaltools.gnu-tools-for-stm32.7-2018-q2-update.win32_1.0.0.201904181610/tools/bin/../lib/gcc/arm-none-eabi/7.3.1/../../../../arm-none-eabi/lib/thumb/v7-m\libc_nano.a(lib_a-nano-vfprintf_i.o)
                0x0000000008000f10                _printf_i
 .text.memchr   0x0000000008001134       0x1c c:/st/stm32cubeide_1.3.0/stm32cubeide/plugins/com.st.stm32cube.ide.mcu.externaltools.gnu-tools-for-stm32.7-2018-q2-update.win32_1.0.0.201904181610/tools/bin/../lib/gcc/arm-none-eabi/7.3.1/../../../../arm-none-eabi/lib/thumb/v7-m\libc_nano.a(lib_a-memchr-stub.o)
                0x0000000008001134                memchr
 .text.memcpy   0x0000000008001150       0x16 c:/st/stm32cubeide_1.3.0/stm32cubeide/plugins/com.st.stm32cube.ide.mcu.externaltools.gnu-tools-for-stm32.7-2018-q2-update.win32_1.0.0.201904181610/tools/bin/../lib/gcc/arm-none-eabi/7.3.1/../../../../arm-none-eabi/lib/thumb/v7-m\libc_nano.a(lib_a-memcpy-stub.o)
                0x0000000008001150                memcpy
 .text.memmove  0x0000000008001166       0x32 c:/st/stm32cubeide_1.3.0/stm32cubeide/plugins/com.st.stm32cube.ide.mcu.externaltools.gnu-tools-for-stm32.7-2018-q2-update.win32_1.0.0.201904181610/tools/bin/../lib/gcc/arm-none-eabi/7.3.1/../../../../arm-none-eabi/lib/thumb/v7-m\libc_nano.a(lib_a-memmove.o)
                0x0000000008001166                memmove
 .text._free_r  0x0000000008001198       0x98 c:/st/stm32cubeide_1.3.0/stm32cubeide/plugins/com.st.stm32cube.ide.mcu.externaltools.gnu-tools-for-stm32.7-2018-q2-update.win32_1.0.0.201904181610/tools/bin/../lib/gcc/arm-none-eabi/7.3.1/../../../../arm-none-eabi/lib/thumb/v7-m\libc_nano.a(lib_a-nano-freer.o)
                0x0000000008001198                _free_r
 .text._malloc_r
                0x0000000008001230       0xb4 c:/st/stm32cubeide_1.3.0/stm32cubeide/plugins/com.st.stm32cube.ide.mcu.externaltools.gnu-tools-for-stm32.7-2018-q2-update.win32_1.0.0.201904181610/tools/bin/../lib/gcc/arm-none-eabi/7.3.1/../../../../arm-none-eabi/lib/thumb/v7-m\libc_nano.a(lib_a-nano-mallocr.o)
                0x0000000008001230                _malloc_r
 .text._realloc_r
                0x00000000080012e4       0x4c c:/st/stm32cubeide_1.3.0/stm32cubeide/plugins/com.st.stm32cube.ide.mcu.externaltools.gnu-tools-for-stm32.7-2018-q2-update.win32_1.0.0.201904181610/tools/bin/../lib/gcc/arm-none-eabi/7.3.1/../../../../arm-none-eabi/lib/thumb/v7-m\libc_nano.a(lib_a-nano-reallocr.o)
                0x00000000080012e4                _realloc_r
 .text._sbrk_r  0x0000000008001330       0x20 c:/st/stm32cubeide_1.3.0/stm32cubeide/plugins/com.st.stm32cube.ide.mcu.externaltools.gnu-tools-for-stm32.7-2018-q2-update.win32_1.0.0.201904181610/tools/bin/../lib/gcc/arm-none-eabi/7.3.1/../../../../arm-none-eabi/lib/thumb/v7-m\libc_nano.a(lib_a-sbrkr.o)
                0x0000000008001330                _sbrk_r
 .text.__malloc_lock
                0x0000000008001350        0x2 c:/st/stm32cubeide_1.3.0/stm32cubeide/plugins/com.st.stm32cube.ide.mcu.externaltools.gnu-tools-for-stm32.7-2018-q2-update.win32_1.0.0.201904181610/tools/bin/../lib/gcc/arm-none-eabi/7.3.1/../../../../arm-none-eabi/lib/thumb/v7-m\libc_nano.a(lib_a-mlock.o)
                0x0000000008001350                __malloc_lock
 .text.__malloc_unlock
                0x0000000008001352        0x2 c:/st/stm32cubeide_1.3.0/stm32cubeide/plugins/com.st.stm32cube.ide.mcu.externaltools.gnu-tools-for-stm32.7-2018-q2-update.win32_1.0.0.201904181610/tools/bin/../lib/gcc/arm-none-eabi/7.3.1/../../../../arm-none-eabi/lib/thumb/v7-m\libc_nano.a(lib_a-mlock.o)
                0x0000000008001352                __malloc_unlock
 .text._malloc_usable_size_r
                0x0000000008001354       0x10 c:/st/stm32cubeide_1.3.0/stm32cubeide/plugins/com.st.stm32cube.ide.mcu.externaltools.gnu-tools-for-stm32.7-2018-q2-update.win32_1.0.0.201904181610/tools/bin/../lib/gcc/arm-none-eabi/7.3.1/../../../../arm-none-eabi/lib/thumb/v7-m\libc_nano.a(lib_a-nano-msizer.o)
                0x0000000008001354                _malloc_usable_size_r
 *(.glue_7)
 .glue_7        0x0000000008001364        0x0 linker stubs
 *(.glue_7t)
 .glue_7t       0x0000000008001364        0x0 linker stubs
 *(.eh_frame)
 .eh_frame      0x0000000008001364        0x0 c:/st/stm32cubeide_1.3.0/stm32cubeide/plugins/com.st.stm32cube.ide.mcu.externaltools.gnu-tools-for-stm32.7-2018-q2-update.win32_1.0.0.201904181610/tools/bin/../lib/gcc/arm-none-eabi/7.3.1/thumb/v7-m/crtbegin.o
 *(.init)
 .init          0x0000000008001364        0x4 c:/st/stm32cubeide_1.3.0/stm32cubeide/plugins/com.st.stm32cube.ide.mcu.externaltools.gnu-tools-for-stm32.7-2018-q2-update.win32_1.0.0.201904181610/tools/bin/../lib/gcc/arm-none-eabi/7.3.1/thumb/v7-m/crti.o
                0x0000000008001364                _init
 .init          0x0000000008001368        0x8 c:/st/stm32cubeide_1.3.0/stm32cubeide/plugins/com.st.stm32cube.ide.mcu.externaltools.gnu-tools-for-stm32.7-2018-q2-update.win32_1.0.0.201904181610/tools/bin/../lib/gcc/arm-none-eabi/7.3.1/thumb/v7-m/crtn.o
 *(.fini)
 .fini          0x0000000008001370        0x4 c:/st/stm32cubeide_1.3.0/stm32cubeide/plugins/com.st.stm32cube.ide.mcu.externaltools.gnu-tools-for-stm32.7-2018-q2-update.win32_1.0.0.201904181610/tools/bin/../lib/gcc/arm-none-eabi/7.3.1/thumb/v7-m/crti.o
                0x0000000008001370                _fini
 .fini          0x0000000008001374        0x8 c:/st/stm32cubeide_1.3.0/stm32cubeide/plugins/com.st.stm32cube.ide.mcu.externaltools.gnu-tools-for-stm32.7-2018-q2-update.win32_1.0.0.201904181610/tools/bin/../lib/gcc/arm-none-eabi/7.3.1/thumb/v7-m/crtn.o
                0x000000000800137c                . = ALIGN (0x4)
                0x000000000800137c                _etext = .

.vfp11_veneer   0x000000000800137c        0x0
 .vfp11_veneer  0x000000000800137c        0x0 linker stubs

.v4_bx          0x000000000800137c        0x0
 .v4_bx         0x000000000800137c        0x0 linker stubs

.iplt           0x000000000800137c        0x0
 .iplt          0x000000000800137c        0x0 c:/st/stm32cubeide_1.3.0/stm32cubeide/plugins/com.st.stm32cube.ide.mcu.externaltools.gnu-tools-for-stm32.7-2018-q2-update.win32_1.0.0.201904181610/tools/bin/../lib/gcc/arm-none-eabi/7.3.1/thumb/v7-m/crtbegin.o

.rodata         0x000000000800137c      0x360
                0x000000000800137c                . = ALIGN (0x4)
 *(.rodata)
 .rodata        0x000000000800137c      0x280 Src/esp8266_Firbase.o
 .rodata        0x00000000080015fc       0x7d Src/hc-sr501pir_sensor.o
 *fill*         0x0000000008001679        0x3 
 .rodata        0x000000000800167c       0x14 Src/main.o
 .rodata        0x0000000008001690       0x18 Src/usart.o
 *(.rodata*)
 .rodata._svfprintf_r.str1.1
                0x00000000080016a8       0x11 c:/st/stm32cubeide_1.3.0/stm32cubeide/plugins/com.st.stm32cube.ide.mcu.externaltools.gnu-tools-for-stm32.7-2018-q2-update.win32_1.0.0.201904181610/tools/bin/../lib/gcc/arm-none-eabi/7.3.1/../../../../arm-none-eabi/lib/thumb/v7-m\libc_nano.a(lib_a-nano-svfprintf.o)
 .rodata._printf_i.str1.1
                0x00000000080016b9       0x22 c:/st/stm32cubeide_1.3.0/stm32cubeide/plugins/com.st.stm32cube.ide.mcu.externaltools.gnu-tools-for-stm32.7-2018-q2-update.win32_1.0.0.201904181610/tools/bin/../lib/gcc/arm-none-eabi/7.3.1/../../../../arm-none-eabi/lib/thumb/v7-m\libc_nano.a(lib_a-nano-vfprintf_i.o)
                0x00000000080016dc                . = ALIGN (0x4)
 *fill*         0x00000000080016db        0x1 

.rel.dyn        0x00000000080016dc        0x0
 .rel.iplt      0x00000000080016dc        0x0 c:/st/stm32cubeide_1.3.0/stm32cubeide/plugins/com.st.stm32cube.ide.mcu.externaltools.gnu-tools-for-stm32.7-2018-q2-update.win32_1.0.0.201904181610/tools/bin/../lib/gcc/arm-none-eabi/7.3.1/thumb/v7-m/crtbegin.o

.ARM.extab      0x00000000080016dc        0x0
                0x00000000080016dc                . = ALIGN (0x4)
 *(.ARM.extab* .gnu.linkonce.armextab.*)
                0x00000000080016dc                . = ALIGN (0x4)

.ARM            0x00000000080016dc        0x0
                0x00000000080016dc                . = ALIGN (0x4)
                0x00000000080016dc                __exidx_start = .
 *(.ARM.exidx*)
                0x00000000080016dc                __exidx_end = .
                0x00000000080016dc                . = ALIGN (0x4)

.preinit_array  0x00000000080016dc        0x0
                0x00000000080016dc                . = ALIGN (0x4)
                0x00000000080016dc                PROVIDE (__preinit_array_start = .)
 *(.preinit_array*)
                0x00000000080016dc                PROVIDE (__preinit_array_end = .)
                0x00000000080016dc                . = ALIGN (0x4)

.init_array     0x00000000080016dc        0x4
                0x00000000080016dc                . = ALIGN (0x4)
                0x00000000080016dc                PROVIDE (__init_array_start = .)
 *(SORT_BY_NAME(.init_array.*))
 *(.init_array*)
 .init_array    0x00000000080016dc        0x4 c:/st/stm32cubeide_1.3.0/stm32cubeide/plugins/com.st.stm32cube.ide.mcu.externaltools.gnu-tools-for-stm32.7-2018-q2-update.win32_1.0.0.201904181610/tools/bin/../lib/gcc/arm-none-eabi/7.3.1/thumb/v7-m/crtbegin.o
                0x00000000080016e0                PROVIDE (__init_array_end = .)
                0x00000000080016e0                . = ALIGN (0x4)

.fini_array     0x00000000080016e0        0x4
                0x00000000080016e0                . = ALIGN (0x4)
                [!provide]                        PROVIDE (__fini_array_start = .)
 *(SORT_BY_NAME(.fini_array.*))
 *(.fini_array*)
 .fini_array    0x00000000080016e0        0x4 c:/st/stm32cubeide_1.3.0/stm32cubeide/plugins/com.st.stm32cube.ide.mcu.externaltools.gnu-tools-for-stm32.7-2018-q2-update.win32_1.0.0.201904181610/tools/bin/../lib/gcc/arm-none-eabi/7.3.1/thumb/v7-m/crtbegin.o
                [!provide]                        PROVIDE (__fini_array_end = .)
                0x00000000080016e4                . = ALIGN (0x4)
                0x00000000080016e4                _sidata = LOADADDR (.data)

.data           0x0000000020000000       0xd0 load address 0x00000000080016e4
                0x0000000020000000                . = ALIGN (0x4)
                0x0000000020000000                _sdata = .
 *(.data)
 *(.data*)
 .data.firebase_host
                0x0000000020000000       0x29 Src/esp8266_Firbase.o
 *fill*         0x0000000020000029        0x3 
 .data.firebase_auth_key
                0x000000002000002c       0x29 Src/esp8266_Firbase.o
 *fill*         0x0000000020000055        0x3 
 .data.https_port
                0x0000000020000058        0x4 Src/esp8266_Firbase.o
 .data.device_id
                0x000000002000005c       0x10 Src/esp8266_Firbase.o
 .data._impure_ptr
                0x000000002000006c        0x4 c:/st/stm32cubeide_1.3.0/stm32cubeide/plugins/com.st.stm32cube.ide.mcu.externaltools.gnu-tools-for-stm32.7-2018-q2-update.win32_1.0.0.201904181610/tools/bin/../lib/gcc/arm-none-eabi/7.3.1/../../../../arm-none-eabi/lib/thumb/v7-m\libc_nano.a(lib_a-impure.o)
                0x000000002000006c                _impure_ptr
 .data.impure_data
                0x0000000020000070       0x60 c:/st/stm32cubeide_1.3.0/stm32cubeide/plugins/com.st.stm32cube.ide.mcu.externaltools.gnu-tools-for-stm32.7-2018-q2-update.win32_1.0.0.201904181610/tools/bin/../lib/gcc/arm-none-eabi/7.3.1/../../../../arm-none-eabi/lib/thumb/v7-m\libc_nano.a(lib_a-impure.o)
                0x00000000200000d0                . = ALIGN (0x4)
                0x00000000200000d0                _edata = .

.igot.plt       0x00000000200000d0        0x0 load address 0x00000000080017b4
 .igot.plt      0x00000000200000d0        0x0 c:/st/stm32cubeide_1.3.0/stm32cubeide/plugins/com.st.stm32cube.ide.mcu.externaltools.gnu-tools-for-stm32.7-2018-q2-update.win32_1.0.0.201904181610/tools/bin/../lib/gcc/arm-none-eabi/7.3.1/thumb/v7-m/crtbegin.o
                0x00000000200000d0                . = ALIGN (0x4)

.bss            0x00000000200000d0      0xa58 load address 0x00000000080017b4
                0x00000000200000d0                _sbss = .
                0x00000000200000d0                __bss_start__ = _sbss
 *(.bss)
 .bss           0x00000000200000d0       0x1c c:/st/stm32cubeide_1.3.0/stm32cubeide/plugins/com.st.stm32cube.ide.mcu.externaltools.gnu-tools-for-stm32.7-2018-q2-update.win32_1.0.0.201904181610/tools/bin/../lib/gcc/arm-none-eabi/7.3.1/thumb/v7-m/crtbegin.o
 *(.bss*)
 .bss.found     0x00000000200000ec        0x4 Src/esp8266_Firbase.o
 .bss.command   0x00000000200000f0      0x100 Src/esp8266_Firbase.o
 .bss.http      0x00000000200001f0      0x200 Src/esp8266_Firbase.o
 .bss.http_len  0x00000000200003f0        0x4 Src/esp8266_Firbase.o
 .bss.content   0x00000000200003f4       0x80 Src/esp8266_Firbase.o
 .bss.content_len
                0x0000000020000474        0x4 Src/esp8266_Firbase.o
 .bss.image_path
                0x0000000020000478       0x80 Src/esp8266_Firbase.o
 .bss.heap_end.5149
                0x00000000200004f8        0x4 Src/sysmem.o
 .bss.usart2    0x00000000200004fc      0x208 Src/usart.o
 .bss.usart1    0x0000000020000704      0x410 Src/usart.o
 .bss.c         0x0000000020000b14        0x1 Src/usart.o
 *fill*         0x0000000020000b15        0x3 
 .bss.__malloc_free_list
                0x0000000020000b18        0x4 c:/st/stm32cubeide_1.3.0/stm32cubeide/plugins/com.st.stm32cube.ide.mcu.externaltools.gnu-tools-for-stm32.7-2018-q2-update.win32_1.0.0.201904181610/tools/bin/../lib/gcc/arm-none-eabi/7.3.1/../../../../arm-none-eabi/lib/thumb/v7-m\libc_nano.a(lib_a-nano-mallocr.o)
                0x0000000020000b18                __malloc_free_list
 .bss.__malloc_sbrk_start
                0x0000000020000b1c        0x4 c:/st/stm32cubeide_1.3.0/stm32cubeide/plugins/com.st.stm32cube.ide.mcu.externaltools.gnu-tools-for-stm32.7-2018-q2-update.win32_1.0.0.201904181610/tools/bin/../lib/gcc/arm-none-eabi/7.3.1/../../../../arm-none-eabi/lib/thumb/v7-m\libc_nano.a(lib_a-nano-mallocr.o)
                0x0000000020000b1c                __malloc_sbrk_start
 *(COMMON)
 COMMON         0x0000000020000b20        0x1 Src/gpio_signal.o
                0x0000000020000b20                state
 *fill*         0x0000000020000b21        0x3 
 COMMON         0x0000000020000b24        0x4 c:/st/stm32cubeide_1.3.0/stm32cubeide/plugins/com.st.stm32cube.ide.mcu.externaltools.gnu-tools-for-stm32.7-2018-q2-update.win32_1.0.0.201904181610/tools/bin/../lib/gcc/arm-none-eabi/7.3.1/../../../../arm-none-eabi/lib/thumb/v7-m\libc_nano.a(lib_a-reent.o)
                0x0000000020000b24                errno
                0x0000000020000b28                . = ALIGN (0x4)
                0x0000000020000b28                _ebss = .
                0x0000000020000b28                __bss_end__ = _ebss

._user_heap_stack
                0x0000000020000b28      0x600 load address 0x00000000080017b4
                0x0000000020000b28                . = ALIGN (0x8)
                0x0000000020000b28                PROVIDE (end = .)
                [!provide]                        PROVIDE (_end = .)
                0x0000000020000d28                . = (. + _Min_Heap_Size)
 *fill*         0x0000000020000b28      0x200 
                0x0000000020001128                . = (. + _Min_Stack_Size)
 *fill*         0x0000000020000d28      0x400 
                0x0000000020001128                . = ALIGN (0x8)

/DISCARD/
 libc.a(*)
 libm.a(*)
 libgcc.a(*)

.ARM.attributes
                0x0000000000000000       0x29
 *(.ARM.attributes)
 .ARM.attributes
                0x0000000000000000       0x1d c:/st/stm32cubeide_1.3.0/stm32cubeide/plugins/com.st.stm32cube.ide.mcu.externaltools.gnu-tools-for-stm32.7-2018-q2-update.win32_1.0.0.201904181610/tools/bin/../lib/gcc/arm-none-eabi/7.3.1/thumb/v7-m/crti.o
 .ARM.attributes
                0x000000000000001d       0x2d c:/st/stm32cubeide_1.3.0/stm32cubeide/plugins/com.st.stm32cube.ide.mcu.externaltools.gnu-tools-for-stm32.7-2018-q2-update.win32_1.0.0.201904181610/tools/bin/../lib/gcc/arm-none-eabi/7.3.1/thumb/v7-m/crtbegin.o
 .ARM.attributes
                0x000000000000004a       0x33 Src/esp8266_Firbase.o
 .ARM.attributes
                0x000000000000007d       0x33 Src/gpio_signal.o
 .ARM.attributes
                0x00000000000000b0       0x33 Src/hc-sr501pir_sensor.o
 .ARM.attributes
                0x00000000000000e3       0x33 Src/main.o
 .ARM.attributes
                0x0000000000000116       0x33 Src/sysmem.o
 .ARM.attributes
                0x0000000000000149       0x33 Src/usart.o
 .ARM.attributes
                0x000000000000017c       0x21 Startup/startup_stm32f103rbtx.o
 .ARM.attributes
                0x000000000000019d       0x2d c:/st/stm32cubeide_1.3.0/stm32cubeide/plugins/com.st.stm32cube.ide.mcu.externaltools.gnu-tools-for-stm32.7-2018-q2-update.win32_1.0.0.201904181610/tools/bin/../lib/gcc/arm-none-eabi/7.3.1/../../../../arm-none-eabi/lib/thumb/v7-m\libc_nano.a(lib_a-errno.o)
 .ARM.attributes
                0x00000000000001ca       0x2d c:/st/stm32cubeide_1.3.0/stm32cubeide/plugins/com.st.stm32cube.ide.mcu.externaltools.gnu-tools-for-stm32.7-2018-q2-update.win32_1.0.0.201904181610/tools/bin/../lib/gcc/arm-none-eabi/7.3.1/../../../../arm-none-eabi/lib/thumb/v7-m\libc_nano.a(lib_a-impure.o)
 .ARM.attributes
                0x00000000000001f7       0x2d c:/st/stm32cubeide_1.3.0/stm32cubeide/plugins/com.st.stm32cube.ide.mcu.externaltools.gnu-tools-for-stm32.7-2018-q2-update.win32_1.0.0.201904181610/tools/bin/../lib/gcc/arm-none-eabi/7.3.1/../../../../arm-none-eabi/lib/thumb/v7-m\libc_nano.a(lib_a-init.o)
 .ARM.attributes
                0x0000000000000224       0x2d c:/st/stm32cubeide_1.3.0/stm32cubeide/plugins/com.st.stm32cube.ide.mcu.externaltools.gnu-tools-for-stm32.7-2018-q2-update.win32_1.0.0.201904181610/tools/bin/../lib/gcc/arm-none-eabi/7.3.1/../../../../arm-none-eabi/lib/thumb/v7-m\libc_nano.a(lib_a-memset.o)
 .ARM.attributes
                0x0000000000000251       0x2d c:/st/stm32cubeide_1.3.0/stm32cubeide/plugins/com.st.stm32cube.ide.mcu.externaltools.gnu-tools-for-stm32.7-2018-q2-update.win32_1.0.0.201904181610/tools/bin/../lib/gcc/arm-none-eabi/7.3.1/../../../../arm-none-eabi/lib/thumb/v7-m\libc_nano.a(lib_a-sprintf.o)
 .ARM.attributes
                0x000000000000027e       0x2d c:/st/stm32cubeide_1.3.0/stm32cubeide/plugins/com.st.stm32cube.ide.mcu.externaltools.gnu-tools-for-stm32.7-2018-q2-update.win32_1.0.0.201904181610/tools/bin/../lib/gcc/arm-none-eabi/7.3.1/../../../../arm-none-eabi/lib/thumb/v7-m\libc_nano.a(lib_a-strcpy.o)
 .ARM.attributes
                0x00000000000002ab       0x17 c:/st/stm32cubeide_1.3.0/stm32cubeide/plugins/com.st.stm32cube.ide.mcu.externaltools.gnu-tools-for-stm32.7-2018-q2-update.win32_1.0.0.201904181610/tools/bin/../lib/gcc/arm-none-eabi/7.3.1/../../../../arm-none-eabi/lib/thumb/v7-m\libc_nano.a(lib_a-strlen.o)
 .ARM.attributes
                0x00000000000002c2       0x2d c:/st/stm32cubeide_1.3.0/stm32cubeide/plugins/com.st.stm32cube.ide.mcu.externaltools.gnu-tools-for-stm32.7-2018-q2-update.win32_1.0.0.201904181610/tools/bin/../lib/gcc/arm-none-eabi/7.3.1/../../../../arm-none-eabi/lib/thumb/v7-m\libc_nano.a(lib_a-strstr.o)
 .ARM.attributes
                0x00000000000002ef       0x2d c:/st/stm32cubeide_1.3.0/stm32cubeide/plugins/com.st.stm32cube.ide.mcu.externaltools.gnu-tools-for-stm32.7-2018-q2-update.win32_1.0.0.201904181610/tools/bin/../lib/gcc/arm-none-eabi/7.3.1/../../../../arm-none-eabi/lib/thumb/v7-m\libc_nano.a(lib_a-nano-svfprintf.o)
 .ARM.attributes
                0x000000000000031c       0x2d c:/st/stm32cubeide_1.3.0/stm32cubeide/plugins/com.st.stm32cube.ide.mcu.externaltools.gnu-tools-for-stm32.7-2018-q2-update.win32_1.0.0.201904181610/tools/bin/../lib/gcc/arm-none-eabi/7.3.1/../../../../arm-none-eabi/lib/thumb/v7-m\libc_nano.a(lib_a-nano-vfprintf_i.o)
 .ARM.attributes
                0x0000000000000349       0x2d c:/st/stm32cubeide_1.3.0/stm32cubeide/plugins/com.st.stm32cube.ide.mcu.externaltools.gnu-tools-for-stm32.7-2018-q2-update.win32_1.0.0.201904181610/tools/bin/../lib/gcc/arm-none-eabi/7.3.1/../../../../arm-none-eabi/lib/thumb/v7-m\libc_nano.a(lib_a-memchr-stub.o)
 .ARM.attributes
                0x0000000000000376       0x2d c:/st/stm32cubeide_1.3.0/stm32cubeide/plugins/com.st.stm32cube.ide.mcu.externaltools.gnu-tools-for-stm32.7-2018-q2-update.win32_1.0.0.201904181610/tools/bin/../lib/gcc/arm-none-eabi/7.3.1/../../../../arm-none-eabi/lib/thumb/v7-m\libc_nano.a(lib_a-memcpy-stub.o)
 .ARM.attributes
                0x00000000000003a3       0x2d c:/st/stm32cubeide_1.3.0/stm32cubeide/plugins/com.st.stm32cube.ide.mcu.externaltools.gnu-tools-for-stm32.7-2018-q2-update.win32_1.0.0.201904181610/tools/bin/../lib/gcc/arm-none-eabi/7.3.1/../../../../arm-none-eabi/lib/thumb/v7-m\libc_nano.a(lib_a-memmove.o)
 .ARM.attributes
                0x00000000000003d0       0x2d c:/st/stm32cubeide_1.3.0/stm32cubeide/plugins/com.st.stm32cube.ide.mcu.externaltools.gnu-tools-for-stm32.7-2018-q2-update.win32_1.0.0.201904181610/tools/bin/../lib/gcc/arm-none-eabi/7.3.1/../../../../arm-none-eabi/lib/thumb/v7-m\libc_nano.a(lib_a-nano-freer.o)
 .ARM.attributes
                0x00000000000003fd       0x2d c:/st/stm32cubeide_1.3.0/stm32cubeide/plugins/com.st.stm32cube.ide.mcu.externaltools.gnu-tools-for-stm32.7-2018-q2-update.win32_1.0.0.201904181610/tools/bin/../lib/gcc/arm-none-eabi/7.3.1/../../../../arm-none-eabi/lib/thumb/v7-m\libc_nano.a(lib_a-nano-mallocr.o)
 .ARM.attributes
                0x000000000000042a       0x2d c:/st/stm32cubeide_1.3.0/stm32cubeide/plugins/com.st.stm32cube.ide.mcu.externaltools.gnu-tools-for-stm32.7-2018-q2-update.win32_1.0.0.201904181610/tools/bin/../lib/gcc/arm-none-eabi/7.3.1/../../../../arm-none-eabi/lib/thumb/v7-m\libc_nano.a(lib_a-nano-reallocr.o)
 .ARM.attributes
                0x0000000000000457       0x2d c:/st/stm32cubeide_1.3.0/stm32cubeide/plugins/com.st.stm32cube.ide.mcu.externaltools.gnu-tools-for-stm32.7-2018-q2-update.win32_1.0.0.201904181610/tools/bin/../lib/gcc/arm-none-eabi/7.3.1/../../../../arm-none-eabi/lib/thumb/v7-m\libc_nano.a(lib_a-sbrkr.o)
 .ARM.attributes
                0x0000000000000484       0x2d c:/st/stm32cubeide_1.3.0/stm32cubeide/plugins/com.st.stm32cube.ide.mcu.externaltools.gnu-tools-for-stm32.7-2018-q2-update.win32_1.0.0.201904181610/tools/bin/../lib/gcc/arm-none-eabi/7.3.1/../../../../arm-none-eabi/lib/thumb/v7-m\libc_nano.a(lib_a-mlock.o)
 .ARM.attributes
                0x00000000000004b1       0x2d c:/st/stm32cubeide_1.3.0/stm32cubeide/plugins/com.st.stm32cube.ide.mcu.externaltools.gnu-tools-for-stm32.7-2018-q2-update.win32_1.0.0.201904181610/tools/bin/../lib/gcc/arm-none-eabi/7.3.1/../../../../arm-none-eabi/lib/thumb/v7-m\libc_nano.a(lib_a-nano-msizer.o)
 .ARM.attributes
                0x00000000000004de       0x2d c:/st/stm32cubeide_1.3.0/stm32cubeide/plugins/com.st.stm32cube.ide.mcu.externaltools.gnu-tools-for-stm32.7-2018-q2-update.win32_1.0.0.201904181610/tools/bin/../lib/gcc/arm-none-eabi/7.3.1/../../../../arm-none-eabi/lib/thumb/v7-m\libc_nano.a(lib_a-reent.o)
 .ARM.attributes
                0x000000000000050b       0x1d c:/st/stm32cubeide_1.3.0/stm32cubeide/plugins/com.st.stm32cube.ide.mcu.externaltools.gnu-tools-for-stm32.7-2018-q2-update.win32_1.0.0.201904181610/tools/bin/../lib/gcc/arm-none-eabi/7.3.1/thumb/v7-m/crtn.o
OUTPUT(stm32-f103rb-cnss.elf elf32-littlearm)

.debug_info     0x0000000000000000     0x46bd
 .debug_info    0x0000000000000000      0xb73 Src/esp8266_Firbase.o
 .debug_info    0x0000000000000b73      0x667 Src/gpio_signal.o
 .debug_info    0x00000000000011da     0x106b Src/hc-sr501pir_sensor.o
 .debug_info    0x0000000000002245      0x976 Src/main.o
 .debug_info    0x0000000000002bbb      0x91c Src/sysmem.o
 .debug_info    0x00000000000034d7     0x11c4 Src/usart.o
 .debug_info    0x000000000000469b       0x22 Startup/startup_stm32f103rbtx.o

.debug_abbrev   0x0000000000000000      0xc8f
 .debug_abbrev  0x0000000000000000      0x1d2 Src/esp8266_Firbase.o
 .debug_abbrev  0x00000000000001d2      0x1b0 Src/gpio_signal.o
 .debug_abbrev  0x0000000000000382      0x27b Src/hc-sr501pir_sensor.o
 .debug_abbrev  0x00000000000005fd      0x1a8 Src/main.o
 .debug_abbrev  0x00000000000007a5      0x1bb Src/sysmem.o
 .debug_abbrev  0x0000000000000960      0x31d Src/usart.o
 .debug_abbrev  0x0000000000000c7d       0x12 Startup/startup_stm32f103rbtx.o

.debug_aranges  0x0000000000000000      0x1f8
 .debug_aranges
                0x0000000000000000       0x80 Src/esp8266_Firbase.o
 .debug_aranges
                0x0000000000000080       0x48 Src/gpio_signal.o
 .debug_aranges
                0x00000000000000c8       0x50 Src/hc-sr501pir_sensor.o
 .debug_aranges
                0x0000000000000118       0x20 Src/main.o
 .debug_aranges
                0x0000000000000138       0x20 Src/sysmem.o
 .debug_aranges
                0x0000000000000158       0x78 Src/usart.o
 .debug_aranges
                0x00000000000001d0       0x28 Startup/startup_stm32f103rbtx.o

.debug_ranges   0x0000000000000000      0x190
 .debug_ranges  0x0000000000000000       0x70 Src/esp8266_Firbase.o
 .debug_ranges  0x0000000000000070       0x38 Src/gpio_signal.o
 .debug_ranges  0x00000000000000a8       0x40 Src/hc-sr501pir_sensor.o
 .debug_ranges  0x00000000000000e8       0x10 Src/main.o
 .debug_ranges  0x00000000000000f8       0x10 Src/sysmem.o
 .debug_ranges  0x0000000000000108       0x68 Src/usart.o
 .debug_ranges  0x0000000000000170       0x20 Startup/startup_stm32f103rbtx.o

.debug_macro    0x0000000000000000    0x10ca5
 .debug_macro   0x0000000000000000      0x2b5 Src/esp8266_Firbase.o
 .debug_macro   0x00000000000002b5       0x46 Src/esp8266_Firbase.o
 .debug_macro   0x00000000000002fb       0x22 Src/esp8266_Firbase.o
 .debug_macro   0x000000000000031d       0x22 Src/esp8266_Firbase.o
 .debug_macro   0x000000000000033f       0x8e Src/esp8266_Firbase.o
 .debug_macro   0x00000000000003cd       0x51 Src/esp8266_Firbase.o
 .debug_macro   0x000000000000041e       0xef Src/esp8266_Firbase.o
 .debug_macro   0x000000000000050d       0x6a Src/esp8266_Firbase.o
 .debug_macro   0x0000000000000577      0x1df Src/esp8266_Firbase.o
 .debug_macro   0x0000000000000756       0x1c Src/esp8266_Firbase.o
 .debug_macro   0x0000000000000772       0x22 Src/esp8266_Firbase.o
 .debug_macro   0x0000000000000794       0xc3 Src/esp8266_Firbase.o
 .debug_macro   0x0000000000000857      0xd23 Src/esp8266_Firbase.o
 .debug_macro   0x000000000000157a     0xe097 Src/esp8266_Firbase.o
 .debug_macro   0x000000000000f611       0x16 Src/esp8266_Firbase.o
 .debug_macro   0x000000000000f627       0x18 Src/esp8266_Firbase.o
 .debug_macro   0x000000000000f63f       0x46 Src/esp8266_Firbase.o
 .debug_macro   0x000000000000f685       0x3c Src/esp8266_Firbase.o
 .debug_macro   0x000000000000f6c1       0x34 Src/esp8266_Firbase.o
 .debug_macro   0x000000000000f6f5       0x16 Src/esp8266_Firbase.o
 .debug_macro   0x000000000000f70b      0x10e Src/esp8266_Firbase.o
 .debug_macro   0x000000000000f819       0x8d Src/esp8266_Firbase.o
 .debug_macro   0x000000000000f8a6       0x52 Src/esp8266_Firbase.o
 .debug_macro   0x000000000000f8f8       0x1f Src/esp8266_Firbase.o
 .debug_macro   0x000000000000f917       0x43 Src/esp8266_Firbase.o
 .debug_macro   0x000000000000f95a       0x20 Src/esp8266_Firbase.o
 .debug_macro   0x000000000000f97a      0x1a3 Src/esp8266_Firbase.o
 .debug_macro   0x000000000000fb1d      0x32a Src/esp8266_Firbase.o
 .debug_macro   0x000000000000fe47       0x16 Src/esp8266_Firbase.o
 .debug_macro   0x000000000000fe5d       0x29 Src/esp8266_Firbase.o
 .debug_macro   0x000000000000fe86       0x10 Src/esp8266_Firbase.o
 .debug_macro   0x000000000000fe96       0x16 Src/esp8266_Firbase.o
 .debug_macro   0x000000000000feac       0x35 Src/esp8266_Firbase.o
 .debug_macro   0x000000000000fee1       0x20 Src/esp8266_Firbase.o
 .debug_macro   0x000000000000ff01       0x1c Src/esp8266_Firbase.o
 .debug_macro   0x000000000000ff1d       0x10 Src/esp8266_Firbase.o
 .debug_macro   0x000000000000ff2d       0x10 Src/esp8266_Firbase.o
 .debug_macro   0x000000000000ff3d       0x1c Src/esp8266_Firbase.o
 .debug_macro   0x000000000000ff59       0x52 Src/esp8266_Firbase.o
 .debug_macro   0x000000000000ffab       0x40 Src/esp8266_Firbase.o
 .debug_macro   0x000000000000ffeb       0x10 Src/esp8266_Firbase.o
 .debug_macro   0x000000000000fffb       0x40 Src/esp8266_Firbase.o
 .debug_macro   0x000000000001003b       0xd7 Src/esp8266_Firbase.o
 .debug_macro   0x0000000000010112       0x1c Src/esp8266_Firbase.o
 .debug_macro   0x000000000001012e       0x3d Src/esp8266_Firbase.o
 .debug_macro   0x000000000001016b       0x16 Src/esp8266_Firbase.o
 .debug_macro   0x0000000000010181      0x145 Src/esp8266_Firbase.o
 .debug_macro   0x00000000000102c6       0xbf Src/gpio_signal.o
 .debug_macro   0x0000000000010385      0x192 Src/hc-sr501pir_sensor.o
 .debug_macro   0x0000000000010517      0x1ab Src/main.o
 .debug_macro   0x00000000000106c2       0x16 Src/main.o
 .debug_macro   0x00000000000106d8      0x1ae Src/sysmem.o
 .debug_macro   0x0000000000010886      0x23b Src/sysmem.o
 .debug_macro   0x0000000000010ac1       0x16 Src/sysmem.o
 .debug_macro   0x0000000000010ad7      0x1ce Src/usart.o

.debug_line     0x0000000000000000     0x28b7
 .debug_line    0x0000000000000000      0x889 Src/esp8266_Firbase.o
 .debug_line    0x0000000000000889      0x56d Src/gpio_signal.o
 .debug_line    0x0000000000000df6      0x6d5 Src/hc-sr501pir_sensor.o
 .debug_line    0x00000000000014cb      0x661 Src/main.o
 .debug_line    0x0000000000001b2c      0x559 Src/sysmem.o
 .debug_line    0x0000000000002085      0x7ae Src/usart.o
 .debug_line    0x0000000000002833       0x84 Startup/startup_stm32f103rbtx.o

.debug_str      0x0000000000000000    0x58f29
 .debug_str     0x0000000000000000    0x58415 Src/esp8266_Firbase.o
                                      0x58738 (size before relaxing)
 .debug_str     0x0000000000058415      0x3e0 Src/gpio_signal.o
                                      0x542c0 (size before relaxing)
 .debug_str     0x00000000000587f5      0x109 Src/hc-sr501pir_sensor.o
                                      0x57765 (size before relaxing)
 .debug_str     0x00000000000588fe       0x32 Src/main.o
                                      0x57383 (size before relaxing)
 .debug_str     0x0000000000058930      0x4cc Src/sysmem.o
                                       0x7ade (size before relaxing)
 .debug_str     0x0000000000058dfc       0xfc Src/usart.o
                                      0x5784e (size before relaxing)
 .debug_str     0x0000000000058ef8       0x31 Startup/startup_stm32f103rbtx.o
                                         0x70 (size before relaxing)

.comment        0x0000000000000000       0x7b
 .comment       0x0000000000000000       0x7b Src/esp8266_Firbase.o
                                         0x7c (size before relaxing)
 .comment       0x000000000000007b       0x7c Src/gpio_signal.o
 .comment       0x000000000000007b       0x7c Src/hc-sr501pir_sensor.o
 .comment       0x000000000000007b       0x7c Src/main.o
 .comment       0x000000000000007b       0x7c Src/sysmem.o
 .comment       0x000000000000007b       0x7c Src/usart.o

.debug_frame    0x0000000000000000      0x97c
 .debug_frame   0x0000000000000000      0x190 Src/esp8266_Firbase.o
 .debug_frame   0x0000000000000190       0xd0 Src/gpio_signal.o
 .debug_frame   0x0000000000000260      0x100 Src/hc-sr501pir_sensor.o
 .debug_frame   0x0000000000000360       0x2c Src/main.o
 .debug_frame   0x000000000000038c       0x34 Src/sysmem.o
 .debug_frame   0x00000000000003c0      0x1b4 Src/usart.o
 .debug_frame   0x0000000000000574       0x20 c:/st/stm32cubeide_1.3.0/stm32cubeide/plugins/com.st.stm32cube.ide.mcu.externaltools.gnu-tools-for-stm32.7-2018-q2-update.win32_1.0.0.201904181610/tools/bin/../lib/gcc/arm-none-eabi/7.3.1/../../../../arm-none-eabi/lib/thumb/v7-m\libc_nano.a(lib_a-errno.o)
 .debug_frame   0x0000000000000594       0x2c c:/st/stm32cubeide_1.3.0/stm32cubeide/plugins/com.st.stm32cube.ide.mcu.externaltools.gnu-tools-for-stm32.7-2018-q2-update.win32_1.0.0.201904181610/tools/bin/../lib/gcc/arm-none-eabi/7.3.1/../../../../arm-none-eabi/lib/thumb/v7-m\libc_nano.a(lib_a-init.o)
 .debug_frame   0x00000000000005c0       0x20 c:/st/stm32cubeide_1.3.0/stm32cubeide/plugins/com.st.stm32cube.ide.mcu.externaltools.gnu-tools-for-stm32.7-2018-q2-update.win32_1.0.0.201904181610/tools/bin/../lib/gcc/arm-none-eabi/7.3.1/../../../../arm-none-eabi/lib/thumb/v7-m\libc_nano.a(lib_a-memset.o)
 .debug_frame   0x00000000000005e0       0x6c c:/st/stm32cubeide_1.3.0/stm32cubeide/plugins/com.st.stm32cube.ide.mcu.externaltools.gnu-tools-for-stm32.7-2018-q2-update.win32_1.0.0.201904181610/tools/bin/../lib/gcc/arm-none-eabi/7.3.1/../../../../arm-none-eabi/lib/thumb/v7-m\libc_nano.a(lib_a-sprintf.o)
 .debug_frame   0x000000000000064c       0x20 c:/st/stm32cubeide_1.3.0/stm32cubeide/plugins/com.st.stm32cube.ide.mcu.externaltools.gnu-tools-for-stm32.7-2018-q2-update.win32_1.0.0.201904181610/tools/bin/../lib/gcc/arm-none-eabi/7.3.1/../../../../arm-none-eabi/lib/thumb/v7-m\libc_nano.a(lib_a-strcpy.o)
 .debug_frame   0x000000000000066c       0x30 c:/st/stm32cubeide_1.3.0/stm32cubeide/plugins/com.st.stm32cube.ide.mcu.externaltools.gnu-tools-for-stm32.7-2018-q2-update.win32_1.0.0.201904181610/tools/bin/../lib/gcc/arm-none-eabi/7.3.1/../../../../arm-none-eabi/lib/thumb/v7-m\libc_nano.a(lib_a-strstr.o)
 .debug_frame   0x000000000000069c       0x90 c:/st/stm32cubeide_1.3.0/stm32cubeide/plugins/com.st.stm32cube.ide.mcu.externaltools.gnu-tools-for-stm32.7-2018-q2-update.win32_1.0.0.201904181610/tools/bin/../lib/gcc/arm-none-eabi/7.3.1/../../../../arm-none-eabi/lib/thumb/v7-m\libc_nano.a(lib_a-nano-svfprintf.o)
 .debug_frame   0x000000000000072c       0x60 c:/st/stm32cubeide_1.3.0/stm32cubeide/plugins/com.st.stm32cube.ide.mcu.externaltools.gnu-tools-for-stm32.7-2018-q2-update.win32_1.0.0.201904181610/tools/bin/../lib/gcc/arm-none-eabi/7.3.1/../../../../arm-none-eabi/lib/thumb/v7-m\libc_nano.a(lib_a-nano-vfprintf_i.o)
 .debug_frame   0x000000000000078c       0x28 c:/st/stm32cubeide_1.3.0/stm32cubeide/plugins/com.st.stm32cube.ide.mcu.externaltools.gnu-tools-for-stm32.7-2018-q2-update.win32_1.0.0.201904181610/tools/bin/../lib/gcc/arm-none-eabi/7.3.1/../../../../arm-none-eabi/lib/thumb/v7-m\libc_nano.a(lib_a-memchr-stub.o)
 .debug_frame   0x00000000000007b4       0x28 c:/st/stm32cubeide_1.3.0/stm32cubeide/plugins/com.st.stm32cube.ide.mcu.externaltools.gnu-tools-for-stm32.7-2018-q2-update.win32_1.0.0.201904181610/tools/bin/../lib/gcc/arm-none-eabi/7.3.1/../../../../arm-none-eabi/lib/thumb/v7-m\libc_nano.a(lib_a-memcpy-stub.o)
 .debug_frame   0x00000000000007dc       0x28 c:/st/stm32cubeide_1.3.0/stm32cubeide/plugins/com.st.stm32cube.ide.mcu.externaltools.gnu-tools-for-stm32.7-2018-q2-update.win32_1.0.0.201904181610/tools/bin/../lib/gcc/arm-none-eabi/7.3.1/../../../../arm-none-eabi/lib/thumb/v7-m\libc_nano.a(lib_a-memmove.o)
 .debug_frame   0x0000000000000804       0x38 c:/st/stm32cubeide_1.3.0/stm32cubeide/plugins/com.st.stm32cube.ide.mcu.externaltools.gnu-tools-for-stm32.7-2018-q2-update.win32_1.0.0.201904181610/tools/bin/../lib/gcc/arm-none-eabi/7.3.1/../../../../arm-none-eabi/lib/thumb/v7-m\libc_nano.a(lib_a-nano-freer.o)
 .debug_frame   0x000000000000083c       0x2c c:/st/stm32cubeide_1.3.0/stm32cubeide/plugins/com.st.stm32cube.ide.mcu.externaltools.gnu-tools-for-stm32.7-2018-q2-update.win32_1.0.0.201904181610/tools/bin/../lib/gcc/arm-none-eabi/7.3.1/../../../../arm-none-eabi/lib/thumb/v7-m\libc_nano.a(lib_a-nano-mallocr.o)
 .debug_frame   0x0000000000000868       0x3c c:/st/stm32cubeide_1.3.0/stm32cubeide/plugins/com.st.stm32cube.ide.mcu.externaltools.gnu-tools-for-stm32.7-2018-q2-update.win32_1.0.0.201904181610/tools/bin/../lib/gcc/arm-none-eabi/7.3.1/../../../../arm-none-eabi/lib/thumb/v7-m\libc_nano.a(lib_a-nano-reallocr.o)
 .debug_frame   0x00000000000008a4       0x2c c:/st/stm32cubeide_1.3.0/stm32cubeide/plugins/com.st.stm32cube.ide.mcu.externaltools.gnu-tools-for-stm32.7-2018-q2-update.win32_1.0.0.201904181610/tools/bin/../lib/gcc/arm-none-eabi/7.3.1/../../../../arm-none-eabi/lib/thumb/v7-m\libc_nano.a(lib_a-sbrkr.o)
 .debug_frame   0x00000000000008d0       0x30 c:/st/stm32cubeide_1.3.0/stm32cubeide/plugins/com.st.stm32cube.ide.mcu.externaltools.gnu-tools-for-stm32.7-2018-q2-update.win32_1.0.0.201904181610/tools/bin/../lib/gcc/arm-none-eabi/7.3.1/../../../../arm-none-eabi/lib/thumb/v7-m\libc_nano.a(lib_a-mlock.o)
 .debug_frame   0x0000000000000900       0x20 c:/st/stm32cubeide_1.3.0/stm32cubeide/plugins/com.st.stm32cube.ide.mcu.externaltools.gnu-tools-for-stm32.7-2018-q2-update.win32_1.0.0.201904181610/tools/bin/../lib/gcc/arm-none-eabi/7.3.1/../../../../arm-none-eabi/lib/thumb/v7-m\libc_nano.a(lib_a-nano-msizer.o)
 .debug_frame   0x0000000000000920       0x5c c:/st/stm32cubeide_1.3.0/stm32cubeide/plugins/com.st.stm32cube.ide.mcu.externaltools.gnu-tools-for-stm32.7-2018-q2-update.win32_1.0.0.201904181610/tools/bin/../lib/gcc/arm-none-eabi/7.3.1/../../../../arm-none-eabi/lib/thumb/v7-m\libc_nano.a(lib_a-reent.o)
