core_cm3.h:1480:22:__NVIC_SetPriorityGrouping	24	static
core_cm3.h:1511:22:__NVIC_EnableIRQ	16	static
core_cm3.h:1639:22:__NVIC_SetPriority	16	static
usart.c:30:6:USART1_NEW_LINE_FOUND_get	4	static
usart.c:34:6:USART1_NEW_LINE_READ_set	4	static
usart.c:39:6:USART2_NEW_LINE_FOUND_get	4	static
usart.c:43:6:USART2_NEW_LINE_READ_set	4	static
usart.c:49:6:USART2_init	8	static,ignoring_inline_asm
usart.c:102:6:USART1_init	8	static,ignoring_inline_asm
usart.c:157:6:USART2_enable_Rx	4	static
usart.c:163:6:USART2_disable_Rx	4	static
usart.c:169:6:USART2_set_buffer_Tx	16	static
usart.c:186:6:USART2_set_buffer_Rx	8	static
usart.c:194:6:USART2_write	16	static
usart.c:219:6:USART2_write_line	32	static
usart.c:252:6:USART2_read_buffer_Rx	24	static
usart.c:269:6:USART2_ok	8	static
usart.c:288:6:USART1_write	16	static
usart.c:314:6:USART1_set_buffer_Tx	16	static
usart.c:330:6:USART1_set_buffer_Rx	8	static
usart.c:342:7:USART1_search_buffer_Rx	16	static
usart.c:374:14:USART1_check_state_buffer_Rx	24	static
usart.c:412:6:USART1_IRQHandler	4	static
usart.c:437:6:USART2_IRQHandler	8	static
