core_cm3.h:1480:22:__NVIC_SetPriorityGrouping	24	static
core_cm3.h:1511:22:__NVIC_EnableIRQ	16	static
core_cm3.h:1639:22:__NVIC_SetPriority	16	static
usart.c:27:6:USART1_NEW_LINE_FOUND_get	4	static
usart.c:31:6:USART1_NEW_LINE_READ_set	4	static
usart.c:42:6:USART2_init	4	static
usart.c:92:6:USART1_init	8	static,ignoring_inline_asm
usart.c:151:6:set_usart2_buffer_Tx	16	static
usart.c:171:6:write_usart2	16	static
usart.c:189:6:USART2_write_line	32	static
usart.c:224:6:write_usart1	16	static
usart.c:251:6:set_usart1_buffer_Tx	16	static
usart.c:269:6:set_usart1_buffer_Rx	8	static
usart.c:287:7:USART1_search_buffer_Rx	16	static
usart.c:322:14:find_state_usart1_Buffer_Rx	24	static
usart.c:356:6:USART1_IRQHandler	4	static
