core_cm3.h:1480:22:__NVIC_SetPriorityGrouping	24	static
core_cm3.h:1511:22:__NVIC_EnableIRQ	16	static
core_cm3.h:1639:22:__NVIC_SetPriority	16	static
usart.c:106:6:init_usart2	4	static
usart.c:156:6:init_usart1	8	static,ignoring_inline_asm
usart.c:218:6:set_usart2_buffer_Tx	16	static
usart.c:238:6:write_usart2	16	static
usart.c:257:6:write_usart1	16	static
usart.c:277:6:set_usart1_buffer_Tx	16	static
usart.c:295:6:set_usart1_buffer_Rx	8	static
usart.c:304:10:search_usart1_buffer_Rx	16	static
usart.c:334:6:USART1_IRQHandler	4	static
