core_cm3.h:1480:22:__NVIC_SetPriorityGrouping	24	static
core_cm3.h:1511:22:__NVIC_EnableIRQ	16	static
core_cm3.h:1639:22:__NVIC_SetPriority	16	static
usart.c:101:6:init_usart2	4	static
usart.c:155:6:init_usart1	8	static,ignoring_inline_asm
usart.c:231:6:set_usart2_buffer_Tx	16	static
usart.c:251:6:write_usart2	16	static
usart.c:270:6:write_usart1	16	static
usart.c:306:6:set_usart1_buffer_Tx	16	static
usart.c:324:6:set_usart1_buffer_Rx	8	static
usart.c:333:6:read_usart1	8	static
usart.c:342:10:search_usart1_buffer_Rx	16	static
usart.c:357:6:USART1_IRQHandler	4	static
