core_cm3.h:1480:22:__NVIC_SetPriorityGrouping	24	static
core_cm3.h:1511:22:__NVIC_EnableIRQ	16	static
core_cm3.h:1639:22:__NVIC_SetPriority	16	static
usart.c:115:6:init_usart2	4	static
usart.c:165:6:init_usart1	8	static,ignoring_inline_asm
usart.c:227:6:set_usart2_buffer_Tx	16	static
usart.c:247:6:write_usart2	16	static
usart.c:266:6:write_usart1	16	static
usart.c:286:6:set_usart1_buffer_Tx	16	static
usart.c:304:6:set_usart1_buffer_Rx	8	static
usart.c:317:7:search_usart1_buffer_Rx	16	static
usart.c:351:6:USART1_IRQHandler	4	static
