core_cm3.h:1480:22:__NVIC_SetPriorityGrouping	24	static
core_cm3.h:1511:22:__NVIC_EnableIRQ	16	static
core_cm3.h:1639:22:__NVIC_SetPriority	16	static
usart.c:104:6:init_usart2	4	static
usart.c:154:6:init_usart1	8	static,ignoring_inline_asm
usart.c:216:6:set_usart2_buffer_Tx	16	static
usart.c:236:6:write_usart2	16	static
usart.c:255:6:write_usart1	16	static
usart.c:275:6:set_usart1_buffer_Tx	16	static
usart.c:293:6:set_usart1_buffer_Rx	8	static
usart.c:302:10:search_usart1_buffer_Rx	16	static
usart.c:331:6:USART1_IRQHandler	4	static
