core_cm3.h:1480:22:__NVIC_SetPriorityGrouping	24	static
core_cm3.h:1511:22:__NVIC_EnableIRQ	16	static
core_cm3.h:1639:22:__NVIC_SetPriority	16	static
usart.c:27:6:USART1_NEW_LINE_FOUND_get	4	static
usart.c:31:6:USART1_NEW_LINE_READ_set	4	static
usart.c:40:6:USART2_init	4	static
usart.c:82:6:USART1_init	8	static,ignoring_inline_asm
usart.c:136:6:USART2_set_buffer_Tx	16	static
usart.c:154:6:USART2_write	16	static
usart.c:172:6:USART2_write_line	32	static
usart.c:206:6:USART1_write	16	static
usart.c:233:6:USART1_set_buffer_Tx	16	static
usart.c:250:6:USART1_set_buffer_Rx	8	static
usart.c:263:7:USART1_search_buffer_Rx	16	static
usart.c:296:14:USART1_check_state_buffer_Rx	24	static
usart.c:333:6:USART1_IRQHandler	4	static
