core_cm3.h:1480:22:__NVIC_SetPriorityGrouping	24	static
core_cm3.h:1511:22:__NVIC_EnableIRQ	16	static
core_cm3.h:1639:22:__NVIC_SetPriority	16	static
usart.c:28:6:USART1_NEW_LINE_FOUND_get	4	static
usart.c:32:6:USART1_NEW_LINE_READ_set	4	static
usart.c:37:6:USART2_NEW_LINE_FOUND_get	4	static
usart.c:41:6:USART2_NEW_LINE_READ_set	4	static
usart.c:47:6:USART2_init	8	static,ignoring_inline_asm
usart.c:98:6:USART1_init	8	static,ignoring_inline_asm
usart.c:153:6:USART2_enable_Rx	4	static
usart.c:159:6:USART2_disable_Rx	4	static
usart.c:165:6:USART2_set_buffer_Tx	16	static
usart.c:182:6:USART2_set_buffer_Rx	8	static
usart.c:190:6:USART2_write	16	static
usart.c:215:6:USART2_write_line	32	static
usart.c:248:6:USART2_read_buffer_Rx	24	static
usart.c:265:6:USART2_ok	8	static
usart.c:284:6:USART1_write	16	static
usart.c:310:6:USART1_set_buffer_Tx	16	static
usart.c:326:6:USART1_set_buffer_Rx	8	static
usart.c:338:7:USART1_search_buffer_Rx	16	static
usart.c:370:14:USART1_check_state_buffer_Rx	24	static
usart.c:408:6:USART1_IRQHandler	4	static
usart.c:433:6:USART2_IRQHandler	4	static
